<?xml version="1.0" encoding="ISO-8859-1" ?>
<link_info>
   <banner>TI ARM Linker PC v18.1.4.LTS</banner>
   <copyright>Copyright (c) 1996-2018 Texas Instruments Incorporated</copyright>
   <link_time>0x5c4105f7</link_time>
   <link_errors>0x0</link_errors>
   <output_file>lab2 part1.out</output_file>
   <entry_point>
      <name>_c_int00_noargs</name>
      <address>0x200086fd</address>
   </entry_point>
   <input_file_list>
      <input_file id="fl-2">
         <path>.\</path>
         <kind>object</kind>
         <file>Adafruit_GFX.obj</file>
         <name>Adafruit_GFX.obj</name>
      </input_file>
      <input_file id="fl-3">
         <path>.\</path>
         <kind>object</kind>
         <file>Adafruit_OLED.obj</file>
         <name>Adafruit_OLED.obj</name>
      </input_file>
      <input_file id="fl-4">
         <path>.\</path>
         <kind>object</kind>
         <file>main.obj</file>
         <name>main.obj</name>
      </input_file>
      <input_file id="fl-5">
         <path>.\</path>
         <kind>object</kind>
         <file>pin_mux_config.obj</file>
         <name>pin_mux_config.obj</name>
      </input_file>
      <input_file id="fl-6">
         <path>.\</path>
         <kind>object</kind>
         <file>startup_ccs.obj</file>
         <name>startup_ccs.obj</name>
      </input_file>
      <input_file id="fl-7">
         <path>.\</path>
         <kind>object</kind>
         <file>uart_if.obj</file>
         <name>uart_if.obj</name>
      </input_file>
      <input_file id="fl-c">
         <kind>object</kind>
         <file>&lt;internal&gt;</file>
         <name>&lt;internal&gt;</name>
      </input_file>
      <input_file id="fl-c2">
         <path>C:\TI\ccsv8\tools\compiler\ti-cgt-arm_18.1.4.LTS\lib\</path>
         <kind>archive</kind>
         <file>rtsv7M4_T_le_eabi.lib</file>
         <name>copy_zero_init.c.obj</name>
      </input_file>
      <input_file id="fl-c3">
         <path>C:\TI\ccsv8\tools\compiler\ti-cgt-arm_18.1.4.LTS\lib\</path>
         <kind>archive</kind>
         <file>rtsv7M4_T_le_eabi.lib</file>
         <name>copy_decompress_none.c.obj</name>
      </input_file>
      <input_file id="fl-c4">
         <path>C:\TI\ccsv8\tools\compiler\ti-cgt-arm_18.1.4.LTS\lib\</path>
         <kind>archive</kind>
         <file>rtsv7M4_T_le_eabi.lib</file>
         <name>copy_decompress_lzss.c.obj</name>
      </input_file>
      <input_file id="fl-c5">
         <path>C:\TI\ccsv8\tools\compiler\ti-cgt-arm_18.1.4.LTS\lib\</path>
         <kind>archive</kind>
         <file>rtsv7M4_T_le_eabi.lib</file>
         <name>boot_cortex_m.c.obj</name>
      </input_file>
      <input_file id="fl-c6">
         <path>C:\TI\ccsv8\tools\compiler\ti-cgt-arm_18.1.4.LTS\lib\</path>
         <kind>archive</kind>
         <file>rtsv7M4_T_le_eabi.lib</file>
         <name>exit.c.obj</name>
      </input_file>
      <input_file id="fl-c7">
         <path>C:\TI\ccsv8\tools\compiler\ti-cgt-arm_18.1.4.LTS\lib\</path>
         <kind>archive</kind>
         <file>rtsv7M4_T_le_eabi.lib</file>
         <name>memory.c.obj</name>
      </input_file>
      <input_file id="fl-c8">
         <path>C:\TI\ccsv8\tools\compiler\ti-cgt-arm_18.1.4.LTS\lib\</path>
         <kind>archive</kind>
         <file>rtsv7M4_T_le_eabi.lib</file>
         <name>_lock.c.obj</name>
      </input_file>
      <input_file id="fl-c9">
         <path>C:\TI\ccsv8\tools\compiler\ti-cgt-arm_18.1.4.LTS\lib\</path>
         <kind>archive</kind>
         <file>rtsv7M4_T_le_eabi.lib</file>
         <name>args_main.c.obj</name>
      </input_file>
      <input_file id="fl-ca">
         <path>C:\TI\ccsv8\tools\compiler\ti-cgt-arm_18.1.4.LTS\lib\</path>
         <kind>archive</kind>
         <file>rtsv7M4_T_le_eabi.lib</file>
         <name>memmov.c.obj</name>
      </input_file>
      <input_file id="fl-cb">
         <path>C:\TI\ccsv8\tools\compiler\ti-cgt-arm_18.1.4.LTS\lib\</path>
         <kind>archive</kind>
         <file>rtsv7M4_T_le_eabi.lib</file>
         <name>strlen.c.obj</name>
      </input_file>
      <input_file id="fl-cc">
         <path>C:\TI\ccsv8\tools\compiler\ti-cgt-arm_18.1.4.LTS\lib\</path>
         <kind>archive</kind>
         <file>rtsv7M4_T_le_eabi.lib</file>
         <name>vsnprintf.c.obj</name>
      </input_file>
      <input_file id="fl-cd">
         <path>C:\TI\ccsv8\tools\compiler\ti-cgt-arm_18.1.4.LTS\lib\</path>
         <kind>archive</kind>
         <file>rtsv7M4_T_le_eabi.lib</file>
         <name>memcpy_t2.asm.obj</name>
      </input_file>
      <input_file id="fl-ce">
         <path>C:\TI\ccsv8\tools\compiler\ti-cgt-arm_18.1.4.LTS\lib\</path>
         <kind>archive</kind>
         <file>rtsv7M4_T_le_eabi.lib</file>
         <name>memset_t2.asm.obj</name>
      </input_file>
      <input_file id="fl-cf">
         <path>C:\TI\ccsv8\tools\compiler\ti-cgt-arm_18.1.4.LTS\lib\</path>
         <kind>archive</kind>
         <file>rtsv7M4_T_le_eabi.lib</file>
         <name>autoinit.c.obj</name>
      </input_file>
      <input_file id="fl-d0">
         <path>C:\TI\ccsv8\tools\compiler\ti-cgt-arm_18.1.4.LTS\lib\</path>
         <kind>archive</kind>
         <file>rtsv7M4_T_le_eabi.lib</file>
         <name>pre_init.c.obj</name>
      </input_file>
      <input_file id="fl-d1">
         <path>C:\TI\ccsv8\tools\compiler\ti-cgt-arm_18.1.4.LTS\lib\</path>
         <kind>archive</kind>
         <file>rtsv7M4_T_le_eabi.lib</file>
         <name>cpy_tbl.c.obj</name>
      </input_file>
      <input_file id="fl-d2">
         <path>C:\TI\ccsv8\tools\compiler\ti-cgt-arm_18.1.4.LTS\lib\</path>
         <kind>archive</kind>
         <file>rtsv7M4_T_le_eabi.lib</file>
         <name>_printfi.c.obj</name>
      </input_file>
      <input_file id="fl-d3">
         <path>C:\TI\ccsv8\tools\compiler\ti-cgt-arm_18.1.4.LTS\lib\</path>
         <kind>archive</kind>
         <file>rtsv7M4_T_le_eabi.lib</file>
         <name>atoi.c.obj</name>
      </input_file>
      <input_file id="fl-d4">
         <path>C:\TI\ccsv8\tools\compiler\ti-cgt-arm_18.1.4.LTS\lib\</path>
         <kind>archive</kind>
         <file>rtsv7M4_T_le_eabi.lib</file>
         <name>ctype.c.obj</name>
      </input_file>
      <input_file id="fl-d5">
         <path>C:\TI\ccsv8\tools\compiler\ti-cgt-arm_18.1.4.LTS\lib\</path>
         <kind>archive</kind>
         <file>rtsv7M4_T_le_eabi.lib</file>
         <name>ltoa.c.obj</name>
      </input_file>
      <input_file id="fl-d6">
         <path>C:\TI\ccsv8\tools\compiler\ti-cgt-arm_18.1.4.LTS\lib\</path>
         <kind>archive</kind>
         <file>rtsv7M4_T_le_eabi.lib</file>
         <name>memccpy.c.obj</name>
      </input_file>
      <input_file id="fl-d7">
         <path>C:\TI\ccsv8\tools\compiler\ti-cgt-arm_18.1.4.LTS\lib\</path>
         <kind>archive</kind>
         <file>rtsv7M4_T_le_eabi.lib</file>
         <name>strchr.c.obj</name>
      </input_file>
      <input_file id="fl-d8">
         <path>C:\TI\ccsv8\tools\compiler\ti-cgt-arm_18.1.4.LTS\lib\</path>
         <kind>archive</kind>
         <file>rtsv7M4_T_le_eabi.lib</file>
         <name>wcslen.c.obj</name>
      </input_file>
      <input_file id="fl-d9">
         <path>C:\TI\ccsv8\tools\compiler\ti-cgt-arm_18.1.4.LTS\lib\</path>
         <kind>archive</kind>
         <file>rtsv7M4_T_le_eabi.lib</file>
         <name>s_frexp.c.obj</name>
      </input_file>
      <input_file id="fl-da">
         <path>C:\TI\ccsv8\tools\compiler\ti-cgt-arm_18.1.4.LTS\lib\</path>
         <kind>archive</kind>
         <file>rtsv7M4_T_le_eabi.lib</file>
         <name>s_scalbn.c.obj</name>
      </input_file>
      <input_file id="fl-db">
         <path>C:\TI\ccsv8\tools\compiler\ti-cgt-arm_18.1.4.LTS\lib\</path>
         <kind>archive</kind>
         <file>rtsv7M4_T_le_eabi.lib</file>
         <name>fd_add_t2.asm.obj</name>
      </input_file>
      <input_file id="fl-dc">
         <path>C:\TI\ccsv8\tools\compiler\ti-cgt-arm_18.1.4.LTS\lib\</path>
         <kind>archive</kind>
         <file>rtsv7M4_T_le_eabi.lib</file>
         <name>fd_cmp_t2.asm.obj</name>
      </input_file>
      <input_file id="fl-dd">
         <path>C:\TI\ccsv8\tools\compiler\ti-cgt-arm_18.1.4.LTS\lib\</path>
         <kind>archive</kind>
         <file>rtsv7M4_T_le_eabi.lib</file>
         <name>fd_div_t2.asm.obj</name>
      </input_file>
      <input_file id="fl-de">
         <path>C:\TI\ccsv8\tools\compiler\ti-cgt-arm_18.1.4.LTS\lib\</path>
         <kind>archive</kind>
         <file>rtsv7M4_T_le_eabi.lib</file>
         <name>fd_mul_t2.asm.obj</name>
      </input_file>
      <input_file id="fl-df">
         <path>C:\TI\ccsv8\tools\compiler\ti-cgt-arm_18.1.4.LTS\lib\</path>
         <kind>archive</kind>
         <file>rtsv7M4_T_le_eabi.lib</file>
         <name>fd_toi_t2.asm.obj</name>
      </input_file>
      <input_file id="fl-e0">
         <path>C:\TI\ccsv8\tools\compiler\ti-cgt-arm_18.1.4.LTS\lib\</path>
         <kind>archive</kind>
         <file>rtsv7M4_T_le_eabi.lib</file>
         <name>i_tofd_t2.asm.obj</name>
      </input_file>
      <input_file id="fl-e1">
         <path>C:\TI\ccsv8\tools\compiler\ti-cgt-arm_18.1.4.LTS\lib\</path>
         <kind>archive</kind>
         <file>rtsv7M4_T_le_eabi.lib</file>
         <name>ull_div_t2.asm.obj</name>
      </input_file>
      <input_file id="fl-e2">
         <path>C:\TI\ccsv8\tools\compiler\ti-cgt-arm_18.1.4.LTS\lib\</path>
         <kind>archive</kind>
         <file>rtsv7M4_T_le_eabi.lib</file>
         <name>errno.c.obj</name>
      </input_file>
      <input_file id="fl-e3">
         <path>C:\TI\ccsv8\tools\compiler\ti-cgt-arm_18.1.4.LTS\lib\</path>
         <kind>archive</kind>
         <file>rtsv7M4_T_le_eabi.lib</file>
         <name>s_copysign.c.obj</name>
      </input_file>
      <input_file id="fl-e4">
         <path>C:\TI\ccsv8\tools\compiler\ti-cgt-arm_18.1.4.LTS\lib\</path>
         <kind>archive</kind>
         <file>rtsv7M4_T_le_eabi.lib</file>
         <name>div0.asm.obj</name>
      </input_file>
      <input_file id="fl-e5">
         <path>C:\TI\CC3200SDK_1.3.0\cc3200-sdk\driverlib\ccs\Release\</path>
         <kind>archive</kind>
         <file>driverlib.a</file>
         <name>gpio.obj</name>
      </input_file>
      <input_file id="fl-e6">
         <path>C:\TI\CC3200SDK_1.3.0\cc3200-sdk\driverlib\ccs\Release\</path>
         <kind>archive</kind>
         <file>driverlib.a</file>
         <name>interrupt.obj</name>
      </input_file>
      <input_file id="fl-e7">
         <path>C:\TI\CC3200SDK_1.3.0\cc3200-sdk\driverlib\ccs\Release\</path>
         <kind>archive</kind>
         <file>driverlib.a</file>
         <name>pin.obj</name>
      </input_file>
      <input_file id="fl-e8">
         <path>C:\TI\CC3200SDK_1.3.0\cc3200-sdk\driverlib\ccs\Release\</path>
         <kind>archive</kind>
         <file>driverlib.a</file>
         <name>prcm.obj</name>
      </input_file>
      <input_file id="fl-e9">
         <path>C:\TI\CC3200SDK_1.3.0\cc3200-sdk\driverlib\ccs\Release\</path>
         <kind>archive</kind>
         <file>driverlib.a</file>
         <name>spi.obj</name>
      </input_file>
      <input_file id="fl-ea">
         <path>C:\TI\CC3200SDK_1.3.0\cc3200-sdk\driverlib\ccs\Release\</path>
         <kind>archive</kind>
         <file>driverlib.a</file>
         <name>uart.obj</name>
      </input_file>
      <input_file id="fl-eb">
         <path>C:\TI\CC3200SDK_1.3.0\cc3200-sdk\driverlib\ccs\Release\</path>
         <kind>archive</kind>
         <file>driverlib.a</file>
         <name>utils.obj</name>
      </input_file>
      <input_file id="fl-ec">
         <path>C:\TI\CC3200SDK_1.3.0\cc3200-sdk\driverlib\ccs\Release\</path>
         <kind>archive</kind>
         <file>driverlib.a</file>
         <name>cpu.obj</name>
      </input_file>
      <input_file id="fl-ed">
         <path>C:\TI\CC3200SDK_1.3.0\cc3200-sdk\driverlib\ccs\Release\</path>
         <kind>archive</kind>
         <file>driverlib.a</file>
         <name>flash.obj</name>
      </input_file>
   </input_file_list>
   <object_component_list>
      <object_component id="oc-f">
         <name>.intvecs</name>
         <load_address>0x20004000</load_address>
         <run_address>0x20004000</run_address>
         <size>0x400</size>
         <input_file_ref idref="fl-6"/>
      </object_component>
      <object_component id="oc-c8">
         <name>.text</name>
         <load_address>0x20004400</load_address>
         <run_address>0x20004400</run_address>
         <size>0xa80</size>
         <input_file_ref idref="fl-2"/>
      </object_component>
      <object_component id="oc-94">
         <name>.text</name>
         <load_address>0x20004e80</load_address>
         <run_address>0x20004e80</run_address>
         <size>0xa50</size>
         <input_file_ref idref="fl-4"/>
      </object_component>
      <object_component id="oc-27d">
         <name>.text:__TI_printfi</name>
         <load_address>0x200058d0</load_address>
         <run_address>0x200058d0</run_address>
         <size>0xa4a</size>
         <input_file_ref idref="fl-d2"/>
      </object_component>
      <object_component id="oc-2d0">
         <name>.text:_nop</name>
         <load_address>0x2000631a</load_address>
         <run_address>0x2000631a</run_address>
         <size>0x2</size>
         <input_file_ref idref="fl-c8"/>
      </object_component>
      <object_component id="oc-c2">
         <name>.text</name>
         <load_address>0x2000631c</load_address>
         <run_address>0x2000631c</run_address>
         <size>0x4c2</size>
         <input_file_ref idref="fl-3"/>
      </object_component>
      <object_component id="oc-3db">
         <name>.text</name>
         <load_address>0x200067de</load_address>
         <run_address>0x200067de</run_address>
         <size>0x2</size>
         <input_file_ref idref="fl-e4"/>
      </object_component>
      <object_component id="oc-f8">
         <name>.text</name>
         <load_address>0x200067e0</load_address>
         <run_address>0x200067e0</run_address>
         <size>0x280</size>
         <input_file_ref idref="fl-7"/>
      </object_component>
      <object_component id="oc-31c">
         <name>.text:_pconv_a</name>
         <load_address>0x20006a60</load_address>
         <run_address>0x20006a60</run_address>
         <size>0x268</size>
         <input_file_ref idref="fl-d2"/>
      </object_component>
      <object_component id="oc-30a">
         <name>.text:_pconv_g</name>
         <load_address>0x20006cc8</load_address>
         <run_address>0x20006cc8</run_address>
         <size>0x1cc</size>
         <input_file_ref idref="fl-d2"/>
      </object_component>
      <object_component id="oc-389">
         <name>.text</name>
         <load_address>0x20006e94</load_address>
         <run_address>0x20006e94</run_address>
         <size>0x1b6</size>
         <input_file_ref idref="fl-db"/>
      </object_component>
      <object_component id="oc-e6">
         <name>.text:PRCMCC3200MCUInit</name>
         <load_address>0x2000704c</load_address>
         <run_address>0x2000704c</run_address>
         <size>0x178</size>
         <input_file_ref idref="fl-e8"/>
      </object_component>
      <object_component id="oc-316">
         <name>.text:_pconv_e</name>
         <load_address>0x200071c4</load_address>
         <run_address>0x200071c4</run_address>
         <size>0x13c</size>
         <input_file_ref idref="fl-d2"/>
      </object_component>
      <object_component id="oc-36f">
         <name>.text</name>
         <load_address>0x20007300</load_address>
         <run_address>0x20007300</run_address>
         <size>0x136</size>
         <input_file_ref idref="fl-dd"/>
      </object_component>
      <object_component id="oc-39b">
         <name>.text:fcvt</name>
         <load_address>0x20007438</load_address>
         <run_address>0x20007438</run_address>
         <size>0x120</size>
         <input_file_ref idref="fl-d2"/>
      </object_component>
      <object_component id="oc-205">
         <name>.text:realloc</name>
         <load_address>0x20007558</load_address>
         <run_address>0x20007558</run_address>
         <size>0x114</size>
         <input_file_ref idref="fl-c7"/>
      </object_component>
      <object_component id="oc-ec">
         <name>.text</name>
         <load_address>0x2000766c</load_address>
         <run_address>0x2000766c</run_address>
         <size>0x110</size>
         <input_file_ref idref="fl-5"/>
      </object_component>
      <object_component id="oc-36a">
         <name>.text</name>
         <load_address>0x2000777c</load_address>
         <run_address>0x2000777c</run_address>
         <size>0xfc</size>
         <input_file_ref idref="fl-de"/>
      </object_component>
      <object_component id="oc-20b">
         <name>.text:free</name>
         <load_address>0x20007878</load_address>
         <run_address>0x20007878</run_address>
         <size>0xd8</size>
         <input_file_ref idref="fl-c7"/>
      </object_component>
      <object_component id="oc-3af">
         <name>.text:scalbn</name>
         <load_address>0x20007950</load_address>
         <run_address>0x20007950</run_address>
         <size>0xd0</size>
         <input_file_ref idref="fl-da"/>
      </object_component>
      <object_component id="oc-2ff">
         <name>.text:_ltostr</name>
         <load_address>0x20007a20</load_address>
         <run_address>0x20007a20</run_address>
         <size>0xb1</size>
         <input_file_ref idref="fl-d2"/>
      </object_component>
      <object_component id="oc-e0">
         <name>.text:IntEnable</name>
         <load_address>0x20007ad4</load_address>
         <run_address>0x20007ad4</run_address>
         <size>0xa8</size>
         <input_file_ref idref="fl-e6"/>
      </object_component>
      <object_component id="oc-110">
         <name>.text:SPIConfigSetExpClk</name>
         <load_address>0x20007b7c</load_address>
         <run_address>0x20007b7c</run_address>
         <size>0xa0</size>
         <input_file_ref idref="fl-e9"/>
      </object_component>
      <object_component id="oc-3a">
         <name>.text</name>
         <load_address>0x20007c1c</load_address>
         <run_address>0x20007c1c</run_address>
         <size>0x9c</size>
         <input_file_ref idref="fl-cd"/>
      </object_component>
      <object_component id="oc-363">
         <name>.text</name>
         <load_address>0x20007cb8</load_address>
         <run_address>0x20007cb8</run_address>
         <size>0x96</size>
         <input_file_ref idref="fl-e1"/>
      </object_component>
      <object_component id="oc-10a">
         <name>.text:PRCMPeripheralClockGet</name>
         <load_address>0x20007d50</load_address>
         <run_address>0x20007d50</run_address>
         <size>0x94</size>
         <input_file_ref idref="fl-e8"/>
      </object_component>
      <object_component id="oc-263">
         <name>.text:PinConfigSet</name>
         <load_address>0x20007de4</load_address>
         <run_address>0x20007de4</run_address>
         <size>0x88</size>
         <input_file_ref idref="fl-e7"/>
      </object_component>
      <object_component id="oc-305">
         <name>.text:__aeabi_cdcmple</name>
         <load_address>0x20007e6c</load_address>
         <run_address>0x20007e6c</run_address>
         <size>0x86</size>
         <input_file_ref idref="fl-dc"/>
      </object_component>
      <object_component id="oc-374">
         <name>.text:__aeabi_cdrcmple</name>
         <load_address>0x20007ef2</load_address>
         <run_address>0x20007ef2</run_address>
         <size>0x86</size>
         <input_file_ref idref="fl-dc"/>
      </object_component>
      <object_component id="oc-88">
         <name>.text</name>
         <load_address>0x20007f78</load_address>
         <run_address>0x20007f78</run_address>
         <size>0x7a</size>
         <input_file_ref idref="fl-ce"/>
      </object_component>
      <object_component id="oc-1ff">
         <name>.text:malloc</name>
         <load_address>0x20007ff4</load_address>
         <run_address>0x20007ff4</run_address>
         <size>0x78</size>
         <input_file_ref idref="fl-c7"/>
      </object_component>
      <object_component id="oc-1d5">
         <name>.text:UARTConfigSetExpClk</name>
         <load_address>0x2000806c</load_address>
         <run_address>0x2000806c</run_address>
         <size>0x76</size>
         <input_file_ref idref="fl-ea"/>
      </object_component>
      <object_component id="oc-394">
         <name>.text:_mcpy</name>
         <load_address>0x200080e2</load_address>
         <run_address>0x200080e2</run_address>
         <size>0x6e</size>
         <input_file_ref idref="fl-d2"/>
      </object_component>
      <object_component id="oc-12">
         <name>.text:decompress:lzss:__TI_decompress_lzss</name>
         <load_address>0x20008150</load_address>
         <run_address>0x20008150</run_address>
         <size>0x68</size>
         <input_file_ref idref="fl-c4"/>
      </object_component>
      <object_component id="oc-3a9">
         <name>.text:frexp</name>
         <load_address>0x200081b8</load_address>
         <run_address>0x200081b8</run_address>
         <size>0x5c</size>
         <input_file_ref idref="fl-d9"/>
      </object_component>
      <object_component id="oc-fe">
         <name>.text:PRCMPeripheralReset</name>
         <load_address>0x20008214</load_address>
         <run_address>0x20008214</run_address>
         <size>0x58</size>
         <input_file_ref idref="fl-e8"/>
      </object_component>
      <object_component id="oc-310">
         <name>.text:_pconv_f</name>
         <load_address>0x2000826c</load_address>
         <run_address>0x2000826c</run_address>
         <size>0x56</size>
         <input_file_ref idref="fl-d2"/>
      </object_component>
      <object_component id="oc-37e">
         <name>.text:ltoa</name>
         <load_address>0x200082c2</load_address>
         <run_address>0x200082c2</run_address>
         <size>0x54</size>
         <input_file_ref idref="fl-d5"/>
      </object_component>
      <object_component id="oc-38e">
         <name>.text:_ecpy</name>
         <load_address>0x20008316</load_address>
         <run_address>0x20008316</run_address>
         <size>0x52</size>
         <input_file_ref idref="fl-d2"/>
      </object_component>
      <object_component id="oc-2f9">
         <name>.text:atoi</name>
         <load_address>0x20008368</load_address>
         <run_address>0x20008368</run_address>
         <size>0x4c</size>
         <input_file_ref idref="fl-d3"/>
      </object_component>
      <object_component id="oc-379">
         <name>.text</name>
         <load_address>0x200083b4</load_address>
         <run_address>0x200083b4</run_address>
         <size>0x48</size>
         <input_file_ref idref="fl-df"/>
      </object_component>
      <object_component id="oc-13c">
         <name>.text:__TI_auto_init_nobinit_nopinit:__TI_auto_init_nobinit_nopinit</name>
         <load_address>0x200083fc</load_address>
         <run_address>0x200083fc</run_address>
         <size>0x44</size>
         <input_file_ref idref="fl-cf"/>
      </object_component>
      <object_component id="oc-1b2">
         <name>.text:PinModeSet</name>
         <load_address>0x20008440</load_address>
         <run_address>0x20008440</run_address>
         <size>0x40</size>
         <input_file_ref idref="fl-e7"/>
      </object_component>
      <object_component id="oc-1e1">
         <name>.text:vsnprintf</name>
         <load_address>0x20008480</load_address>
         <run_address>0x20008480</run_address>
         <size>0x40</size>
         <input_file_ref idref="fl-cc"/>
      </object_component>
      <object_component id="oc-3a1">
         <name>.text:_fcpy</name>
         <load_address>0x200084c0</load_address>
         <run_address>0x200084c0</run_address>
         <size>0x3e</size>
         <input_file_ref idref="fl-d2"/>
      </object_component>
      <object_component id="oc-f2">
         <name>.text:PRCMPeripheralClkEnable</name>
         <load_address>0x20008500</load_address>
         <run_address>0x20008500</run_address>
         <size>0x3c</size>
         <input_file_ref idref="fl-e8"/>
      </object_component>
      <object_component id="oc-2ad">
         <name>.text:minsert</name>
         <load_address>0x2000853c</load_address>
         <run_address>0x2000853c</run_address>
         <size>0x3c</size>
         <input_file_ref idref="fl-c7"/>
      </object_component>
      <object_component id="oc-2a1">
         <name>.text:minit</name>
         <load_address>0x20008578</load_address>
         <run_address>0x20008578</run_address>
         <size>0x38</size>
         <input_file_ref idref="fl-c7"/>
      </object_component>
      <object_component id="oc-1be">
         <name>.text:GPIODirModeSet</name>
         <load_address>0x200085b0</load_address>
         <run_address>0x200085b0</run_address>
         <size>0x36</size>
         <input_file_ref idref="fl-e5"/>
      </object_component>
      <object_component id="oc-1b8">
         <name>.text:PinTypeGPIO</name>
         <load_address>0x200085e6</load_address>
         <run_address>0x200085e6</run_address>
         <size>0x30</size>
         <input_file_ref idref="fl-e7"/>
      </object_component>
      <object_component id="oc-26f">
         <name>.text:UARTDisable</name>
         <load_address>0x20008618</load_address>
         <run_address>0x20008618</run_address>
         <size>0x30</size>
         <input_file_ref idref="fl-ea"/>
      </object_component>
      <object_component id="oc-283">
         <name>.text:_outs</name>
         <load_address>0x20008648</load_address>
         <run_address>0x20008648</run_address>
         <size>0x30</size>
         <input_file_ref idref="fl-cc"/>
      </object_component>
      <object_component id="oc-384">
         <name>.text</name>
         <load_address>0x20008678</load_address>
         <run_address>0x20008678</run_address>
         <size>0x2e</size>
         <input_file_ref idref="fl-e0"/>
      </object_component>
      <object_component id="oc-199">
         <name>.text:PRCMSysResetCauseGet</name>
         <load_address>0x200086a8</load_address>
         <run_address>0x200086a8</run_address>
         <size>0x2c</size>
         <input_file_ref idref="fl-e8"/>
      </object_component>
      <object_component id="oc-1ab">
         <name>.text:PRCMPeripheralClkDisable</name>
         <load_address>0x200086d4</load_address>
         <run_address>0x200086d4</run_address>
         <size>0x28</size>
         <input_file_ref idref="fl-e8"/>
      </object_component>
      <object_component id="oc-58">
         <name>.text:_c_int00_noargs:_c_int00_noargs</name>
         <load_address>0x200086fc</load_address>
         <run_address>0x200086fc</run_address>
         <size>0x28</size>
         <input_file_ref idref="fl-c5"/>
      </object_component>
      <object_component id="oc-2a7">
         <name>.text:mremove</name>
         <load_address>0x20008724</load_address>
         <run_address>0x20008724</run_address>
         <size>0x28</size>
         <input_file_ref idref="fl-c7"/>
      </object_component>
      <object_component id="oc-275">
         <name>.text:UARTEnable</name>
         <load_address>0x2000874c</load_address>
         <run_address>0x2000874c</run_address>
         <size>0x24</size>
         <input_file_ref idref="fl-ea"/>
      </object_component>
      <object_component id="oc-1f9">
         <name>.text:memmove</name>
         <load_address>0x20008770</load_address>
         <run_address>0x20008770</run_address>
         <size>0x24</size>
         <input_file_ref idref="fl-ca"/>
      </object_component>
      <object_component id="oc-104">
         <name>.text:SPIReset</name>
         <load_address>0x20008794</load_address>
         <run_address>0x20008794</run_address>
         <size>0x22</size>
         <input_file_ref idref="fl-e9"/>
      </object_component>
      <object_component id="oc-122">
         <name>.text:GPIOPinWrite</name>
         <load_address>0x200087b6</load_address>
         <run_address>0x200087b6</run_address>
         <size>0x20</size>
         <input_file_ref idref="fl-e5"/>
      </object_component>
      <object_component id="oc-174">
         <name>.text:SPIDataGet</name>
         <load_address>0x200087d6</load_address>
         <run_address>0x200087d6</run_address>
         <size>0x20</size>
         <input_file_ref idref="fl-e9"/>
      </object_component>
      <object_component id="oc-16e">
         <name>.text:SPIDataPut</name>
         <load_address>0x200087f6</load_address>
         <run_address>0x200087f6</run_address>
         <size>0x1e</size>
         <input_file_ref idref="fl-e9"/>
      </object_component>
      <object_component id="oc-1db">
         <name>.text:UARTCharPut</name>
         <load_address>0x20008814</load_address>
         <run_address>0x20008814</run_address>
         <size>0x1e</size>
         <input_file_ref idref="fl-ea"/>
      </object_component>
      <object_component id="oc-1ed">
         <name>.text:UARTCharGetNonBlocking</name>
         <load_address>0x20008832</load_address>
         <run_address>0x20008832</run_address>
         <size>0x1c</size>
         <input_file_ref idref="fl-ea"/>
      </object_component>
      <object_component id="oc-322">
         <name>.text:memccpy</name>
         <load_address>0x2000884e</load_address>
         <run_address>0x2000884e</run_address>
         <size>0x1c</size>
         <input_file_ref idref="fl-d6"/>
      </object_component>
      <object_component id="oc-1c4">
         <name>.text:PinTypeSPI</name>
         <load_address>0x2000886a</load_address>
         <run_address>0x2000886a</run_address>
         <size>0x1a</size>
         <input_file_ref idref="fl-e7"/>
      </object_component>
      <object_component id="oc-1ca">
         <name>.text:PinTypeUART</name>
         <load_address>0x20008884</load_address>
         <run_address>0x20008884</run_address>
         <size>0x1a</size>
         <input_file_ref idref="fl-e7"/>
      </object_component>
      <object_component id="oc-128">
         <name>.text:SPICSDisable</name>
         <load_address>0x2000889e</load_address>
         <run_address>0x2000889e</run_address>
         <size>0x18</size>
         <input_file_ref idref="fl-e9"/>
      </object_component>
      <object_component id="oc-11c">
         <name>.text:SPICSEnable</name>
         <load_address>0x200088b6</load_address>
         <run_address>0x200088b6</run_address>
         <size>0x18</size>
         <input_file_ref idref="fl-e9"/>
      </object_component>
      <object_component id="oc-116">
         <name>.text:SPIEnable</name>
         <load_address>0x200088ce</load_address>
         <run_address>0x200088ce</run_address>
         <size>0x18</size>
         <input_file_ref idref="fl-e9"/>
      </object_component>
      <object_component id="oc-1e7">
         <name>.text:UARTCharsAvail</name>
         <load_address>0x200088e6</load_address>
         <run_address>0x200088e6</run_address>
         <size>0x18</size>
         <input_file_ref idref="fl-ea"/>
      </object_component>
      <object_component id="oc-289">
         <name>.text:_outc</name>
         <load_address>0x200088fe</load_address>
         <run_address>0x200088fe</run_address>
         <size>0x18</size>
         <input_file_ref idref="fl-cc"/>
      </object_component>
      <object_component id="oc-19f">
         <name>.text:PRCMHIBRegRead</name>
         <load_address>0x20008916</load_address>
         <run_address>0x20008916</run_address>
         <size>0x16</size>
         <input_file_ref idref="fl-e8"/>
      </object_component>
      <object_component id="oc-1a5">
         <name>.text:PRCMHIBRegWrite</name>
         <load_address>0x2000892c</load_address>
         <run_address>0x2000892c</run_address>
         <size>0x16</size>
         <input_file_ref idref="fl-e8"/>
      </object_component>
      <object_component id="oc-3b5">
         <name>.text:strchr</name>
         <load_address>0x20008942</load_address>
         <run_address>0x20008942</run_address>
         <size>0x16</size>
         <input_file_ref idref="fl-d7"/>
      </object_component>
      <object_component id="oc-189">
         <name>.text:CPUcpsie</name>
         <load_address>0x20008958</load_address>
         <run_address>0x20008958</run_address>
         <size>0x14</size>
         <input_file_ref idref="fl-ec"/>
      </object_component>
      <object_component id="oc-d4">
         <name>.text:IntVTableBaseSet</name>
         <load_address>0x2000896c</load_address>
         <run_address>0x2000896c</run_address>
         <size>0x14</size>
         <input_file_ref idref="fl-e6"/>
      </object_component>
      <object_component id="oc-1f3">
         <name>.text:strlen</name>
         <load_address>0x20008980</load_address>
         <run_address>0x20008980</run_address>
         <size>0x14</size>
         <input_file_ref idref="fl-cb"/>
      </object_component>
      <object_component id="oc-46">
         <name>.text:decompress:ZI:__TI_zero_init_nomemset:__TI_zero_init_nomemset</name>
         <load_address>0x20008994</load_address>
         <run_address>0x20008994</run_address>
         <size>0x12</size>
         <input_file_ref idref="fl-c2"/>
      </object_component>
      <object_component id="oc-328">
         <name>.text:wcslen</name>
         <load_address>0x200089a6</load_address>
         <run_address>0x200089a6</run_address>
         <size>0x12</size>
         <input_file_ref idref="fl-d8"/>
      </object_component>
      <object_component id="oc-18">
         <name>.text:decompress:none:__TI_decompress_none</name>
         <load_address>0x200089b8</load_address>
         <run_address>0x200089b8</run_address>
         <size>0xe</size>
         <input_file_ref idref="fl-c3"/>
      </object_component>
      <object_component id="oc-26">
         <name>.text</name>
         <load_address>0x200089c6</load_address>
         <run_address>0x200089c6</run_address>
         <size>0xe</size>
         <input_file_ref idref="fl-6"/>
      </object_component>
      <object_component id="oc-da">
         <name>.text:IntMasterEnable</name>
         <load_address>0x200089d4</load_address>
         <run_address>0x200089d4</run_address>
         <size>0xa</size>
         <input_file_ref idref="fl-e6"/>
      </object_component>
      <object_component id="oc-32e">
         <name>.text:__aeabi_errno_addr</name>
         <load_address>0x200089e0</load_address>
         <run_address>0x200089e0</run_address>
         <size>0x8</size>
         <input_file_ref idref="fl-e2"/>
      </object_component>
      <object_component id="oc-3f4">
         <name>.text:copysign</name>
         <load_address>0x200089e8</load_address>
         <run_address>0x200089e8</run_address>
         <size>0x8</size>
         <input_file_ref idref="fl-e3"/>
      </object_component>
      <object_component id="oc-25b">
         <name>.text:UtilsDelay</name>
         <load_address>0x200089f0</load_address>
         <run_address>0x200089f0</run_address>
         <size>0x6</size>
         <input_file_ref idref="fl-eb"/>
      </object_component>
      <object_component id="oc-8e">
         <name>.text:_system_pre_init</name>
         <load_address>0x200089f6</load_address>
         <run_address>0x200089f6</run_address>
         <size>0x4</size>
         <input_file_ref idref="fl-d0"/>
      </object_component>
      <object_component id="oc-130">
         <name>.text:abort:abort</name>
         <load_address>0x200089fa</load_address>
         <run_address>0x200089fa</run_address>
         <size>0x4</size>
         <input_file_ref idref="fl-c6"/>
      </object_component>
      <object_component id="oc-17c">
         <name>.const:.string:font</name>
         <load_address>0x20008a00</load_address>
         <run_address>0x20008a00</run_address>
         <size>0x4fb</size>
         <input_file_ref idref="fl-2"/>
      </object_component>
      <object_component id="oc-35e">
         <name>.const:.string:_ctypes_</name>
         <load_address>0x20008efb</load_address>
         <run_address>0x20008efb</run_address>
         <size>0x101</size>
         <input_file_ref idref="fl-d4"/>
      </object_component>
      <object_component id="oc-25f">
         <name>.const:g_ulPinToPadMap</name>
         <load_address>0x20008ffc</load_address>
         <run_address>0x20008ffc</run_address>
         <size>0x100</size>
         <input_file_ref idref="fl-e7"/>
      </object_component>
      <object_component id="oc-1d1">
         <name>.const:PRCM_PeriphRegsList</name>
         <load_address>0x200090fc</load_address>
         <run_address>0x200090fc</run_address>
         <size>0xa8</size>
         <input_file_ref idref="fl-e8"/>
      </object_component>
      <object_component id="oc-195">
         <name>.const</name>
         <load_address>0x200091a4</load_address>
         <run_address>0x200091a4</run_address>
         <size>0x80</size>
         <input_file_ref idref="fl-e6"/>
      </object_component>
      <object_component id="oc-ce">
         <name>.const:$P$T0$1</name>
         <load_address>0x20009224</load_address>
         <run_address>0x20009224</run_address>
         <size>0x20</size>
         <input_file_ref idref="fl-4"/>
      </object_component>
      <object_component id="oc-d1">
         <name>.const:$P$T1$2</name>
         <load_address>0x20009244</load_address>
         <run_address>0x20009244</run_address>
         <size>0x20</size>
         <input_file_ref idref="fl-4"/>
      </object_component>
      <object_component id="oc-44a">
         <name>.cinit..data.load</name>
         <load_address>0x20009268</load_address>
         <run_address>0x20009268</run_address>
         <size>0x27</size>
      </object_component>
      <object_component id="oc-448">
         <name>__TI_handler_table</name>
         <load_address>0x20009290</load_address>
         <run_address>0x20009290</run_address>
         <size>0xc</size>
      </object_component>
      <object_component id="oc-44b">
         <name>.cinit..bss.load</name>
         <load_address>0x200092a0</load_address>
         <run_address>0x200092a0</run_address>
         <size>0x8</size>
      </object_component>
      <object_component id="oc-449">
         <name>__TI_cinit_table</name>
         <load_address>0x200092a8</load_address>
         <run_address>0x200092a8</run_address>
         <size>0x10</size>
      </object_component>
      <object_component id="oc-17f">
         <name>.data</name>
         <load_address>0x20017800</load_address>
         <run_address>0x20017800</run_address>
         <size>0x15</size>
         <input_file_ref idref="fl-2"/>
      </object_component>
      <object_component id="oc-2b3">
         <name>.data:$O1$$</name>
         <load_address>0x20017818</load_address>
         <run_address>0x20017818</run_address>
         <size>0xc</size>
         <input_file_ref idref="fl-c7"/>
      </object_component>
      <object_component id="oc-22f">
         <name>.data:$O1$$</name>
         <load_address>0x20017824</load_address>
         <run_address>0x20017824</run_address>
         <size>0x8</size>
         <input_file_ref idref="fl-c8"/>
      </object_component>
      <object_component id="oc-3c5">
         <name>.data</name>
         <load_address>0x2001782c</load_address>
         <run_address>0x2001782c</run_address>
         <size>0x4</size>
         <input_file_ref idref="fl-e2"/>
      </object_component>
      <object_component id="oc-211">
         <name>.bss</name>
         <uninitialized>true</uninitialized>
         <run_address>0x20017830</run_address>
         <size>0x4</size>
         <input_file_ref idref="fl-7"/>
      </object_component>
      <object_component id="oc-23">
         <name>.sysmem</name>
         <uninitialized>true</uninitialized>
         <run_address>0x20017000</run_address>
         <size>0x8</size>
         <input_file_ref idref="fl-c7"/>
      </object_component>
      <object_component id="oc-44d">
         <name>.sysmem</name>
         <uninitialized>true</uninitialized>
         <run_address>0x20017000</run_address>
         <size>0x0</size>
      </object_component>
      <object_component id="oc-20">
         <name>.stack</name>
         <uninitialized>true</uninitialized>
         <run_address>0x2002f800</run_address>
         <size>0x4</size>
         <input_file_ref idref="fl-c5"/>
      </object_component>
      <object_component id="oc-44c">
         <name>.stack</name>
         <uninitialized>true</uninitialized>
         <run_address>0x2002f800</run_address>
         <size>0x0</size>
      </object_component>
      <object_component id="oc-183">
         <name>.debug_info</name>
         <load_address>0x0</load_address>
         <run_address>0x0</run_address>
         <size>0x211</size>
         <input_file_ref idref="fl-2"/>
      </object_component>
      <object_component id="oc-17d">
         <name>.debug_info</name>
         <load_address>0x211</load_address>
         <run_address>0x211</run_address>
         <size>0xc3</size>
         <input_file_ref idref="fl-2"/>
      </object_component>
      <object_component id="oc-180">
         <name>.debug_info</name>
         <load_address>0x2d4</load_address>
         <run_address>0x2d4</run_address>
         <size>0x171</size>
         <input_file_ref idref="fl-2"/>
      </object_component>
      <object_component id="oc-cb">
         <name>.debug_info</name>
         <load_address>0x445</load_address>
         <run_address>0x445</run_address>
         <size>0x152f</size>
         <input_file_ref idref="fl-2"/>
      </object_component>
      <object_component id="oc-35">
         <name>.debug_info</name>
         <load_address>0x1974</load_address>
         <run_address>0x1974</run_address>
         <size>0x84</size>
         <input_file_ref idref="fl-2"/>
      </object_component>
      <object_component id="oc-17b">
         <name>.debug_info</name>
         <load_address>0x19f8</load_address>
         <run_address>0x19f8</run_address>
         <size>0x20c</size>
         <input_file_ref idref="fl-3"/>
      </object_component>
      <object_component id="oc-c3">
         <name>.debug_info</name>
         <load_address>0x1c04</load_address>
         <run_address>0x1c04</run_address>
         <size>0xe74</size>
         <input_file_ref idref="fl-3"/>
      </object_component>
      <object_component id="oc-2c9">
         <name>.debug_info</name>
         <load_address>0x2a78</load_address>
         <run_address>0x2a78</run_address>
         <size>0x62</size>
         <input_file_ref idref="fl-3"/>
      </object_component>
      <object_component id="oc-190">
         <name>.debug_info</name>
         <load_address>0x2ada</load_address>
         <run_address>0x2ada</run_address>
         <size>0x2c</size>
         <input_file_ref idref="fl-3"/>
      </object_component>
      <object_component id="oc-b9">
         <name>.debug_info</name>
         <load_address>0x2b06</load_address>
         <run_address>0x2b06</run_address>
         <size>0x2c</size>
         <input_file_ref idref="fl-3"/>
      </object_component>
      <object_component id="oc-12f">
         <name>.debug_info</name>
         <load_address>0x2b32</load_address>
         <run_address>0x2b32</run_address>
         <size>0x786</size>
         <input_file_ref idref="fl-4"/>
      </object_component>
      <object_component id="oc-cf">
         <name>.debug_info</name>
         <load_address>0x32b8</load_address>
         <run_address>0x32b8</run_address>
         <size>0xc1</size>
         <input_file_ref idref="fl-4"/>
      </object_component>
      <object_component id="oc-d2">
         <name>.debug_info</name>
         <load_address>0x3379</load_address>
         <run_address>0x3379</run_address>
         <size>0xc1</size>
         <input_file_ref idref="fl-4"/>
      </object_component>
      <object_component id="oc-96">
         <name>.debug_info</name>
         <load_address>0x343a</load_address>
         <run_address>0x343a</run_address>
         <size>0x13bd</size>
         <input_file_ref idref="fl-4"/>
      </object_component>
      <object_component id="oc-ed">
         <name>.debug_info</name>
         <load_address>0x47f7</load_address>
         <run_address>0x47f7</run_address>
         <size>0x36a</size>
         <input_file_ref idref="fl-5"/>
      </object_component>
      <object_component id="oc-2e">
         <name>.debug_info</name>
         <load_address>0x4b61</load_address>
         <run_address>0x4b61</run_address>
         <size>0x181</size>
         <input_file_ref idref="fl-6"/>
      </object_component>
      <object_component id="oc-10">
         <name>.debug_info</name>
         <load_address>0x4ce2</load_address>
         <run_address>0x4ce2</run_address>
         <size>0x100</size>
         <input_file_ref idref="fl-6"/>
      </object_component>
      <object_component id="oc-27">
         <name>.debug_info</name>
         <load_address>0x4de2</load_address>
         <run_address>0x4de2</run_address>
         <size>0x421</size>
         <input_file_ref idref="fl-6"/>
      </object_component>
      <object_component id="oc-215">
         <name>.debug_info</name>
         <load_address>0x5203</load_address>
         <run_address>0x5203</run_address>
         <size>0x3c6</size>
         <input_file_ref idref="fl-7"/>
      </object_component>
      <object_component id="oc-212">
         <name>.debug_info</name>
         <load_address>0x55c9</load_address>
         <run_address>0x55c9</run_address>
         <size>0xf7</size>
         <input_file_ref idref="fl-7"/>
      </object_component>
      <object_component id="oc-f9">
         <name>.debug_info</name>
         <load_address>0x56c0</load_address>
         <run_address>0x56c0</run_address>
         <size>0x8d3</size>
         <input_file_ref idref="fl-7"/>
      </object_component>
      <object_component id="oc-2bd">
         <name>.debug_info</name>
         <load_address>0x5f93</load_address>
         <run_address>0x5f93</run_address>
         <size>0x26b</size>
         <input_file_ref idref="fl-7"/>
      </object_component>
      <object_component id="oc-21b">
         <name>.debug_info</name>
         <load_address>0x61fe</load_address>
         <run_address>0x61fe</run_address>
         <size>0x110</size>
         <input_file_ref idref="fl-7"/>
      </object_component>
      <object_component id="oc-2c2">
         <name>.debug_info</name>
         <load_address>0x630e</load_address>
         <run_address>0x630e</run_address>
         <size>0x297</size>
         <input_file_ref idref="fl-7"/>
      </object_component>
      <object_component id="oc-216">
         <name>.debug_info</name>
         <load_address>0x65a5</load_address>
         <run_address>0x65a5</run_address>
         <size>0x2c</size>
         <input_file_ref idref="fl-7"/>
      </object_component>
      <object_component id="oc-87">
         <name>.debug_info</name>
         <load_address>0x65d1</load_address>
         <run_address>0x65d1</run_address>
         <size>0x1f0</size>
         <input_file_ref idref="fl-c2"/>
      </object_component>
      <object_component id="oc-49">
         <name>.debug_info</name>
         <load_address>0x67c1</load_address>
         <run_address>0x67c1</run_address>
         <size>0x1bf</size>
         <input_file_ref idref="fl-c2"/>
      </object_component>
      <object_component id="oc-82">
         <name>.debug_info</name>
         <load_address>0x6980</load_address>
         <run_address>0x6980</run_address>
         <size>0x46</size>
         <input_file_ref idref="fl-c2"/>
      </object_component>
      <object_component id="oc-45">
         <name>.debug_info</name>
         <load_address>0x69c6</load_address>
         <run_address>0x69c6</run_address>
         <size>0x17a</size>
         <input_file_ref idref="fl-c3"/>
      </object_component>
      <object_component id="oc-1a">
         <name>.debug_info</name>
         <load_address>0x6b40</load_address>
         <run_address>0x6b40</run_address>
         <size>0x1ea</size>
         <input_file_ref idref="fl-c3"/>
      </object_component>
      <object_component id="oc-40">
         <name>.debug_info</name>
         <load_address>0x6d2a</load_address>
         <run_address>0x6d2a</run_address>
         <size>0x46</size>
         <input_file_ref idref="fl-c3"/>
      </object_component>
      <object_component id="oc-7a">
         <name>.debug_info</name>
         <load_address>0x6d70</load_address>
         <run_address>0x6d70</run_address>
         <size>0x2c</size>
         <input_file_ref idref="fl-c3"/>
      </object_component>
      <object_component id="oc-78">
         <name>.debug_info</name>
         <load_address>0x6d9c</load_address>
         <run_address>0x6d9c</run_address>
         <size>0x170</size>
         <input_file_ref idref="fl-c4"/>
      </object_component>
      <object_component id="oc-14">
         <name>.debug_info</name>
         <load_address>0x6f0c</load_address>
         <run_address>0x6f0c</run_address>
         <size>0x250</size>
         <input_file_ref idref="fl-c4"/>
      </object_component>
      <object_component id="oc-30">
         <name>.debug_info</name>
         <load_address>0x715c</load_address>
         <run_address>0x715c</run_address>
         <size>0x60</size>
         <input_file_ref idref="fl-c4"/>
      </object_component>
      <object_component id="oc-b2">
         <name>.debug_info</name>
         <load_address>0x71bc</load_address>
         <run_address>0x71bc</run_address>
         <size>0x46</size>
         <input_file_ref idref="fl-c4"/>
      </object_component>
      <object_component id="oc-73">
         <name>.debug_info</name>
         <load_address>0x7202</load_address>
         <run_address>0x7202</run_address>
         <size>0x39</size>
         <input_file_ref idref="fl-c4"/>
      </object_component>
      <object_component id="oc-21">
         <name>.debug_info</name>
         <load_address>0x723b</load_address>
         <run_address>0x723b</run_address>
         <size>0x10b</size>
         <input_file_ref idref="fl-c5"/>
      </object_component>
      <object_component id="oc-5c">
         <name>.debug_info</name>
         <load_address>0x7346</load_address>
         <run_address>0x7346</run_address>
         <size>0x1af</size>
         <input_file_ref idref="fl-c5"/>
      </object_component>
      <object_component id="oc-132">
         <name>.debug_info</name>
         <load_address>0x74f5</load_address>
         <run_address>0x74f5</run_address>
         <size>0x122</size>
         <input_file_ref idref="fl-c6"/>
      </object_component>
      <object_component id="oc-6e">
         <name>.debug_info</name>
         <load_address>0x7617</load_address>
         <run_address>0x7617</run_address>
         <size>0x298</size>
         <input_file_ref idref="fl-c7"/>
      </object_component>
      <object_component id="oc-24">
         <name>.debug_info</name>
         <load_address>0x78af</load_address>
         <run_address>0x78af</run_address>
         <size>0x10c</size>
         <input_file_ref idref="fl-c7"/>
      </object_component>
      <object_component id="oc-2b4">
         <name>.debug_info</name>
         <load_address>0x79bb</load_address>
         <run_address>0x79bb</run_address>
         <size>0x157</size>
         <input_file_ref idref="fl-c7"/>
      </object_component>
      <object_component id="oc-2a4">
         <name>.debug_info</name>
         <load_address>0x7b12</load_address>
         <run_address>0x7b12</run_address>
         <size>0x144</size>
         <input_file_ref idref="fl-c7"/>
      </object_component>
      <object_component id="oc-2aa">
         <name>.debug_info</name>
         <load_address>0x7c56</load_address>
         <run_address>0x7c56</run_address>
         <size>0x17f</size>
         <input_file_ref idref="fl-c7"/>
      </object_component>
      <object_component id="oc-2b0">
         <name>.debug_info</name>
         <load_address>0x7dd5</load_address>
         <run_address>0x7dd5</run_address>
         <size>0x17d</size>
         <input_file_ref idref="fl-c7"/>
      </object_component>
      <object_component id="oc-202">
         <name>.debug_info</name>
         <load_address>0x7f52</load_address>
         <run_address>0x7f52</run_address>
         <size>0x1e6</size>
         <input_file_ref idref="fl-c7"/>
      </object_component>
      <object_component id="oc-20e">
         <name>.debug_info</name>
         <load_address>0x8138</load_address>
         <run_address>0x8138</run_address>
         <size>0x1f1</size>
         <input_file_ref idref="fl-c7"/>
      </object_component>
      <object_component id="oc-208">
         <name>.debug_info</name>
         <load_address>0x8329</load_address>
         <run_address>0x8329</run_address>
         <size>0x289</size>
         <input_file_ref idref="fl-c7"/>
      </object_component>
      <object_component id="oc-a8">
         <name>.debug_info</name>
         <load_address>0x85b2</load_address>
         <run_address>0x85b2</run_address>
         <size>0x2c</size>
         <input_file_ref idref="fl-c7"/>
      </object_component>
      <object_component id="oc-ad">
         <name>.debug_info</name>
         <load_address>0x85de</load_address>
         <run_address>0x85de</run_address>
         <size>0x62</size>
         <input_file_ref idref="fl-c7"/>
      </object_component>
      <object_component id="oc-2d8">
         <name>.debug_info</name>
         <load_address>0x8640</load_address>
         <run_address>0x8640</run_address>
         <size>0x19b</size>
         <input_file_ref idref="fl-c8"/>
      </object_component>
      <object_component id="oc-230">
         <name>.debug_info</name>
         <load_address>0x87db</load_address>
         <run_address>0x87db</run_address>
         <size>0x11e</size>
         <input_file_ref idref="fl-c8"/>
      </object_component>
      <object_component id="oc-2d1">
         <name>.debug_info</name>
         <load_address>0x88f9</load_address>
         <run_address>0x88f9</run_address>
         <size>0x12e</size>
         <input_file_ref idref="fl-c8"/>
      </object_component>
      <object_component id="oc-2a0">
         <name>.debug_info</name>
         <load_address>0x8a27</load_address>
         <run_address>0x8a27</run_address>
         <size>0x177</size>
         <input_file_ref idref="fl-ca"/>
      </object_component>
      <object_component id="oc-1fb">
         <name>.debug_info</name>
         <load_address>0x8b9e</load_address>
         <run_address>0x8b9e</run_address>
         <size>0x1b6</size>
         <input_file_ref idref="fl-ca"/>
      </object_component>
      <object_component id="oc-29e">
         <name>.debug_info</name>
         <load_address>0x8d54</load_address>
         <run_address>0x8d54</run_address>
         <size>0x161</size>
         <input_file_ref idref="fl-cb"/>
      </object_component>
      <object_component id="oc-1f4">
         <name>.debug_info</name>
         <load_address>0x8eb5</load_address>
         <run_address>0x8eb5</run_address>
         <size>0x24b</size>
         <input_file_ref idref="fl-cb"/>
      </object_component>
      <object_component id="oc-290">
         <name>.debug_info</name>
         <load_address>0x9100</load_address>
         <run_address>0x9100</run_address>
         <size>0x212</size>
         <input_file_ref idref="fl-cc"/>
      </object_component>
      <object_component id="oc-1e2">
         <name>.debug_info</name>
         <load_address>0x9312</load_address>
         <run_address>0x9312</run_address>
         <size>0x208</size>
         <input_file_ref idref="fl-cc"/>
      </object_component>
      <object_component id="oc-284">
         <name>.debug_info</name>
         <load_address>0x951a</load_address>
         <run_address>0x951a</run_address>
         <size>0x1c6</size>
         <input_file_ref idref="fl-cc"/>
      </object_component>
      <object_component id="oc-28b">
         <name>.debug_info</name>
         <load_address>0x96e0</load_address>
         <run_address>0x96e0</run_address>
         <size>0x179</size>
         <input_file_ref idref="fl-cc"/>
      </object_component>
      <object_component id="oc-291">
         <name>.debug_info</name>
         <load_address>0x9859</load_address>
         <run_address>0x9859</run_address>
         <size>0x2c</size>
         <input_file_ref idref="fl-cc"/>
      </object_component>
      <object_component id="oc-296">
         <name>.debug_info</name>
         <load_address>0x9885</load_address>
         <run_address>0x9885</run_address>
         <size>0x69</size>
         <input_file_ref idref="fl-cc"/>
      </object_component>
      <object_component id="oc-3b">
         <name>.debug_info</name>
         <load_address>0x98ee</load_address>
         <run_address>0x98ee</run_address>
         <size>0x11c</size>
         <input_file_ref idref="fl-cd"/>
      </object_component>
      <object_component id="oc-89">
         <name>.debug_info</name>
         <load_address>0x9a0a</load_address>
         <run_address>0x9a0a</run_address>
         <size>0x14a</size>
         <input_file_ref idref="fl-ce"/>
      </object_component>
      <object_component id="oc-236">
         <name>.debug_info</name>
         <load_address>0x9b54</load_address>
         <run_address>0x9b54</run_address>
         <size>0x424</size>
         <input_file_ref idref="fl-cf"/>
      </object_component>
      <object_component id="oc-13f">
         <name>.debug_info</name>
         <load_address>0x9f78</load_address>
         <run_address>0x9f78</run_address>
         <size>0x1a6</size>
         <input_file_ref idref="fl-cf"/>
      </object_component>
      <object_component id="oc-2de">
         <name>.debug_info</name>
         <load_address>0xa11e</load_address>
         <run_address>0xa11e</run_address>
         <size>0x39</size>
         <input_file_ref idref="fl-cf"/>
      </object_component>
      <object_component id="oc-350">
         <name>.debug_info</name>
         <load_address>0xa157</load_address>
         <run_address>0xa157</run_address>
         <size>0x39</size>
         <input_file_ref idref="fl-cf"/>
      </object_component>
      <object_component id="oc-2e3">
         <name>.debug_info</name>
         <load_address>0xa190</load_address>
         <run_address>0xa190</run_address>
         <size>0x39</size>
         <input_file_ref idref="fl-cf"/>
      </object_component>
      <object_component id="oc-2e8">
         <name>.debug_info</name>
         <load_address>0xa1c9</load_address>
         <run_address>0xa1c9</run_address>
         <size>0xcd</size>
         <input_file_ref idref="fl-cf"/>
      </object_component>
      <object_component id="oc-92">
         <name>.debug_info</name>
         <load_address>0xa296</load_address>
         <run_address>0xa296</run_address>
         <size>0x153</size>
         <input_file_ref idref="fl-d0"/>
      </object_component>
      <object_component id="oc-335">
         <name>.debug_info</name>
         <load_address>0xa3e9</load_address>
         <run_address>0xa3e9</run_address>
         <size>0x783</size>
         <input_file_ref idref="fl-d2"/>
      </object_component>
      <object_component id="oc-303">
         <name>.debug_info</name>
         <load_address>0xab6c</load_address>
         <run_address>0xab6c</run_address>
         <size>0x21e</size>
         <input_file_ref idref="fl-d2"/>
      </object_component>
      <object_component id="oc-392">
         <name>.debug_info</name>
         <load_address>0xad8a</load_address>
         <run_address>0xad8a</run_address>
         <size>0x1b3</size>
         <input_file_ref idref="fl-d2"/>
      </object_component>
      <object_component id="oc-398">
         <name>.debug_info</name>
         <load_address>0xaf3d</load_address>
         <run_address>0xaf3d</run_address>
         <size>0x21b</size>
         <input_file_ref idref="fl-d2"/>
      </object_component>
      <object_component id="oc-30e">
         <name>.debug_info</name>
         <load_address>0xb158</load_address>
         <run_address>0xb158</run_address>
         <size>0x3ba</size>
         <input_file_ref idref="fl-d2"/>
      </object_component>
      <object_component id="oc-39f">
         <name>.debug_info</name>
         <load_address>0xb512</load_address>
         <run_address>0xb512</run_address>
         <size>0x306</size>
         <input_file_ref idref="fl-d2"/>
      </object_component>
      <object_component id="oc-3a5">
         <name>.debug_info</name>
         <load_address>0xb818</load_address>
         <run_address>0xb818</run_address>
         <size>0x215</size>
         <input_file_ref idref="fl-d2"/>
      </object_component>
      <object_component id="oc-314">
         <name>.debug_info</name>
         <load_address>0xba2d</load_address>
         <run_address>0xba2d</run_address>
         <size>0x228</size>
         <input_file_ref idref="fl-d2"/>
      </object_component>
      <object_component id="oc-31a">
         <name>.debug_info</name>
         <load_address>0xbc55</load_address>
         <run_address>0xbc55</run_address>
         <size>0x303</size>
         <input_file_ref idref="fl-d2"/>
      </object_component>
      <object_component id="oc-320">
         <name>.debug_info</name>
         <load_address>0xbf58</load_address>
         <run_address>0xbf58</run_address>
         <size>0x4af</size>
         <input_file_ref idref="fl-d2"/>
      </object_component>
      <object_component id="oc-281">
         <name>.debug_info</name>
         <load_address>0xc407</load_address>
         <run_address>0xc407</run_address>
         <size>0x5d8</size>
         <input_file_ref idref="fl-d2"/>
      </object_component>
      <object_component id="oc-336">
         <name>.debug_info</name>
         <load_address>0xc9df</load_address>
         <run_address>0xc9df</run_address>
         <size>0x86</size>
         <input_file_ref idref="fl-d2"/>
      </object_component>
      <object_component id="oc-3cc">
         <name>.debug_info</name>
         <load_address>0xca65</load_address>
         <run_address>0xca65</run_address>
         <size>0x39</size>
         <input_file_ref idref="fl-d2"/>
      </object_component>
      <object_component id="oc-40b">
         <name>.debug_info</name>
         <load_address>0xca9e</load_address>
         <run_address>0xca9e</run_address>
         <size>0xb6</size>
         <input_file_ref idref="fl-d2"/>
      </object_component>
      <object_component id="oc-3d1">
         <name>.debug_info</name>
         <load_address>0xcb54</load_address>
         <run_address>0xcb54</run_address>
         <size>0x46</size>
         <input_file_ref idref="fl-d2"/>
      </object_component>
      <object_component id="oc-33b">
         <name>.debug_info</name>
         <load_address>0xcb9a</load_address>
         <run_address>0xcb9a</run_address>
         <size>0x46</size>
         <input_file_ref idref="fl-d2"/>
      </object_component>
      <object_component id="oc-362">
         <name>.debug_info</name>
         <load_address>0xcbe0</load_address>
         <run_address>0xcbe0</run_address>
         <size>0x18b</size>
         <input_file_ref idref="fl-d3"/>
      </object_component>
      <object_component id="oc-2fd">
         <name>.debug_info</name>
         <load_address>0xcd6b</load_address>
         <run_address>0xcd6b</run_address>
         <size>0x17c</size>
         <input_file_ref idref="fl-d3"/>
      </object_component>
      <object_component id="oc-3d8">
         <name>.debug_info</name>
         <load_address>0xcee7</load_address>
         <run_address>0xcee7</run_address>
         <size>0xf9</size>
         <input_file_ref idref="fl-d4"/>
      </object_component>
      <object_component id="oc-35f">
         <name>.debug_info</name>
         <load_address>0xcfe0</load_address>
         <run_address>0xcfe0</run_address>
         <size>0x105</size>
         <input_file_ref idref="fl-d4"/>
      </object_component>
      <object_component id="oc-3e6">
         <name>.debug_info</name>
         <load_address>0xd0e5</load_address>
         <run_address>0xd0e5</run_address>
         <size>0x16d</size>
         <input_file_ref idref="fl-d5"/>
      </object_component>
      <object_component id="oc-382">
         <name>.debug_info</name>
         <load_address>0xd252</load_address>
         <run_address>0xd252</run_address>
         <size>0x1cd</size>
         <input_file_ref idref="fl-d5"/>
      </object_component>
      <object_component id="oc-3bd">
         <name>.debug_info</name>
         <load_address>0xd41f</load_address>
         <run_address>0xd41f</run_address>
         <size>0x168</size>
         <input_file_ref idref="fl-d6"/>
      </object_component>
      <object_component id="oc-325">
         <name>.debug_info</name>
         <load_address>0xd587</load_address>
         <run_address>0xd587</run_address>
         <size>0x1b6</size>
         <input_file_ref idref="fl-d6"/>
      </object_component>
      <object_component id="oc-3fd">
         <name>.debug_info</name>
         <load_address>0xd73d</load_address>
         <run_address>0xd73d</run_address>
         <size>0x16c</size>
         <input_file_ref idref="fl-d7"/>
      </object_component>
      <object_component id="oc-3b7">
         <name>.debug_info</name>
         <load_address>0xd8a9</load_address>
         <run_address>0xd8a9</run_address>
         <size>0x268</size>
         <input_file_ref idref="fl-d7"/>
      </object_component>
      <object_component id="oc-3c4">
         <name>.debug_info</name>
         <load_address>0xdb11</load_address>
         <run_address>0xdb11</run_address>
         <size>0x161</size>
         <input_file_ref idref="fl-d8"/>
      </object_component>
      <object_component id="oc-32b">
         <name>.debug_info</name>
         <load_address>0xdc72</load_address>
         <run_address>0xdc72</run_address>
         <size>0x15a</size>
         <input_file_ref idref="fl-d8"/>
      </object_component>
      <object_component id="oc-400">
         <name>.debug_info</name>
         <load_address>0xddcc</load_address>
         <run_address>0xddcc</run_address>
         <size>0x46</size>
         <input_file_ref idref="fl-d8"/>
      </object_component>
      <object_component id="oc-3bf">
         <name>.debug_info</name>
         <load_address>0xde12</load_address>
         <run_address>0xde12</run_address>
         <size>0x39</size>
         <input_file_ref idref="fl-d8"/>
      </object_component>
      <object_component id="oc-3ee">
         <name>.debug_info</name>
         <load_address>0xde4b</load_address>
         <run_address>0xde4b</run_address>
         <size>0x167</size>
         <input_file_ref idref="fl-d9"/>
      </object_component>
      <object_component id="oc-3aa">
         <name>.debug_info</name>
         <load_address>0xdfb2</load_address>
         <run_address>0xdfb2</run_address>
         <size>0x194</size>
         <input_file_ref idref="fl-d9"/>
      </object_component>
      <object_component id="oc-417">
         <name>.debug_info</name>
         <load_address>0xe146</load_address>
         <run_address>0xe146</run_address>
         <size>0x39</size>
         <input_file_ref idref="fl-d9"/>
      </object_component>
      <object_component id="oc-3ef">
         <name>.debug_info</name>
         <load_address>0xe17f</load_address>
         <run_address>0xe17f</run_address>
         <size>0x2c</size>
         <input_file_ref idref="fl-d9"/>
      </object_component>
      <object_component id="oc-3fb">
         <name>.debug_info</name>
         <load_address>0xe1ab</load_address>
         <run_address>0xe1ab</run_address>
         <size>0x1ca</size>
         <input_file_ref idref="fl-da"/>
      </object_component>
      <object_component id="oc-3b1">
         <name>.debug_info</name>
         <load_address>0xe375</load_address>
         <run_address>0xe375</run_address>
         <size>0x1fb</size>
         <input_file_ref idref="fl-da"/>
      </object_component>
      <object_component id="oc-38c">
         <name>.debug_info</name>
         <load_address>0xe570</load_address>
         <run_address>0xe570</run_address>
         <size>0x14f</size>
         <input_file_ref idref="fl-db"/>
      </object_component>
      <object_component id="oc-308">
         <name>.debug_info</name>
         <load_address>0xe6bf</load_address>
         <run_address>0xe6bf</run_address>
         <size>0x12b</size>
         <input_file_ref idref="fl-dc"/>
      </object_component>
      <object_component id="oc-376">
         <name>.debug_info</name>
         <load_address>0xe7ea</load_address>
         <run_address>0xe7ea</run_address>
         <size>0x12d</size>
         <input_file_ref idref="fl-dc"/>
      </object_component>
      <object_component id="oc-371">
         <name>.debug_info</name>
         <load_address>0xe917</load_address>
         <run_address>0xe917</run_address>
         <size>0x13d</size>
         <input_file_ref idref="fl-dd"/>
      </object_component>
      <object_component id="oc-36c">
         <name>.debug_info</name>
         <load_address>0xea54</load_address>
         <run_address>0xea54</run_address>
         <size>0x13d</size>
         <input_file_ref idref="fl-de"/>
      </object_component>
      <object_component id="oc-37a">
         <name>.debug_info</name>
         <load_address>0xeb91</load_address>
         <run_address>0xeb91</run_address>
         <size>0x131</size>
         <input_file_ref idref="fl-df"/>
      </object_component>
      <object_component id="oc-387">
         <name>.debug_info</name>
         <load_address>0xecc2</load_address>
         <run_address>0xecc2</run_address>
         <size>0x12f</size>
         <input_file_ref idref="fl-e0"/>
      </object_component>
      <object_component id="oc-366">
         <name>.debug_info</name>
         <load_address>0xedf1</load_address>
         <run_address>0xedf1</run_address>
         <size>0x137</size>
         <input_file_ref idref="fl-e1"/>
      </object_component>
      <object_component id="oc-3c9">
         <name>.debug_info</name>
         <load_address>0xef28</load_address>
         <run_address>0xef28</run_address>
         <size>0x15b</size>
         <input_file_ref idref="fl-e2"/>
      </object_component>
      <object_component id="oc-3c6">
         <name>.debug_info</name>
         <load_address>0xf083</load_address>
         <run_address>0xf083</run_address>
         <size>0x10e</size>
         <input_file_ref idref="fl-e2"/>
      </object_component>
      <object_component id="oc-32f">
         <name>.debug_info</name>
         <load_address>0xf191</load_address>
         <run_address>0xf191</run_address>
         <size>0x14e</size>
         <input_file_ref idref="fl-e2"/>
      </object_component>
      <object_component id="oc-3f5">
         <name>.debug_info</name>
         <load_address>0xf2df</load_address>
         <run_address>0xf2df</run_address>
         <size>0x15f</size>
         <input_file_ref idref="fl-e3"/>
      </object_component>
      <object_component id="oc-3de">
         <name>.debug_info</name>
         <load_address>0xf43e</load_address>
         <run_address>0xf43e</run_address>
         <size>0x118</size>
         <input_file_ref idref="fl-e4"/>
      </object_component>
      <object_component id="oc-1bf">
         <name>.debug_info</name>
         <load_address>0xf556</load_address>
         <run_address>0xf556</run_address>
         <size>0x1e9</size>
         <input_file_ref idref="fl-e5"/>
      </object_component>
      <object_component id="oc-123">
         <name>.debug_info</name>
         <load_address>0xf73f</load_address>
         <run_address>0xf73f</run_address>
         <size>0x1e0</size>
         <input_file_ref idref="fl-e5"/>
      </object_component>
      <object_component id="oc-259">
         <name>.debug_info</name>
         <load_address>0xf91f</load_address>
         <run_address>0xf91f</run_address>
         <size>0x19b</size>
         <input_file_ref idref="fl-e6"/>
      </object_component>
      <object_component id="oc-196">
         <name>.debug_info</name>
         <load_address>0xfaba</load_address>
         <run_address>0xfaba</run_address>
         <size>0x19e</size>
         <input_file_ref idref="fl-e6"/>
      </object_component>
      <object_component id="oc-dc">
         <name>.debug_info</name>
         <load_address>0xfc58</load_address>
         <run_address>0xfc58</run_address>
         <size>0x188</size>
         <input_file_ref idref="fl-e6"/>
      </object_component>
      <object_component id="oc-d6">
         <name>.debug_info</name>
         <load_address>0xfde0</load_address>
         <run_address>0xfde0</run_address>
         <size>0x1ba</size>
         <input_file_ref idref="fl-e6"/>
      </object_component>
      <object_component id="oc-e2">
         <name>.debug_info</name>
         <load_address>0xff9a</load_address>
         <run_address>0xff9a</run_address>
         <size>0x1ab</size>
         <input_file_ref idref="fl-e6"/>
      </object_component>
      <object_component id="oc-2f5">
         <name>.debug_info</name>
         <load_address>0x10145</load_address>
         <run_address>0x10145</run_address>
         <size>0xe8</size>
         <input_file_ref idref="fl-e7"/>
      </object_component>
      <object_component id="oc-260">
         <name>.debug_info</name>
         <load_address>0x1022d</load_address>
         <run_address>0x1022d</run_address>
         <size>0xf6</size>
         <input_file_ref idref="fl-e7"/>
      </object_component>
      <object_component id="oc-1b3">
         <name>.debug_info</name>
         <load_address>0x10323</load_address>
         <run_address>0x10323</run_address>
         <size>0x1cb</size>
         <input_file_ref idref="fl-e7"/>
      </object_component>
      <object_component id="oc-264">
         <name>.debug_info</name>
         <load_address>0x104ee</load_address>
         <run_address>0x104ee</run_address>
         <size>0x219</size>
         <input_file_ref idref="fl-e7"/>
      </object_component>
      <object_component id="oc-1cb">
         <name>.debug_info</name>
         <load_address>0x10707</load_address>
         <run_address>0x10707</run_address>
         <size>0x1e0</size>
         <input_file_ref idref="fl-e7"/>
      </object_component>
      <object_component id="oc-1c5">
         <name>.debug_info</name>
         <load_address>0x108e7</load_address>
         <run_address>0x108e7</run_address>
         <size>0x1de</size>
         <input_file_ref idref="fl-e7"/>
      </object_component>
      <object_component id="oc-1b9">
         <name>.debug_info</name>
         <load_address>0x10ac5</load_address>
         <run_address>0x10ac5</run_address>
         <size>0x22e</size>
         <input_file_ref idref="fl-e7"/>
      </object_component>
      <object_component id="oc-221">
         <name>.debug_info</name>
         <load_address>0x10cf3</load_address>
         <run_address>0x10cf3</run_address>
         <size>0x1f8</size>
         <input_file_ref idref="fl-e8"/>
      </object_component>
      <object_component id="oc-1d2">
         <name>.debug_info</name>
         <load_address>0x10eeb</load_address>
         <run_address>0x10eeb</run_address>
         <size>0xff</size>
         <input_file_ref idref="fl-e8"/>
      </object_component>
      <object_component id="oc-19a">
         <name>.debug_info</name>
         <load_address>0x10fea</load_address>
         <run_address>0x10fea</run_address>
         <size>0x1b2</size>
         <input_file_ref idref="fl-e8"/>
      </object_component>
      <object_component id="oc-f3">
         <name>.debug_info</name>
         <load_address>0x1119c</load_address>
         <run_address>0x1119c</run_address>
         <size>0x1f7</size>
         <input_file_ref idref="fl-e8"/>
      </object_component>
      <object_component id="oc-1ac">
         <name>.debug_info</name>
         <load_address>0x11393</load_address>
         <run_address>0x11393</run_address>
         <size>0x1f9</size>
         <input_file_ref idref="fl-e8"/>
      </object_component>
      <object_component id="oc-10b">
         <name>.debug_info</name>
         <load_address>0x1158c</load_address>
         <run_address>0x1158c</run_address>
         <size>0x222</size>
         <input_file_ref idref="fl-e8"/>
      </object_component>
      <object_component id="oc-ff">
         <name>.debug_info</name>
         <load_address>0x117ae</load_address>
         <run_address>0x117ae</run_address>
         <size>0x1cc</size>
         <input_file_ref idref="fl-e8"/>
      </object_component>
      <object_component id="oc-ea">
         <name>.debug_info</name>
         <load_address>0x1197a</load_address>
         <run_address>0x1197a</run_address>
         <size>0x28f</size>
         <input_file_ref idref="fl-e8"/>
      </object_component>
      <object_component id="oc-1a3">
         <name>.debug_info</name>
         <load_address>0x11c09</load_address>
         <run_address>0x11c09</run_address>
         <size>0x1cb</size>
         <input_file_ref idref="fl-e8"/>
      </object_component>
      <object_component id="oc-1a9">
         <name>.debug_info</name>
         <load_address>0x11dd4</load_address>
         <run_address>0x11dd4</run_address>
         <size>0x1e0</size>
         <input_file_ref idref="fl-e8"/>
      </object_component>
      <object_component id="oc-24d">
         <name>.debug_info</name>
         <load_address>0x11fb4</load_address>
         <run_address>0x11fb4</run_address>
[...]
         <value>0x200067c3</value>
         <object_component_ref idref="oc-c2"/>
      </symbol>
      <symbol id="sm-181">
         <name>testHlines</name>
         <value>0x20004eb5</value>
         <object_component_ref idref="oc-94"/>
      </symbol>
      <symbol id="sm-182">
         <name>testVlines</name>
         <value>0x20004f1b</value>
         <object_component_ref idref="oc-94"/>
      </symbol>
      <symbol id="sm-183">
         <name>testroundrects</name>
         <value>0x20005287</value>
         <object_component_ref idref="oc-94"/>
      </symbol>
      <symbol id="sm-184">
         <name>testdrawcircles</name>
         <value>0x20005185</value>
         <object_component_ref idref="oc-94"/>
      </symbol>
      <symbol id="sm-185">
         <name>testlines</name>
         <value>0x200052f9</value>
         <object_component_ref idref="oc-94"/>
      </symbol>
      <symbol id="sm-186">
         <name>testfastlines</name>
         <value>0x20004f7f</value>
         <object_component_ref idref="oc-94"/>
      </symbol>
      <symbol id="sm-187">
         <name>lcdTestPattern</name>
         <value>0x200054c7</value>
         <object_component_ref idref="oc-94"/>
      </symbol>
      <symbol id="sm-188">
         <name>main</name>
         <value>0x200057c3</value>
         <object_component_ref idref="oc-94"/>
      </symbol>
      <symbol id="sm-189">
         <name>delay</name>
         <value>0x20004e81</value>
         <object_component_ref idref="oc-94"/>
      </symbol>
      <symbol id="sm-18a">
         <name>lcdTestPattern2</name>
         <value>0x20005597</value>
         <object_component_ref idref="oc-94"/>
      </symbol>
      <symbol id="sm-18b">
         <name>testtriangles</name>
         <value>0x20005205</value>
         <object_component_ref idref="oc-94"/>
      </symbol>
      <symbol id="sm-18c">
         <name>testfillrects</name>
         <value>0x20005051</value>
         <object_component_ref idref="oc-94"/>
      </symbol>
      <symbol id="sm-18d">
         <name>testdrawrects</name>
         <value>0x20004ff1</value>
         <object_component_ref idref="oc-94"/>
      </symbol>
      <symbol id="sm-18e">
         <name>testfillcircles</name>
         <value>0x2000510f</value>
         <object_component_ref idref="oc-94"/>
      </symbol>
      <symbol id="sm-18f">
         <name>test</name>
         <value>0x20005667</value>
         <object_component_ref idref="oc-94"/>
      </symbol>
      <symbol id="sm-19b">
         <name>PinMuxConfig</name>
         <value>0x2000766d</value>
         <object_component_ref idref="oc-ec"/>
      </symbol>
      <symbol id="sm-1ba">
         <name>ResetISR</name>
         <value>0x200089c7</value>
         <object_component_ref idref="oc-26"/>
      </symbol>
      <symbol id="sm-1bb">
         <name>g_pfnVectors</name>
         <value>0x20004000</value>
         <object_component_ref idref="oc-f"/>
      </symbol>
      <symbol id="sm-20c">
         <name>GetCmd</name>
         <value>0x20006863</value>
         <object_component_ref idref="oc-f8"/>
      </symbol>
      <symbol id="sm-20d">
         <name>Message</name>
         <value>0x200067ff</value>
         <object_component_ref idref="oc-f8"/>
      </symbol>
      <symbol id="sm-20e">
         <name>Report</name>
         <value>0x200069a1</value>
         <object_component_ref idref="oc-f8"/>
      </symbol>
      <symbol id="sm-20f">
         <name>Error</name>
         <value>0x2000682b</value>
         <object_component_ref idref="oc-f8"/>
      </symbol>
      <symbol id="sm-210">
         <name>InitTerm</name>
         <value>0x200067e1</value>
         <object_component_ref idref="oc-f8"/>
      </symbol>
      <symbol id="sm-211">
         <name>ClearTerm</name>
         <value>0x20006821</value>
         <object_component_ref idref="oc-f8"/>
      </symbol>
      <symbol id="sm-212">
         <name>TrimSpace</name>
         <value>0x20006909</value>
         <object_component_ref idref="oc-f8"/>
      </symbol>
      <symbol id="sm-226">
         <name>__TI_zero_init_nomemset</name>
         <value>0x20008995</value>
         <object_component_ref idref="oc-46"/>
      </symbol>
      <symbol id="sm-23d">
         <name>__TI_decompress_none</name>
         <value>0x200089b9</value>
         <object_component_ref idref="oc-18"/>
      </symbol>
      <symbol id="sm-260">
         <name>__TI_decompress_lzss</name>
         <value>0x20008151</value>
         <object_component_ref idref="oc-12"/>
      </symbol>
      <symbol id="sm-272">
         <name>__stack</name>
         <value>0x2002f800</value>
         <object_component_ref idref="oc-20"/>
      </symbol>
      <symbol id="sm-273">
         <name>_c_int00_noargs</name>
         <value>0x200086fd</value>
         <object_component_ref idref="oc-58"/>
      </symbol>
      <symbol id="sm-27e">
         <name>C$$EXIT</name>
         <value>0x200089fb</value>
         <object_component_ref idref="oc-130"/>
      </symbol>
      <symbol id="sm-27f">
         <name>abort</name>
         <value>0x200089fb</value>
         <object_component_ref idref="oc-130"/>
      </symbol>
      <symbol id="sm-315">
         <name>_sys_memory</name>
         <value>0x20017000</value>
         <object_component_ref idref="oc-23"/>
      </symbol>
      <symbol id="sm-316">
         <name>free</name>
         <value>0x20007879</value>
         <object_component_ref idref="oc-20b"/>
      </symbol>
      <symbol id="sm-317">
         <name>realloc</name>
         <value>0x20007559</value>
         <object_component_ref idref="oc-205"/>
      </symbol>
      <symbol id="sm-318">
         <name>malloc</name>
         <value>0x20007ff5</value>
         <object_component_ref idref="oc-1ff"/>
      </symbol>
      <symbol id="sm-319">
         <name>minit</name>
         <value>0x20008579</value>
         <object_component_ref idref="oc-2a1"/>
      </symbol>
      <symbol id="sm-32e">
         <name>_nop</name>
         <value>0x2000631b</value>
         <object_component_ref idref="oc-2d0"/>
      </symbol>
      <symbol id="sm-32f">
         <name>_lock</name>
         <value>0x20017824</value>
         <object_component_ref idref="oc-22f"/>
      </symbol>
      <symbol id="sm-330">
         <name>_unlock</name>
         <value>0x20017828</value>
         <object_component_ref idref="oc-22f"/>
      </symbol>
      <symbol id="sm-341">
         <name>memmove</name>
         <value>0x20008771</value>
         <object_component_ref idref="oc-1f9"/>
      </symbol>
      <symbol id="sm-34f">
         <name>strlen</name>
         <value>0x20008981</value>
         <object_component_ref idref="oc-1f3"/>
      </symbol>
      <symbol id="sm-37e">
         <name>vsnprintf</name>
         <value>0x20008481</value>
         <object_component_ref idref="oc-1e1"/>
      </symbol>
      <symbol id="sm-399">
         <name>memcpy</name>
         <value>0x20007c1d</value>
         <object_component_ref idref="oc-3a"/>
      </symbol>
      <symbol id="sm-39a">
         <name>__aeabi_memcpy</name>
         <value>0x20007c1d</value>
         <object_component_ref idref="oc-3a"/>
      </symbol>
      <symbol id="sm-39b">
         <name>__aeabi_memcpy8</name>
         <value>0x20007c1d</value>
         <object_component_ref idref="oc-3a"/>
      </symbol>
      <symbol id="sm-39c">
         <name>__aeabi_memcpy4</name>
         <value>0x20007c1d</value>
         <object_component_ref idref="oc-3a"/>
      </symbol>
      <symbol id="sm-3ab">
         <name>__aeabi_memset</name>
         <value>0x20007f7b</value>
         <object_component_ref idref="oc-88"/>
      </symbol>
      <symbol id="sm-3ac">
         <name>memset</name>
         <value>0x20007f81</value>
         <object_component_ref idref="oc-88"/>
      </symbol>
      <symbol id="sm-3ad">
         <name>__aeabi_memset8</name>
         <value>0x20007f7b</value>
         <object_component_ref idref="oc-88"/>
      </symbol>
      <symbol id="sm-3ae">
         <name>__aeabi_memset4</name>
         <value>0x20007f7b</value>
         <object_component_ref idref="oc-88"/>
      </symbol>
      <symbol id="sm-3af">
         <name>__aeabi_memclr8</name>
         <value>0x20007f79</value>
         <object_component_ref idref="oc-88"/>
      </symbol>
      <symbol id="sm-3b0">
         <name>__aeabi_memclr4</name>
         <value>0x20007f79</value>
         <object_component_ref idref="oc-88"/>
      </symbol>
      <symbol id="sm-3b1">
         <name>__aeabi_memclr</name>
         <value>0x20007f79</value>
         <object_component_ref idref="oc-88"/>
      </symbol>
      <symbol id="sm-3d9">
         <name>__TI_auto_init_nobinit_nopinit</name>
         <value>0x200083fd</value>
         <object_component_ref idref="oc-13c"/>
      </symbol>
      <symbol id="sm-3e3">
         <name>_system_pre_init</name>
         <value>0x200089f7</value>
         <object_component_ref idref="oc-8e"/>
      </symbol>
      <symbol id="sm-549">
         <name>__TI_printfi</name>
         <value>0x200058d1</value>
         <object_component_ref idref="oc-27d"/>
      </symbol>
      <symbol id="sm-55f">
         <name>atoi</name>
         <value>0x20008369</value>
         <object_component_ref idref="oc-2f9"/>
      </symbol>
      <symbol id="sm-56a">
         <name>_ctypes_</name>
         <value>0x20008efb</value>
         <object_component_ref idref="oc-35e"/>
      </symbol>
      <symbol id="sm-579">
         <name>ltoa</name>
         <value>0x200082c3</value>
         <object_component_ref idref="oc-37e"/>
      </symbol>
      <symbol id="sm-589">
         <name>memccpy</name>
         <value>0x2000884f</value>
         <object_component_ref idref="oc-322"/>
      </symbol>
      <symbol id="sm-599">
         <name>strchr</name>
         <value>0x20008943</value>
         <object_component_ref idref="oc-3b5"/>
      </symbol>
      <symbol id="sm-5b2">
         <name>wcslen</name>
         <value>0x200089a7</value>
         <object_component_ref idref="oc-328"/>
      </symbol>
      <symbol id="sm-5d2">
         <name>frexpl</name>
         <value>0x200081b9</value>
         <object_component_ref idref="oc-3a9"/>
      </symbol>
      <symbol id="sm-5d3">
         <name>frexp</name>
         <value>0x200081b9</value>
         <object_component_ref idref="oc-3a9"/>
      </symbol>
      <symbol id="sm-5f1">
         <name>scalbn</name>
         <value>0x20007951</value>
         <object_component_ref idref="oc-3af"/>
      </symbol>
      <symbol id="sm-5f2">
         <name>scalbnl</name>
         <value>0x20007951</value>
         <object_component_ref idref="oc-3af"/>
      </symbol>
      <symbol id="sm-5f3">
         <name>ldexpl</name>
         <value>0x20007951</value>
         <object_component_ref idref="oc-3af"/>
      </symbol>
      <symbol id="sm-5f4">
         <name>ldexp</name>
         <value>0x20007951</value>
         <object_component_ref idref="oc-3af"/>
      </symbol>
      <symbol id="sm-60b">
         <name>__aeabi_dsub</name>
         <value>0x20006e95</value>
         <object_component_ref idref="oc-389"/>
      </symbol>
      <symbol id="sm-60c">
         <name>__aeabi_dadd</name>
         <value>0x20006e9f</value>
         <object_component_ref idref="oc-389"/>
      </symbol>
      <symbol id="sm-62e">
         <name>__aeabi_cdcmpeq</name>
         <value>0x20007e6d</value>
         <object_component_ref idref="oc-305"/>
      </symbol>
      <symbol id="sm-62f">
         <name>__aeabi_cdcmple</name>
         <value>0x20007e6d</value>
         <object_component_ref idref="oc-305"/>
      </symbol>
      <symbol id="sm-630">
         <name>__aeabi_cdrcmple</name>
         <value>0x20007ef3</value>
         <object_component_ref idref="oc-374"/>
      </symbol>
      <symbol id="sm-644">
         <name>__aeabi_ddiv</name>
         <value>0x20007301</value>
         <object_component_ref idref="oc-36f"/>
      </symbol>
      <symbol id="sm-64f">
         <name>__aeabi_dmul</name>
         <value>0x2000777d</value>
         <object_component_ref idref="oc-36a"/>
      </symbol>
      <symbol id="sm-659">
         <name>__aeabi_d2iz</name>
         <value>0x200083b5</value>
         <object_component_ref idref="oc-379"/>
      </symbol>
      <symbol id="sm-663">
         <name>__aeabi_i2d</name>
         <value>0x20008679</value>
         <object_component_ref idref="oc-384"/>
      </symbol>
      <symbol id="sm-670">
         <name>__aeabi_uldivmod</name>
         <value>0x20007cb9</value>
         <object_component_ref idref="oc-363"/>
      </symbol>
      <symbol id="sm-686">
         <name>__aeabi_errno_addr</name>
         <value>0x200089e1</value>
         <object_component_ref idref="oc-32e"/>
      </symbol>
      <symbol id="sm-687">
         <name>errno</name>
         <value>0x2001782c</value>
         <object_component_ref idref="oc-3c5"/>
      </symbol>
      <symbol id="sm-691">
         <name>copysign</name>
         <value>0x200089e9</value>
         <object_component_ref idref="oc-3f4"/>
      </symbol>
      <symbol id="sm-692">
         <name>copysignl</name>
         <value>0x200089e9</value>
         <object_component_ref idref="oc-3f4"/>
      </symbol>
      <symbol id="sm-69c">
         <name>__aeabi_idiv0</name>
         <value>0x200067df</value>
         <object_component_ref idref="oc-3db"/>
      </symbol>
      <symbol id="sm-69d">
         <name>__aeabi_ldiv0</name>
         <value>0x200067df</value>
         <object_component_ref idref="oc-3db"/>
      </symbol>
      <symbol id="sm-6b1">
         <name>GPIODirModeSet</name>
         <value>0x200085b1</value>
         <object_component_ref idref="oc-1be"/>
      </symbol>
      <symbol id="sm-6b2">
         <name>GPIOPinWrite</name>
         <value>0x200087b7</value>
         <object_component_ref idref="oc-122"/>
      </symbol>
      <symbol id="sm-6e9">
         <name>IntVTableBaseSet</name>
         <value>0x2000896d</value>
         <object_component_ref idref="oc-d4"/>
      </symbol>
      <symbol id="sm-6ea">
         <name>IntEnable</name>
         <value>0x20007ad5</value>
         <object_component_ref idref="oc-e0"/>
      </symbol>
      <symbol id="sm-6eb">
         <name>IntMasterEnable</name>
         <value>0x200089d5</value>
         <object_component_ref idref="oc-da"/>
      </symbol>
      <symbol id="sm-72a">
         <name>PinTypeUART</name>
         <value>0x20008885</value>
         <object_component_ref idref="oc-1ca"/>
      </symbol>
      <symbol id="sm-72b">
         <name>PinTypeGPIO</name>
         <value>0x200085e7</value>
         <object_component_ref idref="oc-1b8"/>
      </symbol>
      <symbol id="sm-72c">
         <name>PinConfigSet</name>
         <value>0x20007de5</value>
         <object_component_ref idref="oc-263"/>
      </symbol>
      <symbol id="sm-72d">
         <name>PinTypeSPI</name>
         <value>0x2000886b</value>
         <object_component_ref idref="oc-1c4"/>
      </symbol>
      <symbol id="sm-72e">
         <name>PinModeSet</name>
         <value>0x20008441</value>
         <object_component_ref idref="oc-1b2"/>
      </symbol>
      <symbol id="sm-7b4">
         <name>PRCMPeripheralReset</name>
         <value>0x20008215</value>
         <object_component_ref idref="oc-fe"/>
      </symbol>
      <symbol id="sm-7b5">
         <name>PRCMPeripheralClkEnable</name>
         <value>0x20008501</value>
         <object_component_ref idref="oc-f2"/>
      </symbol>
      <symbol id="sm-7b6">
         <name>PRCMPeripheralClockGet</name>
         <value>0x20007d51</value>
         <object_component_ref idref="oc-10a"/>
      </symbol>
      <symbol id="sm-7b7">
         <name>PRCMCC3200MCUInit</name>
         <value>0x2000704d</value>
         <object_component_ref idref="oc-e6"/>
      </symbol>
      <symbol id="sm-7b8">
         <name>PRCMHIBRegWrite</name>
         <value>0x2000892d</value>
         <object_component_ref idref="oc-1a5"/>
      </symbol>
      <symbol id="sm-7b9">
         <name>PRCMSysResetCauseGet</name>
         <value>0x200086a9</value>
         <object_component_ref idref="oc-199"/>
      </symbol>
      <symbol id="sm-7ba">
         <name>PRCMPeripheralClkDisable</name>
         <value>0x200086d5</value>
         <object_component_ref idref="oc-1ab"/>
      </symbol>
      <symbol id="sm-7bb">
         <name>PRCMHIBRegRead</name>
         <value>0x20008917</value>
         <object_component_ref idref="oc-19f"/>
      </symbol>
      <symbol id="sm-800">
         <name>SPICSEnable</name>
         <value>0x200088b7</value>
         <object_component_ref idref="oc-11c"/>
      </symbol>
      <symbol id="sm-801">
         <name>SPIDataPut</name>
         <value>0x200087f7</value>
         <object_component_ref idref="oc-16e"/>
      </symbol>
      <symbol id="sm-802">
         <name>SPIEnable</name>
         <value>0x200088cf</value>
         <object_component_ref idref="oc-116"/>
      </symbol>
      <symbol id="sm-803">
         <name>SPIDataGet</name>
         <value>0x200087d7</value>
         <object_component_ref idref="oc-174"/>
      </symbol>
      <symbol id="sm-804">
         <name>SPIConfigSetExpClk</name>
         <value>0x20007b7d</value>
         <object_component_ref idref="oc-110"/>
      </symbol>
      <symbol id="sm-805">
         <name>SPIReset</name>
         <value>0x20008795</value>
         <object_component_ref idref="oc-104"/>
      </symbol>
      <symbol id="sm-806">
         <name>SPICSDisable</name>
         <value>0x2000889f</value>
         <object_component_ref idref="oc-128"/>
      </symbol>
      <symbol id="sm-842">
         <name>UARTConfigSetExpClk</name>
         <value>0x2000806d</value>
         <object_component_ref idref="oc-1d5"/>
      </symbol>
      <symbol id="sm-843">
         <name>UARTDisable</name>
         <value>0x20008619</value>
         <object_component_ref idref="oc-26f"/>
      </symbol>
      <symbol id="sm-844">
         <name>UARTCharsAvail</name>
         <value>0x200088e7</value>
         <object_component_ref idref="oc-1e7"/>
      </symbol>
      <symbol id="sm-845">
         <name>UARTCharGetNonBlocking</name>
         <value>0x20008833</value>
         <object_component_ref idref="oc-1ed"/>
      </symbol>
      <symbol id="sm-846">
         <name>UARTCharPut</name>
         <value>0x20008815</value>
         <object_component_ref idref="oc-1db"/>
      </symbol>
      <symbol id="sm-847">
         <name>UARTEnable</name>
         <value>0x2000874d</value>
         <object_component_ref idref="oc-275"/>
      </symbol>
      <symbol id="sm-84b">
         <name>UtilsDelay</name>
         <value>0x200089f1</value>
         <object_component_ref idref="oc-25b"/>
      </symbol>
      <symbol id="sm-855">
         <name>CPUcpsie</name>
         <value>0x20008959</value>
         <object_component_ref idref="oc-189"/>
      </symbol>
      <symbol id="sm-857">
         <name>__TI_static_base__</name>
         <value>0x20009268</value>
      </symbol>
      <symbol id="sm-85a">
         <name>__mpu_init</name>
         <value>0x0</value>
      </symbol>
      <symbol id="sm-85b">
         <name>_system_post_cinit</name>
         <value>0x0</value>
      </symbol>
   </symbol_table>
   <title>Link successful</title>
</link_info>
