******************************************************************************
                  TI ARM Linker PC v18.1.4                     
******************************************************************************
>> Linked Thu Jan 17 14:47:19 2019

OUTPUT FILE NAME:   <lab2 part1.out>
ENTRY POINT SYMBOL: "_c_int00_noargs"  address: 200086fd


MEMORY CONFIGURATION

         name            origin    length      used     unused   attr    fill
----------------------  --------  ---------  --------  --------  ----  --------
  SRAM_CODE             20004000   00013000  000052b2  0000dd4e  RW X
  SRAM_DATA             20017000   00019000  00001034  00017fcc  RW X


SEGMENT ALLOCATION MAP

run origin  load origin   length   init length attrs members
----------  ----------- ---------- ----------- ----- -------
20004000    20004000    000052b8   000052b8    r-x
  20004000    20004000    00000400   00000400    r-- .intvecs
  20004400    20004400    000045fe   000045fe    r-x .text
  20008a00    20008a00    00000864   00000864    r-- .const
  20009268    20009268    00000050   00000050    r-- .cinit
20017000    20017000    00000834   00000000    rw-
  20017000    20017000    00000800   00000000    rw- .sysmem
  20017800    20017800    00000030   00000000    rw- .data
  20017830    20017830    00000004   00000000    rw- .bss
2002f800    2002f800    00000800   00000000    rw-
  2002f800    2002f800    00000800   00000000    rw- .stack


SECTION ALLOCATION MAP

 output                                  attributes/
section   page    origin      length       input sections
--------  ----  ----------  ----------   ----------------
.intvecs   0    20004000    00000400     
                  20004000    00000400     startup_ccs.obj (.intvecs)

.init_array 
*          0    20004000    00000000     UNINITIALIZED

.text      0    20004400    000045fe     
                  20004400    00000a80     Adafruit_GFX.obj (.text)
                  20004e80    00000a50     main.obj (.text)
                  200058d0    00000a4a     rtsv7M4_T_le_eabi.lib : _printfi.c.obj (.text:__TI_printfi)
                  2000631a    00000002                           : _lock.c.obj (.text:_nop)
                  2000631c    000004c2     Adafruit_OLED.obj (.text)
                  200067de    00000002     rtsv7M4_T_le_eabi.lib : div0.asm.obj (.text)
                  200067e0    00000280     uart_if.obj (.text)
                  20006a60    00000268     rtsv7M4_T_le_eabi.lib : _printfi.c.obj (.text:_pconv_a)
                  20006cc8    000001cc                           : _printfi.c.obj (.text:_pconv_g)
                  20006e94    000001b6                           : fd_add_t2.asm.obj (.text)
                  2000704a    00000002     --HOLE-- [fill = 0]
                  2000704c    00000178     driverlib.a : prcm.obj (.text:PRCMCC3200MCUInit)
                  200071c4    0000013c     rtsv7M4_T_le_eabi.lib : _printfi.c.obj (.text:_pconv_e)
                  20007300    00000136                           : fd_div_t2.asm.obj (.text)
                  20007436    00000002     --HOLE-- [fill = 0]
                  20007438    00000120                           : _printfi.c.obj (.text:fcvt)
                  20007558    00000114                           : memory.c.obj (.text:realloc)
                  2000766c    00000110     pin_mux_config.obj (.text)
                  2000777c    000000fc     rtsv7M4_T_le_eabi.lib : fd_mul_t2.asm.obj (.text)
                  20007878    000000d8                           : memory.c.obj (.text:free)
                  20007950    000000d0                           : s_scalbn.c.obj (.text:scalbn)
                  20007a20    000000b1                           : _printfi.c.obj (.text:_ltostr)
                  20007ad1    00000003     --HOLE-- [fill = 0]
                  20007ad4    000000a8     driverlib.a : interrupt.obj (.text:IntEnable)
                  20007b7c    000000a0                 : spi.obj (.text:SPIConfigSetExpClk)
                  20007c1c    0000009c     rtsv7M4_T_le_eabi.lib : memcpy_t2.asm.obj (.text)
                  20007cb8    00000096                           : ull_div_t2.asm.obj (.text)
                  20007d4e    00000002     --HOLE-- [fill = 0]
                  20007d50    00000094     driverlib.a : prcm.obj (.text:PRCMPeripheralClockGet)
                  20007de4    00000088                 : pin.obj (.text:PinConfigSet)
                  20007e6c    00000086     rtsv7M4_T_le_eabi.lib : fd_cmp_t2.asm.obj (.text:__aeabi_cdcmple)
                  20007ef2    00000086                           : fd_cmp_t2.asm.obj (.text:__aeabi_cdrcmple)
                  20007f78    0000007a                           : memset_t2.asm.obj (.text)
                  20007ff2    00000002     --HOLE-- [fill = 0]
                  20007ff4    00000078                           : memory.c.obj (.text:malloc)
                  2000806c    00000076     driverlib.a : uart.obj (.text:UARTConfigSetExpClk)
                  200080e2    0000006e     rtsv7M4_T_le_eabi.lib : _printfi.c.obj (.text:_mcpy)
                  20008150    00000068                           : copy_decompress_lzss.c.obj (.text:decompress:lzss:__TI_decompress_lzss)
                  200081b8    0000005c                           : s_frexp.c.obj (.text:frexp)
                  20008214    00000058     driverlib.a : prcm.obj (.text:PRCMPeripheralReset)
                  2000826c    00000056     rtsv7M4_T_le_eabi.lib : _printfi.c.obj (.text:_pconv_f)
                  200082c2    00000054                           : ltoa.c.obj (.text:ltoa)
                  20008316    00000052                           : _printfi.c.obj (.text:_ecpy)
                  20008368    0000004c                           : atoi.c.obj (.text:atoi)
                  200083b4    00000048                           : fd_toi_t2.asm.obj (.text)
                  200083fc    00000044                           : autoinit.c.obj (.text:__TI_auto_init_nobinit_nopinit:__TI_auto_init_nobinit_nopinit)
                  20008440    00000040     driverlib.a : pin.obj (.text:PinModeSet)
                  20008480    00000040     rtsv7M4_T_le_eabi.lib : vsnprintf.c.obj (.text:vsnprintf)
                  200084c0    0000003e                           : _printfi.c.obj (.text:_fcpy)
                  200084fe    00000002     --HOLE-- [fill = 0]
                  20008500    0000003c     driverlib.a : prcm.obj (.text:PRCMPeripheralClkEnable)
                  2000853c    0000003c     rtsv7M4_T_le_eabi.lib : memory.c.obj (.text:minsert)
                  20008578    00000038                           : memory.c.obj (.text:minit)
                  200085b0    00000036     driverlib.a : gpio.obj (.text:GPIODirModeSet)
                  200085e6    00000030                 : pin.obj (.text:PinTypeGPIO)
                  20008616    00000002     --HOLE-- [fill = 0]
                  20008618    00000030                 : uart.obj (.text:UARTDisable)
                  20008648    00000030     rtsv7M4_T_le_eabi.lib : vsnprintf.c.obj (.text:_outs)
                  20008678    0000002e                           : i_tofd_t2.asm.obj (.text)
                  200086a6    00000002     --HOLE-- [fill = 0]
                  200086a8    0000002c     driverlib.a : prcm.obj (.text:PRCMSysResetCauseGet)
                  200086d4    00000028                 : prcm.obj (.text:PRCMPeripheralClkDisable)
                  200086fc    00000028     rtsv7M4_T_le_eabi.lib : boot_cortex_m.c.obj (.text:_c_int00_noargs:_c_int00_noargs)
                  20008724    00000028                           : memory.c.obj (.text:mremove)
                  2000874c    00000024     driverlib.a : uart.obj (.text:UARTEnable)
                  20008770    00000024     rtsv7M4_T_le_eabi.lib : memmov.c.obj (.text:memmove)
                  20008794    00000022     driverlib.a : spi.obj (.text:SPIReset)
                  200087b6    00000020                 : gpio.obj (.text:GPIOPinWrite)
                  200087d6    00000020                 : spi.obj (.text:SPIDataGet)
                  200087f6    0000001e                 : spi.obj (.text:SPIDataPut)
                  20008814    0000001e                 : uart.obj (.text:UARTCharPut)
                  20008832    0000001c                 : uart.obj (.text:UARTCharGetNonBlocking)
                  2000884e    0000001c     rtsv7M4_T_le_eabi.lib : memccpy.c.obj (.text:memccpy)
                  2000886a    0000001a     driverlib.a : pin.obj (.text:PinTypeSPI)
                  20008884    0000001a                 : pin.obj (.text:PinTypeUART)
                  2000889e    00000018                 : spi.obj (.text:SPICSDisable)
                  200088b6    00000018                 : spi.obj (.text:SPICSEnable)
                  200088ce    00000018                 : spi.obj (.text:SPIEnable)
                  200088e6    00000018                 : uart.obj (.text:UARTCharsAvail)
                  200088fe    00000018     rtsv7M4_T_le_eabi.lib : vsnprintf.c.obj (.text:_outc)
                  20008916    00000016     driverlib.a : prcm.obj (.text:PRCMHIBRegRead)
                  2000892c    00000016                 : prcm.obj (.text:PRCMHIBRegWrite)
                  20008942    00000016     rtsv7M4_T_le_eabi.lib : strchr.c.obj (.text:strchr)
                  20008958    00000014     driverlib.a : cpu.obj (.text:CPUcpsie)
                  2000896c    00000014                 : interrupt.obj (.text:IntVTableBaseSet)
                  20008980    00000014     rtsv7M4_T_le_eabi.lib : strlen.c.obj (.text:strlen)
                  20008994    00000012                           : copy_zero_init.c.obj (.text:decompress:ZI:__TI_zero_init_nomemset:__TI_zero_init_nomemset)
                  200089a6    00000012                           : wcslen.c.obj (.text:wcslen)
                  200089b8    0000000e                           : copy_decompress_none.c.obj (.text:decompress:none:__TI_decompress_none)
                  200089c6    0000000e     startup_ccs.obj (.text)
                  200089d4    0000000a     driverlib.a : interrupt.obj (.text:IntMasterEnable)
                  200089de    00000002     --HOLE-- [fill = 0]
                  200089e0    00000008     rtsv7M4_T_le_eabi.lib : errno.c.obj (.text:__aeabi_errno_addr)
                  200089e8    00000008                           : s_copysign.c.obj (.text:copysign)
                  200089f0    00000006     driverlib.a : utils.obj (.text:UtilsDelay)
                  200089f6    00000004     rtsv7M4_T_le_eabi.lib : pre_init.c.obj (.text:_system_pre_init)
                  200089fa    00000004                           : exit.c.obj (.text:abort:abort)

.const     0    20008a00    00000864     
                  20008a00    000004fb     Adafruit_GFX.obj (.const:.string:font)
                  20008efb    00000101     rtsv7M4_T_le_eabi.lib : ctype.c.obj (.const:.string:_ctypes_)
                  20008ffc    00000100     driverlib.a : pin.obj (.const:g_ulPinToPadMap)
                  200090fc    000000a8                 : prcm.obj (.const:PRCM_PeriphRegsList)
                  200091a4    00000080                 : interrupt.obj (.const)
                  20009224    00000020     main.obj (.const:$P$T0$1)
                  20009244    00000020     main.obj (.const:$P$T1$2)

.cinit     0    20009268    00000050     
                  20009268    00000027     (.cinit..data.load) [load image, compression = lzss]
                  2000928f    00000001     --HOLE-- [fill = 0]
                  20009290    0000000c     (__TI_handler_table)
                  2000929c    00000004     --HOLE-- [fill = 0]
                  200092a0    00000008     (.cinit..bss.load) [load image, compression = zero_init]
                  200092a8    00000010     (__TI_cinit_table)

.sysmem    0    20017000    00000800     UNINITIALIZED
                  20017000    00000008     rtsv7M4_T_le_eabi.lib : memory.c.obj (.sysmem)
                  20017008    000007f8     --HOLE--

.data      0    20017800    00000030     UNINITIALIZED
                  20017800    00000015     Adafruit_GFX.obj (.data)
                  20017815    00000003     --HOLE--
                  20017818    0000000c     rtsv7M4_T_le_eabi.lib : memory.c.obj (.data:$O1$$)
                  20017824    00000008                           : _lock.c.obj (.data:$O1$$)
                  2001782c    00000004                           : errno.c.obj (.data)

.bss       0    20017830    00000004     UNINITIALIZED
                  20017830    00000004     uart_if.obj (.bss)

.stack     0    2002f800    00000800     UNINITIALIZED
                  2002f800    00000004     rtsv7M4_T_le_eabi.lib : boot_cortex_m.c.obj (.stack)
                  2002f804    000007fc     --HOLE--

MODULE SUMMARY

       Module                       code    ro data   rw data
       ------                       ----    -------   -------
    .\
       Adafruit_GFX.obj             2688    1275      21     
       main.obj                     2640    64        0      
       Adafruit_OLED.obj            1218    0         0      
       startup_ccs.obj              14      1024      0      
       uart_if.obj                  640     0         4      
       pin_mux_config.obj           272     0         0      
    +--+----------------------------+-------+---------+---------+
       Total:                       7472    2363      25     
                                                             
    C:/TI/CC3200SDK_1.3.0/cc3200-sdk/driverlib/ccs/Release/driverlib.a
       prcm.obj                     800     168       0      
       pin.obj                      300     256       0      
       spi.obj                      328     0         0      
       interrupt.obj                198     128       0      
       uart.obj                     284     0         0      
       gpio.obj                     86      0         0      
       cpu.obj                      20      0         0      
       utils.obj                    6       0         0      
    +--+----------------------------+-------+---------+---------+
       Total:                       2022    552       0      
                                                             
    C:\TI\ccsv8\tools\compiler\ti-cgt-arm_18.1.4.LTS\lib\rtsv7M4_T_le_eabi.lib
       _printfi.c.obj               4831    0         0      
       memory.c.obj                 768     0         12     
       fd_add_t2.asm.obj            438     0         0      
       fd_div_t2.asm.obj            310     0         0      
       fd_cmp_t2.asm.obj            268     0         0      
       ctype.c.obj                  0       257       0      
       fd_mul_t2.asm.obj            252     0         0      
       s_scalbn.c.obj               208     0         0      
       memcpy_t2.asm.obj            156     0         0      
       ull_div_t2.asm.obj           150     0         0      
       vsnprintf.c.obj              136     0         0      
       memset_t2.asm.obj            122     0         0      
       copy_decompress_lzss.c.obj   104     0         0      
       s_frexp.c.obj                92      0         0      
       ltoa.c.obj                   84      0         0      
       atoi.c.obj                   76      0         0      
       fd_toi_t2.asm.obj            72      0         0      
       autoinit.c.obj               68      0         0      
       i_tofd_t2.asm.obj            46      0         0      
       boot_cortex_m.c.obj          40      0         0      
       memmov.c.obj                 36      0         0      
       memccpy.c.obj                28      0         0      
       strchr.c.obj                 22      0         0      
       strlen.c.obj                 20      0         0      
       copy_zero_init.c.obj         18      0         0      
       wcslen.c.obj                 18      0         0      
       copy_decompress_none.c.obj   14      0         0      
       errno.c.obj                  8       0         4      
       _lock.c.obj                  2       0         8      
       s_copysign.c.obj             8       0         0      
       exit.c.obj                   4       0         0      
       pre_init.c.obj               4       0         0      
       div0.asm.obj                 2       0         0      
    +--+----------------------------+-------+---------+---------+
       Total:                       8405    257       24     
                                                             
       Heap:                        0       0         2048   
       Stack:                       0       0         2048   
       Linker Generated:            0       75        0      
    +--+----------------------------+-------+---------+---------+
       Grand Total:                 17899   3247      4145   


LINKER GENERATED COPY TABLES

__TI_cinit_table @ 200092a8 records: 2, size/record: 8, table size: 16
	.data: load addr=20009268, load size=00000027 bytes, run addr=20017800, run size=00000030 bytes, compression=lzss
	.bss: load addr=200092a0, load size=00000008 bytes, run addr=20017830, run size=00000004 bytes, compression=zero_init


LINKER GENERATED HANDLER TABLE

__TI_handler_table @ 20009290 records: 3, size/record: 4, table size: 12
	index: 0, handler: __TI_decompress_lzss
	index: 1, handler: __TI_decompress_none
	index: 2, handler: __TI_zero_init


GLOBAL SYMBOLS: SORTED ALPHABETICALLY BY Name 

address   name                          
-------   ----                          
200063c9  Adafruit_Init                 
200089fb  C$$EXIT                       
20008959  CPUcpsie                      
20006821  ClearTerm                     
2000653f  Color565                      
2000682b  Error                         
200085b1  GPIODirModeSet                
200087b7  GPIOPinWrite                  
20006863  GetCmd                        
200067e1  InitTerm                      
20007ad5  IntEnable                     
200089d5  IntMasterEnable               
2000896d  IntVTableBaseSet              
200067ff  Message                       
20004dab  Outstr                        
2000704d  PRCMCC3200MCUInit             
20008917  PRCMHIBRegRead                
2000892d  PRCMHIBRegWrite               
200086d5  PRCMPeripheralClkDisable      
20008501  PRCMPeripheralClkEnable       
20007d51  PRCMPeripheralClockGet        
20008215  PRCMPeripheralReset           
200086a9  PRCMSysResetCauseGet          
20007de5  PinConfigSet                  
20008441  PinModeSet                    
2000766d  PinMuxConfig                  
200085e7  PinTypeGPIO                   
2000886b  PinTypeSPI                    
20008885  PinTypeUART                   
200069a1  Report                        
200089c7  ResetISR                      
2000889f  SPICSDisable                  
200088b7  SPICSEnable                   
20007b7d  SPIConfigSetExpClk            
200087d7  SPIDataGet                    
200087f7  SPIDataPut                    
200088cf  SPIEnable                     
20008795  SPIReset                      
20006909  TrimSpace                     
20008833  UARTCharGetNonBlocking        
20008815  UARTCharPut                   
200088e7  UARTCharsAvail                
2000806d  UARTConfigSetExpClk           
20008619  UARTDisable                   
2000874d  UARTEnable                    
200089f1  UtilsDelay                    
20030000  __STACK_END                   
00000800  __STACK_SIZE                  
00000800  __SYSMEM_SIZE                 
200092a8  __TI_CINIT_Base               
200092b8  __TI_CINIT_Limit              
20009290  __TI_Handler_Table_Base       
2000929c  __TI_Handler_Table_Limit      
200083fd  __TI_auto_init_nobinit_nopinit
20008151  __TI_decompress_lzss          
200089b9  __TI_decompress_none          
ffffffff  __TI_pprof_out_hndl           
200058d1  __TI_printfi                  
ffffffff  __TI_prof_data_size           
ffffffff  __TI_prof_data_start          
20009268  __TI_static_base__            
20008995  __TI_zero_init_nomemset       
20007e6d  __aeabi_cdcmpeq               
20007e6d  __aeabi_cdcmple               
20007ef3  __aeabi_cdrcmple              
200083b5  __aeabi_d2iz                  
20006e9f  __aeabi_dadd                  
20007301  __aeabi_ddiv                  
2000777d  __aeabi_dmul                  
20006e95  __aeabi_dsub                  
200089e1  __aeabi_errno_addr            
20008679  __aeabi_i2d                   
200067df  __aeabi_idiv0                 
200067df  __aeabi_ldiv0                 
20007f79  __aeabi_memclr                
20007f79  __aeabi_memclr4               
20007f79  __aeabi_memclr8               
20007c1d  __aeabi_memcpy                
20007c1d  __aeabi_memcpy4               
20007c1d  __aeabi_memcpy8               
20007f7b  __aeabi_memset                
20007f7b  __aeabi_memset4               
20007f7b  __aeabi_memset8               
20007cb9  __aeabi_uldivmod              
ffffffff  __binit__                     
ffffffff  __c_args__                    
UNDEFED   __mpu_init                    
2002f800  __stack                       
200086fd  _c_int00_noargs               
20008efb  _ctypes_                      
20017824  _lock                         
2000631b  _nop                          
20017000  _sys_memory                   
UNDEFED   _system_post_cinit            
200089f7  _system_pre_init              
20017828  _unlock                       
200089fb  abort                         
20008369  atoi                          
ffffffff  binit                         
200089e9  copysign                      
200089e9  copysignl                     
20017800  cursor_x                      
20017804  cursor_y                      
20004e81  delay                         
20004c5f  drawChar                      
20004401  drawCircle                    
20004535  drawCircleHelper              
200066e9  drawFastHLine                 
20006649  drawFastVLine                 
2000477b  drawLine                      
20006785  drawPixel                     
20004867  drawRect                      
200048b5  drawRoundRect                 
20004a1d  drawTriangle                  
2001782c  errno                         
20004653  fillCircle                    
2000468d  fillCircleHelper              
20006597  fillRect                      
200049a3  fillRoundRect                 
20006581  fillScreen                    
20004a5f  fillTriangle                  
20007879  free                          
200081b9  frexp                         
200081b9  frexpl                        
20004000  g_pfnVectors                  
200064fb  goTo                          
20004e5f  height                        
200067c3  invert                        
200054c7  lcdTestPattern                
20005597  lcdTestPattern2               
20007951  ldexp                         
20007951  ldexpl                        
200082c3  ltoa                          
200057c3  main                          
20007ff5  malloc                        
2000884f  memccpy                       
20007c1d  memcpy                        
20008771  memmove                       
20007f81  memset                        
20008579  minit                         
20007559  realloc                       
20007951  scalbn                        
20007951  scalbnl                       
20004df7  setCursor                     
20004e2f  setTextColor                  
20004e0f  setTextSize                   
20004e47  setTextWrap                   
20008943  strchr                        
20008981  strlen                        
20005667  test                          
20004eb5  testHlines                    
20004f1b  testVlines                    
20005185  testdrawcircles               
20004ff1  testdrawrects                 
20004f7f  testfastlines                 
2000510f  testfillcircles               
20005051  testfillrects                 
200052f9  testlines                     
20005287  testroundrects                
20005205  testtriangles                 
20017810  textbgcolor                   
2001780c  textcolor                     
20017808  textsize                      
20008481  vsnprintf                     
200089a7  wcslen                        
20004e5b  width                         
20017814  wrap                          
2000631d  writeCommand                  
20006373  writeData                     


GLOBAL SYMBOLS: SORTED BY Symbol Address 

address   name                          
-------   ----                          
00000800  __STACK_SIZE                  
00000800  __SYSMEM_SIZE                 
20004000  g_pfnVectors                  
20004401  drawCircle                    
20004535  drawCircleHelper              
20004653  fillCircle                    
2000468d  fillCircleHelper              
2000477b  drawLine                      
20004867  drawRect                      
200048b5  drawRoundRect                 
200049a3  fillRoundRect                 
20004a1d  drawTriangle                  
20004a5f  fillTriangle                  
20004c5f  drawChar                      
20004dab  Outstr                        
20004df7  setCursor                     
20004e0f  setTextSize                   
20004e2f  setTextColor                  
20004e47  setTextWrap                   
20004e5b  width                         
20004e5f  height                        
20004e81  delay                         
20004eb5  testHlines                    
20004f1b  testVlines                    
20004f7f  testfastlines                 
20004ff1  testdrawrects                 
20005051  testfillrects                 
2000510f  testfillcircles               
20005185  testdrawcircles               
20005205  testtriangles                 
20005287  testroundrects                
200052f9  testlines                     
200054c7  lcdTestPattern                
20005597  lcdTestPattern2               
20005667  test                          
200057c3  main                          
200058d1  __TI_printfi                  
2000631b  _nop                          
2000631d  writeCommand                  
20006373  writeData                     
200063c9  Adafruit_Init                 
200064fb  goTo                          
2000653f  Color565                      
20006581  fillScreen                    
20006597  fillRect                      
20006649  drawFastVLine                 
200066e9  drawFastHLine                 
20006785  drawPixel                     
200067c3  invert                        
200067df  __aeabi_idiv0                 
200067df  __aeabi_ldiv0                 
200067e1  InitTerm                      
200067ff  Message                       
20006821  ClearTerm                     
2000682b  Error                         
20006863  GetCmd                        
20006909  TrimSpace                     
200069a1  Report                        
20006e95  __aeabi_dsub                  
20006e9f  __aeabi_dadd                  
2000704d  PRCMCC3200MCUInit             
20007301  __aeabi_ddiv                  
20007559  realloc                       
2000766d  PinMuxConfig                  
2000777d  __aeabi_dmul                  
20007879  free                          
20007951  ldexp                         
20007951  ldexpl                        
20007951  scalbn                        
20007951  scalbnl                       
20007ad5  IntEnable                     
20007b7d  SPIConfigSetExpClk            
20007c1d  __aeabi_memcpy                
20007c1d  __aeabi_memcpy4               
20007c1d  __aeabi_memcpy8               
20007c1d  memcpy                        
20007cb9  __aeabi_uldivmod              
20007d51  PRCMPeripheralClockGet        
20007de5  PinConfigSet                  
20007e6d  __aeabi_cdcmpeq               
20007e6d  __aeabi_cdcmple               
20007ef3  __aeabi_cdrcmple              
20007f79  __aeabi_memclr                
20007f79  __aeabi_memclr4               
20007f79  __aeabi_memclr8               
20007f7b  __aeabi_memset                
20007f7b  __aeabi_memset4               
20007f7b  __aeabi_memset8               
20007f81  memset                        
20007ff5  malloc                        
2000806d  UARTConfigSetExpClk           
20008151  __TI_decompress_lzss          
200081b9  frexp                         
200081b9  frexpl                        
20008215  PRCMPeripheralReset           
200082c3  ltoa                          
20008369  atoi                          
200083b5  __aeabi_d2iz                  
200083fd  __TI_auto_init_nobinit_nopinit
20008441  PinModeSet                    
20008481  vsnprintf                     
20008501  PRCMPeripheralClkEnable       
20008579  minit                         
200085b1  GPIODirModeSet                
200085e7  PinTypeGPIO                   
20008619  UARTDisable                   
20008679  __aeabi_i2d                   
200086a9  PRCMSysResetCauseGet          
200086d5  PRCMPeripheralClkDisable      
200086fd  _c_int00_noargs               
2000874d  UARTEnable                    
20008771  memmove                       
20008795  SPIReset                      
200087b7  GPIOPinWrite                  
200087d7  SPIDataGet                    
200087f7  SPIDataPut                    
20008815  UARTCharPut                   
20008833  UARTCharGetNonBlocking        
2000884f  memccpy                       
2000886b  PinTypeSPI                    
20008885  PinTypeUART                   
2000889f  SPICSDisable                  
200088b7  SPICSEnable                   
200088cf  SPIEnable                     
200088e7  UARTCharsAvail                
20008917  PRCMHIBRegRead                
2000892d  PRCMHIBRegWrite               
20008943  strchr                        
20008959  CPUcpsie                      
2000896d  IntVTableBaseSet              
20008981  strlen                        
20008995  __TI_zero_init_nomemset       
200089a7  wcslen                        
200089b9  __TI_decompress_none          
200089c7  ResetISR                      
200089d5  IntMasterEnable               
200089e1  __aeabi_errno_addr            
200089e9  copysign                      
200089e9  copysignl                     
200089f1  UtilsDelay                    
200089f7  _system_pre_init              
200089fb  C$$EXIT                       
200089fb  abort                         
20008efb  _ctypes_                      
20009268  __TI_static_base__            
20009290  __TI_Handler_Table_Base       
2000929c  __TI_Handler_Table_Limit      
200092a8  __TI_CINIT_Base               
200092b8  __TI_CINIT_Limit              
20017000  _sys_memory                   
20017800  cursor_x                      
20017804  cursor_y                      
20017808  textsize                      
2001780c  textcolor                     
20017810  textbgcolor                   
20017814  wrap                          
20017824  _lock                         
20017828  _unlock                       
2001782c  errno                         
2002f800  __stack                       
20030000  __STACK_END                   
ffffffff  __TI_pprof_out_hndl           
ffffffff  __TI_prof_data_size           
ffffffff  __TI_prof_data_start          
ffffffff  __binit__                     
ffffffff  __c_args__                    
ffffffff  binit                         
UNDEFED   __mpu_init                    
UNDEFED   _system_post_cinit            

[169 symbols]
