******************************************************************************
                  TI ARM Linker PC v18.1.4                     
******************************************************************************
>> Linked Tue Jan 22 14:58:17 2019

OUTPUT FILE NAME:   <lab2 part1.out>
ENTRY POINT SYMBOL: "_c_int00_noargs"  address: 200086a1


MEMORY CONFIGURATION

         name            origin    length      used     unused   attr    fill
----------------------  --------  ---------  --------  --------  ----  --------
  SRAM_CODE             20004000   00013000  00005256  0000ddaa  RW X
  SRAM_DATA             20017000   00019000  00001034  00017fcc  RW X


SEGMENT ALLOCATION MAP

run origin  load origin   length   init length attrs members
----------  ----------- ---------- ----------- ----- -------
20004000    20004000    00005258   00005258    r-x
  20004000    20004000    00000400   00000400    r-- .intvecs
  20004400    20004400    000045a2   000045a2    r-x .text
  200089a4    200089a4    00000864   00000864    r-- .const
  20009208    20009208    00000050   00000050    r-- .cinit
20017000    20017000    00000834   00000000    rw-
  20017000    20017000    00000800   00000000    rw- .sysmem
  20017800    20017800    00000030   00000000    rw- .data
  20017830    20017830    00000004   00000000    rw- .bss
2002f800    2002f800    00000800   00000000    rw-
  2002f800    2002f800    00000800   00000000    rw- .stack


SECTION ALLOCATION MAP

 output                                  attributes/
section   page    origin      length       input sections
--------  ----  ----------  ----------   ----------------
.intvecs   0    20004000    00000400     
                  20004000    00000400     startup_ccs.obj (.intvecs)

.init_array 
*          0    20004000    00000000     UNINITIALIZED

.text      0    20004400    000045a2     
                  20004400    00000a80     Adafruit_GFX.obj (.text)
                  20004e80    00000a4a     rtsv7M4_T_le_eabi.lib : _printfi.c.obj (.text:__TI_printfi)
                  200058ca    00000002                           : _lock.c.obj (.text:_nop)
                  200058cc    00000a0c     main.obj (.text)
                  200062d8    000004aa     Adafruit_OLED.obj (.text)
                  20006782    00000002     rtsv7M4_T_le_eabi.lib : div0.asm.obj (.text)
                  20006784    00000280     uart_if.obj (.text)
                  20006a04    00000268     rtsv7M4_T_le_eabi.lib : _printfi.c.obj (.text:_pconv_a)
                  20006c6c    000001cc                           : _printfi.c.obj (.text:_pconv_g)
                  20006e38    000001b6                           : fd_add_t2.asm.obj (.text)
                  20006fee    00000002     --HOLE-- [fill = 0]
                  20006ff0    00000178     driverlib.a : prcm.obj (.text:PRCMCC3200MCUInit)
                  20007168    0000013c     rtsv7M4_T_le_eabi.lib : _printfi.c.obj (.text:_pconv_e)
                  200072a4    00000136                           : fd_div_t2.asm.obj (.text)
                  200073da    00000002     --HOLE-- [fill = 0]
                  200073dc    00000120                           : _printfi.c.obj (.text:fcvt)
                  200074fc    00000114                           : memory.c.obj (.text:realloc)
                  20007610    00000110     pin_mux_config.obj (.text)
                  20007720    000000fc     rtsv7M4_T_le_eabi.lib : fd_mul_t2.asm.obj (.text)
                  2000781c    000000d8                           : memory.c.obj (.text:free)
                  200078f4    000000d0                           : s_scalbn.c.obj (.text:scalbn)
                  200079c4    000000b1                           : _printfi.c.obj (.text:_ltostr)
                  20007a75    00000003     --HOLE-- [fill = 0]
                  20007a78    000000a8     driverlib.a : interrupt.obj (.text:IntEnable)
                  20007b20    000000a0                 : spi.obj (.text:SPIConfigSetExpClk)
                  20007bc0    0000009c     rtsv7M4_T_le_eabi.lib : memcpy_t2.asm.obj (.text)
                  20007c5c    00000096                           : ull_div_t2.asm.obj (.text)
                  20007cf2    00000002     --HOLE-- [fill = 0]
                  20007cf4    00000094     driverlib.a : prcm.obj (.text:PRCMPeripheralClockGet)
                  20007d88    00000088                 : pin.obj (.text:PinConfigSet)
                  20007e10    00000086     rtsv7M4_T_le_eabi.lib : fd_cmp_t2.asm.obj (.text:__aeabi_cdcmple)
                  20007e96    00000086                           : fd_cmp_t2.asm.obj (.text:__aeabi_cdrcmple)
                  20007f1c    0000007a                           : memset_t2.asm.obj (.text)
                  20007f96    00000002     --HOLE-- [fill = 0]
                  20007f98    00000078                           : memory.c.obj (.text:malloc)
                  20008010    00000076     driverlib.a : uart.obj (.text:UARTConfigSetExpClk)
                  20008086    0000006e     rtsv7M4_T_le_eabi.lib : _printfi.c.obj (.text:_mcpy)
                  200080f4    00000068                           : copy_decompress_lzss.c.obj (.text:decompress:lzss:__TI_decompress_lzss)
                  2000815c    0000005c                           : s_frexp.c.obj (.text:frexp)
                  200081b8    00000058     driverlib.a : prcm.obj (.text:PRCMPeripheralReset)
                  20008210    00000056     rtsv7M4_T_le_eabi.lib : _printfi.c.obj (.text:_pconv_f)
                  20008266    00000054                           : ltoa.c.obj (.text:ltoa)
                  200082ba    00000052                           : _printfi.c.obj (.text:_ecpy)
                  2000830c    0000004c                           : atoi.c.obj (.text:atoi)
                  20008358    00000048                           : fd_toi_t2.asm.obj (.text)
                  200083a0    00000044                           : autoinit.c.obj (.text:__TI_auto_init_nobinit_nopinit:__TI_auto_init_nobinit_nopinit)
                  200083e4    00000040     driverlib.a : pin.obj (.text:PinModeSet)
                  20008424    00000040     rtsv7M4_T_le_eabi.lib : vsnprintf.c.obj (.text:vsnprintf)
                  20008464    0000003e                           : _printfi.c.obj (.text:_fcpy)
                  200084a2    00000002     --HOLE-- [fill = 0]
                  200084a4    0000003c     driverlib.a : prcm.obj (.text:PRCMPeripheralClkEnable)
                  200084e0    0000003c     rtsv7M4_T_le_eabi.lib : memory.c.obj (.text:minsert)
                  2000851c    00000038                           : memory.c.obj (.text:minit)
                  20008554    00000036     driverlib.a : gpio.obj (.text:GPIODirModeSet)
                  2000858a    00000030                 : pin.obj (.text:PinTypeGPIO)
                  200085ba    00000002     --HOLE-- [fill = 0]
                  200085bc    00000030                 : uart.obj (.text:UARTDisable)
                  200085ec    00000030     rtsv7M4_T_le_eabi.lib : vsnprintf.c.obj (.text:_outs)
                  2000861c    0000002e                           : i_tofd_t2.asm.obj (.text)
                  2000864a    00000002     --HOLE-- [fill = 0]
                  2000864c    0000002c     driverlib.a : prcm.obj (.text:PRCMSysResetCauseGet)
                  20008678    00000028                 : prcm.obj (.text:PRCMPeripheralClkDisable)
                  200086a0    00000028     rtsv7M4_T_le_eabi.lib : boot_cortex_m.c.obj (.text:_c_int00_noargs:_c_int00_noargs)
                  200086c8    00000028                           : memory.c.obj (.text:mremove)
                  200086f0    00000024     driverlib.a : uart.obj (.text:UARTEnable)
                  20008714    00000024     rtsv7M4_T_le_eabi.lib : memmov.c.obj (.text:memmove)
                  20008738    00000022     driverlib.a : spi.obj (.text:SPIReset)
                  2000875a    00000020                 : gpio.obj (.text:GPIOPinWrite)
                  2000877a    00000020                 : spi.obj (.text:SPIDataGet)
                  2000879a    0000001e                 : spi.obj (.text:SPIDataPut)
                  200087b8    0000001e                 : uart.obj (.text:UARTCharPut)
                  200087d6    0000001c                 : uart.obj (.text:UARTCharGetNonBlocking)
                  200087f2    0000001c     rtsv7M4_T_le_eabi.lib : memccpy.c.obj (.text:memccpy)
                  2000880e    0000001a     driverlib.a : pin.obj (.text:PinTypeSPI)
                  20008828    0000001a                 : pin.obj (.text:PinTypeUART)
                  20008842    00000018                 : spi.obj (.text:SPICSDisable)
                  2000885a    00000018                 : spi.obj (.text:SPICSEnable)
                  20008872    00000018                 : spi.obj (.text:SPIEnable)
                  2000888a    00000018                 : uart.obj (.text:UARTCharsAvail)
                  200088a2    00000018     rtsv7M4_T_le_eabi.lib : vsnprintf.c.obj (.text:_outc)
                  200088ba    00000016     driverlib.a : prcm.obj (.text:PRCMHIBRegRead)
                  200088d0    00000016                 : prcm.obj (.text:PRCMHIBRegWrite)
                  200088e6    00000016     rtsv7M4_T_le_eabi.lib : strchr.c.obj (.text:strchr)
                  200088fc    00000014     driverlib.a : cpu.obj (.text:CPUcpsie)
                  20008910    00000014                 : interrupt.obj (.text:IntVTableBaseSet)
                  20008924    00000014     rtsv7M4_T_le_eabi.lib : strlen.c.obj (.text:strlen)
                  20008938    00000012                           : copy_zero_init.c.obj (.text:decompress:ZI:__TI_zero_init_nomemset:__TI_zero_init_nomemset)
                  2000894a    00000012                           : wcslen.c.obj (.text:wcslen)
                  2000895c    0000000e                           : copy_decompress_none.c.obj (.text:decompress:none:__TI_decompress_none)
                  2000896a    0000000e     startup_ccs.obj (.text)
                  20008978    0000000a     driverlib.a : interrupt.obj (.text:IntMasterEnable)
                  20008982    00000002     --HOLE-- [fill = 0]
                  20008984    00000008     rtsv7M4_T_le_eabi.lib : errno.c.obj (.text:__aeabi_errno_addr)
                  2000898c    00000008                           : s_copysign.c.obj (.text:copysign)
                  20008994    00000006     driverlib.a : utils.obj (.text:UtilsDelay)
                  2000899a    00000004     rtsv7M4_T_le_eabi.lib : pre_init.c.obj (.text:_system_pre_init)
                  2000899e    00000004                           : exit.c.obj (.text:abort:abort)

.const     0    200089a4    00000864     
                  200089a4    000004fb     Adafruit_GFX.obj (.const:.string:font)
                  20008e9f    00000101     rtsv7M4_T_le_eabi.lib : ctype.c.obj (.const:.string:_ctypes_)
                  20008fa0    00000100     driverlib.a : pin.obj (.const:g_ulPinToPadMap)
                  200090a0    000000a8                 : prcm.obj (.const:PRCM_PeriphRegsList)
                  20009148    00000080                 : interrupt.obj (.const)
                  200091c8    00000020     main.obj (.const:$P$T0$1)
                  200091e8    00000020     main.obj (.const:$P$T1$2)

.cinit     0    20009208    00000050     
                  20009208    00000027     (.cinit..data.load) [load image, compression = lzss]
                  2000922f    00000001     --HOLE-- [fill = 0]
                  20009230    0000000c     (__TI_handler_table)
                  2000923c    00000004     --HOLE-- [fill = 0]
                  20009240    00000008     (.cinit..bss.load) [load image, compression = zero_init]
                  20009248    00000010     (__TI_cinit_table)

.sysmem    0    20017000    00000800     UNINITIALIZED
                  20017000    00000008     rtsv7M4_T_le_eabi.lib : memory.c.obj (.sysmem)
                  20017008    000007f8     --HOLE--

.data      0    20017800    00000030     UNINITIALIZED
                  20017800    00000015     Adafruit_GFX.obj (.data)
                  20017815    00000003     --HOLE--
                  20017818    0000000c     rtsv7M4_T_le_eabi.lib : memory.c.obj (.data:$O1$$)
                  20017824    00000008                           : _lock.c.obj (.data:$O1$$)
                  2001782c    00000004                           : errno.c.obj (.data)

.bss       0    20017830    00000004     UNINITIALIZED
                  20017830    00000004     uart_if.obj (.bss)

.stack     0    2002f800    00000800     UNINITIALIZED
                  2002f800    00000004     rtsv7M4_T_le_eabi.lib : boot_cortex_m.c.obj (.stack)
                  2002f804    000007fc     --HOLE--

MODULE SUMMARY

       Module                       code    ro data   rw data
       ------                       ----    -------   -------
    .\
       Adafruit_GFX.obj             2688    1275      21     
       main.obj                     2572    64        0      
       Adafruit_OLED.obj            1194    0         0      
       startup_ccs.obj              14      1024      0      
       uart_if.obj                  640     0         4      
       pin_mux_config.obj           272     0         0      
    +--+----------------------------+-------+---------+---------+
       Total:                       7380    2363      25     
                                                             
    C:/TI/CC3200SDK_1.3.0/cc3200-sdk/driverlib/ccs/Release/driverlib.a
       prcm.obj                     800     168       0      
       pin.obj                      300     256       0      
       spi.obj                      328     0         0      
       interrupt.obj                198     128       0      
       uart.obj                     284     0         0      
       gpio.obj                     86      0         0      
       cpu.obj                      20      0         0      
       utils.obj                    6       0         0      
    +--+----------------------------+-------+---------+---------+
       Total:                       2022    552       0      
                                                             
    C:\TI\ccsv8\tools\compiler\ti-cgt-arm_18.1.4.LTS\lib\rtsv7M4_T_le_eabi.lib
       _printfi.c.obj               4831    0         0      
       memory.c.obj                 768     0         12     
       fd_add_t2.asm.obj            438     0         0      
       fd_div_t2.asm.obj            310     0         0      
       fd_cmp_t2.asm.obj            268     0         0      
       ctype.c.obj                  0       257       0      
       fd_mul_t2.asm.obj            252     0         0      
       s_scalbn.c.obj               208     0         0      
       memcpy_t2.asm.obj            156     0         0      
       ull_div_t2.asm.obj           150     0         0      
       vsnprintf.c.obj              136     0         0      
       memset_t2.asm.obj            122     0         0      
       copy_decompress_lzss.c.obj   104     0         0      
       s_frexp.c.obj                92      0         0      
       ltoa.c.obj                   84      0         0      
       atoi.c.obj                   76      0         0      
       fd_toi_t2.asm.obj            72      0         0      
       autoinit.c.obj               68      0         0      
       i_tofd_t2.asm.obj            46      0         0      
       boot_cortex_m.c.obj          40      0         0      
       memmov.c.obj                 36      0         0      
       memccpy.c.obj                28      0         0      
       strchr.c.obj                 22      0         0      
       strlen.c.obj                 20      0         0      
       copy_zero_init.c.obj         18      0         0      
       wcslen.c.obj                 18      0         0      
       copy_decompress_none.c.obj   14      0         0      
       errno.c.obj                  8       0         4      
       _lock.c.obj                  2       0         8      
       s_copysign.c.obj             8       0         0      
       exit.c.obj                   4       0         0      
       pre_init.c.obj               4       0         0      
       div0.asm.obj                 2       0         0      
    +--+----------------------------+-------+---------+---------+
       Total:                       8405    257       24     
                                                             
       Heap:                        0       0         2048   
       Stack:                       0       0         2048   
       Linker Generated:            0       75        0      
    +--+----------------------------+-------+---------+---------+
       Grand Total:                 17807   3247      4145   


LINKER GENERATED COPY TABLES

__TI_cinit_table @ 20009248 records: 2, size/record: 8, table size: 16
	.data: load addr=20009208, load size=00000027 bytes, run addr=20017800, run size=00000030 bytes, compression=lzss
	.bss: load addr=20009240, load size=00000008 bytes, run addr=20017830, run size=00000004 bytes, compression=zero_init


LINKER GENERATED HANDLER TABLE

__TI_handler_table @ 20009230 records: 3, size/record: 4, table size: 12
	index: 0, handler: __TI_decompress_lzss
	index: 1, handler: __TI_decompress_none
	index: 2, handler: __TI_zero_init


GLOBAL SYMBOLS: SORTED ALPHABETICALLY BY Name 

address   name                          
-------   ----                          
2000636d  Adafruit_Init                 
2000899f  C$$EXIT                       
200088fd  CPUcpsie                      
200067c5  ClearTerm                     
200064e3  Color565                      
200067cf  Error                         
20008555  GPIODirModeSet                
2000875b  GPIOPinWrite                  
20006807  GetCmd                        
20006785  InitTerm                      
20007a79  IntEnable                     
20008979  IntMasterEnable               
20008911  IntVTableBaseSet              
200067a3  Message                       
20004dab  Outstr                        
20006ff1  PRCMCC3200MCUInit             
200088bb  PRCMHIBRegRead                
200088d1  PRCMHIBRegWrite               
20008679  PRCMPeripheralClkDisable      
200084a5  PRCMPeripheralClkEnable       
20007cf5  PRCMPeripheralClockGet        
200081b9  PRCMPeripheralReset           
2000864d  PRCMSysResetCauseGet          
20007d89  PinConfigSet                  
200083e5  PinModeSet                    
20007611  PinMuxConfig                  
2000858b  PinTypeGPIO                   
2000880f  PinTypeSPI                    
20008829  PinTypeUART                   
20006945  Report                        
2000896b  ResetISR                      
20008843  SPICSDisable                  
2000885b  SPICSEnable                   
20007b21  SPIConfigSetExpClk            
2000877b  SPIDataGet                    
2000879b  SPIDataPut                    
20008873  SPIEnable                     
20008739  SPIReset                      
200068ad  TrimSpace                     
200087d7  UARTCharGetNonBlocking        
200087b9  UARTCharPut                   
2000888b  UARTCharsAvail                
20008011  UARTConfigSetExpClk           
200085bd  UARTDisable                   
200086f1  UARTEnable                    
20008995  UtilsDelay                    
20030000  __STACK_END                   
00000800  __STACK_SIZE                  
00000800  __SYSMEM_SIZE                 
20009248  __TI_CINIT_Base               
20009258  __TI_CINIT_Limit              
20009230  __TI_Handler_Table_Base       
2000923c  __TI_Handler_Table_Limit      
200083a1  __TI_auto_init_nobinit_nopinit
200080f5  __TI_decompress_lzss          
2000895d  __TI_decompress_none          
ffffffff  __TI_pprof_out_hndl           
20004e81  __TI_printfi                  
ffffffff  __TI_prof_data_size           
ffffffff  __TI_prof_data_start          
20009208  __TI_static_base__            
20008939  __TI_zero_init_nomemset       
20007e11  __aeabi_cdcmpeq               
20007e11  __aeabi_cdcmple               
20007e97  __aeabi_cdrcmple              
20008359  __aeabi_d2iz                  
20006e43  __aeabi_dadd                  
200072a5  __aeabi_ddiv                  
20007721  __aeabi_dmul                  
20006e39  __aeabi_dsub                  
20008985  __aeabi_errno_addr            
2000861d  __aeabi_i2d                   
20006783  __aeabi_idiv0                 
20006783  __aeabi_ldiv0                 
20007f1d  __aeabi_memclr                
20007f1d  __aeabi_memclr4               
20007f1d  __aeabi_memclr8               
20007bc1  __aeabi_memcpy                
20007bc1  __aeabi_memcpy4               
20007bc1  __aeabi_memcpy8               
20007f1f  __aeabi_memset                
20007f1f  __aeabi_memset4               
20007f1f  __aeabi_memset8               
20007c5d  __aeabi_uldivmod              
ffffffff  __binit__                     
ffffffff  __c_args__                    
UNDEFED   __mpu_init                    
2002f800  __stack                       
200086a1  _c_int00_noargs               
20008e9f  _ctypes_                      
20017824  _lock                         
200058cb  _nop                          
20017000  _sys_memory                   
UNDEFED   _system_post_cinit            
2000899b  _system_pre_init              
20017828  _unlock                       
2000899f  abort                         
2000830d  atoi                          
ffffffff  binit                         
2000898d  copysign                      
2000898d  copysignl                     
20017800  cursor_x                      
20017804  cursor_y                      
200058cd  delay                         
20004c5f  drawChar                      
20004401  drawCircle                    
20004535  drawCircleHelper              
2000668d  drawFastHLine                 
200065ed  drawFastVLine                 
2000477b  drawLine                      
20006729  drawPixel                     
20004867  drawRect                      
200048b5  drawRoundRect                 
20004a1d  drawTriangle                  
2001782c  errno                         
20004653  fillCircle                    
2000468d  fillCircleHelper              
2000653b  fillRect                      
200049a3  fillRoundRect                 
20006525  fillScreen                    
20004a5f  fillTriangle                  
2000781d  free                          
2000815d  frexp                         
2000815d  frexpl                        
20004000  g_pfnVectors                  
2000649f  goTo                          
20004e5f  height                        
20006767  invert                        
20005f13  lcdTestPattern                
20005fe3  lcdTestPattern2               
200078f5  ldexp                         
200078f5  ldexpl                        
20008267  ltoa                          
200061cb  main                          
20007f99  malloc                        
200087f3  memccpy                       
20007bc1  memcpy                        
20008715  memmove                       
20007f25  memset                        
2000851d  minit                         
200074fd  realloc                       
200078f5  scalbn                        
200078f5  scalbnl                       
20004df7  setCursor                     
20004e2f  setTextColor                  
20004e0f  setTextSize                   
20004e47  setTextWrap                   
200088e7  strchr                        
20008925  strlen                        
200060b3  test                          
20005901  testHlines                    
20005967  testVlines                    
20005bd1  testdrawcircles               
20005a3d  testdrawrects                 
200059cb  testfastlines                 
20005b5b  testfillcircles               
20005a9d  testfillrects                 
20005d45  testlines                     
20005cd3  testroundrects                
20005c51  testtriangles                 
20017810  textbgcolor                   
2001780c  textcolor                     
20017808  textsize                      
20008425  vsnprintf                     
2000894b  wcslen                        
20004e5b  width                         
20017814  wrap                          
200062d9  writeCommand                  
20006323  writeData                     


GLOBAL SYMBOLS: SORTED BY Symbol Address 

address   name                          
-------   ----                          
00000800  __STACK_SIZE                  
00000800  __SYSMEM_SIZE                 
20004000  g_pfnVectors                  
20004401  drawCircle                    
20004535  drawCircleHelper              
20004653  fillCircle                    
2000468d  fillCircleHelper              
2000477b  drawLine                      
20004867  drawRect                      
200048b5  drawRoundRect                 
200049a3  fillRoundRect                 
20004a1d  drawTriangle                  
20004a5f  fillTriangle                  
20004c5f  drawChar                      
20004dab  Outstr                        
20004df7  setCursor                     
20004e0f  setTextSize                   
20004e2f  setTextColor                  
20004e47  setTextWrap                   
20004e5b  width                         
20004e5f  height                        
20004e81  __TI_printfi                  
200058cb  _nop                          
200058cd  delay                         
20005901  testHlines                    
20005967  testVlines                    
200059cb  testfastlines                 
20005a3d  testdrawrects                 
20005a9d  testfillrects                 
20005b5b  testfillcircles               
20005bd1  testdrawcircles               
20005c51  testtriangles                 
20005cd3  testroundrects                
20005d45  testlines                     
20005f13  lcdTestPattern                
20005fe3  lcdTestPattern2               
200060b3  test                          
200061cb  main                          
200062d9  writeCommand                  
20006323  writeData                     
2000636d  Adafruit_Init                 
2000649f  goTo                          
200064e3  Color565                      
20006525  fillScreen                    
2000653b  fillRect                      
200065ed  drawFastVLine                 
2000668d  drawFastHLine                 
20006729  drawPixel                     
20006767  invert                        
20006783  __aeabi_idiv0                 
20006783  __aeabi_ldiv0                 
20006785  InitTerm                      
200067a3  Message                       
200067c5  ClearTerm                     
200067cf  Error                         
20006807  GetCmd                        
200068ad  TrimSpace                     
20006945  Report                        
20006e39  __aeabi_dsub                  
20006e43  __aeabi_dadd                  
20006ff1  PRCMCC3200MCUInit             
200072a5  __aeabi_ddiv                  
200074fd  realloc                       
20007611  PinMuxConfig                  
20007721  __aeabi_dmul                  
2000781d  free                          
200078f5  ldexp                         
200078f5  ldexpl                        
200078f5  scalbn                        
200078f5  scalbnl                       
20007a79  IntEnable                     
20007b21  SPIConfigSetExpClk            
20007bc1  __aeabi_memcpy                
20007bc1  __aeabi_memcpy4               
20007bc1  __aeabi_memcpy8               
20007bc1  memcpy                        
20007c5d  __aeabi_uldivmod              
20007cf5  PRCMPeripheralClockGet        
20007d89  PinConfigSet                  
20007e11  __aeabi_cdcmpeq               
20007e11  __aeabi_cdcmple               
20007e97  __aeabi_cdrcmple              
20007f1d  __aeabi_memclr                
20007f1d  __aeabi_memclr4               
20007f1d  __aeabi_memclr8               
20007f1f  __aeabi_memset                
20007f1f  __aeabi_memset4               
20007f1f  __aeabi_memset8               
20007f25  memset                        
20007f99  malloc                        
20008011  UARTConfigSetExpClk           
200080f5  __TI_decompress_lzss          
2000815d  frexp                         
2000815d  frexpl                        
200081b9  PRCMPeripheralReset           
20008267  ltoa                          
2000830d  atoi                          
20008359  __aeabi_d2iz                  
200083a1  __TI_auto_init_nobinit_nopinit
200083e5  PinModeSet                    
20008425  vsnprintf                     
200084a5  PRCMPeripheralClkEnable       
2000851d  minit                         
20008555  GPIODirModeSet                
2000858b  PinTypeGPIO                   
200085bd  UARTDisable                   
2000861d  __aeabi_i2d                   
2000864d  PRCMSysResetCauseGet          
20008679  PRCMPeripheralClkDisable      
200086a1  _c_int00_noargs               
200086f1  UARTEnable                    
20008715  memmove                       
20008739  SPIReset                      
2000875b  GPIOPinWrite                  
2000877b  SPIDataGet                    
2000879b  SPIDataPut                    
200087b9  UARTCharPut                   
200087d7  UARTCharGetNonBlocking        
200087f3  memccpy                       
2000880f  PinTypeSPI                    
20008829  PinTypeUART                   
20008843  SPICSDisable                  
2000885b  SPICSEnable                   
20008873  SPIEnable                     
2000888b  UARTCharsAvail                
200088bb  PRCMHIBRegRead                
200088d1  PRCMHIBRegWrite               
200088e7  strchr                        
200088fd  CPUcpsie                      
20008911  IntVTableBaseSet              
20008925  strlen                        
20008939  __TI_zero_init_nomemset       
2000894b  wcslen                        
2000895d  __TI_decompress_none          
2000896b  ResetISR                      
20008979  IntMasterEnable               
20008985  __aeabi_errno_addr            
2000898d  copysign                      
2000898d  copysignl                     
20008995  UtilsDelay                    
2000899b  _system_pre_init              
2000899f  C$$EXIT                       
2000899f  abort                         
20008e9f  _ctypes_                      
20009208  __TI_static_base__            
20009230  __TI_Handler_Table_Base       
2000923c  __TI_Handler_Table_Limit      
20009248  __TI_CINIT_Base               
20009258  __TI_CINIT_Limit              
20017000  _sys_memory                   
20017800  cursor_x                      
20017804  cursor_y                      
20017808  textsize                      
2001780c  textcolor                     
20017810  textbgcolor                   
20017814  wrap                          
20017824  _lock                         
20017828  _unlock                       
2001782c  errno                         
2002f800  __stack                       
20030000  __STACK_END                   
ffffffff  __TI_pprof_out_hndl           
ffffffff  __TI_prof_data_size           
ffffffff  __TI_prof_data_start          
ffffffff  __binit__                     
ffffffff  __c_args__                    
ffffffff  binit                         
UNDEFED   __mpu_init                    
UNDEFED   _system_post_cinit            

[169 symbols]
