******************************************************************************
                  TI ARM Linker PC v18.1.4                     
******************************************************************************
>> Linked Thu Jan 10 19:38:08 2019

OUTPUT FILE NAME:   <Lab1.out>
ENTRY POINT SYMBOL: "_c_int00_noargs"  address: 20007395


MEMORY CONFIGURATION

         name            origin    length      used     unused   attr    fill
----------------------  --------  ---------  --------  --------  ----  --------
  SRAM_CODE             20004000   00019000  00003c4a  000153b6  RW X
  SRAM_DATA             2001d000   00023000  0000103f  00021fc1  RW X


SEGMENT ALLOCATION MAP

run origin  load origin   length   init length attrs members
----------  ----------- ---------- ----------- ----- -------
20004000    20004000    00003c50   00003c50    r-x
  20004000    20004000    00000400   00000400    r-- .intvecs
  20004400    20004400    000033fa   000033fa    r-x .text
  200077fc    200077fc    00000400   00000400    r-- .const
  20007c00    20007c00    00000050   00000050    r-- .cinit
2001d000    2001d000    0000083f   00000000    rw-
  2001d000    2001d000    00000800   00000000    rw- .sysmem
  2001d800    2001d800    00000038   00000000    rw- .data
  2001d838    2001d838    00000007   00000000    rw- .bss
2003f800    2003f800    00000800   00000000    rw-
  2003f800    2003f800    00000800   00000000    rw- .stack


SECTION ALLOCATION MAP

 output                                  attributes/
section   page    origin      length       input sections
--------  ----  ----------  ----------   ----------------
.intvecs   0    20004000    00000400     
                  20004000    00000400     startup_ccs.obj (.intvecs)

.init_array 
*          0    20004000    00000000     UNINITIALIZED

.text      0    20004400    000033fa     
                  20004400    00000a5e     rtsv7M4_T_le_v4SPD16_eabi.lib : _printfi.c.obj (.text:__TI_printfi)
                  20004e5e    00000002                                   : _lock.c.obj (.text:_nop)
                  20004e60    00000398     gpio_if.obj (.text)
                  200051f8    00000304     main.obj (.text)
                  200054fc    00000280     uart_if.obj (.text)
                  2000577c    00000270     rtsv7M4_T_le_v4SPD16_eabi.lib : _printfi.c.obj (.text:_pconv_a)
                  200059ec    000001d0                                   : _printfi.c.obj (.text:_pconv_g)
                  20005bbc    000001b6                                   : fd_add_t2.asm.obj (.text)
                  20005d72    00000002                                   : div0.asm.obj (.text)
                  20005d74    00000178     driverlib.a : prcm.obj (.text:PRCMCC3200MCUInit)
                  20005eec    0000013c     rtsv7M4_T_le_v4SPD16_eabi.lib : _printfi.c.obj (.text:_pconv_e)
                  20006028    00000138     pin_mux_config.obj (.text)
                  20006160    00000136     rtsv7M4_T_le_v4SPD16_eabi.lib : fd_div_t2.asm.obj (.text)
                  20006296    00000002     --HOLE-- [fill = 0]
                  20006298    00000124                                   : _printfi.c.obj (.text:fcvt)
                  200063bc    00000114                                   : memory.c.obj (.text:realloc)
                  200064d0    00000110                                   : s_scalbn.c.obj (.text:scalbn)
                  200065e0    000000fc                                   : fd_mul_t2.asm.obj (.text)
                  200066dc    000000d8                                   : memory.c.obj (.text:free)
                  200067b4    000000b1                                   : _printfi.c.obj (.text:_ltostr)
                  20006865    00000003     --HOLE-- [fill = 0]
                  20006868    000000a8     driverlib.a : interrupt.obj (.text:IntEnable)
                  20006910    0000009c     rtsv7M4_T_le_v4SPD16_eabi.lib : memcpy_t2.asm.obj (.text)
                  200069ac    00000096                                   : ull_div_t2.asm.obj (.text)
                  20006a42    00000002     --HOLE-- [fill = 0]
                  20006a44    00000094     driverlib.a : prcm.obj (.text:PRCMPeripheralClockGet)
                  20006ad8    00000088                 : pin.obj (.text:PinConfigSet)
                  20006b60    00000086     rtsv7M4_T_le_v4SPD16_eabi.lib : fd_cmp_t2.asm.obj (.text:__aeabi_cdcmple)
                  20006be6    00000086                                   : fd_cmp_t2.asm.obj (.text:__aeabi_cdrcmple)
                  20006c6c    00000082     driverlib.a : gpio.obj (.text:GPIOIntTypeSet)
                  20006cee    0000007a     rtsv7M4_T_le_v4SPD16_eabi.lib : memset_t2.asm.obj (.text)
                  20006d68    00000078                                   : memory.c.obj (.text:malloc)
                  20006de0    00000076     driverlib.a : uart.obj (.text:UARTConfigSetExpClk)
                  20006e56    0000006e     rtsv7M4_T_le_v4SPD16_eabi.lib : _printfi.c.obj (.text:_mcpy)
                  20006ec4    00000068                                   : copy_decompress_lzss.c.obj (.text:decompress:lzss:__TI_decompress_lzss)
                  20006f2c    00000064                                   : s_frexp.c.obj (.text:frexp)
                  20006f90    00000058     driverlib.a : prcm.obj (.text:PRCMPeripheralReset)
                  20006fe8    00000056     rtsv7M4_T_le_v4SPD16_eabi.lib : _printfi.c.obj (.text:_pconv_f)
                  2000703e    00000002     --HOLE-- [fill = 0]
                  20007040    00000054     driverlib.a : interrupt.obj (.text:IntPrioritySet)
                  20007094    00000054     rtsv7M4_T_le_v4SPD16_eabi.lib : ltoa.c.obj (.text:ltoa)
                  200070e8    00000052                                   : _printfi.c.obj (.text:_ecpy)
                  2000713a    00000002     --HOLE-- [fill = 0]
                  2000713c    0000004c                                   : atoi.c.obj (.text:atoi)
                  20007188    00000048     driverlib.a : gpio.obj (.text:GPIOGetIntNumber)
                  200071d0    00000048     rtsv7M4_T_le_v4SPD16_eabi.lib : fd_toi_t2.asm.obj (.text)
                  20007218    00000044                                   : autoinit.c.obj (.text:__TI_auto_init_nobinit_nopinit:__TI_auto_init_nobinit_nopinit)
                  2000725c    00000040     driverlib.a : pin.obj (.text:PinModeSet)
                  2000729c    00000040     rtsv7M4_T_le_v4SPD16_eabi.lib : vsnprintf.c.obj (.text:vsnprintf)
                  200072dc    0000003e                                   : _printfi.c.obj (.text:_fcpy)
                  2000731a    00000002     --HOLE-- [fill = 0]
                  2000731c    0000003c     driverlib.a : prcm.obj (.text:PRCMPeripheralClkEnable)
                  20007358    0000003c     rtsv7M4_T_le_v4SPD16_eabi.lib : memory.c.obj (.text:minsert)
                  20007394    00000038                                   : boot_cortex_m.c.obj (.text:_c_int00_noargs:_c_int00_noargs)
                  200073cc    00000038                                   : memory.c.obj (.text:minit)
                  20007404    00000036     driverlib.a : gpio.obj (.text:GPIODirModeSet)
                  2000743a    00000030                 : pin.obj (.text:PinTypeGPIO)
                  2000746a    00000002     --HOLE-- [fill = 0]
                  2000746c    00000030                 : uart.obj (.text:UARTDisable)
                  2000749c    00000030     rtsv7M4_T_le_v4SPD16_eabi.lib : vsnprintf.c.obj (.text:_outs)
                  200074cc    0000002e                                   : i_tofd_t2.asm.obj (.text)
                  200074fa    00000002     --HOLE-- [fill = 0]
                  200074fc    0000002c     driverlib.a : prcm.obj (.text:PRCMSysResetCauseGet)
                  20007528    00000028                 : prcm.obj (.text:PRCMPeripheralClkDisable)
                  20007550    00000028     rtsv7M4_T_le_v4SPD16_eabi.lib : memory.c.obj (.text:mremove)
                  20007578    00000024     driverlib.a : uart.obj (.text:UARTEnable)
                  2000759c    00000024     rtsv7M4_T_le_v4SPD16_eabi.lib : memmov.c.obj (.text:memmove)
                  200075c0    00000020     driverlib.a : gpio.obj (.text:GPIOPinWrite)
                  200075e0    00000020                 : interrupt.obj (.text:IntRegister)
                  20007600    0000001e                 : gpio.obj (.text:GPIOIntRegister)
                  2000761e    0000001e                 : uart.obj (.text:UARTCharPut)
                  2000763c    0000001c                 : uart.obj (.text:UARTCharGetNonBlocking)
                  20007658    0000001c     rtsv7M4_T_le_v4SPD16_eabi.lib : memccpy.c.obj (.text:memccpy)
                  20007674    0000001a     driverlib.a : gpio.obj (.text:GPIOIntEnable)
                  2000768e    0000001a                 : pin.obj (.text:PinTypeUART)
                  200076a8    00000018                 : gpio.obj (.text:GPIOPinRead)
                  200076c0    00000018                 : uart.obj (.text:UARTCharsAvail)
                  200076d8    00000018     rtsv7M4_T_le_v4SPD16_eabi.lib : vsnprintf.c.obj (.text:_outc)
                  200076f0    00000016     driverlib.a : prcm.obj (.text:PRCMHIBRegRead)
                  20007706    00000016                 : prcm.obj (.text:PRCMHIBRegWrite)
                  2000771c    00000016     rtsv7M4_T_le_v4SPD16_eabi.lib : strchr.c.obj (.text:strchr)
                  20007732    00000014     driverlib.a : cpu.obj (.text:CPUcpsie)
                  20007746    00000014                 : gpio.obj (.text:GPIOIntClear)
                  2000775a    00000002     --HOLE-- [fill = 0]
                  2000775c    00000014                 : interrupt.obj (.text:IntVTableBaseSet)
                  20007770    00000014     rtsv7M4_T_le_v4SPD16_eabi.lib : s_copysign.c.obj (.text:copysign)
                  20007784    00000014                                   : strlen.c.obj (.text:strlen)
                  20007798    00000012                                   : copy_zero_init.c.obj (.text:decompress:ZI:__TI_zero_init_nomemset:__TI_zero_init_nomemset)
                  200077aa    00000012                                   : wcslen.c.obj (.text:wcslen)
                  200077bc    0000000e                                   : copy_decompress_none.c.obj (.text:decompress:none:__TI_decompress_none)
                  200077ca    0000000e     startup_ccs.obj (.text)
                  200077d8    0000000a     driverlib.a : interrupt.obj (.text:IntMasterEnable)
                  200077e2    00000002     --HOLE-- [fill = 0]
                  200077e4    00000008     rtsv7M4_T_le_v4SPD16_eabi.lib : errno.c.obj (.text:__aeabi_errno_addr)
                  200077ec    00000006     driverlib.a : utils.obj (.text:UtilsDelay)
                  200077f2    00000004     rtsv7M4_T_le_v4SPD16_eabi.lib : pre_init.c.obj (.text:_system_pre_init)
                  200077f6    00000004                                   : exit.c.obj (.text:abort:abort)

.const     0    200077fc    00000400     
                  200077fc    00000101     rtsv7M4_T_le_v4SPD16_eabi.lib : ctype.c.obj (.const:.string:_ctypes_)
                  200078fd    00000003     --HOLE-- [fill = 0]
                  20007900    00000100     driverlib.a : pin.obj (.const:g_ulPinToPadMap)
                  20007a00    000000d4                 : interrupt.obj (.const:g_pulRegs)
                  20007ad4    000000a8                 : prcm.obj (.const:PRCM_PeriphRegsList)
                  20007b7c    00000080                 : interrupt.obj (.const)

.cinit     0    20007c00    00000050     
                  20007c00    0000002b     (.cinit..data.load) [load image, compression = lzss]
                  20007c2b    00000001     --HOLE-- [fill = 0]
                  20007c2c    0000000c     (__TI_handler_table)
                  20007c38    00000008     (.cinit..bss.load) [load image, compression = zero_init]
                  20007c40    00000010     (__TI_cinit_table)

.sysmem    0    2001d000    00000800     UNINITIALIZED
                  2001d000    00000008     rtsv7M4_T_le_v4SPD16_eabi.lib : memory.c.obj (.sysmem)
                  2001d008    000007f8     --HOLE--

.data      0    2001d800    00000038     UNINITIALIZED
                  2001d800    00000014     gpio_if.obj (.data:ulReg)
                  2001d814    0000000c     rtsv7M4_T_le_v4SPD16_eabi.lib : memory.c.obj (.data:$O1$$)
                  2001d820    0000000c     gpio_if.obj (.data)
                  2001d82c    00000008     rtsv7M4_T_le_v4SPD16_eabi.lib : _lock.c.obj (.data:$O1$$)
                  2001d834    00000004                                   : errno.c.obj (.data)

.bss       0    2001d838    00000007     UNINITIALIZED
                  2001d838    00000004     uart_if.obj (.bss)
                  2001d83c    00000001     (.common:g_ucLED1Pin)
                  2001d83d    00000001     (.common:g_ucLED2Pin)
                  2001d83e    00000001     (.common:g_ucLED3Pin)

.stack     0    2003f800    00000800     UNINITIALIZED
                  2003f800    00000004     rtsv7M4_T_le_v4SPD16_eabi.lib : boot_cortex_m.c.obj (.stack)
                  2003f804    000007fc     --HOLE--

MODULE SUMMARY

       Module                       code    ro data   rw data
       ------                       ----    -------   -------
    .\
       startup_ccs.obj              14      1024      0      
       gpio_if.obj                  920     0         35     
       main.obj                     772     0         0      
       uart_if.obj                  640     0         4      
       pin_mux_config.obj           312     0         0      
    +--+----------------------------+-------+---------+---------+
       Total:                       2658    1024      39     
                                                             
    C:/TI/CC3200SDK_1.3.0/cc3200-sdk/driverlib/ccs/Release/driverlib.a
       prcm.obj                     800     168       0      
       interrupt.obj                314     340       0      
       pin.obj                      274     256       0      
       gpio.obj                     388     0         0      
       uart.obj                     284     0         0      
       cpu.obj                      20      0         0      
       utils.obj                    6       0         0      
    +--+----------------------------+-------+---------+---------+
       Total:                       2086    764       0      
                                                             
    C:\TI\ccsv8\tools\compiler\ti-cgt-arm_18.1.4.LTS\lib\rtsv7M4_T_le_v4SPD16_eabi.lib
       _printfi.c.obj               4867    0         0      
       memory.c.obj                 768     0         12     
       fd_add_t2.asm.obj            438     0         0      
       fd_div_t2.asm.obj            310     0         0      
       s_scalbn.c.obj               272     0         0      
       fd_cmp_t2.asm.obj            268     0         0      
       ctype.c.obj                  0       257       0      
       fd_mul_t2.asm.obj            252     0         0      
       memcpy_t2.asm.obj            156     0         0      
       ull_div_t2.asm.obj           150     0         0      
       vsnprintf.c.obj              136     0         0      
       memset_t2.asm.obj            122     0         0      
       copy_decompress_lzss.c.obj   104     0         0      
       s_frexp.c.obj                100     0         0      
       ltoa.c.obj                   84      0         0      
       atoi.c.obj                   76      0         0      
       fd_toi_t2.asm.obj            72      0         0      
       autoinit.c.obj               68      0         0      
       boot_cortex_m.c.obj          56      0         0      
       i_tofd_t2.asm.obj            46      0         0      
       memmov.c.obj                 36      0         0      
       memccpy.c.obj                28      0         0      
       strchr.c.obj                 22      0         0      
       s_copysign.c.obj             20      0         0      
       strlen.c.obj                 20      0         0      
       copy_zero_init.c.obj         18      0         0      
       wcslen.c.obj                 18      0         0      
       copy_decompress_none.c.obj   14      0         0      
       errno.c.obj                  8       0         4      
       _lock.c.obj                  2       0         8      
       exit.c.obj                   4       0         0      
       pre_init.c.obj               4       0         0      
       div0.asm.obj                 2       0         0      
    +--+----------------------------+-------+---------+---------+
       Total:                       8541    257       24     
                                                             
       Heap:                        0       0         2048   
       Stack:                       0       0         2048   
       Linker Generated:            0       79        0      
    +--+----------------------------+-------+---------+---------+
       Grand Total:                 13285   2124      4159   


LINKER GENERATED COPY TABLES

__TI_cinit_table @ 20007c40 records: 2, size/record: 8, table size: 16
	.data: load addr=20007c00, load size=0000002b bytes, run addr=2001d800, run size=00000038 bytes, compression=lzss
	.bss: load addr=20007c38, load size=00000008 bytes, run addr=2001d838, run size=00000007 bytes, compression=zero_init


LINKER GENERATED HANDLER TABLE

__TI_handler_table @ 20007c2c records: 3, size/record: 4, table size: 12
	index: 0, handler: __TI_decompress_lzss
	index: 1, handler: __TI_decompress_none
	index: 2, handler: __TI_zero_init


GLOBAL SYMBOLS: SORTED ALPHABETICALLY BY Name 

address   name                          
-------   ----                          
200051f9  AllLEDOFF                     
200077f7  C$$EXIT                       
20007733  CPUcpsie                      
2000553d  ClearTerm                     
20005547  Error                         
20007405  GPIODirModeSet                
20007747  GPIOIntClear                  
20007675  GPIOIntEnable                 
20007601  GPIOIntRegister               
20006c6d  GPIOIntTypeSet                
200076a9  GPIOPinRead                   
200075c1  GPIOPinWrite                  
20005121  GPIO_IF_ConfigureNIntEnable   
200051ad  GPIO_IF_Get                   
200050db  GPIO_IF_GetPortNPin           
20004e9d  GPIO_IF_LedConfigure          
20004f8f  GPIO_IF_LedOff                
20004edb  GPIO_IF_LedOn                 
20005043  GPIO_IF_LedStatus             
200050ad  GPIO_IF_LedToggle             
20005169  GPIO_IF_Set                   
2000557f  GetCmd                        
200054fd  InitTerm                      
20006869  IntEnable                     
200077d9  IntMasterEnable               
20007041  IntPrioritySet                
200075e1  IntRegister                   
2000775d  IntVTableBaseSet              
200052bb  LEDBlinkyRoutine              
2000521b  LEDCountRoutine               
2000551b  Message                       
20005d75  PRCMCC3200MCUInit             
200076f1  PRCMHIBRegRead                
20007707  PRCMHIBRegWrite               
20007529  PRCMPeripheralClkDisable      
2000731d  PRCMPeripheralClkEnable       
20006a45  PRCMPeripheralClockGet        
20006f91  PRCMPeripheralReset           
200074fd  PRCMSysResetCauseGet          
20006ad9  PinConfigSet                  
2000725d  PinModeSet                    
20006029  PinMuxConfig                  
2000743b  PinTypeGPIO                   
2000768f  PinTypeUART                   
200056bd  Report                        
200077cb  ResetISR                      
200052f1  SetP18                        
20005625  TrimSpace                     
2000763d  UARTCharGetNonBlocking        
2000761f  UARTCharPut                   
200076c1  UARTCharsAvail                
20006de1  UARTConfigSetExpClk           
2000746d  UARTDisable                   
20007579  UARTEnable                    
200077ed  UtilsDelay                    
20040000  __STACK_END                   
00000800  __STACK_SIZE                  
00000800  __SYSMEM_SIZE                 
20007c40  __TI_CINIT_Base               
20007c50  __TI_CINIT_Limit              
20007c2c  __TI_Handler_Table_Base       
20007c38  __TI_Handler_Table_Limit      
20007219  __TI_auto_init_nobinit_nopinit
20006ec5  __TI_decompress_lzss          
200077bd  __TI_decompress_none          
ffffffff  __TI_pprof_out_hndl           
20004401  __TI_printfi                  
ffffffff  __TI_prof_data_size           
ffffffff  __TI_prof_data_start          
20007c00  __TI_static_base__            
20007799  __TI_zero_init_nomemset       
20006b61  __aeabi_cdcmpeq               
20006b61  __aeabi_cdcmple               
20006be7  __aeabi_cdrcmple              
200071d1  __aeabi_d2iz                  
20005bc7  __aeabi_dadd                  
20006161  __aeabi_ddiv                  
200065e1  __aeabi_dmul                  
20005bbd  __aeabi_dsub                  
200077e5  __aeabi_errno_addr            
200074cd  __aeabi_i2d                   
20005d73  __aeabi_idiv0                 
20005d73  __aeabi_ldiv0                 
20006cef  __aeabi_memclr                
20006cef  __aeabi_memclr4               
20006cef  __aeabi_memclr8               
20006911  __aeabi_memcpy                
20006911  __aeabi_memcpy4               
20006911  __aeabi_memcpy8               
20006cf1  __aeabi_memset                
20006cf1  __aeabi_memset4               
20006cf1  __aeabi_memset8               
200069ad  __aeabi_uldivmod              
ffffffff  __binit__                     
ffffffff  __c_args__                    
UNDEFED   __mpu_init                    
2003f800  __stack                       
20007395  _c_int00_noargs               
200077fc  _ctypes_                      
2001d82c  _lock                         
20004e5f  _nop                          
2001d000  _sys_memory                   
UNDEFED   _system_post_cinit            
200077f3  _system_pre_init              
2001d830  _unlock                       
200077f7  abort                         
2000713d  atoi                          
ffffffff  binit                         
20007771  copysign                      
20007771  copysignl                     
2001d834  errno                         
200066dd  free                          
20006f2d  frexp                         
20006f2d  frexpl                        
20004000  g_pfnVectors                  
2001d83c  g_ucLED1Pin                   
2001d83d  g_ucLED2Pin                   
2001d83e  g_ucLED3Pin                   
2001d820  g_uiLED1Port                  
2001d824  g_uiLED2Port                  
2001d828  g_uiLED3Port                  
200064d1  ldexp                         
200064d1  ldexpl                        
20007095  ltoa                          
20005329  main                          
20006d69  malloc                        
20007659  memccpy                       
20006911  memcpy                        
2000759d  memmove                       
20006cf7  memset                        
200073cd  minit                         
200063bd  realloc                       
200064d1  scalbn                        
200064d1  scalbnl                       
2000771d  strchr                        
20007785  strlen                        
2000729d  vsnprintf                     
200077ab  wcslen                        


GLOBAL SYMBOLS: SORTED BY Symbol Address 

address   name                          
-------   ----                          
00000800  __STACK_SIZE                  
00000800  __SYSMEM_SIZE                 
20004000  g_pfnVectors                  
20004401  __TI_printfi                  
20004e5f  _nop                          
20004e9d  GPIO_IF_LedConfigure          
20004edb  GPIO_IF_LedOn                 
20004f8f  GPIO_IF_LedOff                
20005043  GPIO_IF_LedStatus             
200050ad  GPIO_IF_LedToggle             
200050db  GPIO_IF_GetPortNPin           
20005121  GPIO_IF_ConfigureNIntEnable   
20005169  GPIO_IF_Set                   
200051ad  GPIO_IF_Get                   
200051f9  AllLEDOFF                     
2000521b  LEDCountRoutine               
200052bb  LEDBlinkyRoutine              
200052f1  SetP18                        
20005329  main                          
200054fd  InitTerm                      
2000551b  Message                       
2000553d  ClearTerm                     
20005547  Error                         
2000557f  GetCmd                        
20005625  TrimSpace                     
200056bd  Report                        
20005bbd  __aeabi_dsub                  
20005bc7  __aeabi_dadd                  
20005d73  __aeabi_idiv0                 
20005d73  __aeabi_ldiv0                 
20005d75  PRCMCC3200MCUInit             
20006029  PinMuxConfig                  
20006161  __aeabi_ddiv                  
200063bd  realloc                       
200064d1  ldexp                         
200064d1  ldexpl                        
200064d1  scalbn                        
200064d1  scalbnl                       
200065e1  __aeabi_dmul                  
200066dd  free                          
20006869  IntEnable                     
20006911  __aeabi_memcpy                
20006911  __aeabi_memcpy4               
20006911  __aeabi_memcpy8               
20006911  memcpy                        
200069ad  __aeabi_uldivmod              
20006a45  PRCMPeripheralClockGet        
20006ad9  PinConfigSet                  
20006b61  __aeabi_cdcmpeq               
20006b61  __aeabi_cdcmple               
20006be7  __aeabi_cdrcmple              
20006c6d  GPIOIntTypeSet                
20006cef  __aeabi_memclr                
20006cef  __aeabi_memclr4               
20006cef  __aeabi_memclr8               
20006cf1  __aeabi_memset                
20006cf1  __aeabi_memset4               
20006cf1  __aeabi_memset8               
20006cf7  memset                        
20006d69  malloc                        
20006de1  UARTConfigSetExpClk           
20006ec5  __TI_decompress_lzss          
20006f2d  frexp                         
20006f2d  frexpl                        
20006f91  PRCMPeripheralReset           
20007041  IntPrioritySet                
20007095  ltoa                          
2000713d  atoi                          
200071d1  __aeabi_d2iz                  
20007219  __TI_auto_init_nobinit_nopinit
2000725d  PinModeSet                    
2000729d  vsnprintf                     
2000731d  PRCMPeripheralClkEnable       
20007395  _c_int00_noargs               
200073cd  minit                         
20007405  GPIODirModeSet                
2000743b  PinTypeGPIO                   
2000746d  UARTDisable                   
200074cd  __aeabi_i2d                   
200074fd  PRCMSysResetCauseGet          
20007529  PRCMPeripheralClkDisable      
20007579  UARTEnable                    
2000759d  memmove                       
200075c1  GPIOPinWrite                  
200075e1  IntRegister                   
20007601  GPIOIntRegister               
2000761f  UARTCharPut                   
2000763d  UARTCharGetNonBlocking        
20007659  memccpy                       
20007675  GPIOIntEnable                 
2000768f  PinTypeUART                   
200076a9  GPIOPinRead                   
200076c1  UARTCharsAvail                
200076f1  PRCMHIBRegRead                
20007707  PRCMHIBRegWrite               
2000771d  strchr                        
20007733  CPUcpsie                      
20007747  GPIOIntClear                  
2000775d  IntVTableBaseSet              
20007771  copysign                      
20007771  copysignl                     
20007785  strlen                        
20007799  __TI_zero_init_nomemset       
200077ab  wcslen                        
200077bd  __TI_decompress_none          
200077cb  ResetISR                      
200077d9  IntMasterEnable               
200077e5  __aeabi_errno_addr            
200077ed  UtilsDelay                    
200077f3  _system_pre_init              
200077f7  C$$EXIT                       
200077f7  abort                         
200077fc  _ctypes_                      
20007c00  __TI_static_base__            
20007c2c  __TI_Handler_Table_Base       
20007c38  __TI_Handler_Table_Limit      
20007c40  __TI_CINIT_Base               
20007c50  __TI_CINIT_Limit              
2001d000  _sys_memory                   
2001d820  g_uiLED1Port                  
2001d824  g_uiLED2Port                  
2001d828  g_uiLED3Port                  
2001d82c  _lock                         
2001d830  _unlock                       
2001d834  errno                         
2001d83c  g_ucLED1Pin                   
2001d83d  g_ucLED2Pin                   
2001d83e  g_ucLED3Pin                   
2003f800  __stack                       
20040000  __STACK_END                   
ffffffff  __TI_pprof_out_hndl           
ffffffff  __TI_prof_data_size           
ffffffff  __TI_prof_data_start          
ffffffff  __binit__                     
ffffffff  __c_args__                    
ffffffff  binit                         
UNDEFED   __mpu_init                    
UNDEFED   _system_post_cinit            

[138 symbols]
