******************************************************************************
                  TI ARM Linker PC v18.1.4                     
******************************************************************************
>> Linked Thu Feb 21 19:30:12 2019

OUTPUT FILE NAME:   <lab5 part2.out>
ENTRY POINT SYMBOL: "_c_int00_noargs"  address: 2000ed91


MEMORY CONFIGURATION

         name            origin    length      used     unused   attr    fill
----------------------  --------  ---------  --------  --------  ----  --------
  SRAM_CODE             20004000   00013000  0000c10c  00006ef4  RW X
  SRAM_DATA             20017000   00019000  0000973e  0000f8c2  RW X


SEGMENT ALLOCATION MAP

run origin  load origin   length   init length attrs members
----------  ----------- ---------- ----------- ----- -------
20004000    20004000    0000c118   0000c118    r-x
  20004000    20004000    00000400   00000400    r-- .intvecs
  20004400    20004400    0000b0a2   0000b0a2    r-x .text
  2000f4a8    2000f4a8    00000baa   00000baa    r-- .const
  20010058    20010058    000000c0   000000c0    r-- .cinit
20017000    20017000    00008740   00000000    rw-
  20017000    20017000    00008000   00000000    rw- .sysmem
  2001f000    2001f000    000005de   00000000    rw- .bss
  2001f5e0    2001f5e0    00000160   00000000    rw- .data
2002f000    2002f000    00001000   00000000    rw-
  2002f000    2002f000    00001000   00000000    rw- .stack


SECTION ALLOCATION MAP

 output                                  attributes/
section   page    origin      length       input sections
--------  ----  ----------  ----------   ----------------
.intvecs   0    20004000    00000400     
                  20004000    00000400     startup_ccs.obj (.intvecs)

.init_array 
*          0    20004000    00000000     UNINITIALIZED

.text      0    20004400    0000b0a2     
                  20004400    00001bb0     main.obj (.text)
                  20005fb0    00000a80     Adafruit_GFX.obj (.text)
                  20006a30    00000a4a     rtsv7M4_T_le_eabi.lib : _printfi.c.obj (.text:__TI_printfi)
                  2000747a    00000002     driverlib.a : interrupt.obj (.text:IntDefaultHandler)
                  2000747c    000009bc     rtsv7M4_T_le_eabi.lib : e_pow.c.obj (.text:pow)
                  20007e38    00000590     simplelink.a : driver.obj (.text:_SlDrvMsgRead)
                  200083c8    000004a2     Adafruit_OLED.obj (.text)
                  2000886a    00000002     rtsv7M4_T_le_eabi.lib : _lock.c.obj (.text:_nop)
                  2000886c    00000398     gpio_if.obj (.text)
                  20008c04    00000280     uart_if.obj (.text)
                  20008e84    0000027c     simplelink.a : wlan.obj (.text:sl_WlanConnect)
                  20009100    00000268     rtsv7M4_T_le_eabi.lib : _printfi.c.obj (.text:_pconv_a)
                  20009368    0000024c     simplelink.a : driver.obj (.text:_SlDrvRxHdrRead)
                  200095b4    000001e4                  : driver.obj (.text:_SlDrvDataReadOp)
                  20009798    000001d0                  : driver.obj (.text:_SlDrvReleasePoolObj)
                  20009968    000001cc     rtsv7M4_T_le_eabi.lib : _printfi.c.obj (.text:_pconv_g)
                  20009b34    000001b6                           : fd_add_t2.asm.obj (.text)
                  20009cea    00000002                           : div0.asm.obj (.text)
                  20009cec    000001b4     simplelink.a : driver.obj (.text:_SlDrvDriverCBInit)
                  20009ea0    0000019c                  : driver.obj (.text:_SlDrvMsgWrite)
                  2000a03c    00000198     timer_if.obj (.text)
                  2000a1d4    00000190     simplelink.a : driver.obj (.text:_SlDrvWaitForPoolObj)
                  2000a364    0000018c                  : socket.obj (.text:sl_Connect)
                  2000a4f0    00000178     driverlib.a : prcm.obj (.text:PRCMCC3200MCUInit)
                  2000a668    00000170     simplelink.a : driver.obj (.text:_SlFindAndSetActiveObj)
                  2000a7d8    0000015c     rtsv7M4_T_le_eabi.lib : e_sqrt.c.obj (.text:sqrt)
                  2000a934    00000150     simplelink.a : driver.obj (.text:_SlDrvDataWriteOp)
                  2000aa84    00000148     pinmux.obj (.text)
                  2000abcc    00000148     simplelink.a : cc_pal.obj (.text:spi_Open)
                  2000ad14    00000144                  : driver.obj (.text:_SlDrvMsgReadCmdCtx)
                  2000ae58    00000144                  : netapp.obj (.text:sl_NetAppDnsGetHostByName)
                  2000af9c    0000013c     rtsv7M4_T_le_eabi.lib : _printfi.c.obj (.text:_pconv_e)
                  2000b0d8    00000136                           : fd_div_t2.asm.obj (.text)
                  2000b20e    00000002     --HOLE-- [fill = 0]
                  2000b210    00000134     simplelink.a : socket.obj (.text:sl_Send)
                  2000b344    00000130                  : driver.obj (.text:_SlDrvDriverCBDeinit)
                  2000b474    00000120     rtsv7M4_T_le_eabi.lib : _printfi.c.obj (.text:fcvt)
                  2000b594    00000114                           : memory.c.obj (.text:realloc)
                  2000b6a8    00000104     simplelink.a : netapp.obj (.text:_SlDrvNetAppEventHandler)
                  2000b7ac    000000fc     rtsv7M4_T_le_eabi.lib : fd_mul_t2.asm.obj (.text)
                  2000b8a8    000000f0     simplelink.a : device.obj (.text:sl_Stop)
                  2000b998    000000f0                  : cc_pal.obj (.text:spi_Read)
                  2000ba88    000000f0     driverlib.a : udma.obj (.text:uDMAChannelTransferSet)
                  2000bb78    000000ec     simplelink.a : device.obj (.text:sl_Start)
                  2000bc64    000000e8                  : driver.obj (.text:_SlAsyncEventGenericHandler)
                  2000bd4c    000000e8                  : driver.obj (.text:_SlDrvMsgReadSpawnCtx)
                  2000be34    000000e4                  : netapp.obj (.text:sl_NetAppMDNSRegisterUnregisterService)
                  2000bf18    000000dc                  : driver.obj (.text:_SlDrvClassifyRxMsg)
                  2000bff4    000000d8     rtsv7M4_T_le_eabi.lib : memory.c.obj (.text:free)
                  2000c0cc    000000d0                           : s_scalbn.c.obj (.text:scalbn)
                  2000c19c    000000cc     simplelink.a : netapp.obj (.text:_sl_HandleAsync_DnsGetHostByService)
                  2000c268    000000cc                  : device.obj (.text:sl_DevGet)
                  2000c334    000000c4                  : driver.obj (.text:_SlRemoveFromList)
                  2000c3f8    000000c0                  : driver.obj (.text:_SlDrvCmdOp)
                  2000c4b8    000000b1     rtsv7M4_T_le_eabi.lib : _printfi.c.obj (.text:_ltostr)
                  2000c569    00000003     --HOLE-- [fill = 0]
                  2000c56c    000000b0     simplelink.a : nonos.obj (.text:_SlNonOsSemGet)
                  2000c61c    000000a8     driverlib.a : interrupt.obj (.text:IntDisable)
                  2000c6c4    000000a8                 : interrupt.obj (.text:IntEnable)
                  2000c76c    000000a4     simplelink.a : driver.obj (.text:_SlDriverHandleError)
                  2000c810    000000a0     driverlib.a : spi.obj (.text:SPIConfigSetExpClk)
                  2000c8b0    000000a0     simplelink.a : socket.obj (.text:sl_Recv)
                  2000c950    0000009c     rtsv7M4_T_le_eabi.lib : memcpy_t2.asm.obj (.text)
                  2000c9ec    0000009a     simplelink.a : device.obj (.text:_SlDrvDeviceEventHandler)
                  2000ca86    00000002     --HOLE-- [fill = 0]
                  2000ca88    00000098                  : device.obj (.text:sl_DevSet)
                  2000cb20    00000098                  : netcfg.obj (.text:sl_NetCfgSet)
                  2000cbb8    00000098                  : socket.obj (.text:sl_SetSockOpt)
                  2000cc50    00000098                  : wlan.obj (.text:sl_WlanSet)
                  2000cce8    00000098                  : cc_pal.obj (.text:spi_Write)
                  2000cd80    00000096     rtsv7M4_T_le_eabi.lib : ull_div_t2.asm.obj (.text)
                  2000ce16    00000002     --HOLE-- [fill = 0]
                  2000ce18    00000094     driverlib.a : prcm.obj (.text:PRCMPeripheralClockGet)
                  2000ceac    00000090     simplelink.a : netapp.obj (.text:_sl_HandleAsync_DnsGetHostByName)
                  2000cf3c    00000090                  : netapp.obj (.text:_sl_HandleAsync_PingResponse)
                  2000cfcc    00000090                  : wlan.obj (.text:sl_WlanPolicySet)
                  2000d05c    0000008c                  : cc_pal.obj (.text:SetupDMAReceive)
                  2000d0e8    0000008c                  : cc_pal.obj (.text:SetupDMASend)
                  2000d174    0000008c                  : driver.obj (.text:_SlDrvIsTimeoutExpired)
                  2000d200    0000008c                  : device.obj (.text:_sl_HandleAsync_InitComplete)
                  2000d28c    0000008c                  : socket.obj (.text:sl_Socket)
                  2000d318    00000088     driverlib.a : pin.obj (.text:PinConfigSet)
                  2000d3a0    00000086     rtsv7M4_T_le_eabi.lib : fd_cmp_t2.asm.obj (.text:__aeabi_cdcmple)
                  2000d426    00000086                           : fd_cmp_t2.asm.obj (.text:__aeabi_cdrcmple)
                  2000d4ac    00000084     simplelink.a : wlan.obj (.text:sl_WlanRxFilterSet)
                  2000d530    00000082     driverlib.a : gpio.obj (.text:GPIOIntTypeSet)
                  2000d5b2    00000002     --HOLE-- [fill = 0]
                  2000d5b4    00000080     simplelink.a : socket.obj (.text:_sl_HandleAsync_Connect)
                  2000d634    00000080                  : cc_pal.obj (.text:spi_Read_CPU)
                  2000d6b4    00000080                  : cc_pal.obj (.text:spi_Write_CPU)
                  2000d734    0000007a     rtsv7M4_T_le_eabi.lib : memset_t2.asm.obj (.text)
                  2000d7ae    00000002     --HOLE-- [fill = 0]
                  2000d7b0    00000078                           : memory.c.obj (.text:malloc)
                  2000d828    00000078     simplelink.a : cc_pal.obj (.text:spi_Close)
                  2000d8a0    00000076     driverlib.a : uart.obj (.text:UARTConfigSetExpClk)
                  2000d916    00000002     --HOLE-- [fill = 0]
                  2000d918    00000074     simplelink.a : nonos.obj (.text:_SlNonOsMainLoopTask)
                  2000d98c    00000070     driverlib.a : timer.obj (.text:TimerIntRegister)
                  2000d9fc    0000006e     rtsv7M4_T_le_eabi.lib : _printfi.c.obj (.text:_mcpy)
                  2000da6a    00000002     --HOLE-- [fill = 0]
                  2000da6c    0000006c     simplelink.a : driver.obj (.text:_SlDrvCmdSend)
                  2000dad8    0000006c                  : netapp.obj (.text:_sl_NetAppSendTokenValue)
                  2000db44    00000068     driverlib.a : timer.obj (.text:TimerIntUnregister)
                  2000dbac    00000068     rtsv7M4_T_le_eabi.lib : copy_decompress_lzss.c.obj (.text:decompress:lzss:__TI_decompress_lzss)
                  2000dc14    00000064     simplelink.a : nonos.obj (.text:_SlNonOsSpawn)
                  2000dc78    00000064                  : socket.obj (.text:_sl_HandleAsync_Accept)
                  2000dcdc    00000064                  : netapp.obj (.text:sl_NetAppMDNSUnRegisterService)
                  2000dd40    00000064     driverlib.a : udma.obj (.text:uDMAChannelAttributeDisable)
                  2000dda4    00000064                 : udma.obj (.text:uDMAChannelAttributeEnable)
                  2000de08    00000060     simplelink.a : socket.obj (.text:sl_Close)
                  2000de68    00000060                  : wlan.obj (.text:sl_WlanProfileDel)
                  2000dec8    00000060                  : wlan.obj (.text:sl_WlanSetMode)
                  2000df28    0000005c     rtsv7M4_T_le_eabi.lib : s_frexp.c.obj (.text:frexp)
                  2000df84    00000058     driverlib.a : interrupt.obj (.text:IntPendClear)
                  2000dfdc    00000058                 : prcm.obj (.text:PRCMPeripheralReset)
                  2000e034    00000056     rtsv7M4_T_le_eabi.lib : _printfi.c.obj (.text:_pconv_f)
                  2000e08a    00000002     --HOLE-- [fill = 0]
                  2000e08c    00000054     driverlib.a : interrupt.obj (.text:IntPrioritySet)
                  2000e0e0    00000054     simplelink.a : driver.obj (.text:_SlDrvRxIrqHandler)
                  2000e134    00000054                  : socket.obj (.text:_sl_HandleAsync_Select)
                  2000e188    00000054     rtsv7M4_T_le_eabi.lib : ltoa.c.obj (.text:ltoa)
                  2000e1dc    00000052                           : _printfi.c.obj (.text:_ecpy)
                  2000e22e    00000002     --HOLE-- [fill = 0]
                  2000e230    00000050     simplelink.a : device.obj (.text:_sl_HandleAsync_Stop)
                  2000e280    0000004c     driverlib.a : spi.obj (.text:SPIIntEnable)
                  2000e2cc    0000004c                 : spi.obj (.text:SPIIntNumberGet)
                  2000e318    0000004c     simplelink.a : driver.obj (.text:_SlDrvProtectAsyncRespSetting)
                  2000e364    0000004c                  : socket.obj (.text:_sl_BuildAddress)
                  2000e3b0    0000004c     rtsv7M4_T_le_eabi.lib : atoi.c.obj (.text:atoi)
                  2000e3fc    0000004c     driverlib.a : udma.obj (.text:uDMAChannelAssign)
                  2000e448    00000048                 : gpio.obj (.text:GPIOGetIntNumber)
                  2000e490    00000048                 : spi.obj (.text:SPIIntClear)
                  2000e4d8    00000048     simplelink.a : driver.obj (.text:_SlDrvBasicCmd)
                  2000e520    00000048     rtsv7M4_T_le_eabi.lib : fd_toi_t2.asm.obj (.text)
                  2000e568    00000044     driverlib.a : spi.obj (.text:SPIDmaMaskGet)
                  2000e5ac    00000044                 : timer.obj (.text:TimerConfigure)
                  2000e5f0    00000044     simplelink.a : driver.obj (.text:_SlDrvSyncObjWaitTimeout)
                  2000e634    00000044     rtsv7M4_T_le_eabi.lib : autoinit.c.obj (.text:__TI_auto_init_nobinit_nopinit:__TI_auto_init_nobinit_nopinit)
                  2000e678    00000044     simplelink.a : cc_pal.obj (.text:cc_SetupTransfer)
                  2000e6bc    00000042                  : socket.obj (.text:sl_Htonl)
                  2000e6fe    00000002     --HOLE-- [fill = 0]
                  2000e700    00000040     driverlib.a : pin.obj (.text:PinModeSet)
                  2000e740    00000040     simplelink.a : socket.obj (.text:_sl_TruncatePayloadByProtocol)
                  2000e780    00000040     rtsv7M4_T_le_eabi.lib : sprintf.c.obj (.text:sprintf)
                  2000e7c0    00000040                           : vsnprintf.c.obj (.text:vsnprintf)
                  2000e800    0000003e     simplelink.a : cc_pal.obj (.text:NwpRegisterInterruptHandler)
                  2000e83e    0000003e     rtsv7M4_T_le_eabi.lib : _printfi.c.obj (.text:_fcpy)
                  2000e87c    0000003c     simplelink.a : netapp.obj (.text:CopyPingResultsToReport)
                  2000e8b8    0000003c     driverlib.a : prcm.obj (.text:PRCMPeripheralClkEnable)
                  2000e8f4    0000003c     rtsv7M4_T_le_eabi.lib : memory.c.obj (.text:minsert)
                  2000e930    0000003c     simplelink.a : cc_pal.obj (.text:simplelink_timerA2_start)
                  2000e96c    0000003c                  : socket.obj (.text:sl_Htons)
                  2000e9a8    0000003c     driverlib.a : udma.obj (.text:uDMAChannelControlSet)
                  2000e9e4    00000038     simplelink.a : cc_pal.obj (.text:NwpPowerOff)
                  2000ea1c    00000038     rtsv7M4_T_le_eabi.lib : memory.c.obj (.text:minit)
                  2000ea54    00000038     simplelink.a : wlan.obj (.text:sl_WlanDisconnect)
                  2000ea8c    00000036     driverlib.a : gpio.obj (.text:GPIODirModeSet)
                  2000eac2    00000002     --HOLE-- [fill = 0]
                  2000eac4    00000034                 : prcm.obj (.text:PRCMPeripheralStatusGet)
                  2000eaf8    00000034                 : spi.obj (.text:SPIFIFOLevelSet)
                  2000eb2c    00000030                 : pin.obj (.text:PinTypeGPIO)
                  2000eb5c    00000030                 : uart.obj (.text:UARTDisable)
                  2000eb8c    00000030     rtsv7M4_T_le_eabi.lib : vsnprintf.c.obj (.text:_outs)
                  2000ebbc    0000002e                           : i_tofd_t2.asm.obj (.text)
                  2000ebea    00000002     --HOLE-- [fill = 0]
                  2000ebec    0000002c     simplelink.a : cc_pal.obj (.text:NwpPowerOn)
                  2000ec18    0000002c     driverlib.a : prcm.obj (.text:PRCMSysResetCauseGet)
                  2000ec44    0000002c     simplelink.a : driver.obj (.text:_SlDrvObjGlobalLockWaitForever)
                  2000ec70    0000002c                  : driver.obj (.text:_SlDrvProtectionObjLockWaitForever)
                  2000ec9c    0000002a     driverlib.a : timer.obj (.text:TimerLoadSet)
                  2000ecc6    0000002a                 : timer.obj (.text:TimerPrescaleSet)
                  2000ecf0    00000028                 : prcm.obj (.text:PRCMPeripheralClkDisable)
                  2000ed18    00000028     simplelink.a : driver.obj (.text:_SlDrvGlobalObjUnLock)
                  2000ed40    00000028                  : driver.obj (.text:_SlDrvProtectionObjUnLock)
                  2000ed68    00000028                  : driver.obj (.text:_SlDrvSyncObjWaitForever)
                  2000ed90    00000028     rtsv7M4_T_le_eabi.lib : boot_cortex_m.c.obj (.text:_c_int00_noargs:_c_int00_noargs)
                  2000edb8    00000028                           : memory.c.obj (.text:mremove)
                  2000ede0    00000026     simplelink.a : driver.obj (.text:_SlDrvObjLockWaitForever)
                  2000ee06    00000002     --HOLE-- [fill = 0]
                  2000ee08    00000024                  : cc_pal.obj (.text:DmaSpiSwIntHandler)
                  2000ee2c    00000024     driverlib.a : interrupt.obj (.text:IntUnregister)
                  2000ee50    00000024                 : uart.obj (.text:UARTEnable)
                  2000ee74    00000024     rtsv7M4_T_le_eabi.lib : memmov.c.obj (.text:memmove)
                  2000ee98    00000022     driverlib.a : gpio.obj (.text:GPIOIntStatus)
                  2000eeba    00000022                 : spi.obj (.text:SPIReset)
                  2000eedc    00000022                 : spi.obj (.text:SPIWordCountSet)
                  2000eefe    00000020                 : gpio.obj (.text:GPIOPinWrite)
                  2000ef1e    00000002     --HOLE-- [fill = 0]
                  2000ef20    00000020                 : interrupt.obj (.text:IntRegister)
                  2000ef40    00000020     simplelink.a : cc_pal.obj (.text:NwpPrePowerOffTimout0)
                  2000ef60    00000020     driverlib.a : spi.obj (.text:SPIDataGet)
                  2000ef80    00000020     simplelink.a : cc_pal.obj (.text:TimerGetCurrentTimestamp)
                  2000efa0    00000020                  : driver.obj (.text:_SlDrvObjUnLock)
                  2000efc0    00000020                  : driver.obj (.text:_SlDrvSyncObjSignal)
                  2000efe0    0000001e     driverlib.a : gpio.obj (.text:GPIOIntRegister)
                  2000effe    0000001e                 : spi.obj (.text:SPIDataPut)
                  2000f01c    0000001e                 : timer.obj (.text:TimerDisable)
                  2000f03a    0000001e                 : timer.obj (.text:TimerEnable)
                  2000f058    0000001e                 : timer.obj (.text:TimerIntStatus)
                  2000f076    0000001e                 : uart.obj (.text:UARTCharPut)
                  2000f094    0000001e     simplelink.a : cc_pal.obj (.text:cc_UDMAChannelSelect)
                  2000f0b2    0000001c     driverlib.a : timer.obj (.text:TimerValueGet)
                  2000f0ce    0000001c                 : uart.obj (.text:UARTCharGetNonBlocking)
                  2000f0ea    0000001c     simplelink.a : driver.obj (.text:_SlDrvStartMeasureTimeout)
                  2000f106    0000001c     rtsv7M4_T_le_eabi.lib : memccpy.c.obj (.text:memccpy)
                  2000f122    00000002     --HOLE-- [fill = 0]
                  2000f124    0000001c     driverlib.a : udma.obj (.text:uDMAChannelEnable)
                  2000f140    0000001a                 : gpio.obj (.text:GPIOIntEnable)
                  2000f15a    0000001a                 : pin.obj (.text:PinTypeSPI)
                  2000f174    0000001a                 : pin.obj (.text:PinTypeUART)
                  2000f18e    0000001a                 : spi.obj (.text:SPIDmaDisable)
                  2000f1a8    0000001a                 : spi.obj (.text:SPIDmaEnable)
                  2000f1c2    0000001a                 : spi.obj (.text:SPIFIFODisable)
                  2000f1dc    0000001a                 : spi.obj (.text:SPIFIFOEnable)
                  2000f1f6    0000001a                 : spi.obj (.text:SPIIntUnregister)
                  2000f210    00000018                 : gpio.obj (.text:GPIOPinRead)
                  2000f228    00000018                 : spi.obj (.text:SPICSDisable)
                  2000f240    00000018                 : spi.obj (.text:SPICSEnable)
                  2000f258    00000018                 : spi.obj (.text:SPIDisable)
                  2000f270    00000018                 : spi.obj (.text:SPIEnable)
                  2000f288    00000018                 : timer.obj (.text:TimerIntDisable)
                  2000f2a0    00000018                 : timer.obj (.text:TimerIntEnable)
                  2000f2b8    00000018                 : uart.obj (.text:UARTCharsAvail)
                  2000f2d0    00000018     simplelink.a : nonos.obj (.text:_SlNonOsSemSet)
                  2000f2e8    00000018     rtsv7M4_T_le_eabi.lib : vsnprintf.c.obj (.text:_outc)
                  2000f300    00000018                           : sprintf.c.obj (.text:_outs)
                  2000f318    00000018     simplelink.a : device.obj (.text:_sl_GetStartResponseConvert)
                  2000f330    00000016     driverlib.a : prcm.obj (.text:PRCMHIBRegRead)
                  2000f346    00000016                 : prcm.obj (.text:PRCMHIBRegWrite)
                  2000f35c    00000016     simplelink.a : driver.obj (.text:_SlDrvMemZero)
                  2000f372    00000016     rtsv7M4_T_le_eabi.lib : strchr.c.obj (.text:strchr)
                  2000f388    00000014     driverlib.a : cpu.obj (.text:CPUcpsie)
                  2000f39c    00000014                 : gpio.obj (.text:GPIOIntClear)
                  2000f3b0    00000014                 : interrupt.obj (.text:IntVTableBaseSet)
                  2000f3c4    00000014     rtsv7M4_T_le_eabi.lib : strcpy.c.obj (.text:strcpy)
                  2000f3d8    00000014                           : strlen.c.obj (.text:strlen)
                  2000f3ec    00000012     driverlib.a : timer.obj (.text:TimerIntClear)
                  2000f3fe    00000012     rtsv7M4_T_le_eabi.lib : wcslen.c.obj (.text:wcslen)
                  2000f410    00000010     simplelink.a : driver.obj (.text:_SlDrvDispatchHttpServerEvents)
                  2000f420    0000000e                  : driver.obj (.text:_SlDrvResetCmdExt)
                  2000f42e    0000000e     rtsv7M4_T_le_eabi.lib : copy_decompress_none.c.obj (.text:decompress:none:__TI_decompress_none)
                  2000f43c    0000000e     startup_ccs.obj (.text)
                  2000f44a    00000002     --HOLE-- [fill = 0]
                  2000f44c    0000000c     simplelink.a : cc_pal.obj (.text:NwpMaskInterrupt)
                  2000f458    0000000c                  : cc_pal.obj (.text:NwpUnMaskInterrupt)
                  2000f464    0000000c     rtsv7M4_T_le_eabi.lib : copy_zero_init.c.obj (.text:decompress:ZI:__TI_zero_init)
                  2000f470    0000000a     driverlib.a : interrupt.obj (.text:IntMasterEnable)
                  2000f47a    0000000a     rtsv7M4_T_le_eabi.lib : sprintf.c.obj (.text:_outc)
                  2000f484    00000008                           : errno.c.obj (.text:__aeabi_errno_addr)
                  2000f48c    00000008                           : s_copysign.c.obj (.text:copysign)
                  2000f494    00000006     driverlib.a : utils.obj (.text:UtilsDelay)
                  2000f49a    00000004     rtsv7M4_T_le_eabi.lib : pre_init.c.obj (.text:_system_pre_init)
                  2000f49e    00000004                           : exit.c.obj (.text:abort:abort)

.const     0    2000f4a8    00000baa     
                  2000f4a8    000004fb     Adafruit_GFX.obj (.const:.string:font)
                  2000f9a3    00000101     rtsv7M4_T_le_eabi.lib : ctype.c.obj (.const:.string:_ctypes_)
                  2000faa4    00000100     driverlib.a : pin.obj (.const:g_ulPinToPadMap)
                  2000fba4    000000d4                 : interrupt.obj (.const:g_pulRegs)
                  2000fc78    000000a8                 : prcm.obj (.const:PRCM_PeriphRegsList)
                  2000fd20    00000080                 : interrupt.obj (.const)
                  2000fda0    00000040     main.obj (.const:$P$T7$8)
                  2000fde0    0000003c     simplelink.a : driver.obj (.const:OpcodeTranslateTable)
                  2000fe1c    00000038                  : driver.obj (.const:_SlActionLookupTable)
                  2000fe54    00000004                  : wlan.obj (.const:$P$T0$1)
                  2000fe58    00000030     rtsv7M4_T_le_eabi.lib : e_pow.c.obj (.const:$O1$$)
                  2000fe88    00000030     main.obj (.const:.string)
                  2000feb8    0000002c     main.obj (.const:$P$T1$2)
                  2000fee4    00000024     driverlib.a : spi.obj (.const:g_ppulSPIIntMap)
                  2000ff08    00000022     main.obj (.const:.string:$P$T0$1)
                  2000ff2a    00000002     --HOLE-- [fill = 0]
                  2000ff2c    00000020     simplelink.a : driver.obj (.const:RxMsgClassLUT)
                  2000ff4c    00000018     driverlib.a : spi.obj (.const)
                  2000ff64    00000015     main.obj (.const:.string:$P$T6$7)
                  2000ff79    00000003     --HOLE-- [fill = 0]
                  2000ff7c    00000014     simplelink.a : driver.obj (.const:$P$T0$1)
                  2000ff90    00000014                  : nonos.obj (.const:$P$T0$1)
                  2000ffa4    00000014     main.obj (.const:$P$T2$3)
                  2000ffb8    00000010     simplelink.a : socket.obj (.const:.string:_SlPayloadByProtocolLUT)
                  2000ffc8    0000000c     main.obj (.const:$P$T4$5)
                  2000ffd4    0000000c     main.obj (.const:.string:$P$T3$4)
                  2000ffe0    00000009     main.obj (.const:.string:$P$T5$6)
                  2000ffe9    00000008     simplelink.a : device.obj (.const:StartResponseLUT)
                  2000fff1    00000003     --HOLE-- [fill = 0]
                  2000fff4    00000008                  : driver.obj (.const:g_H2NCnysPattern)
                  2000fffc    00000008                  : driver.obj (.const:g_H2NSyncPattern)
                  20010004    00000005     main.obj (.const:.string:$P$T8$9)
                  20010009    00000001     --HOLE-- [fill = 0]
                  2001000a    00000004     simplelink.a : socket.obj (.const:$P$T2$3)
                  2001000e    00000004                  : device.obj (.const:_SlDeviceGetCmdCtrl)
                  20010012    00000004                  : device.obj (.const:_SlDeviceSetCmdCtrl)
                  20010016    00000004                  : netapp.obj (.const:_SlGetHostByNameCtrl)
                  2001001a    00000004                  : netapp.obj (.const:_SlNetAppSendTokenValueCmdCtrl)
                  2001001e    00000004                  : netcfg.obj (.const:_SlNetCfgSetCmdCtrl)
                  20010022    00000004                  : wlan.obj (.const:_SlPolicySetCmdCtrl)
                  20010026    00000004                  : wlan.obj (.const:_SlProfileDelCmdCtrl)
                  2001002a    00000004                  : socket.obj (.const:_SlRecvCmdCtrl)
                  2001002e    00000004                  : netapp.obj (.const:_SlRegisterServiceCtrl)
                  20010032    00000004                  : wlan.obj (.const:_SlRxFilterSetCmdCtrl)
                  20010036    00000004                  : socket.obj (.const:_SlSendCmdCtrl)
                  2001003a    00000004                  : socket.obj (.const:_SlSetSockOptCmdCtrl)
                  2001003e    00000004                  : socket.obj (.const:_SlSockCloseCmdCtrl)
                  20010042    00000004                  : socket.obj (.const:_SlSockSocketCmdCtrl)
                  20010046    00000004                  : device.obj (.const:_SlStopCmdCtrl)
                  2001004a    00000004                  : wlan.obj (.const:_SlWlanCfgSetCmdCtrl)
                  2001004e    00000004                  : wlan.obj (.const:_SlWlanSetModeCmdCtrl)

.cinit     0    20010058    000000c0     
                  20010058    00000095     (.cinit..data.load) [load image, compression = lzss]
                  200100ed    00000003     --HOLE-- [fill = 0]
                  200100f0    0000000c     (__TI_handler_table)
                  200100fc    00000004     --HOLE-- [fill = 0]
                  20010100    00000008     (.cinit..bss.load) [load image, compression = zero_init]
                  20010108    00000010     (__TI_cinit_table)

.sysmem    0    20017000    00008000     UNINITIALIZED
                  20017000    00000008     rtsv7M4_T_le_eabi.lib : memory.c.obj (.sysmem)
                  20017008    00007ff8     --HOLE--

.bss       0    2001f000    000005de     UNINITIALIZED
                  2001f000    00000190     main.obj (.bss:buffer)
                  2001f190    00000190     main.obj (.bss:number)
                  2001f320    00000168     simplelink.a : driver.obj (.bss:g_StatMem)
                  2001f488    000000a4     main.obj (.bss:message)
                  2001f52c    00000050     (.common:g_ucDinDout)
                  2001f57c    0000002c     (.common:g_time)
                  2001f5a8    00000024     (.common:g_ucConnectionSSID)
                  2001f5cc    00000008     (.common:g_ucConnectionBSSID)
                  2001f5d4    00000004     uart_if.obj (.bss)
                  2001f5d8    00000001     (.common:RxIrqCnt)
                  2001f5d9    00000001     (.common:g_bDeviceRestartIsRequired)
                  2001f5da    00000001     (.common:g_cDummy)
                  2001f5db    00000001     (.common:g_ucLED1Pin)
                  2001f5dc    00000001     (.common:g_ucLED2Pin)
                  2001f5dd    00000001     (.common:g_ucLED3Pin)

.data      0    2001f5e0    00000160     UNINITIALIZED
                  2001f5e0    00000050     main.obj (.data:keySet)
                  2001f630    0000003c     simplelink.a : nonos.obj (.data:g__SlNonOsCB)
                  2001f66c    00000028     main.obj (.data:keyBuffer)
                  2001f694    00000028     main.obj (.data)
                  2001f6bc    00000015     Adafruit_GFX.obj (.data)
                  2001f6d1    00000003     --HOLE--
                  2001f6d4    00000014     gpio_if.obj (.data:ulReg)
                  2001f6e8    0000000d     simplelink.a : driver.obj (.data)
                  2001f6f5    00000003     --HOLE--
                  2001f6f8    0000000c     rtsv7M4_T_le_eabi.lib : memory.c.obj (.data:$O1$$)
                  2001f704    0000000c     gpio_if.obj (.data)
                  2001f710    00000009     simplelink.a : cc_pal.obj (.data)
                  2001f719    00000003     --HOLE--
                  2001f71c    00000008     rtsv7M4_T_le_eabi.lib : _lock.c.obj (.data:$O1$$)
                  2001f724    00000008     main.obj (.data:OC)
                  2001f72c    00000008     main.obj (.data:Receiver)
                  2001f734    00000008     main.obj (.data:top)
                  2001f73c    00000004     rtsv7M4_T_le_eabi.lib : errno.c.obj (.data)

.stack     0    2002f000    00001000     UNINITIALIZED
                  2002f000    00000004     rtsv7M4_T_le_eabi.lib : boot_cortex_m.c.obj (.stack)
                  2002f004    00000ffc     --HOLE--

MODULE SUMMARY

       Module                       code    ro data   rw data
       ------                       ----    -------   -------
    .\
       main.obj                     7088    269       1236   
       Adafruit_GFX.obj             2688    1275      21     
       Adafruit_OLED.obj            1186    0         0      
       startup_ccs.obj              14      1024      0      
       gpio_if.obj                  920     0         35     
       uart_if.obj                  640     0         4      
       timer_if.obj                 408     0         0      
       pinmux.obj                   328     0         0      
    +--+----------------------------+-------+---------+---------+
       Total:                       13272   2568      1296   
                                                             
    C:/ti/CC3200SDK_1.3.0/cc3200-sdk/driverlib/ccs/Release/driverlib.a
       prcm.obj                     852     168       0      
       interrupt.obj                608     340       0      
       spi.obj                      860     60        0      
       udma.obj                     604     0         0      
       pin.obj                      300     256       0      
       timer.obj                    552     0         0      
       gpio.obj                     422     0         0      
       uart.obj                     284     0         0      
       cpu.obj                      20      0         0      
       utils.obj                    6       0         0      
    +--+----------------------------+-------+---------+---------+
       Total:                       4508    824       0      
                                                             
    C:/ti/CC3200SDK_1.3.0/cc3200-sdk/simplelink/ccs/NON_OS/simplelink.a
       driver.obj                   7714    184       375    
       cc_pal.obj                   1820    0         90     
       socket.obj                   1830    40        0      
       netapp.obj                   1572    12        0      
       wlan.obj                     1312    24        0      
       device.obj                   1230    20        0      
       nonos.obj                    416     20        60     
       netcfg.obj                   152     4         0      
    +--+----------------------------+-------+---------+---------+
       Total:                       16046   304       525    
                                                             
    C:\TI\ccsv8\tools\compiler\ti-cgt-arm_18.1.4.LTS\lib\rtsv7M4_T_le_eabi.lib
       _printfi.c.obj               4831    0         0      
       e_pow.c.obj                  2492    48        0      
       memory.c.obj                 768     0         12     
       fd_add_t2.asm.obj            438     0         0      
       e_sqrt.c.obj                 348     0         0      
       fd_div_t2.asm.obj            310     0         0      
       fd_cmp_t2.asm.obj            268     0         0      
       ctype.c.obj                  0       257       0      
       fd_mul_t2.asm.obj            252     0         0      
       s_scalbn.c.obj               208     0         0      
       memcpy_t2.asm.obj            156     0         0      
       ull_div_t2.asm.obj           150     0         0      
       vsnprintf.c.obj              136     0         0      
       memset_t2.asm.obj            122     0         0      
       copy_decompress_lzss.c.obj   104     0         0      
       sprintf.c.obj                98      0         0      
       s_frexp.c.obj                92      0         0      
       ltoa.c.obj                   84      0         0      
       atoi.c.obj                   76      0         0      
       fd_toi_t2.asm.obj            72      0         0      
       autoinit.c.obj               68      0         0      
       i_tofd_t2.asm.obj            46      0         0      
       boot_cortex_m.c.obj          40      0         0      
       memmov.c.obj                 36      0         0      
       memccpy.c.obj                28      0         0      
       strchr.c.obj                 22      0         0      
       strcpy.c.obj                 20      0         0      
       strlen.c.obj                 20      0         0      
       wcslen.c.obj                 18      0         0      
       copy_decompress_none.c.obj   14      0         0      
       copy_zero_init.c.obj         12      0         0      
       errno.c.obj                  8       0         4      
       _lock.c.obj                  2       0         8      
       s_copysign.c.obj             8       0         0      
       exit.c.obj                   4       0         0      
       pre_init.c.obj               4       0         0      
       div0.asm.obj                 2       0         0      
    +--+----------------------------+-------+---------+---------+
       Total:                       11357   305       24     
                                                             
       Heap:                        0       0         32768  
       Stack:                       0       0         4096   
       Linker Generated:            0       185       0      
    +--+----------------------------+-------+---------+---------+
       Grand Total:                 45183   4186      38709  


LINKER GENERATED COPY TABLES

__TI_cinit_table @ 20010108 records: 2, size/record: 8, table size: 16
	.data: load addr=20010058, load size=00000095 bytes, run addr=2001f5e0, run size=00000160 bytes, compression=lzss
	.bss: load addr=20010100, load size=00000008 bytes, run addr=2001f000, run size=000005de bytes, compression=zero_init


LINKER GENERATED HANDLER TABLE

__TI_handler_table @ 200100f0 records: 3, size/record: 4, table size: 12
	index: 0, handler: __TI_decompress_lzss
	index: 1, handler: __TI_decompress_none
	index: 2, handler: __TI_zero_init


GLOBAL SYMBOLS: SORTED ALPHABETICALLY BY Name 

address   name                                  
-------   ----                                  
20008455  Adafruit_Init                         
2000f49f  C$$EXIT                               
2000f389  CPUcpsie                              
20008c45  ClearTerm                             
200085cb  Color565                              
2000ee09  DmaSpiSwIntHandler                    
20008c4f  Error                                 
2000ea8d  GPIODirModeSet                        
2000f39d  GPIOIntClear                          
2000f141  GPIOIntEnable                         
2000efe1  GPIOIntRegister                       
2000ee99  GPIOIntStatus                         
2000d531  GPIOIntTypeSet                        
2000f211  GPIOPinRead                           
2000eeff  GPIOPinWrite                          
20008b2d  GPIO_IF_ConfigureNIntEnable           
20008bb9  GPIO_IF_Get                           
20008ae7  GPIO_IF_GetPortNPin                   
200088a9  GPIO_IF_LedConfigure                  
2000899b  GPIO_IF_LedOff                        
200088e7  GPIO_IF_LedOn                         
20008a4f  GPIO_IF_LedStatus                     
20008ab9  GPIO_IF_LedToggle                     
20008b75  GPIO_IF_Set                           
20008c87  GetCmd                                
20008c05  InitTerm                              
2000c61d  IntDisable                            
2000c6c5  IntEnable                             
2000f471  IntMasterEnable                       
2000df85  IntPendClear                          
2000e08d  IntPrioritySet                        
2000ef21  IntRegister                           
2000ee2d  IntUnregister                         
2000f3b1  IntVTableBaseSet                      
20008c23  Message                               
2000f44d  NwpMaskInterrupt                      
2000e9e5  NwpPowerOff                           
2000ebed  NwpPowerOn                            
2000ef41  NwpPrePowerOffTimout0                 
2000e801  NwpRegisterInterruptHandler           
2000f459  NwpUnMaskInterrupt                    
2000fde0  OpcodeTranslateTable                  
2000695b  Outstr                                
2000a4f1  PRCMCC3200MCUInit                     
2000f331  PRCMHIBRegRead                        
2000f347  PRCMHIBRegWrite                       
2000ecf1  PRCMPeripheralClkDisable              
2000e8b9  PRCMPeripheralClkEnable               
2000ce19  PRCMPeripheralClockGet                
2000dfdd  PRCMPeripheralReset                   
2000eac5  PRCMPeripheralStatusGet               
2000ec19  PRCMSysResetCauseGet                  
2000d319  PinConfigSet                          
2000e701  PinModeSet                            
2000aa85  PinMuxConfig                          
2000eb2d  PinTypeGPIO                           
2000f15b  PinTypeSPI                            
2000f175  PinTypeUART                           
20005495  Process                               
20008dc5  Report                                
2000f43d  ResetISR                              
2001f5d8  RxIrqCnt                              
2000f229  SPICSDisable                          
2000f241  SPICSEnable                           
2000c811  SPIConfigSetExpClk                    
2000ef61  SPIDataGet                            
2000efff  SPIDataPut                            
2000f259  SPIDisable                            
2000f18f  SPIDmaDisable                         
2000f1a9  SPIDmaEnable                          
2000f271  SPIEnable                             
2000f1c3  SPIFIFODisable                        
2000f1dd  SPIFIFOEnable                         
2000eaf9  SPIFIFOLevelSet                       
2000e491  SPIIntClear                           
2000e281  SPIIntEnable                          
2000f1f7  SPIIntUnregister                      
2000eebb  SPIReset                              
2000eedd  SPIWordCountSet                       
200045d5  SimpleLinkGeneralEventHandler         
200045b1  SimpleLinkHttpServerCallback          
2000450f  SimpleLinkNetAppEventHandler          
200045f5  SimpleLinkSockEventHandler            
20004401  SimpleLinkWlanEventHandler            
2000e5ad  TimerConfigure                        
2000f01d  TimerDisable                          
2000f03b  TimerEnable                           
2000ef81  TimerGetCurrentTimestamp              
2000f3ed  TimerIntClear                         
2000f289  TimerIntDisable                       
2000f2a1  TimerIntEnable                        
2000d98d  TimerIntRegister                      
2000f059  TimerIntStatus                        
2000db45  TimerIntUnregister                    
2000ec9d  TimerLoadSet                          
2000ecc7  TimerPrescaleSet                      
2000f0b3  TimerValueGet                         
2000a183  Timer_IF_DeInit                       
2000a1b5  Timer_IF_GetCount                     
2000a0bd  Timer_IF_Init                         
2000a0ef  Timer_IF_IntSetup                     
2000a13b  Timer_IF_InterruptClear               
2000a19d  Timer_IF_ReLoad                       
2000a153  Timer_IF_Start                        
2000a173  Timer_IF_Stop                         
20008d2d  TrimSpace                             
2000f0cf  UARTCharGetNonBlocking                
2000f077  UARTCharPut                           
2000f2b9  UARTCharsAvail                        
2000d8a1  UARTConfigSetExpClk                   
2000eb5d  UARTDisable                           
2000ee51  UARTEnable                            
2000f495  UtilsDelay                            
2000fe1c  _SlActionLookupTable                  
2000c76d  _SlDriverHandleError                  
2000e4d9  _SlDrvBasicCmd                        
2000c3f9  _SlDrvCmdOp                           
2000da6d  _SlDrvCmdSend                         
200095b5  _SlDrvDataReadOp                      
2000a935  _SlDrvDataWriteOp                     
2000c9ed  _SlDrvDeviceEventHandler              
2000f411  _SlDrvDispatchHttpServerEvents        
2000b345  _SlDrvDriverCBDeinit                  
20009ced  _SlDrvDriverCBInit                    
2000ed19  _SlDrvGlobalObjUnLock                 
2000d175  _SlDrvIsTimeoutExpired                
2000f35d  _SlDrvMemZero                         
2000bd4d  _SlDrvMsgReadSpawnCtx                 
2000b6a9  _SlDrvNetAppEventHandler              
2000ede1  _SlDrvObjLockWaitForever              
2000efa1  _SlDrvObjUnLock                       
2000e319  _SlDrvProtectAsyncRespSetting         
2000ec71  _SlDrvProtectionObjLockWaitForever    
2000ed41  _SlDrvProtectionObjUnLock             
20009799  _SlDrvReleasePoolObj                  
2000f421  _SlDrvResetCmdExt                     
2000e0e1  _SlDrvRxIrqHandler                    
2000f0eb  _SlDrvStartMeasureTimeout             
2000efc1  _SlDrvSyncObjSignal                   
2000ed69  _SlDrvSyncObjWaitForever              
2000e5f1  _SlDrvSyncObjWaitTimeout              
2000a1d5  _SlDrvWaitForPoolObj                  
2001001a  _SlNetAppSendTokenValueCmdCtrl        
2000d919  _SlNonOsMainLoopTask                  
2000c56d  _SlNonOsSemGet                        
2000f2d1  _SlNonOsSemSet                        
2000dc15  _SlNonOsSpawn                         
20030000  __STACK_END                           
00001000  __STACK_SIZE                          
00008000  __SYSMEM_SIZE                         
20010108  __TI_CINIT_Base                       
20010118  __TI_CINIT_Limit                      
200100f0  __TI_Handler_Table_Base               
200100fc  __TI_Handler_Table_Limit              
2000e635  __TI_auto_init_nobinit_nopinit        
2000dbad  __TI_decompress_lzss                  
2000f42f  __TI_decompress_none                  
ffffffff  __TI_pprof_out_hndl                   
20006a31  __TI_printfi                          
ffffffff  __TI_prof_data_size                   
ffffffff  __TI_prof_data_start                  
20010058  __TI_static_base__                    
2000f465  __TI_zero_init                        
2000d3a1  __aeabi_cdcmpeq                       
2000d3a1  __aeabi_cdcmple                       
2000d427  __aeabi_cdrcmple                      
2000e521  __aeabi_d2iz                          
20009b3f  __aeabi_dadd                          
2000b0d9  __aeabi_ddiv                          
2000b7ad  __aeabi_dmul                          
20009b35  __aeabi_dsub                          
2000f485  __aeabi_errno_addr                    
2000ebbd  __aeabi_i2d                           
20009ceb  __aeabi_idiv0                         
20009ceb  __aeabi_ldiv0                         
2000d735  __aeabi_memclr                        
2000d735  __aeabi_memclr4                       
2000d735  __aeabi_memclr8                       
2000c951  __aeabi_memcpy                        
2000c951  __aeabi_memcpy4                       
2000c951  __aeabi_memcpy8                       
2000d737  __aeabi_memset                        
2000d737  __aeabi_memset4                       
2000d737  __aeabi_memset8                       
2000cd81  __aeabi_uldivmod                      
ffffffff  __binit__                             
ffffffff  __c_args__                            
UNDEFED   __mpu_init                            
2002f000  __stack                               
2000ed91  _c_int00_noargs                       
2000f9a3  _ctypes_                              
2001f71c  _lock                                 
2000886b  _nop                                  
2000dc79  _sl_HandleAsync_Accept                
2000d5b5  _sl_HandleAsync_Connect               
2000cead  _sl_HandleAsync_DnsGetHostByName      
2000c19d  _sl_HandleAsync_DnsGetHostByService   
2000d201  _sl_HandleAsync_InitComplete          
2000cf3d  _sl_HandleAsync_PingResponse          
2000e135  _sl_HandleAsync_Select                
2000e231  _sl_HandleAsync_Stop                  
2000dad9  _sl_NetAppSendTokenValue              
20017000  _sys_memory                           
UNDEFED   _system_post_cinit                    
2000f49b  _system_pre_init                      
2001f720  _unlock                               
2000f49f  abort                                 
2000e3b1  atoi                                  
ffffffff  binit                                 
2000f48d  copysign                              
2000f48d  copysignl                             
2001f6bc  cursor_x                              
2001f6c0  cursor_y                              
200050e5  deleteChar                            
2000680f  drawChar                              
20005fb1  drawCircle                            
200060e5  drawCircleHelper                      
20008775  drawFastHLine                         
200086d9  drawFastVLine                         
2000632b  drawLine                              
20008811  drawPixel                             
20006417  drawRect                              
20006465  drawRoundRect                         
200065cd  drawTriangle                          
2001f73c  errno                                 
20006203  fillCircle                            
2000623d  fillCircleHelper                      
20008623  fillRect                              
20006553  fillRoundRect                         
2000860d  fillScreen                            
2000660f  fillTriangle                          
200052bd  findPattern                           
2000bff5  free                                  
2000df29  frexp                                 
2000df29  frexpl                                
2001f6b8  g_Host                                
2001f6e8  g_SlDeviceStatus                      
2001f710  g_SpiFd                               
2001f630  g__SlNonOsCB                          
2001f5d9  g_bDeviceRestartIsRequired            
2001f5da  g_cDummy                              
2001f6ec  g_pCB                                 
2001f714  g_pHostIntHdl                         
20004000  g_pfnVectors                          
2001f57c  g_time                                
2001f5cc  g_ucConnectionBSSID                   
2001f5a8  g_ucConnectionSSID                    
2001f718  g_ucDMAEnabled                        
2001f52c  g_ucDinDout                           
2001f5db  g_ucLED1Pin                           
2001f5dc  g_ucLED2Pin                           
2001f5dd  g_ucLED3Pin                           
2001f704  g_uiLED1Port                          
2001f708  g_uiLED2Port                          
2001f70c  g_uiLED3Port                          
2001f6b4  g_ulGatewayIP                         
2001f6b0  g_ulPingPacketsRecv                   
2001f6ac  g_ulStatus                            
20008587  goTo                                  
20006a0f  height                                
2000884f  invert                                
2000c0cd  ldexp                                 
2000c0cd  ldexpl                                
2000e189  ltoa                                  
2000574d  main                                  
2000d7b1  malloc                                
2000f107  memccpy                               
2000c951  memcpy                                
2000ee75  memmove                               
2000d73d  memset                                
2000ea1d  minit                                 
2001f6f0  pPingCallBackFunc                     
2000747d  pow                                   
2000747d  powl                                  
20004d49  printErrConvenience                   
2000b595  realloc                               
20005109  sameArray                             
2000c0cd  scalbn                                
2000c0cd  scalbnl                               
200050fd  sendMessage                           
200069a7  setCursor                             
200069df  setTextColor                          
200069bf  setTextSize                           
200069f7  setTextWrap                           
2000e931  simplelink_timerA2_start              
2000de09  sl_Close                              
2000a365  sl_Connect                            
2000c269  sl_DevGet                             
2000ca89  sl_DevSet                             
2000e6bd  sl_Htonl                              
2000e96d  sl_Htons                              
2000ae59  sl_NetAppDnsGetHostByName             
2000be35  sl_NetAppMDNSRegisterUnregisterService
2000dcdd  sl_NetAppMDNSUnRegisterService        
2000cb21  sl_NetCfgSet                          
2000c8b1  sl_Recv                               
2000b211  sl_Send                               
2000cbb9  sl_SetSockOpt                         
2000d28d  sl_Socket                             
2000bb79  sl_Start                              
2000b8a9  sl_Stop                               
20008e85  sl_WlanConnect                        
2000ea55  sl_WlanDisconnect                     
2000cfcd  sl_WlanPolicySet                      
2000de69  sl_WlanProfileDel                     
2000d4ad  sl_WlanRxFilterSet                    
2000cc51  sl_WlanSet                            
2000dec9  sl_WlanSetMode                        
2000d829  spi_Close                             
2000abcd  spi_Open                              
2000b999  spi_Read                              
2000cce9  spi_Write                             
2000e781  sprintf                               
2000a7d9  sqrt                                  
2000a7d9  sqrtl                                 
2000f373  strchr                                
2000f3c5  strcpy                                
2000f3d9  strlen                                
2001f6cc  textbgcolor                           
2001f6c8  textcolor                             
2001f6c4  textsize                              
2000e3fd  uDMAChannelAssign                     
2000dd41  uDMAChannelAttributeDisable           
2000dda5  uDMAChannelAttributeEnable            
2000e9a9  uDMAChannelControlSet                 
2000f125  uDMAChannelEnable                     
2000ba89  uDMAChannelTransferSet                
2000e7c1  vsnprintf                             
2000f3ff  wcslen                                
20006a0b  width                                 
2001f6d0  wrap                                  
200083c9  writeCommand                          
2000840f  writeData                             


GLOBAL SYMBOLS: SORTED BY Symbol Address 

address   name                                  
-------   ----                                  
00001000  __STACK_SIZE                          
00008000  __SYSMEM_SIZE                         
20004000  g_pfnVectors                          
20004401  SimpleLinkWlanEventHandler            
2000450f  SimpleLinkNetAppEventHandler          
200045b1  SimpleLinkHttpServerCallback          
200045d5  SimpleLinkGeneralEventHandler         
200045f5  SimpleLinkSockEventHandler            
20004d49  printErrConvenience                   
200050e5  deleteChar                            
200050fd  sendMessage                           
20005109  sameArray                             
200052bd  findPattern                           
20005495  Process                               
2000574d  main                                  
20005fb1  drawCircle                            
200060e5  drawCircleHelper                      
20006203  fillCircle                            
2000623d  fillCircleHelper                      
2000632b  drawLine                              
20006417  drawRect                              
20006465  drawRoundRect                         
20006553  fillRoundRect                         
200065cd  drawTriangle                          
2000660f  fillTriangle                          
2000680f  drawChar                              
2000695b  Outstr                                
200069a7  setCursor                             
200069bf  setTextSize                           
200069df  setTextColor                          
200069f7  setTextWrap                           
20006a0b  width                                 
20006a0f  height                                
20006a31  __TI_printfi                          
2000747d  pow                                   
2000747d  powl                                  
200083c9  writeCommand                          
2000840f  writeData                             
20008455  Adafruit_Init                         
20008587  goTo                                  
200085cb  Color565                              
2000860d  fillScreen                            
20008623  fillRect                              
200086d9  drawFastVLine                         
20008775  drawFastHLine                         
20008811  drawPixel                             
2000884f  invert                                
2000886b  _nop                                  
200088a9  GPIO_IF_LedConfigure                  
200088e7  GPIO_IF_LedOn                         
2000899b  GPIO_IF_LedOff                        
20008a4f  GPIO_IF_LedStatus                     
20008ab9  GPIO_IF_LedToggle                     
20008ae7  GPIO_IF_GetPortNPin                   
20008b2d  GPIO_IF_ConfigureNIntEnable           
20008b75  GPIO_IF_Set                           
20008bb9  GPIO_IF_Get                           
20008c05  InitTerm                              
20008c23  Message                               
20008c45  ClearTerm                             
20008c4f  Error                                 
20008c87  GetCmd                                
20008d2d  TrimSpace                             
20008dc5  Report                                
20008e85  sl_WlanConnect                        
200095b5  _SlDrvDataReadOp                      
20009799  _SlDrvReleasePoolObj                  
20009b35  __aeabi_dsub                          
20009b3f  __aeabi_dadd                          
20009ceb  __aeabi_idiv0                         
20009ceb  __aeabi_ldiv0                         
20009ced  _SlDrvDriverCBInit                    
2000a0bd  Timer_IF_Init                         
2000a0ef  Timer_IF_IntSetup                     
2000a13b  Timer_IF_InterruptClear               
2000a153  Timer_IF_Start                        
2000a173  Timer_IF_Stop                         
2000a183  Timer_IF_DeInit                       
2000a19d  Timer_IF_ReLoad                       
2000a1b5  Timer_IF_GetCount                     
2000a1d5  _SlDrvWaitForPoolObj                  
2000a365  sl_Connect                            
2000a4f1  PRCMCC3200MCUInit                     
2000a7d9  sqrt                                  
2000a7d9  sqrtl                                 
2000a935  _SlDrvDataWriteOp                     
2000aa85  PinMuxConfig                          
2000abcd  spi_Open                              
2000ae59  sl_NetAppDnsGetHostByName             
2000b0d9  __aeabi_ddiv                          
2000b211  sl_Send                               
2000b345  _SlDrvDriverCBDeinit                  
2000b595  realloc                               
2000b6a9  _SlDrvNetAppEventHandler              
2000b7ad  __aeabi_dmul                          
2000b8a9  sl_Stop                               
2000b999  spi_Read                              
2000ba89  uDMAChannelTransferSet                
2000bb79  sl_Start                              
2000bd4d  _SlDrvMsgReadSpawnCtx                 
2000be35  sl_NetAppMDNSRegisterUnregisterService
2000bff5  free                                  
2000c0cd  ldexp                                 
2000c0cd  ldexpl                                
2000c0cd  scalbn                                
2000c0cd  scalbnl                               
2000c19d  _sl_HandleAsync_DnsGetHostByService   
2000c269  sl_DevGet                             
2000c3f9  _SlDrvCmdOp                           
2000c56d  _SlNonOsSemGet                        
2000c61d  IntDisable                            
2000c6c5  IntEnable                             
2000c76d  _SlDriverHandleError                  
2000c811  SPIConfigSetExpClk                    
2000c8b1  sl_Recv                               
2000c951  __aeabi_memcpy                        
2000c951  __aeabi_memcpy4                       
2000c951  __aeabi_memcpy8                       
2000c951  memcpy                                
2000c9ed  _SlDrvDeviceEventHandler              
2000ca89  sl_DevSet                             
2000cb21  sl_NetCfgSet                          
2000cbb9  sl_SetSockOpt                         
2000cc51  sl_WlanSet                            
2000cce9  spi_Write                             
2000cd81  __aeabi_uldivmod                      
2000ce19  PRCMPeripheralClockGet                
2000cead  _sl_HandleAsync_DnsGetHostByName      
2000cf3d  _sl_HandleAsync_PingResponse          
2000cfcd  sl_WlanPolicySet                      
2000d175  _SlDrvIsTimeoutExpired                
2000d201  _sl_HandleAsync_InitComplete          
2000d28d  sl_Socket                             
2000d319  PinConfigSet                          
2000d3a1  __aeabi_cdcmpeq                       
2000d3a1  __aeabi_cdcmple                       
2000d427  __aeabi_cdrcmple                      
2000d4ad  sl_WlanRxFilterSet                    
2000d531  GPIOIntTypeSet                        
2000d5b5  _sl_HandleAsync_Connect               
2000d735  __aeabi_memclr                        
2000d735  __aeabi_memclr4                       
2000d735  __aeabi_memclr8                       
2000d737  __aeabi_memset                        
2000d737  __aeabi_memset4                       
2000d737  __aeabi_memset8                       
2000d73d  memset                                
2000d7b1  malloc                                
2000d829  spi_Close                             
2000d8a1  UARTConfigSetExpClk                   
2000d919  _SlNonOsMainLoopTask                  
2000d98d  TimerIntRegister                      
2000da6d  _SlDrvCmdSend                         
2000dad9  _sl_NetAppSendTokenValue              
2000db45  TimerIntUnregister                    
2000dbad  __TI_decompress_lzss                  
2000dc15  _SlNonOsSpawn                         
2000dc79  _sl_HandleAsync_Accept                
2000dcdd  sl_NetAppMDNSUnRegisterService        
2000dd41  uDMAChannelAttributeDisable           
2000dda5  uDMAChannelAttributeEnable            
2000de09  sl_Close                              
2000de69  sl_WlanProfileDel                     
2000dec9  sl_WlanSetMode                        
2000df29  frexp                                 
2000df29  frexpl                                
2000df85  IntPendClear                          
2000dfdd  PRCMPeripheralReset                   
2000e08d  IntPrioritySet                        
2000e0e1  _SlDrvRxIrqHandler                    
2000e135  _sl_HandleAsync_Select                
2000e189  ltoa                                  
2000e231  _sl_HandleAsync_Stop                  
2000e281  SPIIntEnable                          
2000e319  _SlDrvProtectAsyncRespSetting         
2000e3b1  atoi                                  
2000e3fd  uDMAChannelAssign                     
2000e491  SPIIntClear                           
2000e4d9  _SlDrvBasicCmd                        
2000e521  __aeabi_d2iz                          
2000e5ad  TimerConfigure                        
2000e5f1  _SlDrvSyncObjWaitTimeout              
2000e635  __TI_auto_init_nobinit_nopinit        
2000e6bd  sl_Htonl                              
2000e701  PinModeSet                            
2000e781  sprintf                               
2000e7c1  vsnprintf                             
2000e801  NwpRegisterInterruptHandler           
2000e8b9  PRCMPeripheralClkEnable               
2000e931  simplelink_timerA2_start              
2000e96d  sl_Htons                              
2000e9a9  uDMAChannelControlSet                 
2000e9e5  NwpPowerOff                           
2000ea1d  minit                                 
2000ea55  sl_WlanDisconnect                     
2000ea8d  GPIODirModeSet                        
2000eac5  PRCMPeripheralStatusGet               
2000eaf9  SPIFIFOLevelSet                       
2000eb2d  PinTypeGPIO                           
2000eb5d  UARTDisable                           
2000ebbd  __aeabi_i2d                           
2000ebed  NwpPowerOn                            
2000ec19  PRCMSysResetCauseGet                  
2000ec71  _SlDrvProtectionObjLockWaitForever    
2000ec9d  TimerLoadSet                          
2000ecc7  TimerPrescaleSet                      
2000ecf1  PRCMPeripheralClkDisable              
2000ed19  _SlDrvGlobalObjUnLock                 
2000ed41  _SlDrvProtectionObjUnLock             
2000ed69  _SlDrvSyncObjWaitForever              
2000ed91  _c_int00_noargs                       
2000ede1  _SlDrvObjLockWaitForever              
2000ee09  DmaSpiSwIntHandler                    
2000ee2d  IntUnregister                         
2000ee51  UARTEnable                            
2000ee75  memmove                               
2000ee99  GPIOIntStatus                         
2000eebb  SPIReset                              
2000eedd  SPIWordCountSet                       
2000eeff  GPIOPinWrite                          
2000ef21  IntRegister                           
2000ef41  NwpPrePowerOffTimout0                 
2000ef61  SPIDataGet                            
2000ef81  TimerGetCurrentTimestamp              
2000efa1  _SlDrvObjUnLock                       
2000efc1  _SlDrvSyncObjSignal                   
2000efe1  GPIOIntRegister                       
2000efff  SPIDataPut                            
2000f01d  TimerDisable                          
2000f03b  TimerEnable                           
2000f059  TimerIntStatus                        
2000f077  UARTCharPut                           
2000f0b3  TimerValueGet                         
2000f0cf  UARTCharGetNonBlocking                
2000f0eb  _SlDrvStartMeasureTimeout             
2000f107  memccpy                               
2000f125  uDMAChannelEnable                     
2000f141  GPIOIntEnable                         
2000f15b  PinTypeSPI                            
2000f175  PinTypeUART                           
2000f18f  SPIDmaDisable                         
2000f1a9  SPIDmaEnable                          
2000f1c3  SPIFIFODisable                        
2000f1dd  SPIFIFOEnable                         
2000f1f7  SPIIntUnregister                      
2000f211  GPIOPinRead                           
2000f229  SPICSDisable                          
2000f241  SPICSEnable                           
2000f259  SPIDisable                            
2000f271  SPIEnable                             
2000f289  TimerIntDisable                       
2000f2a1  TimerIntEnable                        
2000f2b9  UARTCharsAvail                        
2000f2d1  _SlNonOsSemSet                        
2000f331  PRCMHIBRegRead                        
2000f347  PRCMHIBRegWrite                       
2000f35d  _SlDrvMemZero                         
2000f373  strchr                                
2000f389  CPUcpsie                              
2000f39d  GPIOIntClear                          
2000f3b1  IntVTableBaseSet                      
2000f3c5  strcpy                                
2000f3d9  strlen                                
2000f3ed  TimerIntClear                         
2000f3ff  wcslen                                
2000f411  _SlDrvDispatchHttpServerEvents        
2000f421  _SlDrvResetCmdExt                     
2000f42f  __TI_decompress_none                  
2000f43d  ResetISR                              
2000f44d  NwpMaskInterrupt                      
2000f459  NwpUnMaskInterrupt                    
2000f465  __TI_zero_init                        
2000f471  IntMasterEnable                       
2000f485  __aeabi_errno_addr                    
2000f48d  copysign                              
2000f48d  copysignl                             
2000f495  UtilsDelay                            
2000f49b  _system_pre_init                      
2000f49f  C$$EXIT                               
2000f49f  abort                                 
2000f9a3  _ctypes_                              
2000fde0  OpcodeTranslateTable                  
2000fe1c  _SlActionLookupTable                  
2001001a  _SlNetAppSendTokenValueCmdCtrl        
20010058  __TI_static_base__                    
200100f0  __TI_Handler_Table_Base               
200100fc  __TI_Handler_Table_Limit              
20010108  __TI_CINIT_Base                       
20010118  __TI_CINIT_Limit                      
20017000  _sys_memory                           
2001f52c  g_ucDinDout                           
2001f57c  g_time                                
2001f5a8  g_ucConnectionSSID                    
2001f5cc  g_ucConnectionBSSID                   
2001f5d8  RxIrqCnt                              
2001f5d9  g_bDeviceRestartIsRequired            
2001f5da  g_cDummy                              
2001f5db  g_ucLED1Pin                           
2001f5dc  g_ucLED2Pin                           
2001f5dd  g_ucLED3Pin                           
2001f630  g__SlNonOsCB                          
2001f6ac  g_ulStatus                            
2001f6b0  g_ulPingPacketsRecv                   
2001f6b4  g_ulGatewayIP                         
2001f6b8  g_Host                                
2001f6bc  cursor_x                              
2001f6c0  cursor_y                              
2001f6c4  textsize                              
2001f6c8  textcolor                             
2001f6cc  textbgcolor                           
2001f6d0  wrap                                  
2001f6e8  g_SlDeviceStatus                      
2001f6ec  g_pCB                                 
2001f6f0  pPingCallBackFunc                     
2001f704  g_uiLED1Port                          
2001f708  g_uiLED2Port                          
2001f70c  g_uiLED3Port                          
2001f710  g_SpiFd                               
2001f714  g_pHostIntHdl                         
2001f718  g_ucDMAEnabled                        
2001f71c  _lock                                 
2001f720  _unlock                               
2001f73c  errno                                 
2002f000  __stack                               
20030000  __STACK_END                           
ffffffff  __TI_pprof_out_hndl                   
ffffffff  __TI_prof_data_size                   
ffffffff  __TI_prof_data_start                  
ffffffff  __binit__                             
ffffffff  __c_args__                            
ffffffff  binit                                 
UNDEFED   __mpu_init                            
UNDEFED   _system_post_cinit                    

[333 symbols]
