<?xml version="1.0" encoding="ISO-8859-1" ?>
<link_info>
   <banner>TI ARM Linker PC v18.1.4.LTS</banner>
   <copyright>Copyright (c) 1996-2018 Texas Instruments Incorporated</copyright>
   <link_time>0x5c477570</link_time>
   <link_errors>0x0</link_errors>
   <output_file>lab2 part2.out</output_file>
   <entry_point>
      <name>_c_int00_noargs</name>
      <address>0x20008105</address>
   </entry_point>
   <input_file_list>
      <input_file id="fl-2">
         <path>.\</path>
         <kind>object</kind>
         <file>Adafruit_GFX.obj</file>
         <name>Adafruit_GFX.obj</name>
      </input_file>
      <input_file id="fl-3">
         <path>.\</path>
         <kind>object</kind>
         <file>Adafruit_OLED.obj</file>
         <name>Adafruit_OLED.obj</name>
      </input_file>
      <input_file id="fl-4">
         <path>.\</path>
         <kind>object</kind>
         <file>i2c_if.obj</file>
         <name>i2c_if.obj</name>
      </input_file>
      <input_file id="fl-5">
         <path>.\</path>
         <kind>object</kind>
         <file>main.obj</file>
         <name>main.obj</name>
      </input_file>
      <input_file id="fl-6">
         <path>.\</path>
         <kind>object</kind>
         <file>pin_mux_config.obj</file>
         <name>pin_mux_config.obj</name>
      </input_file>
      <input_file id="fl-7">
         <path>.\</path>
         <kind>object</kind>
         <file>startup_ccs.obj</file>
         <name>startup_ccs.obj</name>
      </input_file>
      <input_file id="fl-8">
         <path>.\</path>
         <kind>object</kind>
         <file>uart_if.obj</file>
         <name>uart_if.obj</name>
      </input_file>
      <input_file id="fl-d">
         <kind>object</kind>
         <file>&lt;internal&gt;</file>
         <name>&lt;internal&gt;</name>
      </input_file>
      <input_file id="fl-c3">
         <path>C:\TI\ccsv8\tools\compiler\ti-cgt-arm_18.1.4.LTS\lib\</path>
         <kind>archive</kind>
         <file>rtsv7M4_T_le_v4SPD16_eabi.lib</file>
         <name>fd_add_t2.asm.obj</name>
      </input_file>
      <input_file id="fl-c4">
         <path>C:\TI\ccsv8\tools\compiler\ti-cgt-arm_18.1.4.LTS\lib\</path>
         <kind>archive</kind>
         <file>rtsv7M4_T_le_v4SPD16_eabi.lib</file>
         <name>fd_mul_t2.asm.obj</name>
      </input_file>
      <input_file id="fl-c5">
         <path>C:\TI\ccsv8\tools\compiler\ti-cgt-arm_18.1.4.LTS\lib\</path>
         <kind>archive</kind>
         <file>rtsv7M4_T_le_v4SPD16_eabi.lib</file>
         <name>fd_toi_t2.asm.obj</name>
      </input_file>
      <input_file id="fl-c6">
         <path>C:\TI\ccsv8\tools\compiler\ti-cgt-arm_18.1.4.LTS\lib\</path>
         <kind>archive</kind>
         <file>rtsv7M4_T_le_v4SPD16_eabi.lib</file>
         <name>i_tofd_t2.asm.obj</name>
      </input_file>
      <input_file id="fl-c7">
         <path>C:\TI\ccsv8\tools\compiler\ti-cgt-arm_18.1.4.LTS\lib\</path>
         <kind>archive</kind>
         <file>rtsv7M4_T_le_v4SPD16_eabi.lib</file>
         <name>copy_zero_init.c.obj</name>
      </input_file>
      <input_file id="fl-c8">
         <path>C:\TI\ccsv8\tools\compiler\ti-cgt-arm_18.1.4.LTS\lib\</path>
         <kind>archive</kind>
         <file>rtsv7M4_T_le_v4SPD16_eabi.lib</file>
         <name>copy_decompress_none.c.obj</name>
      </input_file>
      <input_file id="fl-c9">
         <path>C:\TI\ccsv8\tools\compiler\ti-cgt-arm_18.1.4.LTS\lib\</path>
         <kind>archive</kind>
         <file>rtsv7M4_T_le_v4SPD16_eabi.lib</file>
         <name>copy_decompress_lzss.c.obj</name>
      </input_file>
      <input_file id="fl-ca">
         <path>C:\TI\ccsv8\tools\compiler\ti-cgt-arm_18.1.4.LTS\lib\</path>
         <kind>archive</kind>
         <file>rtsv7M4_T_le_v4SPD16_eabi.lib</file>
         <name>boot_cortex_m.c.obj</name>
      </input_file>
      <input_file id="fl-cb">
         <path>C:\TI\ccsv8\tools\compiler\ti-cgt-arm_18.1.4.LTS\lib\</path>
         <kind>archive</kind>
         <file>rtsv7M4_T_le_v4SPD16_eabi.lib</file>
         <name>exit.c.obj</name>
      </input_file>
      <input_file id="fl-cc">
         <path>C:\TI\ccsv8\tools\compiler\ti-cgt-arm_18.1.4.LTS\lib\</path>
         <kind>archive</kind>
         <file>rtsv7M4_T_le_v4SPD16_eabi.lib</file>
         <name>memory.c.obj</name>
      </input_file>
      <input_file id="fl-cd">
         <path>C:\TI\ccsv8\tools\compiler\ti-cgt-arm_18.1.4.LTS\lib\</path>
         <kind>archive</kind>
         <file>rtsv7M4_T_le_v4SPD16_eabi.lib</file>
         <name>_lock.c.obj</name>
      </input_file>
      <input_file id="fl-ce">
         <path>C:\TI\ccsv8\tools\compiler\ti-cgt-arm_18.1.4.LTS\lib\</path>
         <kind>archive</kind>
         <file>rtsv7M4_T_le_v4SPD16_eabi.lib</file>
         <name>args_main.c.obj</name>
      </input_file>
      <input_file id="fl-cf">
         <path>C:\TI\ccsv8\tools\compiler\ti-cgt-arm_18.1.4.LTS\lib\</path>
         <kind>archive</kind>
         <file>rtsv7M4_T_le_v4SPD16_eabi.lib</file>
         <name>memmov.c.obj</name>
      </input_file>
      <input_file id="fl-d0">
         <path>C:\TI\ccsv8\tools\compiler\ti-cgt-arm_18.1.4.LTS\lib\</path>
         <kind>archive</kind>
         <file>rtsv7M4_T_le_v4SPD16_eabi.lib</file>
         <name>strlen.c.obj</name>
      </input_file>
      <input_file id="fl-d1">
         <path>C:\TI\ccsv8\tools\compiler\ti-cgt-arm_18.1.4.LTS\lib\</path>
         <kind>archive</kind>
         <file>rtsv7M4_T_le_v4SPD16_eabi.lib</file>
         <name>vsnprintf.c.obj</name>
      </input_file>
      <input_file id="fl-d2">
         <path>C:\TI\ccsv8\tools\compiler\ti-cgt-arm_18.1.4.LTS\lib\</path>
         <kind>archive</kind>
         <file>rtsv7M4_T_le_v4SPD16_eabi.lib</file>
         <name>memcpy_t2.asm.obj</name>
      </input_file>
      <input_file id="fl-d3">
         <path>C:\TI\ccsv8\tools\compiler\ti-cgt-arm_18.1.4.LTS\lib\</path>
         <kind>archive</kind>
         <file>rtsv7M4_T_le_v4SPD16_eabi.lib</file>
         <name>memset_t2.asm.obj</name>
      </input_file>
      <input_file id="fl-d4">
         <path>C:\TI\ccsv8\tools\compiler\ti-cgt-arm_18.1.4.LTS\lib\</path>
         <kind>archive</kind>
         <file>rtsv7M4_T_le_v4SPD16_eabi.lib</file>
         <name>autoinit.c.obj</name>
      </input_file>
      <input_file id="fl-d5">
         <path>C:\TI\ccsv8\tools\compiler\ti-cgt-arm_18.1.4.LTS\lib\</path>
         <kind>archive</kind>
         <file>rtsv7M4_T_le_v4SPD16_eabi.lib</file>
         <name>pre_init.c.obj</name>
      </input_file>
      <input_file id="fl-d6">
         <path>C:\TI\ccsv8\tools\compiler\ti-cgt-arm_18.1.4.LTS\lib\</path>
         <kind>archive</kind>
         <file>rtsv7M4_T_le_v4SPD16_eabi.lib</file>
         <name>cpy_tbl.c.obj</name>
      </input_file>
      <input_file id="fl-d7">
         <path>C:\TI\ccsv8\tools\compiler\ti-cgt-arm_18.1.4.LTS\lib\</path>
         <kind>archive</kind>
         <file>rtsv7M4_T_le_v4SPD16_eabi.lib</file>
         <name>_printfi.c.obj</name>
      </input_file>
      <input_file id="fl-d8">
         <path>C:\TI\ccsv8\tools\compiler\ti-cgt-arm_18.1.4.LTS\lib\</path>
         <kind>archive</kind>
         <file>rtsv7M4_T_le_v4SPD16_eabi.lib</file>
         <name>atoi.c.obj</name>
      </input_file>
      <input_file id="fl-d9">
         <path>C:\TI\ccsv8\tools\compiler\ti-cgt-arm_18.1.4.LTS\lib\</path>
         <kind>archive</kind>
         <file>rtsv7M4_T_le_v4SPD16_eabi.lib</file>
         <name>ctype.c.obj</name>
      </input_file>
      <input_file id="fl-da">
         <path>C:\TI\ccsv8\tools\compiler\ti-cgt-arm_18.1.4.LTS\lib\</path>
         <kind>archive</kind>
         <file>rtsv7M4_T_le_v4SPD16_eabi.lib</file>
         <name>ltoa.c.obj</name>
      </input_file>
      <input_file id="fl-db">
         <path>C:\TI\ccsv8\tools\compiler\ti-cgt-arm_18.1.4.LTS\lib\</path>
         <kind>archive</kind>
         <file>rtsv7M4_T_le_v4SPD16_eabi.lib</file>
         <name>memccpy.c.obj</name>
      </input_file>
      <input_file id="fl-dc">
         <path>C:\TI\ccsv8\tools\compiler\ti-cgt-arm_18.1.4.LTS\lib\</path>
         <kind>archive</kind>
         <file>rtsv7M4_T_le_v4SPD16_eabi.lib</file>
         <name>strchr.c.obj</name>
      </input_file>
      <input_file id="fl-dd">
         <path>C:\TI\ccsv8\tools\compiler\ti-cgt-arm_18.1.4.LTS\lib\</path>
         <kind>archive</kind>
         <file>rtsv7M4_T_le_v4SPD16_eabi.lib</file>
         <name>wcslen.c.obj</name>
      </input_file>
      <input_file id="fl-de">
         <path>C:\TI\ccsv8\tools\compiler\ti-cgt-arm_18.1.4.LTS\lib\</path>
         <kind>archive</kind>
         <file>rtsv7M4_T_le_v4SPD16_eabi.lib</file>
         <name>s_frexp.c.obj</name>
      </input_file>
      <input_file id="fl-df">
         <path>C:\TI\ccsv8\tools\compiler\ti-cgt-arm_18.1.4.LTS\lib\</path>
         <kind>archive</kind>
         <file>rtsv7M4_T_le_v4SPD16_eabi.lib</file>
         <name>s_scalbn.c.obj</name>
      </input_file>
      <input_file id="fl-e0">
         <path>C:\TI\ccsv8\tools\compiler\ti-cgt-arm_18.1.4.LTS\lib\</path>
         <kind>archive</kind>
         <file>rtsv7M4_T_le_v4SPD16_eabi.lib</file>
         <name>fd_cmp_t2.asm.obj</name>
      </input_file>
      <input_file id="fl-e1">
         <path>C:\TI\ccsv8\tools\compiler\ti-cgt-arm_18.1.4.LTS\lib\</path>
         <kind>archive</kind>
         <file>rtsv7M4_T_le_v4SPD16_eabi.lib</file>
         <name>fd_div_t2.asm.obj</name>
      </input_file>
      <input_file id="fl-e2">
         <path>C:\TI\ccsv8\tools\compiler\ti-cgt-arm_18.1.4.LTS\lib\</path>
         <kind>archive</kind>
         <file>rtsv7M4_T_le_v4SPD16_eabi.lib</file>
         <name>ull_div_t2.asm.obj</name>
      </input_file>
      <input_file id="fl-e3">
         <path>C:\TI\ccsv8\tools\compiler\ti-cgt-arm_18.1.4.LTS\lib\</path>
         <kind>archive</kind>
         <file>rtsv7M4_T_le_v4SPD16_eabi.lib</file>
         <name>errno.c.obj</name>
      </input_file>
      <input_file id="fl-e4">
         <path>C:\TI\ccsv8\tools\compiler\ti-cgt-arm_18.1.4.LTS\lib\</path>
         <kind>archive</kind>
         <file>rtsv7M4_T_le_v4SPD16_eabi.lib</file>
         <name>s_copysign.c.obj</name>
      </input_file>
      <input_file id="fl-e5">
         <path>C:\TI\ccsv8\tools\compiler\ti-cgt-arm_18.1.4.LTS\lib\</path>
         <kind>archive</kind>
         <file>rtsv7M4_T_le_v4SPD16_eabi.lib</file>
         <name>div0.asm.obj</name>
      </input_file>
      <input_file id="fl-e6">
         <path>C:\TI\CC3200SDK_1.3.0\cc3200-sdk\driverlib\ccs\Release\</path>
         <kind>archive</kind>
         <file>driverlib.a</file>
         <name>gpio.obj</name>
      </input_file>
      <input_file id="fl-e7">
         <path>C:\TI\CC3200SDK_1.3.0\cc3200-sdk\driverlib\ccs\Release\</path>
         <kind>archive</kind>
         <file>driverlib.a</file>
         <name>i2c.obj</name>
      </input_file>
      <input_file id="fl-e8">
         <path>C:\TI\CC3200SDK_1.3.0\cc3200-sdk\driverlib\ccs\Release\</path>
         <kind>archive</kind>
         <file>driverlib.a</file>
         <name>interrupt.obj</name>
      </input_file>
      <input_file id="fl-e9">
         <path>C:\TI\CC3200SDK_1.3.0\cc3200-sdk\driverlib\ccs\Release\</path>
         <kind>archive</kind>
         <file>driverlib.a</file>
         <name>pin.obj</name>
      </input_file>
      <input_file id="fl-ea">
         <path>C:\TI\CC3200SDK_1.3.0\cc3200-sdk\driverlib\ccs\Release\</path>
         <kind>archive</kind>
         <file>driverlib.a</file>
         <name>prcm.obj</name>
      </input_file>
      <input_file id="fl-eb">
         <path>C:\TI\CC3200SDK_1.3.0\cc3200-sdk\driverlib\ccs\Release\</path>
         <kind>archive</kind>
         <file>driverlib.a</file>
         <name>spi.obj</name>
      </input_file>
      <input_file id="fl-ec">
         <path>C:\TI\CC3200SDK_1.3.0\cc3200-sdk\driverlib\ccs\Release\</path>
         <kind>archive</kind>
         <file>driverlib.a</file>
         <name>uart.obj</name>
      </input_file>
      <input_file id="fl-ed">
         <path>C:\TI\CC3200SDK_1.3.0\cc3200-sdk\driverlib\ccs\Release\</path>
         <kind>archive</kind>
         <file>driverlib.a</file>
         <name>utils.obj</name>
      </input_file>
      <input_file id="fl-ee">
         <path>C:\TI\CC3200SDK_1.3.0\cc3200-sdk\driverlib\ccs\Release\</path>
         <kind>archive</kind>
         <file>driverlib.a</file>
         <name>cpu.obj</name>
      </input_file>
      <input_file id="fl-ef">
         <path>C:\TI\CC3200SDK_1.3.0\cc3200-sdk\driverlib\ccs\Release\</path>
         <kind>archive</kind>
         <file>driverlib.a</file>
         <name>flash.obj</name>
      </input_file>
   </input_file_list>
   <object_component_list>
      <object_component id="oc-f">
         <name>.intvecs</name>
         <load_address>0x20004000</load_address>
         <run_address>0x20004000</run_address>
         <size>0x400</size>
         <input_file_ref idref="fl-7"/>
      </object_component>
      <object_component id="oc-11c">
         <name>.text</name>
         <load_address>0x20004400</load_address>
         <run_address>0x20004400</run_address>
         <size>0xa80</size>
         <input_file_ref idref="fl-2"/>
      </object_component>
      <object_component id="oc-2b3">
         <name>.text:__TI_printfi</name>
         <load_address>0x20004e80</load_address>
         <run_address>0x20004e80</run_address>
         <size>0xa5e</size>
         <input_file_ref idref="fl-d7"/>
      </object_component>
      <object_component id="oc-343">
         <name>.text:_nop</name>
         <load_address>0x200058de</load_address>
         <run_address>0x200058de</run_address>
         <size>0x2</size>
         <input_file_ref idref="fl-cd"/>
      </object_component>
      <object_component id="oc-116">
         <name>.text</name>
         <load_address>0x200058e0</load_address>
         <run_address>0x200058e0</run_address>
         <size>0x4aa</size>
         <input_file_ref idref="fl-3"/>
      </object_component>
      <object_component id="oc-43b">
         <name>.text</name>
         <load_address>0x20005d8a</load_address>
         <run_address>0x20005d8a</run_address>
         <size>0x2</size>
         <input_file_ref idref="fl-e5"/>
      </object_component>
      <object_component id="oc-e6">
         <name>.text</name>
         <load_address>0x20005d8c</load_address>
         <run_address>0x20005d8c</run_address>
         <size>0x284</size>
         <input_file_ref idref="fl-4"/>
      </object_component>
      <object_component id="oc-c2">
         <name>.text</name>
         <load_address>0x20006010</load_address>
         <run_address>0x20006010</run_address>
         <size>0x280</size>
         <input_file_ref idref="fl-8"/>
      </object_component>
      <object_component id="oc-94">
         <name>.text</name>
         <load_address>0x20006290</load_address>
         <run_address>0x20006290</run_address>
         <size>0x278</size>
         <input_file_ref idref="fl-5"/>
      </object_component>
      <object_component id="oc-387">
         <name>.text:_pconv_a</name>
         <load_address>0x20006508</load_address>
         <run_address>0x20006508</run_address>
         <size>0x270</size>
         <input_file_ref idref="fl-d7"/>
      </object_component>
      <object_component id="oc-375">
         <name>.text:_pconv_g</name>
         <load_address>0x20006778</load_address>
         <run_address>0x20006778</run_address>
         <size>0x1d0</size>
         <input_file_ref idref="fl-d7"/>
      </object_component>
      <object_component id="oc-12c">
         <name>.text</name>
         <load_address>0x20006948</load_address>
         <run_address>0x20006948</run_address>
         <size>0x1b6</size>
         <input_file_ref idref="fl-c3"/>
      </object_component>
      <object_component id="oc-da">
         <name>.text:PRCMCC3200MCUInit</name>
         <load_address>0x20006b00</load_address>
         <run_address>0x20006b00</run_address>
         <size>0x178</size>
         <input_file_ref idref="fl-ea"/>
      </object_component>
      <object_component id="oc-381">
         <name>.text:_pconv_e</name>
         <load_address>0x20006c78</load_address>
         <run_address>0x20006c78</run_address>
         <size>0x13c</size>
         <input_file_ref idref="fl-d7"/>
      </object_component>
      <object_component id="oc-3dc">
         <name>.text</name>
         <load_address>0x20006db4</load_address>
         <run_address>0x20006db4</run_address>
         <size>0x136</size>
         <input_file_ref idref="fl-e1"/>
      </object_component>
      <object_component id="oc-3f9">
         <name>.text:fcvt</name>
         <load_address>0x20006eec</load_address>
         <run_address>0x20006eec</run_address>
         <size>0x124</size>
         <input_file_ref idref="fl-d7"/>
      </object_component>
      <object_component id="oc-e0">
         <name>.text</name>
         <load_address>0x20007010</load_address>
         <run_address>0x20007010</run_address>
         <size>0x118</size>
         <input_file_ref idref="fl-6"/>
      </object_component>
      <object_component id="oc-1a6">
         <name>.text:realloc</name>
         <load_address>0x20007128</load_address>
         <run_address>0x20007128</run_address>
         <size>0x114</size>
         <input_file_ref idref="fl-cc"/>
      </object_component>
      <object_component id="oc-40d">
         <name>.text:scalbn</name>
         <load_address>0x2000723c</load_address>
         <run_address>0x2000723c</run_address>
         <size>0x110</size>
         <input_file_ref idref="fl-df"/>
      </object_component>
      <object_component id="oc-127">
         <name>.text</name>
         <load_address>0x2000734c</load_address>
         <run_address>0x2000734c</run_address>
         <size>0xfc</size>
         <input_file_ref idref="fl-c4"/>
      </object_component>
      <object_component id="oc-1ac">
         <name>.text:free</name>
         <load_address>0x20007448</load_address>
         <run_address>0x20007448</run_address>
         <size>0xd8</size>
         <input_file_ref idref="fl-cc"/>
      </object_component>
      <object_component id="oc-36a">
         <name>.text:_ltostr</name>
         <load_address>0x20007520</load_address>
         <run_address>0x20007520</run_address>
         <size>0xb1</size>
         <input_file_ref idref="fl-d7"/>
      </object_component>
      <object_component id="oc-d4">
         <name>.text:IntEnable</name>
         <load_address>0x200075d4</load_address>
         <run_address>0x200075d4</run_address>
         <size>0xa8</size>
         <input_file_ref idref="fl-e8"/>
      </object_component>
      <object_component id="oc-fe">
         <name>.text:SPIConfigSetExpClk</name>
         <load_address>0x2000767c</load_address>
         <run_address>0x2000767c</run_address>
         <size>0xa0</size>
         <input_file_ref idref="fl-eb"/>
      </object_component>
      <object_component id="oc-3a">
         <name>.text</name>
         <load_address>0x2000771c</load_address>
         <run_address>0x2000771c</run_address>
         <size>0x9c</size>
         <input_file_ref idref="fl-d2"/>
      </object_component>
      <object_component id="oc-3d5">
         <name>.text</name>
         <load_address>0x200077b8</load_address>
         <run_address>0x200077b8</run_address>
         <size>0x96</size>
         <input_file_ref idref="fl-e2"/>
      </object_component>
      <object_component id="oc-f8">
         <name>.text:PRCMPeripheralClockGet</name>
         <load_address>0x20007850</load_address>
         <run_address>0x20007850</run_address>
         <size>0x94</size>
         <input_file_ref idref="fl-ea"/>
      </object_component>
      <object_component id="oc-306">
         <name>.text:PinConfigSet</name>
         <load_address>0x200078e4</load_address>
         <run_address>0x200078e4</run_address>
         <size>0x88</size>
         <input_file_ref idref="fl-e9"/>
      </object_component>
      <object_component id="oc-370">
         <name>.text:__aeabi_cdcmple</name>
         <load_address>0x2000796c</load_address>
         <run_address>0x2000796c</run_address>
         <size>0x86</size>
         <input_file_ref idref="fl-e0"/>
      </object_component>
      <object_component id="oc-3e1">
         <name>.text:__aeabi_cdrcmple</name>
         <load_address>0x200079f2</load_address>
         <run_address>0x200079f2</run_address>
         <size>0x86</size>
         <input_file_ref idref="fl-e0"/>
      </object_component>
      <object_component id="oc-246">
         <name>.text:I2CMasterInitExpClk</name>
         <load_address>0x20007a78</load_address>
         <run_address>0x20007a78</run_address>
         <size>0x84</size>
         <input_file_ref idref="fl-e7"/>
      </object_component>
      <object_component id="oc-88">
         <name>.text</name>
         <load_address>0x20007afc</load_address>
         <run_address>0x20007afc</run_address>
         <size>0x7a</size>
         <input_file_ref idref="fl-d3"/>
      </object_component>
      <object_component id="oc-1a0">
         <name>.text:malloc</name>
         <load_address>0x20007b78</load_address>
         <run_address>0x20007b78</run_address>
         <size>0x78</size>
         <input_file_ref idref="fl-cc"/>
      </object_component>
      <object_component id="oc-176">
         <name>.text:UARTConfigSetExpClk</name>
         <load_address>0x20007bf0</load_address>
         <run_address>0x20007bf0</run_address>
         <size>0x76</size>
         <input_file_ref idref="fl-ec"/>
      </object_component>
      <object_component id="oc-3f2">
         <name>.text:_mcpy</name>
         <load_address>0x20007c66</load_address>
         <run_address>0x20007c66</run_address>
         <size>0x6e</size>
         <input_file_ref idref="fl-d7"/>
      </object_component>
      <object_component id="oc-12">
         <name>.text:decompress:lzss:__TI_decompress_lzss</name>
         <load_address>0x20007cd4</load_address>
         <run_address>0x20007cd4</run_address>
         <size>0x68</size>
         <input_file_ref idref="fl-c9"/>
      </object_component>
      <object_component id="oc-407">
         <name>.text:frexp</name>
         <load_address>0x20007d3c</load_address>
         <run_address>0x20007d3c</run_address>
         <size>0x64</size>
         <input_file_ref idref="fl-de"/>
      </object_component>
      <object_component id="oc-ec">
         <name>.text:PRCMPeripheralReset</name>
         <load_address>0x20007da0</load_address>
         <run_address>0x20007da0</run_address>
         <size>0x58</size>
         <input_file_ref idref="fl-ea"/>
      </object_component>
      <object_component id="oc-37b">
         <name>.text:_pconv_f</name>
         <load_address>0x20007df8</load_address>
         <run_address>0x20007df8</run_address>
         <size>0x56</size>
         <input_file_ref idref="fl-d7"/>
      </object_component>
      <object_component id="oc-3e6">
         <name>.text:ltoa</name>
         <load_address>0x20007e4e</load_address>
         <run_address>0x20007e4e</run_address>
         <size>0x54</size>
         <input_file_ref idref="fl-da"/>
      </object_component>
      <object_component id="oc-3ec">
         <name>.text:_ecpy</name>
         <load_address>0x20007ea2</load_address>
         <run_address>0x20007ea2</run_address>
         <size>0x52</size>
         <input_file_ref idref="fl-d7"/>
      </object_component>
      <object_component id="oc-364">
         <name>.text:atoi</name>
         <load_address>0x20007ef4</load_address>
         <run_address>0x20007ef4</run_address>
         <size>0x4c</size>
         <input_file_ref idref="fl-d8"/>
      </object_component>
      <object_component id="oc-131">
         <name>.text</name>
         <load_address>0x20007f40</load_address>
         <run_address>0x20007f40</run_address>
         <size>0x48</size>
         <input_file_ref idref="fl-c5"/>
      </object_component>
      <object_component id="oc-144">
         <name>.text:__TI_auto_init_nobinit_nopinit:__TI_auto_init_nobinit_nopinit</name>
         <load_address>0x20007f88</load_address>
         <run_address>0x20007f88</run_address>
         <size>0x44</size>
         <input_file_ref idref="fl-d4"/>
      </object_component>
      <object_component id="oc-1f1">
         <name>.text:PinModeSet</name>
         <load_address>0x20007fcc</load_address>
         <run_address>0x20007fcc</run_address>
         <size>0x40</size>
         <input_file_ref idref="fl-e9"/>
      </object_component>
      <object_component id="oc-182">
         <name>.text:vsnprintf</name>
         <load_address>0x2000800c</load_address>
         <run_address>0x2000800c</run_address>
         <size>0x40</size>
         <input_file_ref idref="fl-d1"/>
      </object_component>
      <object_component id="oc-3ff">
         <name>.text:_fcpy</name>
         <load_address>0x2000804c</load_address>
         <run_address>0x2000804c</run_address>
         <size>0x3e</size>
         <input_file_ref idref="fl-d7"/>
      </object_component>
      <object_component id="oc-1e4">
         <name>.text:PRCMPeripheralClkEnable</name>
         <load_address>0x2000808c</load_address>
         <run_address>0x2000808c</run_address>
         <size>0x3c</size>
         <input_file_ref idref="fl-ea"/>
      </object_component>
      <object_component id="oc-2e3">
         <name>.text:minsert</name>
         <load_address>0x200080c8</load_address>
         <run_address>0x200080c8</run_address>
         <size>0x3c</size>
         <input_file_ref idref="fl-cc"/>
      </object_component>
      <object_component id="oc-58">
         <name>.text:_c_int00_noargs:_c_int00_noargs</name>
         <load_address>0x20008104</load_address>
         <run_address>0x20008104</run_address>
         <size>0x38</size>
         <input_file_ref idref="fl-ca"/>
      </object_component>
      <object_component id="oc-2d7">
         <name>.text:minit</name>
         <load_address>0x2000813c</load_address>
         <run_address>0x2000813c</run_address>
         <size>0x38</size>
         <input_file_ref idref="fl-cc"/>
      </object_component>
      <object_component id="oc-1fd">
         <name>.text:GPIODirModeSet</name>
         <load_address>0x20008174</load_address>
         <run_address>0x20008174</run_address>
         <size>0x36</size>
         <input_file_ref idref="fl-e6"/>
      </object_component>
      <object_component id="oc-1f7">
         <name>.text:PinTypeGPIO</name>
         <load_address>0x200081aa</load_address>
         <run_address>0x200081aa</run_address>
         <size>0x30</size>
         <input_file_ref idref="fl-e9"/>
      </object_component>
      <object_component id="oc-2a5">
         <name>.text:UARTDisable</name>
         <load_address>0x200081dc</load_address>
         <run_address>0x200081dc</run_address>
         <size>0x30</size>
         <input_file_ref idref="fl-ec"/>
      </object_component>
      <object_component id="oc-2b9">
         <name>.text:_outs</name>
         <load_address>0x2000820c</load_address>
         <run_address>0x2000820c</run_address>
         <size>0x30</size>
         <input_file_ref idref="fl-d1"/>
      </object_component>
      <object_component id="oc-122">
         <name>.text</name>
         <load_address>0x2000823c</load_address>
         <run_address>0x2000823c</run_address>
         <size>0x2e</size>
         <input_file_ref idref="fl-c6"/>
      </object_component>
      <object_component id="oc-22e">
         <name>.text:I2CMasterErr</name>
         <load_address>0x2000826a</load_address>
         <run_address>0x2000826a</run_address>
         <size>0x2c</size>
         <input_file_ref idref="fl-e7"/>
      </object_component>
      <object_component id="oc-1d2">
         <name>.text:PRCMSysResetCauseGet</name>
         <load_address>0x20008298</load_address>
         <run_address>0x20008298</run_address>
         <size>0x2c</size>
         <input_file_ref idref="fl-ea"/>
      </object_component>
      <object_component id="oc-1ea">
         <name>.text:PRCMPeripheralClkDisable</name>
         <load_address>0x200082c4</load_address>
         <run_address>0x200082c4</run_address>
         <size>0x28</size>
         <input_file_ref idref="fl-ea"/>
      </object_component>
      <object_component id="oc-2dd">
         <name>.text:mremove</name>
         <load_address>0x200082ec</load_address>
         <run_address>0x200082ec</run_address>
         <size>0x28</size>
         <input_file_ref idref="fl-cc"/>
      </object_component>
      <object_component id="oc-2ab">
         <name>.text:UARTEnable</name>
         <load_address>0x20008314</load_address>
         <run_address>0x20008314</run_address>
         <size>0x24</size>
         <input_file_ref idref="fl-ec"/>
      </object_component>
      <object_component id="oc-19a">
         <name>.text:memmove</name>
         <load_address>0x20008338</load_address>
         <run_address>0x20008338</run_address>
         <size>0x24</size>
         <input_file_ref idref="fl-cf"/>
      </object_component>
      <object_component id="oc-234">
         <name>.text:I2CMasterSlaveAddrSet</name>
         <load_address>0x2000835c</load_address>
         <run_address>0x2000835c</run_address>
         <size>0x22</size>
         <input_file_ref idref="fl-e7"/>
      </object_component>
      <object_component id="oc-f2">
         <name>.text:SPIReset</name>
         <load_address>0x2000837e</load_address>
         <run_address>0x2000837e</run_address>
         <size>0x22</size>
         <input_file_ref idref="fl-eb"/>
      </object_component>
      <object_component id="oc-110">
         <name>.text:GPIOPinWrite</name>
         <load_address>0x200083a0</load_address>
         <run_address>0x200083a0</run_address>
         <size>0x20</size>
         <input_file_ref idref="fl-e6"/>
      </object_component>
      <object_component id="oc-264">
         <name>.text:SPIDataGet</name>
         <load_address>0x200083c0</load_address>
         <run_address>0x200083c0</run_address>
         <size>0x20</size>
         <input_file_ref idref="fl-eb"/>
      </object_component>
      <object_component id="oc-216">
         <name>.text:I2CMasterIntStatusEx</name>
         <load_address>0x200083e0</load_address>
         <run_address>0x200083e0</run_address>
         <size>0x1e</size>
         <input_file_ref idref="fl-e7"/>
      </object_component>
      <object_component id="oc-25e">
         <name>.text:SPIDataPut</name>
         <load_address>0x200083fe</load_address>
         <run_address>0x200083fe</run_address>
         <size>0x1e</size>
         <input_file_ref idref="fl-eb"/>
      </object_component>
      <object_component id="oc-17c">
         <name>.text:UARTCharPut</name>
         <load_address>0x2000841c</load_address>
         <run_address>0x2000841c</run_address>
         <size>0x1e</size>
         <input_file_ref idref="fl-ec"/>
      </object_component>
      <object_component id="oc-203">
         <name>.text:PinTypeI2C</name>
         <load_address>0x2000843a</load_address>
         <run_address>0x2000843a</run_address>
         <size>0x1c</size>
         <input_file_ref idref="fl-e9"/>
      </object_component>
      <object_component id="oc-18e">
         <name>.text:UARTCharGetNonBlocking</name>
         <load_address>0x20008456</load_address>
         <run_address>0x20008456</run_address>
         <size>0x1c</size>
         <input_file_ref idref="fl-ec"/>
      </object_component>
      <object_component id="oc-38d">
         <name>.text:memccpy</name>
         <load_address>0x20008472</load_address>
         <run_address>0x20008472</run_address>
         <size>0x1c</size>
         <input_file_ref idref="fl-db"/>
      </object_component>
      <object_component id="oc-209">
         <name>.text:PinTypeSPI</name>
         <load_address>0x2000848e</load_address>
         <run_address>0x2000848e</run_address>
         <size>0x1a</size>
         <input_file_ref idref="fl-e9"/>
      </object_component>
      <object_component id="oc-20f">
         <name>.text:PinTypeUART</name>
         <load_address>0x200084a8</load_address>
         <run_address>0x200084a8</run_address>
         <size>0x1a</size>
         <input_file_ref idref="fl-e9"/>
      </object_component>
      <object_component id="oc-26a">
         <name>.text:SPICSDisable</name>
         <load_address>0x200084c2</load_address>
         <run_address>0x200084c2</run_address>
         <size>0x18</size>
         <input_file_ref idref="fl-eb"/>
      </object_component>
      <object_component id="oc-10a">
         <name>.text:SPICSEnable</name>
         <load_address>0x200084da</load_address>
         <run_address>0x200084da</run_address>
         <size>0x18</size>
         <input_file_ref idref="fl-eb"/>
      </object_component>
      <object_component id="oc-104">
         <name>.text:SPIEnable</name>
         <load_address>0x200084f2</load_address>
         <run_address>0x200084f2</run_address>
         <size>0x18</size>
         <input_file_ref idref="fl-eb"/>
      </object_component>
      <object_component id="oc-188">
         <name>.text:UARTCharsAvail</name>
         <load_address>0x2000850a</load_address>
         <run_address>0x2000850a</run_address>
         <size>0x18</size>
         <input_file_ref idref="fl-ec"/>
      </object_component>
      <object_component id="oc-2bf">
         <name>.text:_outc</name>
         <load_address>0x20008522</load_address>
         <run_address>0x20008522</run_address>
         <size>0x18</size>
         <input_file_ref idref="fl-d1"/>
      </object_component>
      <object_component id="oc-23a">
         <name>.text:I2CMasterDataPut</name>
         <load_address>0x2000853a</load_address>
         <run_address>0x2000853a</run_address>
         <size>0x16</size>
         <input_file_ref idref="fl-e7"/>
      </object_component>
      <object_component id="oc-31e">
         <name>.text:I2CMasterEnable</name>
         <load_address>0x20008550</load_address>
         <run_address>0x20008550</run_address>
         <size>0x16</size>
         <input_file_ref idref="fl-e7"/>
      </object_component>
      <object_component id="oc-1d8">
         <name>.text:PRCMHIBRegRead</name>
         <load_address>0x20008566</load_address>
         <run_address>0x20008566</run_address>
         <size>0x16</size>
         <input_file_ref idref="fl-ea"/>
      </object_component>
      <object_component id="oc-1de">
         <name>.text:PRCMHIBRegWrite</name>
         <load_address>0x2000857c</load_address>
         <run_address>0x2000857c</run_address>
         <size>0x16</size>
         <input_file_ref idref="fl-ea"/>
      </object_component>
      <object_component id="oc-413">
         <name>.text:strchr</name>
         <load_address>0x20008592</load_address>
         <run_address>0x20008592</run_address>
         <size>0x16</size>
         <input_file_ref idref="fl-dc"/>
      </object_component>
      <object_component id="oc-1c2">
         <name>.text:CPUcpsie</name>
         <load_address>0x200085a8</load_address>
         <run_address>0x200085a8</run_address>
         <size>0x14</size>
         <input_file_ref idref="fl-ee"/>
      </object_component>
      <object_component id="oc-c8">
         <name>.text:IntVTableBaseSet</name>
         <load_address>0x200085bc</load_address>
         <run_address>0x200085bc</run_address>
         <size>0x14</size>
         <input_file_ref idref="fl-e8"/>
      </object_component>
      <object_component id="oc-450">
         <name>.text:copysign</name>
         <load_address>0x200085d0</load_address>
         <run_address>0x200085d0</run_address>
         <size>0x14</size>
         <input_file_ref idref="fl-e4"/>
      </object_component>
      <object_component id="oc-194">
         <name>.text:strlen</name>
         <load_address>0x200085e4</load_address>
         <run_address>0x200085e4</run_address>
         <size>0x14</size>
         <input_file_ref idref="fl-d0"/>
      </object_component>
      <object_component id="oc-228">
         <name>.text:I2CMasterControl</name>
         <load_address>0x200085f8</load_address>
         <run_address>0x200085f8</run_address>
         <size>0x12</size>
         <input_file_ref idref="fl-e7"/>
      </object_component>
      <object_component id="oc-21c">
         <name>.text:I2CMasterIntClearEx</name>
         <load_address>0x2000860a</load_address>
         <run_address>0x2000860a</run_address>
         <size>0x12</size>
         <input_file_ref idref="fl-e7"/>
      </object_component>
      <object_component id="oc-222">
         <name>.text:I2CMasterTimeoutSet</name>
         <load_address>0x2000861c</load_address>
         <run_address>0x2000861c</run_address>
         <size>0x12</size>
         <input_file_ref idref="fl-e7"/>
      </object_component>
      <object_component id="oc-46">
         <name>.text:decompress:ZI:__TI_zero_init_nomemset:__TI_zero_init_nomemset</name>
         <load_address>0x2000862e</load_address>
         <run_address>0x2000862e</run_address>
         <size>0x12</size>
         <input_file_ref idref="fl-c7"/>
      </object_component>
      <object_component id="oc-393">
         <name>.text:wcslen</name>
         <load_address>0x20008640</load_address>
         <run_address>0x20008640</run_address>
         <size>0x12</size>
         <input_file_ref idref="fl-dd"/>
      </object_component>
      <object_component id="oc-240">
         <name>.text:I2CMasterDataGet</name>
         <load_address>0x20008652</load_address>
         <run_address>0x20008652</run_address>
         <size>0xe</size>
         <input_file_ref idref="fl-e7"/>
      </object_component>
      <object_component id="oc-18">
         <name>.text:decompress:none:__TI_decompress_none</name>
         <load_address>0x20008660</load_address>
         <run_address>0x20008660</run_address>
         <size>0xe</size>
         <input_file_ref idref="fl-c8"/>
      </object_component>
      <object_component id="oc-26">
         <name>.text</name>
         <load_address>0x2000866e</load_address>
         <run_address>0x2000866e</run_address>
         <size>0xe</size>
         <input_file_ref idref="fl-7"/>
      </object_component>
      <object_component id="oc-ce">
         <name>.text:IntMasterEnable</name>
         <load_address>0x2000867c</load_address>
         <run_address>0x2000867c</run_address>
         <size>0xa</size>
         <input_file_ref idref="fl-e8"/>
      </object_component>
      <object_component id="oc-399">
         <name>.text:__aeabi_errno_addr</name>
         <load_address>0x20008688</load_address>
         <run_address>0x20008688</run_address>
         <size>0x8</size>
         <input_file_ref idref="fl-e3"/>
      </object_component>
      <object_component id="oc-2fd">
         <name>.text:UtilsDelay</name>
         <load_address>0x20008690</load_address>
         <run_address>0x20008690</run_address>
         <size>0x6</size>
         <input_file_ref idref="fl-ed"/>
      </object_component>
      <object_component id="oc-8e">
         <name>.text:_system_pre_init</name>
         <load_address>0x20008696</load_address>
         <run_address>0x20008696</run_address>
         <size>0x4</size>
         <input_file_ref idref="fl-d5"/>
      </object_component>
      <object_component id="oc-138">
         <name>.text:abort:abort</name>
         <load_address>0x2000869a</load_address>
         <run_address>0x2000869a</run_address>
         <size>0x4</size>
         <input_file_ref idref="fl-cb"/>
      </object_component>
      <object_component id="oc-272">
         <name>.const:.string:font</name>
         <load_address>0x200086a0</load_address>
         <run_address>0x200086a0</run_address>
         <size>0x4fb</size>
         <input_file_ref idref="fl-2"/>
      </object_component>
      <object_component id="oc-3d0">
         <name>.const:.string:_ctypes_</name>
         <load_address>0x20008b9b</load_address>
         <run_address>0x20008b9b</run_address>
         <size>0x101</size>
         <input_file_ref idref="fl-d9"/>
      </object_component>
      <object_component id="oc-302">
         <name>.const:g_ulPinToPadMap</name>
         <load_address>0x20008c9c</load_address>
         <run_address>0x20008c9c</run_address>
         <size>0x100</size>
         <input_file_ref idref="fl-e9"/>
      </object_component>
      <object_component id="oc-253">
         <name>.const:PRCM_PeriphRegsList</name>
         <load_address>0x20008d9c</load_address>
         <run_address>0x20008d9c</run_address>
         <size>0xa8</size>
         <input_file_ref idref="fl-ea"/>
      </object_component>
      <object_component id="oc-1ce">
         <name>.const</name>
         <load_address>0x20008e44</load_address>
         <run_address>0x20008e44</run_address>
         <size>0x80</size>
         <input_file_ref idref="fl-e8"/>
      </object_component>
      <object_component id="oc-4a6">
         <name>.cinit..data.load</name>
         <load_address>0x20008ec8</load_address>
         <run_address>0x20008ec8</run_address>
         <size>0x27</size>
      </object_component>
      <object_component id="oc-4a4">
         <name>__TI_handler_table</name>
         <load_address>0x20008ef0</load_address>
         <run_address>0x20008ef0</run_address>
         <size>0xc</size>
      </object_component>
      <object_component id="oc-4a7">
         <name>.cinit..bss.load</name>
         <load_address>0x20008f00</load_address>
         <run_address>0x20008f00</run_address>
         <size>0x8</size>
      </object_component>
      <object_component id="oc-4a5">
         <name>__TI_cinit_table</name>
         <load_address>0x20008f08</load_address>
         <run_address>0x20008f08</run_address>
         <size>0x10</size>
      </object_component>
      <object_component id="oc-275">
         <name>.data</name>
         <load_address>0x20017800</load_address>
         <run_address>0x20017800</run_address>
         <size>0x15</size>
         <input_file_ref idref="fl-2"/>
      </object_component>
      <object_component id="oc-2e9">
         <name>.data:$O1$$</name>
         <load_address>0x20017818</load_address>
         <run_address>0x20017818</run_address>
         <size>0xc</size>
         <input_file_ref idref="fl-cc"/>
      </object_component>
      <object_component id="oc-289">
         <name>.data:$O1$$</name>
         <load_address>0x20017824</load_address>
         <run_address>0x20017824</run_address>
         <size>0x8</size>
         <input_file_ref idref="fl-cd"/>
      </object_component>
      <object_component id="oc-423">
         <name>.data</name>
         <load_address>0x2001782c</load_address>
         <run_address>0x2001782c</run_address>
         <size>0x4</size>
         <input_file_ref idref="fl-e3"/>
      </object_component>
      <object_component id="oc-1b2">
         <name>.bss</name>
         <uninitialized>true</uninitialized>
         <run_address>0x20017830</run_address>
         <size>0x4</size>
         <input_file_ref idref="fl-8"/>
      </object_component>
      <object_component id="oc-23">
         <name>.sysmem</name>
         <uninitialized>true</uninitialized>
         <run_address>0x20017000</run_address>
         <size>0x8</size>
         <input_file_ref idref="fl-cc"/>
      </object_component>
      <object_component id="oc-4a9">
         <name>.sysmem</name>
         <uninitialized>true</uninitialized>
         <run_address>0x20017000</run_address>
         <size>0x0</size>
      </object_component>
      <object_component id="oc-20">
         <name>.stack</name>
         <uninitialized>true</uninitialized>
         <run_address>0x2002f800</run_address>
         <size>0x4</size>
         <input_file_ref idref="fl-ca"/>
      </object_component>
      <object_component id="oc-4a8">
         <name>.stack</name>
         <uninitialized>true</uninitialized>
         <run_address>0x2002f800</run_address>
         <size>0x0</size>
      </object_component>
      <object_component id="oc-279">
         <name>.debug_info</name>
         <load_address>0x0</load_address>
         <run_address>0x0</run_address>
         <size>0x33f</size>
         <input_file_ref idref="fl-2"/>
      </object_component>
      <object_component id="oc-273">
         <name>.debug_info</name>
         <load_address>0x33f</load_address>
         <run_address>0x33f</run_address>
         <size>0xc3</size>
         <input_file_ref idref="fl-2"/>
      </object_component>
      <object_component id="oc-276">
         <name>.debug_info</name>
         <load_address>0x402</load_address>
         <run_address>0x402</run_address>
         <size>0x171</size>
         <input_file_ref idref="fl-2"/>
      </object_component>
      <object_component id="oc-11d">
         <name>.debug_info</name>
         <load_address>0x573</load_address>
         <run_address>0x573</run_address>
         <size>0x152f</size>
         <input_file_ref idref="fl-2"/>
      </object_component>
      <object_component id="oc-35">
         <name>.debug_info</name>
         <load_address>0x1aa2</load_address>
         <run_address>0x1aa2</run_address>
         <size>0x84</size>
         <input_file_ref idref="fl-2"/>
      </object_component>
      <object_component id="oc-271">
         <name>.debug_info</name>
         <load_address>0x1b26</load_address>
         <run_address>0x1b26</run_address>
         <size>0x33a</size>
         <input_file_ref idref="fl-3"/>
      </object_component>
      <object_component id="oc-117">
         <name>.debug_info</name>
         <load_address>0x1e60</load_address>
         <run_address>0x1e60</run_address>
         <size>0xe4e</size>
         <input_file_ref idref="fl-3"/>
      </object_component>
      <object_component id="oc-330">
         <name>.debug_info</name>
         <load_address>0x2cae</load_address>
         <run_address>0x2cae</run_address>
         <size>0x62</size>
         <input_file_ref idref="fl-3"/>
      </object_component>
      <object_component id="oc-1c9">
         <name>.debug_info</name>
         <load_address>0x2d10</load_address>
         <run_address>0x2d10</run_address>
         <size>0x2c</size>
         <input_file_ref idref="fl-3"/>
      </object_component>
      <object_component id="oc-b9">
         <name>.debug_info</name>
         <load_address>0x2d3c</load_address>
         <run_address>0x2d3c</run_address>
         <size>0x2c</size>
         <input_file_ref idref="fl-3"/>
      </object_component>
      <object_component id="oc-252">
         <name>.debug_info</name>
         <load_address>0x2d68</load_address>
         <run_address>0x2d68</run_address>
         <size>0x596</size>
         <input_file_ref idref="fl-4"/>
      </object_component>
      <object_component id="oc-e7">
         <name>.debug_info</name>
         <load_address>0x32fe</load_address>
         <run_address>0x32fe</run_address>
         <size>0xba6</size>
         <input_file_ref idref="fl-4"/>
      </object_component>
      <object_component id="oc-280">
         <name>.debug_info</name>
         <load_address>0x3ea4</load_address>
         <run_address>0x3ea4</run_address>
         <size>0x26b</size>
         <input_file_ref idref="fl-4"/>
      </object_component>
      <object_component id="oc-1bc">
         <name>.debug_info</name>
         <load_address>0x410f</load_address>
         <run_address>0x410f</run_address>
         <size>0x110</size>
         <input_file_ref idref="fl-4"/>
      </object_component>
      <object_component id="oc-24d">
         <name>.debug_info</name>
         <load_address>0x421f</load_address>
         <run_address>0x421f</run_address>
         <size>0x8b</size>
         <input_file_ref idref="fl-4"/>
      </object_component>
      <object_component id="oc-2f3">
         <name>.debug_info</name>
         <load_address>0x42aa</load_address>
         <run_address>0x42aa</run_address>
         <size>0x297</size>
         <input_file_ref idref="fl-4"/>
      </object_component>
      <object_component id="oc-327">
         <name>.debug_info</name>
         <load_address>0x4541</load_address>
         <run_address>0x4541</run_address>
         <size>0xbb</size>
         <input_file_ref idref="fl-4"/>
      </object_component>
      <object_component id="oc-137">
         <name>.debug_info</name>
         <load_address>0x45fc</load_address>
         <run_address>0x45fc</run_address>
         <size>0x687</size>
         <input_file_ref idref="fl-5"/>
      </object_component>
      <object_component id="oc-96">
         <name>.debug_info</name>
         <load_address>0x4c83</load_address>
         <run_address>0x4c83</run_address>
         <size>0x548</size>
         <input_file_ref idref="fl-5"/>
      </object_component>
      <object_component id="oc-1b7">
         <name>.debug_info</name>
         <load_address>0x51cb</load_address>
         <run_address>0x51cb</run_address>
         <size>0x2c</size>
         <input_file_ref idref="fl-5"/>
      </object_component>
      <object_component id="oc-e1">
         <name>.debug_info</name>
         <load_address>0x51f7</load_address>
         <run_address>0x51f7</run_address>
         <size>0x388</size>
         <input_file_ref idref="fl-6"/>
      </object_component>
      <object_component id="oc-2e">
         <name>.debug_info</name>
         <load_address>0x557f</load_address>
         <run_address>0x557f</run_address>
         <size>0x2af</size>
         <input_file_ref idref="fl-7"/>
      </object_component>
      <object_component id="oc-10">
         <name>.debug_info</name>
         <load_address>0x582e</load_address>
         <run_address>0x582e</run_address>
         <size>0x100</size>
         <input_file_ref idref="fl-7"/>
      </object_component>
      <object_component id="oc-29">
         <name>.debug_info</name>
         <load_address>0x592e</load_address>
         <run_address>0x592e</run_address>
         <size>0x421</size>
         <input_file_ref idref="fl-7"/>
      </object_component>
      <object_component id="oc-1b6">
         <name>.debug_info</name>
         <load_address>0x5d4f</load_address>
         <run_address>0x5d4f</run_address>
         <size>0x4f4</size>
         <input_file_ref idref="fl-8"/>
      </object_component>
      <object_component id="oc-1b3">
         <name>.debug_info</name>
         <load_address>0x6243</load_address>
         <run_address>0x6243</run_address>
         <size>0xf7</size>
         <input_file_ref idref="fl-8"/>
      </object_component>
      <object_component id="oc-c3">
         <name>.debug_info</name>
         <load_address>0x633a</load_address>
         <run_address>0x633a</run_address>
         <size>0x8d3</size>
         <input_file_ref idref="fl-8"/>
      </object_component>
      <object_component id="oc-12e">
         <name>.debug_info</name>
         <load_address>0x6c0d</load_address>
         <run_address>0x6c0d</run_address>
         <size>0x14f</size>
         <input_file_ref idref="fl-c3"/>
      </object_component>
      <object_component id="oc-129">
         <name>.debug_info</name>
         <load_address>0x6d5c</load_address>
         <run_address>0x6d5c</run_address>
         <size>0x13d</size>
         <input_file_ref idref="fl-c4"/>
      </object_component>
      <object_component id="oc-132">
         <name>.debug_info</name>
         <load_address>0x6e99</load_address>
         <run_address>0x6e99</run_address>
         <size>0x131</size>
         <input_file_ref idref="fl-c5"/>
      </object_component>
      <object_component id="oc-125">
         <name>.debug_info</name>
         <load_address>0x6fca</load_address>
         <run_address>0x6fca</run_address>
         <size>0x12f</size>
         <input_file_ref idref="fl-c6"/>
      </object_component>
      <object_component id="oc-87">
         <name>.debug_info</name>
         <load_address>0x70f9</load_address>
         <run_address>0x70f9</run_address>
         <size>0x31e</size>
         <input_file_ref idref="fl-c7"/>
      </object_component>
      <object_component id="oc-49">
         <name>.debug_info</name>
         <load_address>0x7417</load_address>
         <run_address>0x7417</run_address>
         <size>0x1bf</size>
         <input_file_ref idref="fl-c7"/>
      </object_component>
      <object_component id="oc-82">
         <name>.debug_info</name>
         <load_address>0x75d6</load_address>
         <run_address>0x75d6</run_address>
         <size>0x46</size>
         <input_file_ref idref="fl-c7"/>
      </object_component>
      <object_component id="oc-45">
         <name>.debug_info</name>
         <load_address>0x761c</load_address>
         <run_address>0x761c</run_address>
         <size>0x2a8</size>
         <input_file_ref idref="fl-c8"/>
      </object_component>
      <object_component id="oc-1a">
         <name>.debug_info</name>
         <load_address>0x78c4</load_address>
         <run_address>0x78c4</run_address>
         <size>0x1ea</size>
         <input_file_ref idref="fl-c8"/>
      </object_component>
      <object_component id="oc-40">
         <name>.debug_info</name>
         <load_address>0x7aae</load_address>
         <run_address>0x7aae</run_address>
         <size>0x46</size>
         <input_file_ref idref="fl-c8"/>
      </object_component>
      <object_component id="oc-7a">
         <name>.debug_info</name>
         <load_address>0x7af4</load_address>
         <run_address>0x7af4</run_address>
         <size>0x2c</size>
         <input_file_ref idref="fl-c8"/>
      </object_component>
      <object_component id="oc-78">
         <name>.debug_info</name>
         <load_address>0x7b20</load_address>
         <run_address>0x7b20</run_address>
         <size>0x29e</size>
         <input_file_ref idref="fl-c9"/>
      </object_component>
      <object_component id="oc-14">
         <name>.debug_info</name>
         <load_address>0x7dbe</load_address>
         <run_address>0x7dbe</run_address>
         <size>0x250</size>
         <input_file_ref idref="fl-c9"/>
      </object_component>
      <object_component id="oc-30">
         <name>.debug_info</name>
         <load_address>0x800e</load_address>
         <run_address>0x800e</run_address>
         <size>0x60</size>
         <input_file_ref idref="fl-c9"/>
      </object_component>
      <object_component id="oc-b2">
         <name>.debug_info</name>
         <load_address>0x806e</load_address>
         <run_address>0x806e</run_address>
         <size>0x46</size>
         <input_file_ref idref="fl-c9"/>
      </object_component>
      <object_component id="oc-73">
         <name>.debug_info</name>
         <load_address>0x80b4</load_address>
         <run_address>0x80b4</run_address>
         <size>0x39</size>
         <input_file_ref idref="fl-c9"/>
      </object_component>
      <object_component id="oc-21">
         <name>.debug_info</name>
         <load_address>0x80ed</load_address>
         <run_address>0x80ed</run_address>
         <size>0x10b</size>
         <input_file_ref idref="fl-ca"/>
      </object_component>
      <object_component id="oc-5c">
         <name>.debug_info</name>
         <load_address>0x81f8</load_address>
         <run_address>0x81f8</run_address>
         <size>0x1af</size>
         <input_file_ref idref="fl-ca"/>
      </object_component>
      <object_component id="oc-139">
         <name>.debug_info</name>
         <load_address>0x83a7</load_address>
         <run_address>0x83a7</run_address>
         <size>0x122</size>
         <input_file_ref idref="fl-cb"/>
      </object_component>
      <object_component id="oc-6e">
         <name>.debug_info</name>
         <load_address>0x84c9</load_address>
         <run_address>0x84c9</run_address>
         <size>0x3c6</size>
         <input_file_ref idref="fl-cc"/>
      </object_component>
      <object_component id="oc-24">
         <name>.debug_info</name>
         <load_address>0x888f</load_address>
         <run_address>0x888f</run_address>
         <size>0x10c</size>
         <input_file_ref idref="fl-cc"/>
      </object_component>
      <object_component id="oc-2ea">
         <name>.debug_info</name>
         <load_address>0x899b</load_address>
         <run_address>0x899b</run_address>
         <size>0x157</size>
         <input_file_ref idref="fl-cc"/>
      </object_component>
      <object_component id="oc-2d8">
         <name>.debug_info</name>
         <load_address>0x8af2</load_address>
         <run_address>0x8af2</run_address>
         <size>0x144</size>
         <input_file_ref idref="fl-cc"/>
      </object_component>
      <object_component id="oc-2de">
         <name>.debug_info</name>
         <load_address>0x8c36</load_address>
         <run_address>0x8c36</run_address>
         <size>0x17f</size>
         <input_file_ref idref="fl-cc"/>
      </object_component>
      <object_component id="oc-2e4">
         <name>.debug_info</name>
         <load_address>0x8db5</load_address>
         <run_address>0x8db5</run_address>
         <size>0x17d</size>
         <input_file_ref idref="fl-cc"/>
      </object_component>
      <object_component id="oc-1a1">
         <name>.debug_info</name>
         <load_address>0x8f32</load_address>
         <run_address>0x8f32</run_address>
         <size>0x1e6</size>
         <input_file_ref idref="fl-cc"/>
      </object_component>
      <object_component id="oc-1ad">
         <name>.debug_info</name>
         <load_address>0x9118</load_address>
         <run_address>0x9118</run_address>
         <size>0x1f1</size>
         <input_file_ref idref="fl-cc"/>
      </object_component>
      <object_component id="oc-1a7">
         <name>.debug_info</name>
         <load_address>0x9309</load_address>
         <run_address>0x9309</run_address>
         <size>0x289</size>
         <input_file_ref idref="fl-cc"/>
      </object_component>
      <object_component id="oc-a8">
         <name>.debug_info</name>
         <load_address>0x9592</load_address>
         <run_address>0x9592</run_address>
         <size>0x2c</size>
         <input_file_ref idref="fl-cc"/>
      </object_component>
      <object_component id="oc-ad">
         <name>.debug_info</name>
         <load_address>0x95be</load_address>
         <run_address>0x95be</run_address>
         <size>0x62</size>
         <input_file_ref idref="fl-cc"/>
      </object_component>
      <object_component id="oc-34b">
         <name>.debug_info</name>
         <load_address>0x9620</load_address>
         <run_address>0x9620</run_address>
         <size>0x2c9</size>
         <input_file_ref idref="fl-cd"/>
      </object_component>
      <object_component id="oc-28a">
         <name>.debug_info</name>
         <load_address>0x98e9</load_address>
         <run_address>0x98e9</run_address>
         <size>0x11e</size>
         <input_file_ref idref="fl-cd"/>
      </object_component>
      <object_component id="oc-344">
         <name>.debug_info</name>
         <load_address>0x9a07</load_address>
         <run_address>0x9a07</run_address>
         <size>0x12e</size>
         <input_file_ref idref="fl-cd"/>
      </object_component>
      <object_component id="oc-2d6">
         <name>.debug_info</name>
         <load_address>0x9b35</load_address>
         <run_address>0x9b35</run_address>
         <size>0x2a5</size>
         <input_file_ref idref="fl-cf"/>
      </object_component>
      <object_component id="oc-19b">
         <name>.debug_info</name>
         <load_address>0x9dda</load_address>
         <run_address>0x9dda</run_address>
         <size>0x1b6</size>
         <input_file_ref idref="fl-cf"/>
      </object_component>
      <object_component id="oc-2d4">
         <name>.debug_info</name>
         <load_address>0x9f90</load_address>
         <run_address>0x9f90</run_address>
         <size>0x28f</size>
         <input_file_ref idref="fl-d0"/>
      </object_component>
      <object_component id="oc-195">
         <name>.debug_info</name>
         <load_address>0xa21f</load_address>
         <run_address>0xa21f</run_address>
         <size>0x24b</size>
         <input_file_ref idref="fl-d0"/>
      </object_component>
      <object_component id="oc-2c6">
         <name>.debug_info</name>
         <load_address>0xa46a</load_address>
         <run_address>0xa46a</run_address>
         <size>0x340</size>
         <input_file_ref idref="fl-d1"/>
      </object_component>
      <object_component id="oc-185">
         <name>.debug_info</name>
         <load_address>0xa7aa</load_address>
         <run_address>0xa7aa</run_address>
         <size>0x208</size>
         <input_file_ref idref="fl-d1"/>
      </object_component>
      <object_component id="oc-2ba">
         <name>.debug_info</name>
         <load_address>0xa9b2</load_address>
         <run_address>0xa9b2</run_address>
         <size>0x1c6</size>
         <input_file_ref idref="fl-d1"/>
      </object_component>
      <object_component id="oc-2c2">
         <name>.debug_info</name>
         <load_address>0xab78</load_address>
         <run_address>0xab78</run_address>
         <size>0x179</size>
         <input_file_ref idref="fl-d1"/>
      </object_component>
      <object_component id="oc-2c7">
         <name>.debug_info</name>
         <load_address>0xacf1</load_address>
         <run_address>0xacf1</run_address>
         <size>0x2c</size>
         <input_file_ref idref="fl-d1"/>
      </object_component>
      <object_component id="oc-2cc">
         <name>.debug_info</name>
         <load_address>0xad1d</load_address>
         <run_address>0xad1d</run_address>
         <size>0x69</size>
         <input_file_ref idref="fl-d1"/>
      </object_component>
      <object_component id="oc-3b">
         <name>.debug_info</name>
         <load_address>0xad86</load_address>
         <run_address>0xad86</run_address>
         <size>0x11c</size>
         <input_file_ref idref="fl-d2"/>
      </object_component>
      <object_component id="oc-89">
         <name>.debug_info</name>
         <load_address>0xaea2</load_address>
         <run_address>0xaea2</run_address>
         <size>0x14a</size>
         <input_file_ref idref="fl-d3"/>
      </object_component>
      <object_component id="oc-290">
         <name>.debug_info</name>
         <load_address>0xafec</load_address>
         <run_address>0xafec</run_address>
         <size>0x552</size>
         <input_file_ref idref="fl-d4"/>
      </object_component>
      <object_component id="oc-146">
         <name>.debug_info</name>
         <load_address>0xb53e</load_address>
         <run_address>0xb53e</run_address>
         <size>0x1a6</size>
         <input_file_ref idref="fl-d4"/>
      </object_component>
      <object_component id="oc-351">
         <name>.debug_info</name>
         <load_address>0xb6e4</load_address>
         <run_address>0xb6e4</run_address>
         <size>0x39</size>
         <input_file_ref idref="fl-d4"/>
      </object_component>
      <object_component id="oc-3c4">
         <name>.debug_info</name>
         <load_address>0xb71d</load_address>
         <run_address>0xb71d</run_address>
         <size>0x39</size>
         <input_file_ref idref="fl-d4"/>
      </object_component>
      <object_component id="oc-356">
         <name>.debug_info</name>
         <load_address>0xb756</load_address>
         <run_address>0xb756</run_address>
         <size>0x39</size>
         <input_file_ref idref="fl-d4"/>
      </object_component>
      <object_component id="oc-35b">
         <name>.debug_info</name>
         <load_address>0xb78f</load_address>
         <run_address>0xb78f</run_address>
         <size>0xcd</size>
         <input_file_ref idref="fl-d4"/>
      </object_component>
      <object_component id="oc-92">
         <name>.debug_info</name>
         <load_address>0xb85c</load_address>
         <run_address>0xb85c</run_address>
         <size>0x153</size>
         <input_file_ref idref="fl-d5"/>
      </object_component>
      <object_component id="oc-3a0">
         <name>.debug_info</name>
         <load_address>0xb9af</load_address>
         <run_address>0xb9af</run_address>
         <size>0x8b1</size>
         <input_file_ref idref="fl-d7"/>
      </object_component>
      <object_component id="oc-36b">
         <name>.debug_info</name>
         <load_address>0xc260</load_address>
         <run_address>0xc260</run_address>
         <size>0x21e</size>
         <input_file_ref idref="fl-d7"/>
      </object_component>
      <object_component id="oc-3ed">
         <name>.debug_info</name>
         <load_address>0xc47e</load_address>
         <run_address>0xc47e</run_address>
         <size>0x1b3</size>
         <input_file_ref idref="fl-d7"/>
      </object_component>
      <object_component id="oc-3f3">
         <name>.debug_info</name>
         <load_address>0xc631</load_address>
         <run_address>0xc631</run_address>
         <size>0x21b</size>
         <input_file_ref idref="fl-d7"/>
      </object_component>
      <object_component id="oc-376">
         <name>.debug_info</name>
         <load_address>0xc84c</load_address>
         <run_address>0xc84c</run_address>
         <size>0x3bb</size>
         <input_file_ref idref="fl-d7"/>
      </object_component>
      <object_component id="oc-3fa">
         <name>.debug_info</name>
         <load_address>0xcc07</load_address>
         <run_address>0xcc07</run_address>
         <size>0x305</size>
         <input_file_ref idref="fl-d7"/>
      </object_component>
      <object_component id="oc-400">
         <name>.debug_info</name>
         <load_address>0xcf0c</load_address>
         <run_address>0xcf0c</run_address>
         <size>0x215</size>
         <input_file_ref idref="fl-d7"/>
      </object_component>
      <object_component id="oc-37c">
         <name>.debug_info</name>
         <load_address>0xd121</load_address>
         <run_address>0xd121</run_address>
         <size>0x215</size>
         <input_file_ref idref="fl-d7"/>
      </object_component>
      <object_component id="oc-382">
         <name>.debug_info</name>
         <load_address>0xd336</load_address>
         <run_address>0xd336</run_address>
         <size>0x304</size>
         <input_file_ref idref="fl-d7"/>
      </object_component>
      <object_component id="oc-388">
         <name>.debug_info</name>
         <load_address>0xd63a</load_address>
         <run_address>0xd63a</run_address>
         <size>0x4b0</size>
         <input_file_ref idref="fl-d7"/>
      </object_component>
      <object_component id="oc-2b5">
         <name>.debug_info</name>
         <load_address>0xdaea</load_address>
         <run_address>0xdaea</run_address>
         <size>0x5d8</size>
         <input_file_ref idref="fl-d7"/>
      </object_component>
      <object_component id="oc-3a1">
         <name>.debug_info</name>
         <load_address>0xe0c2</load_address>
         <run_address>0xe0c2</run_address>
         <size>0x86</size>
         <input_file_ref idref="fl-d7"/>
      </object_component>
      <object_component id="oc-42a">
         <name>.debug_info</name>
         <load_address>0xe148</load_address>
         <run_address>0xe148</run_address>
         <size>0x39</size>
         <input_file_ref idref="fl-d7"/>
      </object_component>
      <object_component id="oc-467">
         <name>.debug_info</name>
         <load_address>0xe181</load_address>
         <run_address>0xe181</run_address>
         <size>0xb6</size>
         <input_file_ref idref="fl-d7"/>
      </object_component>
      <object_component id="oc-42f">
         <name>.debug_info</name>
         <load_address>0xe237</load_address>
         <run_address>0xe237</run_address>
         <size>0x46</size>
         <input_file_ref idref="fl-d7"/>
      </object_component>
      <object_component id="oc-3a6">
         <name>.debug_info</name>
         <load_address>0xe27d</load_address>
         <run_address>0xe27d</run_address>
         <size>0x46</size>
         <input_file_ref idref="fl-d7"/>
      </object_component>
      <object_component id="oc-3d4">
         <name>.debug_info</name>
         <load_address>0xe2c3</load_address>
         <run_address>0xe2c3</run_address>
         <size>0x2b9</size>
         <input_file_ref idref="fl-d8"/>
      </object_component>
      <object_component id="oc-367">
         <name>.debug_info</name>
         <load_address>0xe57c</load_address>
         <run_address>0xe57c</run_address>
         <size>0x17c</size>
         <input_file_ref idref="fl-d8"/>
      </object_component>
      <object_component id="oc-438">
         <name>.debug_info</name>
         <load_address>0xe6f8</load_address>
         <run_address>0xe6f8</run_address>
         <size>0xf9</size>
         <input_file_ref idref="fl-d9"/>
      </object_component>
      <object_component id="oc-3d1">
         <name>.debug_info</name>
         <load_address>0xe7f1</load_address>
         <run_address>0xe7f1</run_address>
         <size>0x105</size>
         <input_file_ref idref="fl-d9"/>
      </object_component>
      <object_component id="oc-444">
         <name>.debug_info</name>
         <load_address>0xe8f6</load_address>
         <run_address>0xe8f6</run_address>
         <size>0x29b</size>
         <input_file_ref idref="fl-da"/>
      </object_component>
      <object_component id="oc-3e8">
         <name>.debug_info</name>
         <load_address>0xeb91</load_address>
         <run_address>0xeb91</run_address>
         <size>0x1cd</size>
         <input_file_ref idref="fl-da"/>
      </object_component>
      <object_component id="oc-41b">
         <name>.debug_info</name>
         <load_address>0xed5e</load_address>
         <run_address>0xed5e</run_address>
         <size>0x296</size>
         <input_file_ref idref="fl-db"/>
      </object_component>
      <object_component id="oc-38f">
         <name>.debug_info</name>
         <load_address>0xeff4</load_address>
         <run_address>0xeff4</run_address>
         <size>0x1b6</size>
         <input_file_ref idref="fl-db"/>
      </object_component>
      <object_component id="oc-459">
         <name>.debug_info</name>
         <load_address>0xf1aa</load_address>
         <run_address>0xf1aa</run_address>
         <size>0x29a</size>
         <input_file_ref idref="fl-dc"/>
      </object_component>
      <object_component id="oc-414">
         <name>.debug_info</name>
         <load_address>0xf444</load_address>
         <run_address>0xf444</run_address>
         <size>0x268</size>
         <input_file_ref idref="fl-dc"/>
      </object_component>
      <object_component id="oc-422">
         <name>.debug_info</name>
         <load_address>0xf6ac</load_address>
         <run_address>0xf6ac</run_address>
         <size>0x28f</size>
         <input_file_ref idref="fl-dd"/>
      </object_component>
      <object_component id="oc-394">
         <name>.debug_info</name>
         <load_address>0xf93b</load_address>
         <run_address>0xf93b</run_address>
         <size>0x15a</size>
         <input_file_ref idref="fl-dd"/>
      </object_component>
      <object_component id="oc-45c">
         <name>.debug_info</name>
         <load_address>0xfa95</load_address>
         <run_address>0xfa95</run_address>
         <size>0x46</size>
         <input_file_ref idref="fl-dd"/>
      </object_component>
      <object_component id="oc-41d">
         <name>.debug_info</name>
         <load_address>0xfadb</load_address>
         <run_address>0xfadb</run_address>
         <size>0x39</size>
         <input_file_ref idref="fl-dd"/>
      </object_component>
      <object_component id="oc-44a">
         <name>.debug_info</name>
         <load_address>0xfb14</load_address>
         <run_address>0xfb14</run_address>
         <size>0x29a</size>
         <input_file_ref idref="fl-de"/>
      </object_component>
      <object_component id="oc-408">
         <name>.debug_info</name>
         <load_address>0xfdae</load_address>
         <run_address>0xfdae</run_address>
         <size>0x195</size>
         <input_file_ref idref="fl-de"/>
      </object_component>
      <object_component id="oc-473">
         <name>.debug_info</name>
         <load_address>0xff43</load_address>
         <run_address>0xff43</run_address>
         <size>0x39</size>
         <input_file_ref idref="fl-de"/>
      </object_component>
      <object_component id="oc-44b">
         <name>.debug_info</name>
         <load_address>0xff7c</load_address>
         <run_address>0xff7c</run_address>
         <size>0x2c</size>
         <input_file_ref idref="fl-de"/>
      </object_component>
      <object_component id="oc-457">
         <name>.debug_info</name>
         <load_address>0xffa8</load_address>
         <run_address>0xffa8</run_address>
         <size>0x2fd</size>
         <input_file_ref idref="fl-df"/>
      </object_component>
      <object_component id="oc-40e">
         <name>.debug_info</name>
         <load_address>0x102a5</load_address>
         <run_address>0x102a5</run_address>
         <size>0x225</size>
         <input_file_ref idref="fl-df"/>
      </object_component>
      <object_component id="oc-372">
         <name>.debug_info</name>
         <load_address>0x104ca</load_address>
         <run_address>0x104ca</run_address>
         <size>0x12b</size>
         <input_file_ref idref="fl-e0"/>
      </object_component>
      <object_component id="oc-3e4">
         <name>.debug_info</name>
         <load_address>0x105f5</load_address>
         <run_address>0x105f5</run_address>
         <size>0x12d</size>
         <input_file_ref idref="fl-e0"/>
      </object_component>
      <object_component id="oc-3de">
         <name>.debug_info</name>
         <load_address>0x10722</load_address>
         <run_address>0x10722</run_address>
         <size>0x13d</size>
         <input_file_ref idref="fl-e1"/>
      </object_component>
      <object_component id="oc-3d7">
         <name>.debug_info</name>
         <load_address>0x1085f</load_address>
         <run_address>0x1085f</run_address>
         <size>0x137</size>
         <input_file_ref idref="fl-e2"/>
      </object_component>
      <object_component id="oc-427">
         <name>.debug_info</name>
         <load_address>0x10996</load_address>
         <run_address>0x10996</run_address>
         <size>0x289</size>
         <input_file_ref idref="fl-e3"/>
      </object_component>
      <object_component id="oc-424">
         <name>.debug_info</name>
         <load_address>0x10c1f</load_address>
         <run_address>0x10c1f</run_address>
         <size>0x10e</size>
         <input_file_ref idref="fl-e3"/>
      </object_component>
      <object_component id="oc-39c">
         <name>.debug_info</name>
         <load_address>0x10d2d</load_address>
         <run_address>0x10d2d</run_address>
         <size>0x14e</size>
         <input_file_ref idref="fl-e3"/>
      </object_component>
      <object_component id="oc-454">
         <name>.debug_info</name>
         <load_address>0x10e7b</load_address>
         <run_address>0x10e7b</run_address>
         <size>0x161</size>
         <input_file_ref idref="fl-e4"/>
      </object_component>
      <object_component id="oc-43c">
         <name>.debug_info</name>
         <load_address>0x10fdc</load_address>
         <run_address>0x10fdc</run_address>
         <size>0x118</size>
         <input_file_ref idref="fl-e5"/>
      </object_component>
      <object_component id="oc-200">
         <name>.debug_info</name>
         <load_address>0x110f4</load_address>
         <run_address>0x110f4</run_address>
         <size>0x1e9</size>
         <input_file_ref idref="fl-e6"/>
      </object_component>
      <object_component id="oc-113">
         <name>.debug_info</name>
         <load_address>0x112dd</load_address>
         <run_address>0x112dd</run_address>
         <size>0x1e0</size>
         <input_file_ref idref="fl-e6"/>
      </object_component>
      <object_component id="oc-247">
         <name>.debug_info</name>
         <load_address>0x114bd</load_address>
         <run_address>0x114bd</run_address>
         <size>0x24e</size>
         <input_file_ref idref="fl-e7"/>
      </object_component>
      <object_component id="oc-31f">
         <name>.debug_info</name>
         <load_address>0x1170b</load_address>
         <run_address>0x1170b</run_address>
         <size>0x199</size>
         <input_file_ref idref="fl-e7"/>
      </object_component>
      <object_component id="oc-217">
         <name>.debug_info</name>
         <load_address>0x118a4</load_address>
         <run_address>0x118a4</run_address>
         <size>0x1d6</size>
         <input_file_ref idref="fl-e7"/>
      </object_component>
      <object_component id="oc-21d">
         <name>.debug_info</name>
         <load_address>0x11a7a</load_address>
         <run_address>0x11a7a</run_address>
         <size>0x1e4</size>
         <input_file_ref idref="fl-e7"/>
      </object_component>
      <object_component id="oc-235">
         <name>.debug_info</name>
         <load_address>0x11c5e</load_address>
         <run_address>0x11c5e</run_address>
         <size>0x21b</size>
         <input_file_ref idref="fl-e7"/>
      </object_component>
      <object_component id="oc-229">
         <name>.debug_info</name>
         <load_address>0x11e79</load_address>
         <run_address>0x11e79</run_address>
         <size>0x1ca</size>
         <input_file_ref idref="fl-e7"/>
      </object_component>
      <object_component id="oc-231">
         <name>.debug_info</name>
         <load_address>0x12043</load_address>
         <run_address>0x12043</run_address>
         <size>0x1af</size>
         <input_file_ref idref="fl-e7"/>
      </object_component>
      <object_component id="oc-23d">
         <name>.debug_info</name>
[...]
      </symbol>
      <symbol id="sm-151">
         <name>I2C_IF_Read</name>
         <value>0x20005eb1</value>
         <object_component_ref idref="oc-e6"/>
      </symbol>
      <symbol id="sm-152">
         <name>I2C_IF_ReadFrom</name>
         <value>0x20005f6d</value>
         <object_component_ref idref="oc-e6"/>
      </symbol>
      <symbol id="sm-153">
         <name>I2C_IF_Write</name>
         <value>0x20005e01</value>
         <object_component_ref idref="oc-e6"/>
      </symbol>
      <symbol id="sm-182">
         <name>main</name>
         <value>0x200062cf</value>
         <object_component_ref idref="oc-94"/>
      </symbol>
      <symbol id="sm-18e">
         <name>PinMuxConfig</name>
         <value>0x20007011</value>
         <object_component_ref idref="oc-e0"/>
      </symbol>
      <symbol id="sm-1ad">
         <name>ResetISR</name>
         <value>0x2000866f</value>
         <object_component_ref idref="oc-26"/>
      </symbol>
      <symbol id="sm-1ae">
         <name>g_pfnVectors</name>
         <value>0x20004000</value>
         <object_component_ref idref="oc-f"/>
      </symbol>
      <symbol id="sm-1eb">
         <name>GetCmd</name>
         <value>0x20006093</value>
         <object_component_ref idref="oc-c2"/>
      </symbol>
      <symbol id="sm-1ec">
         <name>Message</name>
         <value>0x2000602f</value>
         <object_component_ref idref="oc-c2"/>
      </symbol>
      <symbol id="sm-1ed">
         <name>Report</name>
         <value>0x200061d1</value>
         <object_component_ref idref="oc-c2"/>
      </symbol>
      <symbol id="sm-1ee">
         <name>Error</name>
         <value>0x2000605b</value>
         <object_component_ref idref="oc-c2"/>
      </symbol>
      <symbol id="sm-1ef">
         <name>InitTerm</name>
         <value>0x20006011</value>
         <object_component_ref idref="oc-c2"/>
      </symbol>
      <symbol id="sm-1f0">
         <name>ClearTerm</name>
         <value>0x20006051</value>
         <object_component_ref idref="oc-c2"/>
      </symbol>
      <symbol id="sm-1f1">
         <name>TrimSpace</name>
         <value>0x20006139</value>
         <object_component_ref idref="oc-c2"/>
      </symbol>
      <symbol id="sm-208">
         <name>__aeabi_dsub</name>
         <value>0x20006949</value>
         <object_component_ref idref="oc-12c"/>
      </symbol>
      <symbol id="sm-209">
         <name>__aeabi_dadd</name>
         <value>0x20006953</value>
         <object_component_ref idref="oc-12c"/>
      </symbol>
      <symbol id="sm-214">
         <name>__aeabi_dmul</name>
         <value>0x2000734d</value>
         <object_component_ref idref="oc-127"/>
      </symbol>
      <symbol id="sm-21e">
         <name>__aeabi_d2iz</name>
         <value>0x20007f41</value>
         <object_component_ref idref="oc-131"/>
      </symbol>
      <symbol id="sm-228">
         <name>__aeabi_i2d</name>
         <value>0x2000823d</value>
         <object_component_ref idref="oc-122"/>
      </symbol>
      <symbol id="sm-23c">
         <name>__TI_zero_init_nomemset</name>
         <value>0x2000862f</value>
         <object_component_ref idref="oc-46"/>
      </symbol>
      <symbol id="sm-253">
         <name>__TI_decompress_none</name>
         <value>0x20008661</value>
         <object_component_ref idref="oc-18"/>
      </symbol>
      <symbol id="sm-276">
         <name>__TI_decompress_lzss</name>
         <value>0x20007cd5</value>
         <object_component_ref idref="oc-12"/>
      </symbol>
      <symbol id="sm-289">
         <name>__stack</name>
         <value>0x2002f800</value>
         <object_component_ref idref="oc-20"/>
      </symbol>
      <symbol id="sm-28a">
         <name>_c_int00_noargs</name>
         <value>0x20008105</value>
         <object_component_ref idref="oc-58"/>
      </symbol>
      <symbol id="sm-295">
         <name>C$$EXIT</name>
         <value>0x2000869b</value>
         <object_component_ref idref="oc-138"/>
      </symbol>
      <symbol id="sm-296">
         <name>abort</name>
         <value>0x2000869b</value>
         <object_component_ref idref="oc-138"/>
      </symbol>
      <symbol id="sm-32c">
         <name>_sys_memory</name>
         <value>0x20017000</value>
         <object_component_ref idref="oc-23"/>
      </symbol>
      <symbol id="sm-32d">
         <name>free</name>
         <value>0x20007449</value>
         <object_component_ref idref="oc-1ac"/>
      </symbol>
      <symbol id="sm-32e">
         <name>realloc</name>
         <value>0x20007129</value>
         <object_component_ref idref="oc-1a6"/>
      </symbol>
      <symbol id="sm-32f">
         <name>malloc</name>
         <value>0x20007b79</value>
         <object_component_ref idref="oc-1a0"/>
      </symbol>
      <symbol id="sm-330">
         <name>minit</name>
         <value>0x2000813d</value>
         <object_component_ref idref="oc-2d7"/>
      </symbol>
      <symbol id="sm-345">
         <name>_nop</name>
         <value>0x200058df</value>
         <object_component_ref idref="oc-343"/>
      </symbol>
      <symbol id="sm-346">
         <name>_lock</name>
         <value>0x20017824</value>
         <object_component_ref idref="oc-289"/>
      </symbol>
      <symbol id="sm-347">
         <name>_unlock</name>
         <value>0x20017828</value>
         <object_component_ref idref="oc-289"/>
      </symbol>
      <symbol id="sm-358">
         <name>memmove</name>
         <value>0x20008339</value>
         <object_component_ref idref="oc-19a"/>
      </symbol>
      <symbol id="sm-366">
         <name>strlen</name>
         <value>0x200085e5</value>
         <object_component_ref idref="oc-194"/>
      </symbol>
      <symbol id="sm-395">
         <name>vsnprintf</name>
         <value>0x2000800d</value>
         <object_component_ref idref="oc-182"/>
      </symbol>
      <symbol id="sm-3b0">
         <name>memcpy</name>
         <value>0x2000771d</value>
         <object_component_ref idref="oc-3a"/>
      </symbol>
      <symbol id="sm-3b1">
         <name>__aeabi_memcpy</name>
         <value>0x2000771d</value>
         <object_component_ref idref="oc-3a"/>
      </symbol>
      <symbol id="sm-3b2">
         <name>__aeabi_memcpy8</name>
         <value>0x2000771d</value>
         <object_component_ref idref="oc-3a"/>
      </symbol>
      <symbol id="sm-3b3">
         <name>__aeabi_memcpy4</name>
         <value>0x2000771d</value>
         <object_component_ref idref="oc-3a"/>
      </symbol>
      <symbol id="sm-3c2">
         <name>__aeabi_memset</name>
         <value>0x20007aff</value>
         <object_component_ref idref="oc-88"/>
      </symbol>
      <symbol id="sm-3c3">
         <name>memset</name>
         <value>0x20007b05</value>
         <object_component_ref idref="oc-88"/>
      </symbol>
      <symbol id="sm-3c4">
         <name>__aeabi_memset8</name>
         <value>0x20007aff</value>
         <object_component_ref idref="oc-88"/>
      </symbol>
      <symbol id="sm-3c5">
         <name>__aeabi_memset4</name>
         <value>0x20007aff</value>
         <object_component_ref idref="oc-88"/>
      </symbol>
      <symbol id="sm-3c6">
         <name>__aeabi_memclr8</name>
         <value>0x20007afd</value>
         <object_component_ref idref="oc-88"/>
      </symbol>
      <symbol id="sm-3c7">
         <name>__aeabi_memclr4</name>
         <value>0x20007afd</value>
         <object_component_ref idref="oc-88"/>
      </symbol>
      <symbol id="sm-3c8">
         <name>__aeabi_memclr</name>
         <value>0x20007afd</value>
         <object_component_ref idref="oc-88"/>
      </symbol>
      <symbol id="sm-3f0">
         <name>__TI_auto_init_nobinit_nopinit</name>
         <value>0x20007f89</value>
         <object_component_ref idref="oc-144"/>
      </symbol>
      <symbol id="sm-3fa">
         <name>_system_pre_init</name>
         <value>0x20008697</value>
         <object_component_ref idref="oc-8e"/>
      </symbol>
      <symbol id="sm-560">
         <name>__TI_printfi</name>
         <value>0x20004e81</value>
         <object_component_ref idref="oc-2b3"/>
      </symbol>
      <symbol id="sm-576">
         <name>atoi</name>
         <value>0x20007ef5</value>
         <object_component_ref idref="oc-364"/>
      </symbol>
      <symbol id="sm-581">
         <name>_ctypes_</name>
         <value>0x20008b9b</value>
         <object_component_ref idref="oc-3d0"/>
      </symbol>
      <symbol id="sm-590">
         <name>ltoa</name>
         <value>0x20007e4f</value>
         <object_component_ref idref="oc-3e6"/>
      </symbol>
      <symbol id="sm-5a0">
         <name>memccpy</name>
         <value>0x20008473</value>
         <object_component_ref idref="oc-38d"/>
      </symbol>
      <symbol id="sm-5b0">
         <name>strchr</name>
         <value>0x20008593</value>
         <object_component_ref idref="oc-413"/>
      </symbol>
      <symbol id="sm-5c9">
         <name>wcslen</name>
         <value>0x20008641</value>
         <object_component_ref idref="oc-393"/>
      </symbol>
      <symbol id="sm-5e9">
         <name>frexpl</name>
         <value>0x20007d3d</value>
         <object_component_ref idref="oc-407"/>
      </symbol>
      <symbol id="sm-5ea">
         <name>frexp</name>
         <value>0x20007d3d</value>
         <object_component_ref idref="oc-407"/>
      </symbol>
      <symbol id="sm-607">
         <name>scalbn</name>
         <value>0x2000723d</value>
         <object_component_ref idref="oc-40d"/>
      </symbol>
      <symbol id="sm-608">
         <name>scalbnl</name>
         <value>0x2000723d</value>
         <object_component_ref idref="oc-40d"/>
      </symbol>
      <symbol id="sm-609">
         <name>ldexpl</name>
         <value>0x2000723d</value>
         <object_component_ref idref="oc-40d"/>
      </symbol>
      <symbol id="sm-60a">
         <name>ldexp</name>
         <value>0x2000723d</value>
         <object_component_ref idref="oc-40d"/>
      </symbol>
      <symbol id="sm-62c">
         <name>__aeabi_cdcmpeq</name>
         <value>0x2000796d</value>
         <object_component_ref idref="oc-370"/>
      </symbol>
      <symbol id="sm-62d">
         <name>__aeabi_cdcmple</name>
         <value>0x2000796d</value>
         <object_component_ref idref="oc-370"/>
      </symbol>
      <symbol id="sm-62e">
         <name>__aeabi_cdrcmple</name>
         <value>0x200079f3</value>
         <object_component_ref idref="oc-3e1"/>
      </symbol>
      <symbol id="sm-642">
         <name>__aeabi_ddiv</name>
         <value>0x20006db5</value>
         <object_component_ref idref="oc-3dc"/>
      </symbol>
      <symbol id="sm-64f">
         <name>__aeabi_uldivmod</name>
         <value>0x200077b9</value>
         <object_component_ref idref="oc-3d5"/>
      </symbol>
      <symbol id="sm-665">
         <name>__aeabi_errno_addr</name>
         <value>0x20008689</value>
         <object_component_ref idref="oc-399"/>
      </symbol>
      <symbol id="sm-666">
         <name>errno</name>
         <value>0x2001782c</value>
         <object_component_ref idref="oc-423"/>
      </symbol>
      <symbol id="sm-670">
         <name>copysign</name>
         <value>0x200085d1</value>
         <object_component_ref idref="oc-450"/>
      </symbol>
      <symbol id="sm-671">
         <name>copysignl</name>
         <value>0x200085d1</value>
         <object_component_ref idref="oc-450"/>
      </symbol>
      <symbol id="sm-67b">
         <name>__aeabi_idiv0</name>
         <value>0x20005d8b</value>
         <object_component_ref idref="oc-43b"/>
      </symbol>
      <symbol id="sm-67c">
         <name>__aeabi_ldiv0</name>
         <value>0x20005d8b</value>
         <object_component_ref idref="oc-43b"/>
      </symbol>
      <symbol id="sm-690">
         <name>GPIODirModeSet</name>
         <value>0x20008175</value>
         <object_component_ref idref="oc-1fd"/>
      </symbol>
      <symbol id="sm-691">
         <name>GPIOPinWrite</name>
         <value>0x200083a1</value>
         <object_component_ref idref="oc-110"/>
      </symbol>
      <symbol id="sm-6f5">
         <name>I2CMasterDataPut</name>
         <value>0x2000853b</value>
         <object_component_ref idref="oc-23a"/>
      </symbol>
      <symbol id="sm-6f6">
         <name>I2CMasterInitExpClk</name>
         <value>0x20007a79</value>
         <object_component_ref idref="oc-246"/>
      </symbol>
      <symbol id="sm-6f7">
         <name>I2CMasterIntClearEx</name>
         <value>0x2000860b</value>
         <object_component_ref idref="oc-21c"/>
      </symbol>
      <symbol id="sm-6f8">
         <name>I2CMasterSlaveAddrSet</name>
         <value>0x2000835d</value>
         <object_component_ref idref="oc-234"/>
      </symbol>
      <symbol id="sm-6f9">
         <name>I2CMasterDataGet</name>
         <value>0x20008653</value>
         <object_component_ref idref="oc-240"/>
      </symbol>
      <symbol id="sm-6fa">
         <name>I2CMasterErr</name>
         <value>0x2000826b</value>
         <object_component_ref idref="oc-22e"/>
      </symbol>
      <symbol id="sm-6fb">
         <name>I2CMasterTimeoutSet</name>
         <value>0x2000861d</value>
         <object_component_ref idref="oc-222"/>
      </symbol>
      <symbol id="sm-6fc">
         <name>I2CMasterControl</name>
         <value>0x200085f9</value>
         <object_component_ref idref="oc-228"/>
      </symbol>
      <symbol id="sm-6fd">
         <name>I2CMasterEnable</name>
         <value>0x20008551</value>
         <object_component_ref idref="oc-31e"/>
      </symbol>
      <symbol id="sm-6fe">
         <name>I2CMasterIntStatusEx</name>
         <value>0x200083e1</value>
         <object_component_ref idref="oc-216"/>
      </symbol>
      <symbol id="sm-735">
         <name>IntVTableBaseSet</name>
         <value>0x200085bd</value>
         <object_component_ref idref="oc-c8"/>
      </symbol>
      <symbol id="sm-736">
         <name>IntEnable</name>
         <value>0x200075d5</value>
         <object_component_ref idref="oc-d4"/>
      </symbol>
      <symbol id="sm-737">
         <name>IntMasterEnable</name>
         <value>0x2000867d</value>
         <object_component_ref idref="oc-ce"/>
      </symbol>
      <symbol id="sm-77e">
         <name>PinTypeI2C</name>
         <value>0x2000843b</value>
         <object_component_ref idref="oc-203"/>
      </symbol>
      <symbol id="sm-77f">
         <name>PinTypeUART</name>
         <value>0x200084a9</value>
         <object_component_ref idref="oc-20f"/>
      </symbol>
      <symbol id="sm-780">
         <name>PinTypeGPIO</name>
         <value>0x200081ab</value>
         <object_component_ref idref="oc-1f7"/>
      </symbol>
      <symbol id="sm-781">
         <name>PinConfigSet</name>
         <value>0x200078e5</value>
         <object_component_ref idref="oc-306"/>
      </symbol>
      <symbol id="sm-782">
         <name>PinTypeSPI</name>
         <value>0x2000848f</value>
         <object_component_ref idref="oc-209"/>
      </symbol>
      <symbol id="sm-783">
         <name>PinModeSet</name>
         <value>0x20007fcd</value>
         <object_component_ref idref="oc-1f1"/>
      </symbol>
      <symbol id="sm-809">
         <name>PRCMPeripheralReset</name>
         <value>0x20007da1</value>
         <object_component_ref idref="oc-ec"/>
      </symbol>
      <symbol id="sm-80a">
         <name>PRCMPeripheralClkEnable</name>
         <value>0x2000808d</value>
         <object_component_ref idref="oc-1e4"/>
      </symbol>
      <symbol id="sm-80b">
         <name>PRCMPeripheralClockGet</name>
         <value>0x20007851</value>
         <object_component_ref idref="oc-f8"/>
      </symbol>
      <symbol id="sm-80c">
         <name>PRCMCC3200MCUInit</name>
         <value>0x20006b01</value>
         <object_component_ref idref="oc-da"/>
      </symbol>
      <symbol id="sm-80d">
         <name>PRCMHIBRegWrite</name>
         <value>0x2000857d</value>
         <object_component_ref idref="oc-1de"/>
      </symbol>
      <symbol id="sm-80e">
         <name>PRCMSysResetCauseGet</name>
         <value>0x20008299</value>
         <object_component_ref idref="oc-1d2"/>
      </symbol>
      <symbol id="sm-80f">
         <name>PRCMPeripheralClkDisable</name>
         <value>0x200082c5</value>
         <object_component_ref idref="oc-1ea"/>
      </symbol>
      <symbol id="sm-810">
         <name>PRCMHIBRegRead</name>
         <value>0x20008567</value>
         <object_component_ref idref="oc-1d8"/>
      </symbol>
      <symbol id="sm-855">
         <name>SPICSEnable</name>
         <value>0x200084db</value>
         <object_component_ref idref="oc-10a"/>
      </symbol>
      <symbol id="sm-856">
         <name>SPIDataPut</name>
         <value>0x200083ff</value>
         <object_component_ref idref="oc-25e"/>
      </symbol>
      <symbol id="sm-857">
         <name>SPIEnable</name>
         <value>0x200084f3</value>
         <object_component_ref idref="oc-104"/>
      </symbol>
      <symbol id="sm-858">
         <name>SPIDataGet</name>
         <value>0x200083c1</value>
         <object_component_ref idref="oc-264"/>
      </symbol>
      <symbol id="sm-859">
         <name>SPIConfigSetExpClk</name>
         <value>0x2000767d</value>
         <object_component_ref idref="oc-fe"/>
      </symbol>
      <symbol id="sm-85a">
         <name>SPIReset</name>
         <value>0x2000837f</value>
         <object_component_ref idref="oc-f2"/>
      </symbol>
      <symbol id="sm-85b">
         <name>SPICSDisable</name>
         <value>0x200084c3</value>
         <object_component_ref idref="oc-26a"/>
      </symbol>
      <symbol id="sm-897">
         <name>UARTConfigSetExpClk</name>
         <value>0x20007bf1</value>
         <object_component_ref idref="oc-176"/>
      </symbol>
      <symbol id="sm-898">
         <name>UARTDisable</name>
         <value>0x200081dd</value>
         <object_component_ref idref="oc-2a5"/>
      </symbol>
      <symbol id="sm-899">
         <name>UARTCharsAvail</name>
         <value>0x2000850b</value>
         <object_component_ref idref="oc-188"/>
      </symbol>
      <symbol id="sm-89a">
         <name>UARTCharGetNonBlocking</name>
         <value>0x20008457</value>
         <object_component_ref idref="oc-18e"/>
      </symbol>
      <symbol id="sm-89b">
         <name>UARTCharPut</name>
         <value>0x2000841d</value>
         <object_component_ref idref="oc-17c"/>
      </symbol>
      <symbol id="sm-89c">
         <name>UARTEnable</name>
         <value>0x20008315</value>
         <object_component_ref idref="oc-2ab"/>
      </symbol>
      <symbol id="sm-8a0">
         <name>UtilsDelay</name>
         <value>0x20008691</value>
         <object_component_ref idref="oc-2fd"/>
      </symbol>
      <symbol id="sm-8aa">
         <name>CPUcpsie</name>
         <value>0x200085a9</value>
         <object_component_ref idref="oc-1c2"/>
      </symbol>
      <symbol id="sm-8ac">
         <name>__TI_static_base__</name>
         <value>0x20008ec8</value>
      </symbol>
      <symbol id="sm-8af">
         <name>__mpu_init</name>
         <value>0x0</value>
      </symbol>
      <symbol id="sm-8b0">
         <name>_system_post_cinit</name>
         <value>0x0</value>
      </symbol>
   </symbol_table>
   <title>Link successful</title>
</link_info>
