******************************************************************************
                  TI ARM Linker PC v18.1.4                     
******************************************************************************
>> Linked Tue Jan 22 11:56:32 2019

OUTPUT FILE NAME:   <lab2 part2.out>
ENTRY POINT SYMBOL: "_c_int00_noargs"  address: 20008105


MEMORY CONFIGURATION

         name            origin    length      used     unused   attr    fill
----------------------  --------  ---------  --------  --------  ----  --------
  SRAM_CODE             20004000   00013000  00004f12  0000e0ee  RW X
  SRAM_DATA             20017000   00019000  00001034  00017fcc  RW X


SEGMENT ALLOCATION MAP

run origin  load origin   length   init length attrs members
----------  ----------- ---------- ----------- ----- -------
20004000    20004000    00004f18   00004f18    r-x
  20004000    20004000    00000400   00000400    r-- .intvecs
  20004400    20004400    0000429e   0000429e    r-x .text
  200086a0    200086a0    00000824   00000824    r-- .const
  20008ec8    20008ec8    00000050   00000050    r-- .cinit
20017000    20017000    00000834   00000000    rw-
  20017000    20017000    00000800   00000000    rw- .sysmem
  20017800    20017800    00000030   00000000    rw- .data
  20017830    20017830    00000004   00000000    rw- .bss
2002f800    2002f800    00000800   00000000    rw-
  2002f800    2002f800    00000800   00000000    rw- .stack


SECTION ALLOCATION MAP

 output                                  attributes/
section   page    origin      length       input sections
--------  ----  ----------  ----------   ----------------
.intvecs   0    20004000    00000400     
                  20004000    00000400     startup_ccs.obj (.intvecs)

.init_array 
*          0    20004000    00000000     UNINITIALIZED

.text      0    20004400    0000429e     
                  20004400    00000a80     Adafruit_GFX.obj (.text)
                  20004e80    00000a5e     rtsv7M4_T_le_v4SPD16_eabi.lib : _printfi.c.obj (.text:__TI_printfi)
                  200058de    00000002                                   : _lock.c.obj (.text:_nop)
                  200058e0    000004aa     Adafruit_OLED.obj (.text)
                  20005d8a    00000002     rtsv7M4_T_le_v4SPD16_eabi.lib : div0.asm.obj (.text)
                  20005d8c    00000284     i2c_if.obj (.text)
                  20006010    00000280     uart_if.obj (.text)
                  20006290    00000278     main.obj (.text)
                  20006508    00000270     rtsv7M4_T_le_v4SPD16_eabi.lib : _printfi.c.obj (.text:_pconv_a)
                  20006778    000001d0                                   : _printfi.c.obj (.text:_pconv_g)
                  20006948    000001b6                                   : fd_add_t2.asm.obj (.text)
                  20006afe    00000002     --HOLE-- [fill = 0]
                  20006b00    00000178     driverlib.a : prcm.obj (.text:PRCMCC3200MCUInit)
                  20006c78    0000013c     rtsv7M4_T_le_v4SPD16_eabi.lib : _printfi.c.obj (.text:_pconv_e)
                  20006db4    00000136                                   : fd_div_t2.asm.obj (.text)
                  20006eea    00000002     --HOLE-- [fill = 0]
                  20006eec    00000124                                   : _printfi.c.obj (.text:fcvt)
                  20007010    00000118     pin_mux_config.obj (.text)
                  20007128    00000114     rtsv7M4_T_le_v4SPD16_eabi.lib : memory.c.obj (.text:realloc)
                  2000723c    00000110                                   : s_scalbn.c.obj (.text:scalbn)
                  2000734c    000000fc                                   : fd_mul_t2.asm.obj (.text)
                  20007448    000000d8                                   : memory.c.obj (.text:free)
                  20007520    000000b1                                   : _printfi.c.obj (.text:_ltostr)
                  200075d1    00000003     --HOLE-- [fill = 0]
                  200075d4    000000a8     driverlib.a : interrupt.obj (.text:IntEnable)
                  2000767c    000000a0                 : spi.obj (.text:SPIConfigSetExpClk)
                  2000771c    0000009c     rtsv7M4_T_le_v4SPD16_eabi.lib : memcpy_t2.asm.obj (.text)
                  200077b8    00000096                                   : ull_div_t2.asm.obj (.text)
                  2000784e    00000002     --HOLE-- [fill = 0]
                  20007850    00000094     driverlib.a : prcm.obj (.text:PRCMPeripheralClockGet)
                  200078e4    00000088                 : pin.obj (.text:PinConfigSet)
                  2000796c    00000086     rtsv7M4_T_le_v4SPD16_eabi.lib : fd_cmp_t2.asm.obj (.text:__aeabi_cdcmple)
                  200079f2    00000086                                   : fd_cmp_t2.asm.obj (.text:__aeabi_cdrcmple)
                  20007a78    00000084     driverlib.a : i2c.obj (.text:I2CMasterInitExpClk)
                  20007afc    0000007a     rtsv7M4_T_le_v4SPD16_eabi.lib : memset_t2.asm.obj (.text)
                  20007b76    00000002     --HOLE-- [fill = 0]
                  20007b78    00000078                                   : memory.c.obj (.text:malloc)
                  20007bf0    00000076     driverlib.a : uart.obj (.text:UARTConfigSetExpClk)
                  20007c66    0000006e     rtsv7M4_T_le_v4SPD16_eabi.lib : _printfi.c.obj (.text:_mcpy)
                  20007cd4    00000068                                   : copy_decompress_lzss.c.obj (.text:decompress:lzss:__TI_decompress_lzss)
                  20007d3c    00000064                                   : s_frexp.c.obj (.text:frexp)
                  20007da0    00000058     driverlib.a : prcm.obj (.text:PRCMPeripheralReset)
                  20007df8    00000056     rtsv7M4_T_le_v4SPD16_eabi.lib : _printfi.c.obj (.text:_pconv_f)
                  20007e4e    00000054                                   : ltoa.c.obj (.text:ltoa)
                  20007ea2    00000052                                   : _printfi.c.obj (.text:_ecpy)
                  20007ef4    0000004c                                   : atoi.c.obj (.text:atoi)
                  20007f40    00000048                                   : fd_toi_t2.asm.obj (.text)
                  20007f88    00000044                                   : autoinit.c.obj (.text:__TI_auto_init_nobinit_nopinit:__TI_auto_init_nobinit_nopinit)
                  20007fcc    00000040     driverlib.a : pin.obj (.text:PinModeSet)
                  2000800c    00000040     rtsv7M4_T_le_v4SPD16_eabi.lib : vsnprintf.c.obj (.text:vsnprintf)
                  2000804c    0000003e                                   : _printfi.c.obj (.text:_fcpy)
                  2000808a    00000002     --HOLE-- [fill = 0]
                  2000808c    0000003c     driverlib.a : prcm.obj (.text:PRCMPeripheralClkEnable)
                  200080c8    0000003c     rtsv7M4_T_le_v4SPD16_eabi.lib : memory.c.obj (.text:minsert)
                  20008104    00000038                                   : boot_cortex_m.c.obj (.text:_c_int00_noargs:_c_int00_noargs)
                  2000813c    00000038                                   : memory.c.obj (.text:minit)
                  20008174    00000036     driverlib.a : gpio.obj (.text:GPIODirModeSet)
                  200081aa    00000030                 : pin.obj (.text:PinTypeGPIO)
                  200081da    00000002     --HOLE-- [fill = 0]
                  200081dc    00000030                 : uart.obj (.text:UARTDisable)
                  2000820c    00000030     rtsv7M4_T_le_v4SPD16_eabi.lib : vsnprintf.c.obj (.text:_outs)
                  2000823c    0000002e                                   : i_tofd_t2.asm.obj (.text)
                  2000826a    0000002c     driverlib.a : i2c.obj (.text:I2CMasterErr)
                  20008296    00000002     --HOLE-- [fill = 0]
                  20008298    0000002c                 : prcm.obj (.text:PRCMSysResetCauseGet)
                  200082c4    00000028                 : prcm.obj (.text:PRCMPeripheralClkDisable)
                  200082ec    00000028     rtsv7M4_T_le_v4SPD16_eabi.lib : memory.c.obj (.text:mremove)
                  20008314    00000024     driverlib.a : uart.obj (.text:UARTEnable)
                  20008338    00000024     rtsv7M4_T_le_v4SPD16_eabi.lib : memmov.c.obj (.text:memmove)
                  2000835c    00000022     driverlib.a : i2c.obj (.text:I2CMasterSlaveAddrSet)
                  2000837e    00000022                 : spi.obj (.text:SPIReset)
                  200083a0    00000020                 : gpio.obj (.text:GPIOPinWrite)
                  200083c0    00000020                 : spi.obj (.text:SPIDataGet)
                  200083e0    0000001e                 : i2c.obj (.text:I2CMasterIntStatusEx)
                  200083fe    0000001e                 : spi.obj (.text:SPIDataPut)
                  2000841c    0000001e                 : uart.obj (.text:UARTCharPut)
                  2000843a    0000001c                 : pin.obj (.text:PinTypeI2C)
                  20008456    0000001c                 : uart.obj (.text:UARTCharGetNonBlocking)
                  20008472    0000001c     rtsv7M4_T_le_v4SPD16_eabi.lib : memccpy.c.obj (.text:memccpy)
                  2000848e    0000001a     driverlib.a : pin.obj (.text:PinTypeSPI)
                  200084a8    0000001a                 : pin.obj (.text:PinTypeUART)
                  200084c2    00000018                 : spi.obj (.text:SPICSDisable)
                  200084da    00000018                 : spi.obj (.text:SPICSEnable)
                  200084f2    00000018                 : spi.obj (.text:SPIEnable)
                  2000850a    00000018                 : uart.obj (.text:UARTCharsAvail)
                  20008522    00000018     rtsv7M4_T_le_v4SPD16_eabi.lib : vsnprintf.c.obj (.text:_outc)
                  2000853a    00000016     driverlib.a : i2c.obj (.text:I2CMasterDataPut)
                  20008550    00000016                 : i2c.obj (.text:I2CMasterEnable)
                  20008566    00000016                 : prcm.obj (.text:PRCMHIBRegRead)
                  2000857c    00000016                 : prcm.obj (.text:PRCMHIBRegWrite)
                  20008592    00000016     rtsv7M4_T_le_v4SPD16_eabi.lib : strchr.c.obj (.text:strchr)
                  200085a8    00000014     driverlib.a : cpu.obj (.text:CPUcpsie)
                  200085bc    00000014                 : interrupt.obj (.text:IntVTableBaseSet)
                  200085d0    00000014     rtsv7M4_T_le_v4SPD16_eabi.lib : s_copysign.c.obj (.text:copysign)
                  200085e4    00000014                                   : strlen.c.obj (.text:strlen)
                  200085f8    00000012     driverlib.a : i2c.obj (.text:I2CMasterControl)
                  2000860a    00000012                 : i2c.obj (.text:I2CMasterIntClearEx)
                  2000861c    00000012                 : i2c.obj (.text:I2CMasterTimeoutSet)
                  2000862e    00000012     rtsv7M4_T_le_v4SPD16_eabi.lib : copy_zero_init.c.obj (.text:decompress:ZI:__TI_zero_init_nomemset:__TI_zero_init_nomemset)
                  20008640    00000012                                   : wcslen.c.obj (.text:wcslen)
                  20008652    0000000e     driverlib.a : i2c.obj (.text:I2CMasterDataGet)
                  20008660    0000000e     rtsv7M4_T_le_v4SPD16_eabi.lib : copy_decompress_none.c.obj (.text:decompress:none:__TI_decompress_none)
                  2000866e    0000000e     startup_ccs.obj (.text)
                  2000867c    0000000a     driverlib.a : interrupt.obj (.text:IntMasterEnable)
                  20008686    00000002     --HOLE-- [fill = 0]
                  20008688    00000008     rtsv7M4_T_le_v4SPD16_eabi.lib : errno.c.obj (.text:__aeabi_errno_addr)
                  20008690    00000006     driverlib.a : utils.obj (.text:UtilsDelay)
                  20008696    00000004     rtsv7M4_T_le_v4SPD16_eabi.lib : pre_init.c.obj (.text:_system_pre_init)
                  2000869a    00000004                                   : exit.c.obj (.text:abort:abort)

.const     0    200086a0    00000824     
                  200086a0    000004fb     Adafruit_GFX.obj (.const:.string:font)
                  20008b9b    00000101     rtsv7M4_T_le_v4SPD16_eabi.lib : ctype.c.obj (.const:.string:_ctypes_)
                  20008c9c    00000100     driverlib.a : pin.obj (.const:g_ulPinToPadMap)
                  20008d9c    000000a8                 : prcm.obj (.const:PRCM_PeriphRegsList)
                  20008e44    00000080                 : interrupt.obj (.const)

.cinit     0    20008ec8    00000050     
                  20008ec8    00000027     (.cinit..data.load) [load image, compression = lzss]
                  20008eef    00000001     --HOLE-- [fill = 0]
                  20008ef0    0000000c     (__TI_handler_table)
                  20008efc    00000004     --HOLE-- [fill = 0]
                  20008f00    00000008     (.cinit..bss.load) [load image, compression = zero_init]
                  20008f08    00000010     (__TI_cinit_table)

.sysmem    0    20017000    00000800     UNINITIALIZED
                  20017000    00000008     rtsv7M4_T_le_v4SPD16_eabi.lib : memory.c.obj (.sysmem)
                  20017008    000007f8     --HOLE--

.data      0    20017800    00000030     UNINITIALIZED
                  20017800    00000015     Adafruit_GFX.obj (.data)
                  20017815    00000003     --HOLE--
                  20017818    0000000c     rtsv7M4_T_le_v4SPD16_eabi.lib : memory.c.obj (.data:$O1$$)
                  20017824    00000008                                   : _lock.c.obj (.data:$O1$$)
                  2001782c    00000004                                   : errno.c.obj (.data)

.bss       0    20017830    00000004     UNINITIALIZED
                  20017830    00000004     uart_if.obj (.bss)

.stack     0    2002f800    00000800     UNINITIALIZED
                  2002f800    00000004     rtsv7M4_T_le_v4SPD16_eabi.lib : boot_cortex_m.c.obj (.stack)
                  2002f804    000007fc     --HOLE--

MODULE SUMMARY

       Module                       code    ro data   rw data
       ------                       ----    -------   -------
    .\
       Adafruit_GFX.obj             2688    1275      21     
       Adafruit_OLED.obj            1194    0         0      
       startup_ccs.obj              14      1024      0      
       i2c_if.obj                   644     0         0      
       uart_if.obj                  640     0         4      
       main.obj                     632     0         0      
       pin_mux_config.obj           280     0         0      
    +--+----------------------------+-------+---------+---------+
       Total:                       6092    2299      25     
                                                             
    C:/TI/CC3200SDK_1.3.0/cc3200-sdk/driverlib/ccs/Release/driverlib.a
       prcm.obj                     800     168       0      
       pin.obj                      328     256       0      
       i2c.obj                      352     0         0      
       spi.obj                      328     0         0      
       interrupt.obj                198     128       0      
       uart.obj                     284     0         0      
       gpio.obj                     86      0         0      
       cpu.obj                      20      0         0      
       utils.obj                    6       0         0      
    +--+----------------------------+-------+---------+---------+
       Total:                       2402    552       0      
                                                             
    C:\TI\ccsv8\tools\compiler\ti-cgt-arm_18.1.4.LTS\lib\rtsv7M4_T_le_v4SPD16_eabi.lib
       _printfi.c.obj               4867    0         0      
       memory.c.obj                 768     0         12     
       fd_add_t2.asm.obj            438     0         0      
       fd_div_t2.asm.obj            310     0         0      
       s_scalbn.c.obj               272     0         0      
       fd_cmp_t2.asm.obj            268     0         0      
       ctype.c.obj                  0       257       0      
       fd_mul_t2.asm.obj            252     0         0      
       memcpy_t2.asm.obj            156     0         0      
       ull_div_t2.asm.obj           150     0         0      
       vsnprintf.c.obj              136     0         0      
       memset_t2.asm.obj            122     0         0      
       copy_decompress_lzss.c.obj   104     0         0      
       s_frexp.c.obj                100     0         0      
       ltoa.c.obj                   84      0         0      
       atoi.c.obj                   76      0         0      
       fd_toi_t2.asm.obj            72      0         0      
       autoinit.c.obj               68      0         0      
       boot_cortex_m.c.obj          56      0         0      
       i_tofd_t2.asm.obj            46      0         0      
       memmov.c.obj                 36      0         0      
       memccpy.c.obj                28      0         0      
       strchr.c.obj                 22      0         0      
       s_copysign.c.obj             20      0         0      
       strlen.c.obj                 20      0         0      
       copy_zero_init.c.obj         18      0         0      
       wcslen.c.obj                 18      0         0      
       copy_decompress_none.c.obj   14      0         0      
       errno.c.obj                  8       0         4      
       _lock.c.obj                  2       0         8      
       exit.c.obj                   4       0         0      
       pre_init.c.obj               4       0         0      
       div0.asm.obj                 2       0         0      
    +--+----------------------------+-------+---------+---------+
       Total:                       8541    257       24     
                                                             
       Heap:                        0       0         2048   
       Stack:                       0       0         2048   
       Linker Generated:            0       75        0      
    +--+----------------------------+-------+---------+---------+
       Grand Total:                 17035   3183      4145   


LINKER GENERATED COPY TABLES

__TI_cinit_table @ 20008f08 records: 2, size/record: 8, table size: 16
	.data: load addr=20008ec8, load size=00000027 bytes, run addr=20017800, run size=00000030 bytes, compression=lzss
	.bss: load addr=20008f00, load size=00000008 bytes, run addr=20017830, run size=00000004 bytes, compression=zero_init


LINKER GENERATED HANDLER TABLE

__TI_handler_table @ 20008ef0 records: 3, size/record: 4, table size: 12
	index: 0, handler: __TI_decompress_lzss
	index: 1, handler: __TI_decompress_none
	index: 2, handler: __TI_zero_init


GLOBAL SYMBOLS: SORTED ALPHABETICALLY BY Name 

address   name                          
-------   ----                          
20005975  Adafruit_Init                 
2000869b  C$$EXIT                       
200085a9  CPUcpsie                      
20006051  ClearTerm                     
20005aeb  Color565                      
2000605b  Error                         
20008175  GPIODirModeSet                
200083a1  GPIOPinWrite                  
20006093  GetCmd                        
200085f9  I2CMasterControl              
20008653  I2CMasterDataGet              
2000853b  I2CMasterDataPut              
20008551  I2CMasterEnable               
2000826b  I2CMasterErr                  
20007a79  I2CMasterInitExpClk           
2000860b  I2CMasterIntClearEx           
200083e1  I2CMasterIntStatusEx          
2000835d  I2CMasterSlaveAddrSet         
2000861d  I2CMasterTimeoutSet           
20005ffb  I2C_IF_Close                  
20005fb3  I2C_IF_Open                   
20005eb1  I2C_IF_Read                   
20005f6d  I2C_IF_ReadFrom               
20005e01  I2C_IF_Write                  
20006011  InitTerm                      
200075d5  IntEnable                     
2000867d  IntMasterEnable               
200085bd  IntVTableBaseSet              
2000602f  Message                       
20004dab  Outstr                        
20006b01  PRCMCC3200MCUInit             
20008567  PRCMHIBRegRead                
2000857d  PRCMHIBRegWrite               
200082c5  PRCMPeripheralClkDisable      
2000808d  PRCMPeripheralClkEnable       
20007851  PRCMPeripheralClockGet        
20007da1  PRCMPeripheralReset           
20008299  PRCMSysResetCauseGet          
200078e5  PinConfigSet                  
20007fcd  PinModeSet                    
20007011  PinMuxConfig                  
200081ab  PinTypeGPIO                   
2000843b  PinTypeI2C                    
2000848f  PinTypeSPI                    
200084a9  PinTypeUART                   
200061d1  Report                        
2000866f  ResetISR                      
200084c3  SPICSDisable                  
200084db  SPICSEnable                   
2000767d  SPIConfigSetExpClk            
200083c1  SPIDataGet                    
200083ff  SPIDataPut                    
200084f3  SPIEnable                     
2000837f  SPIReset                      
20006139  TrimSpace                     
20008457  UARTCharGetNonBlocking        
2000841d  UARTCharPut                   
2000850b  UARTCharsAvail                
20007bf1  UARTConfigSetExpClk           
200081dd  UARTDisable                   
20008315  UARTEnable                    
20008691  UtilsDelay                    
20030000  __STACK_END                   
00000800  __STACK_SIZE                  
00000800  __SYSMEM_SIZE                 
20008f08  __TI_CINIT_Base               
20008f18  __TI_CINIT_Limit              
20008ef0  __TI_Handler_Table_Base       
20008efc  __TI_Handler_Table_Limit      
20007f89  __TI_auto_init_nobinit_nopinit
20007cd5  __TI_decompress_lzss          
20008661  __TI_decompress_none          
ffffffff  __TI_pprof_out_hndl           
20004e81  __TI_printfi                  
ffffffff  __TI_prof_data_size           
ffffffff  __TI_prof_data_start          
20008ec8  __TI_static_base__            
2000862f  __TI_zero_init_nomemset       
2000796d  __aeabi_cdcmpeq               
2000796d  __aeabi_cdcmple               
200079f3  __aeabi_cdrcmple              
20007f41  __aeabi_d2iz                  
20006953  __aeabi_dadd                  
20006db5  __aeabi_ddiv                  
2000734d  __aeabi_dmul                  
20006949  __aeabi_dsub                  
20008689  __aeabi_errno_addr            
2000823d  __aeabi_i2d                   
20005d8b  __aeabi_idiv0                 
20005d8b  __aeabi_ldiv0                 
20007afd  __aeabi_memclr                
20007afd  __aeabi_memclr4               
20007afd  __aeabi_memclr8               
2000771d  __aeabi_memcpy                
2000771d  __aeabi_memcpy4               
2000771d  __aeabi_memcpy8               
20007aff  __aeabi_memset                
20007aff  __aeabi_memset4               
20007aff  __aeabi_memset8               
200077b9  __aeabi_uldivmod              
ffffffff  __binit__                     
ffffffff  __c_args__                    
UNDEFED   __mpu_init                    
2002f800  __stack                       
20008105  _c_int00_noargs               
20008b9b  _ctypes_                      
20017824  _lock                         
200058df  _nop                          
20017000  _sys_memory                   
UNDEFED   _system_post_cinit            
20008697  _system_pre_init              
20017828  _unlock                       
2000869b  abort                         
20007ef5  atoi                          
ffffffff  binit                         
200085d1  copysign                      
200085d1  copysignl                     
20017800  cursor_x                      
20017804  cursor_y                      
20004c5f  drawChar                      
20004401  drawCircle                    
20004535  drawCircleHelper              
20005c95  drawFastHLine                 
20005bf5  drawFastVLine                 
2000477b  drawLine                      
20005d31  drawPixel                     
20004867  drawRect                      
200048b5  drawRoundRect                 
20004a1d  drawTriangle                  
2001782c  errno                         
20004653  fillCircle                    
2000468d  fillCircleHelper              
20005b43  fillRect                      
200049a3  fillRoundRect                 
20005b2d  fillScreen                    
20004a5f  fillTriangle                  
20007449  free                          
20007d3d  frexp                         
20007d3d  frexpl                        
20004000  g_pfnVectors                  
20005aa7  goTo                          
20004e5f  height                        
20005d6f  invert                        
2000723d  ldexp                         
2000723d  ldexpl                        
20007e4f  ltoa                          
200062cf  main                          
20007b79  malloc                        
20008473  memccpy                       
2000771d  memcpy                        
20008339  memmove                       
20007b05  memset                        
2000813d  minit                         
20007129  realloc                       
2000723d  scalbn                        
2000723d  scalbnl                       
20004df7  setCursor                     
20004e2f  setTextColor                  
20004e0f  setTextSize                   
20004e47  setTextWrap                   
20008593  strchr                        
200085e5  strlen                        
20017810  textbgcolor                   
2001780c  textcolor                     
20017808  textsize                      
2000800d  vsnprintf                     
20008641  wcslen                        
20004e5b  width                         
20017814  wrap                          
200058e1  writeCommand                  
2000592b  writeData                     


GLOBAL SYMBOLS: SORTED BY Symbol Address 

address   name                          
-------   ----                          
00000800  __STACK_SIZE                  
00000800  __SYSMEM_SIZE                 
20004000  g_pfnVectors                  
20004401  drawCircle                    
20004535  drawCircleHelper              
20004653  fillCircle                    
2000468d  fillCircleHelper              
2000477b  drawLine                      
20004867  drawRect                      
200048b5  drawRoundRect                 
200049a3  fillRoundRect                 
20004a1d  drawTriangle                  
20004a5f  fillTriangle                  
20004c5f  drawChar                      
20004dab  Outstr                        
20004df7  setCursor                     
20004e0f  setTextSize                   
20004e2f  setTextColor                  
20004e47  setTextWrap                   
20004e5b  width                         
20004e5f  height                        
20004e81  __TI_printfi                  
200058df  _nop                          
200058e1  writeCommand                  
2000592b  writeData                     
20005975  Adafruit_Init                 
20005aa7  goTo                          
20005aeb  Color565                      
20005b2d  fillScreen                    
20005b43  fillRect                      
20005bf5  drawFastVLine                 
20005c95  drawFastHLine                 
20005d31  drawPixel                     
20005d6f  invert                        
20005d8b  __aeabi_idiv0                 
20005d8b  __aeabi_ldiv0                 
20005e01  I2C_IF_Write                  
20005eb1  I2C_IF_Read                   
20005f6d  I2C_IF_ReadFrom               
20005fb3  I2C_IF_Open                   
20005ffb  I2C_IF_Close                  
20006011  InitTerm                      
2000602f  Message                       
20006051  ClearTerm                     
2000605b  Error                         
20006093  GetCmd                        
20006139  TrimSpace                     
200061d1  Report                        
200062cf  main                          
20006949  __aeabi_dsub                  
20006953  __aeabi_dadd                  
20006b01  PRCMCC3200MCUInit             
20006db5  __aeabi_ddiv                  
20007011  PinMuxConfig                  
20007129  realloc                       
2000723d  ldexp                         
2000723d  ldexpl                        
2000723d  scalbn                        
2000723d  scalbnl                       
2000734d  __aeabi_dmul                  
20007449  free                          
200075d5  IntEnable                     
2000767d  SPIConfigSetExpClk            
2000771d  __aeabi_memcpy                
2000771d  __aeabi_memcpy4               
2000771d  __aeabi_memcpy8               
2000771d  memcpy                        
200077b9  __aeabi_uldivmod              
20007851  PRCMPeripheralClockGet        
200078e5  PinConfigSet                  
2000796d  __aeabi_cdcmpeq               
2000796d  __aeabi_cdcmple               
200079f3  __aeabi_cdrcmple              
20007a79  I2CMasterInitExpClk           
20007afd  __aeabi_memclr                
20007afd  __aeabi_memclr4               
20007afd  __aeabi_memclr8               
20007aff  __aeabi_memset                
20007aff  __aeabi_memset4               
20007aff  __aeabi_memset8               
20007b05  memset                        
20007b79  malloc                        
20007bf1  UARTConfigSetExpClk           
20007cd5  __TI_decompress_lzss          
20007d3d  frexp                         
20007d3d  frexpl                        
20007da1  PRCMPeripheralReset           
20007e4f  ltoa                          
20007ef5  atoi                          
20007f41  __aeabi_d2iz                  
20007f89  __TI_auto_init_nobinit_nopinit
20007fcd  PinModeSet                    
2000800d  vsnprintf                     
2000808d  PRCMPeripheralClkEnable       
20008105  _c_int00_noargs               
2000813d  minit                         
20008175  GPIODirModeSet                
200081ab  PinTypeGPIO                   
200081dd  UARTDisable                   
2000823d  __aeabi_i2d                   
2000826b  I2CMasterErr                  
20008299  PRCMSysResetCauseGet          
200082c5  PRCMPeripheralClkDisable      
20008315  UARTEnable                    
20008339  memmove                       
2000835d  I2CMasterSlaveAddrSet         
2000837f  SPIReset                      
200083a1  GPIOPinWrite                  
200083c1  SPIDataGet                    
200083e1  I2CMasterIntStatusEx          
200083ff  SPIDataPut                    
2000841d  UARTCharPut                   
2000843b  PinTypeI2C                    
20008457  UARTCharGetNonBlocking        
20008473  memccpy                       
2000848f  PinTypeSPI                    
200084a9  PinTypeUART                   
200084c3  SPICSDisable                  
200084db  SPICSEnable                   
200084f3  SPIEnable                     
2000850b  UARTCharsAvail                
2000853b  I2CMasterDataPut              
20008551  I2CMasterEnable               
20008567  PRCMHIBRegRead                
2000857d  PRCMHIBRegWrite               
20008593  strchr                        
200085a9  CPUcpsie                      
200085bd  IntVTableBaseSet              
200085d1  copysign                      
200085d1  copysignl                     
200085e5  strlen                        
200085f9  I2CMasterControl              
2000860b  I2CMasterIntClearEx           
2000861d  I2CMasterTimeoutSet           
2000862f  __TI_zero_init_nomemset       
20008641  wcslen                        
20008653  I2CMasterDataGet              
20008661  __TI_decompress_none          
2000866f  ResetISR                      
2000867d  IntMasterEnable               
20008689  __aeabi_errno_addr            
20008691  UtilsDelay                    
20008697  _system_pre_init              
2000869b  C$$EXIT                       
2000869b  abort                         
20008b9b  _ctypes_                      
20008ec8  __TI_static_base__            
20008ef0  __TI_Handler_Table_Base       
20008efc  __TI_Handler_Table_Limit      
20008f08  __TI_CINIT_Base               
20008f18  __TI_CINIT_Limit              
20017000  _sys_memory                   
20017800  cursor_x                      
20017804  cursor_y                      
20017808  textsize                      
2001780c  textcolor                     
20017810  textbgcolor                   
20017814  wrap                          
20017824  _lock                         
20017828  _unlock                       
2001782c  errno                         
2002f800  __stack                       
20030000  __STACK_END                   
ffffffff  __TI_pprof_out_hndl           
ffffffff  __TI_prof_data_size           
ffffffff  __TI_prof_data_start          
ffffffff  __binit__                     
ffffffff  __c_args__                    
ffffffff  binit                         
UNDEFED   __mpu_init                    
UNDEFED   _system_post_cinit            

[171 symbols]
