******************************************************************************
                  TI ARM Linker PC v18.1.4                     
******************************************************************************
>> Linked Wed Jan 30 20:55:45 2019

OUTPUT FILE NAME:   <timer_cc.out>
ENTRY POINT SYMBOL: "_c_int00_noargs"  address: 20007c11


MEMORY CONFIGURATION

         name            origin    length      used     unused   attr    fill
----------------------  --------  ---------  --------  --------  ----  --------
  SRAM_CODE             20004000   00013000  000042ae  0000ed52  RW X
  SRAM_DATA             20017000   00019000  00001b54  000174ac  RW X


SEGMENT ALLOCATION MAP

run origin  load origin   length   init length attrs members
----------  ----------- ---------- ----------- ----- -------
20004000    20004000    000042b0   000042b0    r-x
  20004000    20004000    00000400   00000400    r-- .intvecs
  20004400    20004400    00003ace   00003ace    r-x .text
  20007ed0    20007ed0    000003a0   000003a0    r-- .const
  20008270    20008270    00000040   00000040    r-- .cinit
20017000    20017000    00000b54   00000000    rw-
  20017000    20017000    00000800   00000000    rw- .sysmem
  20017800    20017800    0000032c   00000000    rw- .bss
  20017b2c    20017b2c    00000028   00000000    rw- .data
2002f000    2002f000    00001000   00000000    rw-
  2002f000    2002f000    00001000   00000000    rw- .stack


SECTION ALLOCATION MAP

 output                                  attributes/
section   page    origin      length       input sections
--------  ----  ----------  ----------   ----------------
.intvecs   0    20004000    00000400     
                  20004000    00000400     startup_ccs.obj (.intvecs)

.init_array 
*          0    20004000    00000000     UNINITIALIZED

.text      0    20004400    00003ace     
                  20004400    00000a4a     rtsv7M4_T_le_eabi.lib : _printfi.c.obj (.text:__TI_printfi)
                  20004e4a    00000002                           : _lock.c.obj (.text:_nop)
                  20004e4c    000009bc                           : e_pow.c.obj (.text:pow)
                  20005808    00000468     main.obj (.text)
                  20005c70    00000280     uart_if.obj (.text)
                  20005ef0    00000268     rtsv7M4_T_le_eabi.lib : _printfi.c.obj (.text:_pconv_a)
                  20006158    000001cc                           : _printfi.c.obj (.text:_pconv_g)
                  20006324    000001b6                           : fd_add_t2.asm.obj (.text)
                  200064da    00000002                           : div0.asm.obj (.text)
                  200064dc    00000178     driverlib.a : prcm.obj (.text:PRCMCC3200MCUInit)
                  20006654    0000015c     rtsv7M4_T_le_eabi.lib : e_sqrt.c.obj (.text:sqrt)
                  200067b0    0000013c                           : _printfi.c.obj (.text:_pconv_e)
                  200068ec    00000136                           : fd_div_t2.asm.obj (.text)
                  20006a22    00000002     --HOLE-- [fill = 0]
                  20006a24    00000120                           : _printfi.c.obj (.text:fcvt)
                  20006b44    00000114                           : memory.c.obj (.text:realloc)
                  20006c58    000000fc                           : fd_mul_t2.asm.obj (.text)
                  20006d54    000000d8                           : memory.c.obj (.text:free)
                  20006e2c    000000d0                           : s_scalbn.c.obj (.text:scalbn)
                  20006efc    000000b1                           : _printfi.c.obj (.text:_ltostr)
                  20006fad    00000003     --HOLE-- [fill = 0]
                  20006fb0    000000a8     driverlib.a : interrupt.obj (.text:IntEnable)
                  20007058    0000009c     rtsv7M4_T_le_eabi.lib : memcpy_t2.asm.obj (.text)
                  200070f4    00000096                           : ull_div_t2.asm.obj (.text)
                  2000718a    00000002     --HOLE-- [fill = 0]
                  2000718c    00000094     driverlib.a : prcm.obj (.text:PRCMPeripheralClockGet)
                  20007220    00000088                 : pin.obj (.text:PinConfigSet)
                  200072a8    00000086     rtsv7M4_T_le_eabi.lib : fd_cmp_t2.asm.obj (.text:__aeabi_cdcmple)
                  2000732e    00000086                           : fd_cmp_t2.asm.obj (.text:__aeabi_cdrcmple)
                  200073b4    0000007a                           : memset_t2.asm.obj (.text)
                  2000742e    00000002     --HOLE-- [fill = 0]
                  20007430    00000078                           : memory.c.obj (.text:malloc)
                  200074a8    00000076     driverlib.a : uart.obj (.text:UARTConfigSetExpClk)
                  2000751e    00000002     --HOLE-- [fill = 0]
                  20007520    00000070                 : timer.obj (.text:TimerIntRegister)
                  20007590    0000006e     rtsv7M4_T_le_eabi.lib : _printfi.c.obj (.text:_mcpy)
                  200075fe    00000068                           : copy_decompress_lzss.c.obj (.text:decompress:lzss:__TI_decompress_lzss)
                  20007666    00000002     --HOLE-- [fill = 0]
                  20007668    0000005c                           : s_frexp.c.obj (.text:frexp)
                  200076c4    00000058     driverlib.a : prcm.obj (.text:PRCMPeripheralReset)
                  2000771c    00000056     rtsv7M4_T_le_eabi.lib : _printfi.c.obj (.text:_pconv_f)
                  20007772    00000054                           : ltoa.c.obj (.text:ltoa)
                  200077c6    00000052                           : _printfi.c.obj (.text:_ecpy)
                  20007818    0000004c                           : atoi.c.obj (.text:atoi)
                  20007864    00000048                           : fd_toi_t2.asm.obj (.text)
                  200078ac    00000044     driverlib.a : timer.obj (.text:TimerConfigure)
                  200078f0    00000044     rtsv7M4_T_le_eabi.lib : autoinit.c.obj (.text:__TI_auto_init_nobinit_nopinit:__TI_auto_init_nobinit_nopinit)
                  20007934    00000040     driverlib.a : pin.obj (.text:PinModeSet)
                  20007974    00000040     rtsv7M4_T_le_eabi.lib : vsnprintf.c.obj (.text:vsnprintf)
                  200079b4    0000003e                           : _printfi.c.obj (.text:_fcpy)
                  200079f2    00000002     --HOLE-- [fill = 0]
                  200079f4    0000003c     driverlib.a : prcm.obj (.text:PRCMPeripheralClkEnable)
                  20007a30    0000003c     rtsv7M4_T_le_eabi.lib : memory.c.obj (.text:minsert)
                  20007a6c    00000038                           : memory.c.obj (.text:minit)
                  20007aa4    00000030     driverlib.a : timer.obj (.text:TimerControlEvent)
                  20007ad4    00000030                 : uart.obj (.text:UARTDisable)
                  20007b04    00000030     rtsv7M4_T_le_eabi.lib : vsnprintf.c.obj (.text:_outs)
                  20007b34    0000002e                           : i_tofd_t2.asm.obj (.text)
                  20007b62    00000002     --HOLE-- [fill = 0]
                  20007b64    0000002c     driverlib.a : prcm.obj (.text:PRCMSysResetCauseGet)
                  20007b90    0000002c     pinmux.obj (.text)
                  20007bbc    0000002a     driverlib.a : timer.obj (.text:TimerLoadSet)
                  20007be6    00000002     --HOLE-- [fill = 0]
                  20007be8    00000028                 : prcm.obj (.text:PRCMPeripheralClkDisable)
                  20007c10    00000028     rtsv7M4_T_le_eabi.lib : boot_cortex_m.c.obj (.text:_c_int00_noargs:_c_int00_noargs)
                  20007c38    00000028                           : memory.c.obj (.text:mremove)
                  20007c60    00000024     driverlib.a : uart.obj (.text:UARTEnable)
                  20007c84    00000024     rtsv7M4_T_le_eabi.lib : memmov.c.obj (.text:memmove)
                  20007ca8    00000020     driverlib.a : interrupt.obj (.text:IntRegister)
                  20007cc8    0000001e                 : timer.obj (.text:TimerEnable)
                  20007ce6    0000001e                 : uart.obj (.text:UARTCharPut)
                  20007d04    0000001c                 : timer.obj (.text:TimerValueGet)
                  20007d20    0000001c                 : uart.obj (.text:UARTCharGetNonBlocking)
                  20007d3c    0000001c     rtsv7M4_T_le_eabi.lib : memccpy.c.obj (.text:memccpy)
                  20007d58    0000001a     driverlib.a : pin.obj (.text:PinTypeTimer)
                  20007d72    0000001a                 : pin.obj (.text:PinTypeUART)
                  20007d8c    00000018                 : timer.obj (.text:TimerIntEnable)
                  20007da4    00000018                 : uart.obj (.text:UARTCharsAvail)
                  20007dbc    00000018     rtsv7M4_T_le_eabi.lib : vsnprintf.c.obj (.text:_outc)
                  20007dd4    00000016     driverlib.a : prcm.obj (.text:PRCMHIBRegRead)
                  20007dea    00000016                 : prcm.obj (.text:PRCMHIBRegWrite)
                  20007e00    00000016     rtsv7M4_T_le_eabi.lib : strchr.c.obj (.text:strchr)
                  20007e16    00000014     driverlib.a : cpu.obj (.text:CPUcpsie)
                  20007e2a    00000002     --HOLE-- [fill = 0]
                  20007e2c    00000014                 : interrupt.obj (.text:IntVTableBaseSet)
                  20007e40    00000014     rtsv7M4_T_le_eabi.lib : strlen.c.obj (.text:strlen)
                  20007e54    00000012     driverlib.a : timer.obj (.text:TimerIntClear)
                  20007e66    00000012     rtsv7M4_T_le_eabi.lib : copy_zero_init.c.obj (.text:decompress:ZI:__TI_zero_init_nomemset:__TI_zero_init_nomemset)
                  20007e78    00000012                           : wcslen.c.obj (.text:wcslen)
                  20007e8a    0000000e                           : copy_decompress_none.c.obj (.text:decompress:none:__TI_decompress_none)
                  20007e98    0000000e     startup_ccs.obj (.text)
                  20007ea6    0000000a     driverlib.a : interrupt.obj (.text:IntMasterEnable)
                  20007eb0    00000008     rtsv7M4_T_le_eabi.lib : errno.c.obj (.text:__aeabi_errno_addr)
                  20007eb8    00000008                           : s_copysign.c.obj (.text:copysign)
                  20007ec0    00000006     driverlib.a : utils.obj (.text:UtilsDelay)
                  20007ec6    00000004     rtsv7M4_T_le_eabi.lib : pre_init.c.obj (.text:_system_pre_init)
                  20007eca    00000004                           : exit.c.obj (.text:abort:abort)

.const     0    20007ed0    000003a0     
                  20007ed0    00000101     rtsv7M4_T_le_eabi.lib : ctype.c.obj (.const:.string:_ctypes_)
                  20007fd1    00000003     --HOLE-- [fill = 0]
                  20007fd4    00000100     driverlib.a : pin.obj (.const:g_ulPinToPadMap)
                  200080d4    000000a8                 : prcm.obj (.const:PRCM_PeriphRegsList)
                  2000817c    00000080                 : interrupt.obj (.const)
                  200081fc    00000040     main.obj (.const:$P$T0$1)
                  2000823c    00000004     --HOLE-- [fill = 0]
                  20008240    00000030     rtsv7M4_T_le_eabi.lib : e_pow.c.obj (.const:$O1$$)

.cinit     0    20008270    00000040     
                  20008270    00000019     (.cinit..data.load) [load image, compression = lzss]
                  20008289    00000003     --HOLE-- [fill = 0]
                  2000828c    0000000c     (__TI_handler_table)
                  20008298    00000008     (.cinit..bss.load) [load image, compression = zero_init]
                  200082a0    00000010     (__TI_cinit_table)

.sysmem    0    20017000    00000800     UNINITIALIZED
                  20017000    00000008     rtsv7M4_T_le_eabi.lib : memory.c.obj (.sysmem)
                  20017008    000007f8     --HOLE--

.bss       0    20017800    0000032c     UNINITIALIZED
                  20017800    00000190     main.obj (.bss:buffer)
                  20017990    00000190     main.obj (.bss:number)
                  20017b20    00000008     main.obj (.bss:g_ulSamples)
                  20017b28    00000004     uart_if.obj (.bss)

.data      0    20017b2c    00000028     UNINITIALIZED
                  20017b2c    00000010     main.obj (.data)
                  20017b3c    0000000c     rtsv7M4_T_le_eabi.lib : memory.c.obj (.data:$O1$$)
                  20017b48    00000008                           : _lock.c.obj (.data:$O1$$)
                  20017b50    00000004                           : errno.c.obj (.data)

.stack     0    2002f000    00001000     UNINITIALIZED
                  2002f000    00000004     rtsv7M4_T_le_eabi.lib : boot_cortex_m.c.obj (.stack)
                  2002f004    00000ffc     --HOLE--

MODULE SUMMARY

       Module                       code    ro data   rw data
       ------                       ----    -------   -------
    .\
       main.obj                     1128    64        824    
       startup_ccs.obj              14      1024      0      
       uart_if.obj                  640     0         4      
       pinmux.obj                   44      0         0      
    +--+----------------------------+-------+---------+---------+
       Total:                       1826    1088      828    
                                                             
    C:/TI/CC3200SDK_1.3.0/cc3200-sdk/driverlib/ccs/Release/driverlib.a
       prcm.obj                     800     168       0      
       pin.obj                      252     256       0      
       timer.obj                    370     0         0      
       interrupt.obj                230     128       0      
       uart.obj                     284     0         0      
       cpu.obj                      20      0         0      
       utils.obj                    6       0         0      
    +--+----------------------------+-------+---------+---------+
       Total:                       1962    552       0      
                                                             
    C:\TI\ccsv8\tools\compiler\ti-cgt-arm_18.1.4.LTS\lib\rtsv7M4_T_le_eabi.lib
       _printfi.c.obj               4831    0         0      
       e_pow.c.obj                  2492    48        0      
       memory.c.obj                 768     0         12     
       fd_add_t2.asm.obj            438     0         0      
       e_sqrt.c.obj                 348     0         0      
       fd_div_t2.asm.obj            310     0         0      
       fd_cmp_t2.asm.obj            268     0         0      
       ctype.c.obj                  0       257       0      
       fd_mul_t2.asm.obj            252     0         0      
       s_scalbn.c.obj               208     0         0      
       memcpy_t2.asm.obj            156     0         0      
       ull_div_t2.asm.obj           150     0         0      
       vsnprintf.c.obj              136     0         0      
       memset_t2.asm.obj            122     0         0      
       copy_decompress_lzss.c.obj   104     0         0      
       s_frexp.c.obj                92      0         0      
       ltoa.c.obj                   84      0         0      
       atoi.c.obj                   76      0         0      
       fd_toi_t2.asm.obj            72      0         0      
       autoinit.c.obj               68      0         0      
       i_tofd_t2.asm.obj            46      0         0      
       boot_cortex_m.c.obj          40      0         0      
       memmov.c.obj                 36      0         0      
       memccpy.c.obj                28      0         0      
       strchr.c.obj                 22      0         0      
       strlen.c.obj                 20      0         0      
       copy_zero_init.c.obj         18      0         0      
       wcslen.c.obj                 18      0         0      
       copy_decompress_none.c.obj   14      0         0      
       errno.c.obj                  8       0         4      
       _lock.c.obj                  2       0         8      
       s_copysign.c.obj             8       0         0      
       exit.c.obj                   4       0         0      
       pre_init.c.obj               4       0         0      
       div0.asm.obj                 2       0         0      
    +--+----------------------------+-------+---------+---------+
       Total:                       11245   305       24     
                                                             
       Heap:                        0       0         2048   
       Stack:                       0       0         4096   
       Linker Generated:            0       61        0      
    +--+----------------------------+-------+---------+---------+
       Grand Total:                 15033   2006      6996   


LINKER GENERATED COPY TABLES

__TI_cinit_table @ 200082a0 records: 2, size/record: 8, table size: 16
	.data: load addr=20008270, load size=00000019 bytes, run addr=20017b2c, run size=00000028 bytes, compression=lzss
	.bss: load addr=20008298, load size=00000008 bytes, run addr=20017800, run size=0000032c bytes, compression=zero_init


LINKER GENERATED HANDLER TABLE

__TI_handler_table @ 2000828c records: 3, size/record: 4, table size: 12
	index: 0, handler: __TI_decompress_lzss
	index: 1, handler: __TI_decompress_none
	index: 2, handler: __TI_zero_init


GLOBAL SYMBOLS: SORTED ALPHABETICALLY BY Name 

address   name                          
-------   ----                          
20005987  BoardInit                     
20007ecb  C$$EXIT                       
20007e17  CPUcpsie                      
20005cb1  ClearTerm                     
20005961  DisplayBanner                 
20005cbb  Error                         
20005cf3  GetCmd                        
20005c71  InitTerm                      
20006fb1  IntEnable                     
20007ea7  IntMasterEnable               
20007ca9  IntRegister                   
20007e2d  IntVTableBaseSet              
20005c8f  Message                       
200064dd  PRCMCC3200MCUInit             
20007dd5  PRCMHIBRegRead                
20007deb  PRCMHIBRegWrite               
20007be9  PRCMPeripheralClkDisable      
200079f5  PRCMPeripheralClkEnable       
2000718d  PRCMPeripheralClockGet        
200076c5  PRCMPeripheralReset           
20007b65  PRCMSysResetCauseGet          
20007221  PinConfigSet                  
20007935  PinModeSet                    
20007b91  PinMuxConfig                  
20007d59  PinTypeTimer                  
20007d73  PinTypeUART                   
20005e31  Report                        
20007e99  ResetISR                      
200078ad  TimerConfigure                
20007aa5  TimerControlEvent             
20007cc9  TimerEnable                   
20007e55  TimerIntClear                 
20007d8d  TimerIntEnable                
20007521  TimerIntRegister              
20007bbd  TimerLoadSet                  
20007d05  TimerValueGet                 
20005d99  TrimSpace                     
20007d21  UARTCharGetNonBlocking        
20007ce7  UARTCharPut                   
20007da5  UARTCharsAvail                
200074a9  UARTConfigSetExpClk           
20007ad5  UARTDisable                   
20007c61  UARTEnable                    
20007ec1  UtilsDelay                    
20030000  __STACK_END                   
00001000  __STACK_SIZE                  
00000800  __SYSMEM_SIZE                 
200082a0  __TI_CINIT_Base               
200082b0  __TI_CINIT_Limit              
2000828c  __TI_Handler_Table_Base       
20008298  __TI_Handler_Table_Limit      
200078f1  __TI_auto_init_nobinit_nopinit
200075ff  __TI_decompress_lzss          
20007e8b  __TI_decompress_none          
ffffffff  __TI_pprof_out_hndl           
20004401  __TI_printfi                  
ffffffff  __TI_prof_data_size           
ffffffff  __TI_prof_data_start          
20008270  __TI_static_base__            
20007e67  __TI_zero_init_nomemset       
200072a9  __aeabi_cdcmpeq               
200072a9  __aeabi_cdcmple               
2000732f  __aeabi_cdrcmple              
20007865  __aeabi_d2iz                  
2000632f  __aeabi_dadd                  
200068ed  __aeabi_ddiv                  
20006c59  __aeabi_dmul                  
20006325  __aeabi_dsub                  
20007eb1  __aeabi_errno_addr            
20007b35  __aeabi_i2d                   
200064db  __aeabi_idiv0                 
200064db  __aeabi_ldiv0                 
200073b5  __aeabi_memclr                
200073b5  __aeabi_memclr4               
200073b5  __aeabi_memclr8               
20007059  __aeabi_memcpy                
20007059  __aeabi_memcpy4               
20007059  __aeabi_memcpy8               
200073b7  __aeabi_memset                
200073b7  __aeabi_memset4               
200073b7  __aeabi_memset8               
200070f5  __aeabi_uldivmod              
ffffffff  __binit__                     
ffffffff  __c_args__                    
UNDEFED   __mpu_init                    
2002f000  __stack                       
20007c11  _c_int00_noargs               
20007ed0  _ctypes_                      
20017b48  _lock                         
20004e4b  _nop                          
20017000  _sys_memory                   
UNDEFED   _system_post_cinit            
20007ec7  _system_pre_init              
20017b4c  _unlock                       
20007ecb  abort                         
20007819  atoi                          
ffffffff  binit                         
20007eb9  copysign                      
20007eb9  copysignl                     
20017b50  errno                         
20005845  findPattern                   
20006d55  free                          
20007669  frexp                         
20007669  frexpl                        
20004000  g_pfnVectors                  
20006e2d  ldexp                         
20006e2d  ldexpl                        
20007773  ltoa                          
200059b9  main                          
20007431  malloc                        
20007d3d  memccpy                       
20007059  memcpy                        
20007c85  memmove                       
200073bd  memset                        
20007a6d  minit                         
20004e4d  pow                           
20004e4d  powl                          
20006b45  realloc                       
20005809  sameArray                     
20006e2d  scalbn                        
20006e2d  scalbnl                       
20006655  sqrt                          
20006655  sqrtl                         
20007e01  strchr                        
20007e41  strlen                        
20007975  vsnprintf                     
20007e79  wcslen                        


GLOBAL SYMBOLS: SORTED BY Symbol Address 

address   name                          
-------   ----                          
00000800  __SYSMEM_SIZE                 
00001000  __STACK_SIZE                  
20004000  g_pfnVectors                  
20004401  __TI_printfi                  
20004e4b  _nop                          
20004e4d  pow                           
20004e4d  powl                          
20005809  sameArray                     
20005845  findPattern                   
20005961  DisplayBanner                 
20005987  BoardInit                     
200059b9  main                          
20005c71  InitTerm                      
20005c8f  Message                       
20005cb1  ClearTerm                     
20005cbb  Error                         
20005cf3  GetCmd                        
20005d99  TrimSpace                     
20005e31  Report                        
20006325  __aeabi_dsub                  
2000632f  __aeabi_dadd                  
200064db  __aeabi_idiv0                 
200064db  __aeabi_ldiv0                 
200064dd  PRCMCC3200MCUInit             
20006655  sqrt                          
20006655  sqrtl                         
200068ed  __aeabi_ddiv                  
20006b45  realloc                       
20006c59  __aeabi_dmul                  
20006d55  free                          
20006e2d  ldexp                         
20006e2d  ldexpl                        
20006e2d  scalbn                        
20006e2d  scalbnl                       
20006fb1  IntEnable                     
20007059  __aeabi_memcpy                
20007059  __aeabi_memcpy4               
20007059  __aeabi_memcpy8               
20007059  memcpy                        
200070f5  __aeabi_uldivmod              
2000718d  PRCMPeripheralClockGet        
20007221  PinConfigSet                  
200072a9  __aeabi_cdcmpeq               
200072a9  __aeabi_cdcmple               
2000732f  __aeabi_cdrcmple              
200073b5  __aeabi_memclr                
200073b5  __aeabi_memclr4               
200073b5  __aeabi_memclr8               
200073b7  __aeabi_memset                
200073b7  __aeabi_memset4               
200073b7  __aeabi_memset8               
200073bd  memset                        
20007431  malloc                        
200074a9  UARTConfigSetExpClk           
20007521  TimerIntRegister              
200075ff  __TI_decompress_lzss          
20007669  frexp                         
20007669  frexpl                        
200076c5  PRCMPeripheralReset           
20007773  ltoa                          
20007819  atoi                          
20007865  __aeabi_d2iz                  
200078ad  TimerConfigure                
200078f1  __TI_auto_init_nobinit_nopinit
20007935  PinModeSet                    
20007975  vsnprintf                     
200079f5  PRCMPeripheralClkEnable       
20007a6d  minit                         
20007aa5  TimerControlEvent             
20007ad5  UARTDisable                   
20007b35  __aeabi_i2d                   
20007b65  PRCMSysResetCauseGet          
20007b91  PinMuxConfig                  
20007bbd  TimerLoadSet                  
20007be9  PRCMPeripheralClkDisable      
20007c11  _c_int00_noargs               
20007c61  UARTEnable                    
20007c85  memmove                       
20007ca9  IntRegister                   
20007cc9  TimerEnable                   
20007ce7  UARTCharPut                   
20007d05  TimerValueGet                 
20007d21  UARTCharGetNonBlocking        
20007d3d  memccpy                       
20007d59  PinTypeTimer                  
20007d73  PinTypeUART                   
20007d8d  TimerIntEnable                
20007da5  UARTCharsAvail                
20007dd5  PRCMHIBRegRead                
20007deb  PRCMHIBRegWrite               
20007e01  strchr                        
20007e17  CPUcpsie                      
20007e2d  IntVTableBaseSet              
20007e41  strlen                        
20007e55  TimerIntClear                 
20007e67  __TI_zero_init_nomemset       
20007e79  wcslen                        
20007e8b  __TI_decompress_none          
20007e99  ResetISR                      
20007ea7  IntMasterEnable               
20007eb1  __aeabi_errno_addr            
20007eb9  copysign                      
20007eb9  copysignl                     
20007ec1  UtilsDelay                    
20007ec7  _system_pre_init              
20007ecb  C$$EXIT                       
20007ecb  abort                         
20007ed0  _ctypes_                      
20008270  __TI_static_base__            
2000828c  __TI_Handler_Table_Base       
20008298  __TI_Handler_Table_Limit      
200082a0  __TI_CINIT_Base               
200082b0  __TI_CINIT_Limit              
20017000  _sys_memory                   
20017b48  _lock                         
20017b4c  _unlock                       
20017b50  errno                         
2002f000  __stack                       
20030000  __STACK_END                   
ffffffff  __TI_pprof_out_hndl           
ffffffff  __TI_prof_data_size           
ffffffff  __TI_prof_data_start          
ffffffff  __binit__                     
ffffffff  __c_args__                    
ffffffff  binit                         
UNDEFED   __mpu_init                    
UNDEFED   _system_post_cinit            

[127 symbols]
