******************************************************************************
                  TI ARM Linker PC v18.1.4                     
******************************************************************************
>> Linked Tue Mar 12 22:12:11 2019

OUTPUT FILE NAME:   <lab5 part2.out>
ENTRY POINT SYMBOL: "_c_int00_noargs"  address: 2000eb6d


MEMORY CONFIGURATION

         name            origin    length      used     unused   attr    fill
----------------------  --------  ---------  --------  --------  ----  --------
  SRAM_CODE             20004000   00013000  0000bec8  00007138  RW X
  SRAM_DATA             20017000   00019000  0000973e  0000f8c2  RW X


SEGMENT ALLOCATION MAP

run origin  load origin   length   init length attrs members
----------  ----------- ---------- ----------- ----- -------
20004000    20004000    0000bed0   0000bed0    r-x
  20004000    20004000    00000400   00000400    r-- .intvecs
  20004400    20004400    0000ae5e   0000ae5e    r-x .text
  2000f260    2000f260    00000baa   00000baa    r-- .const
  2000fe10    2000fe10    000000c0   000000c0    r-- .cinit
20017000    20017000    00008740   00000000    rw-
  20017000    20017000    00008000   00000000    rw- .sysmem
  2001f000    2001f000    000005de   00000000    rw- .bss
  2001f5e0    2001f5e0    00000160   00000000    rw- .data
2002f000    2002f000    00001000   00000000    rw-
  2002f000    2002f000    00001000   00000000    rw- .stack


SECTION ALLOCATION MAP

 output                                  attributes/
section   page    origin      length       input sections
--------  ----  ----------  ----------   ----------------
.intvecs   0    20004000    00000400     
                  20004000    00000400     startup_ccs.obj (.intvecs)

.init_array 
*          0    20004000    00000000     UNINITIALIZED

.text      0    20004400    0000ae5e     
                  20004400    000019cc     main.obj (.text)
                  20005dcc    00000a80     Adafruit_GFX.obj (.text)
                  2000684c    00000a4a     rtsv7M4_T_le_eabi.lib : _printfi.c.obj (.text:__TI_printfi)
                  20007296    00000002     driverlib.a : interrupt.obj (.text:IntDefaultHandler)
                  20007298    000009bc     rtsv7M4_T_le_eabi.lib : e_pow.c.obj (.text:pow)
                  20007c54    00000590     simplelink.a : driver.obj (.text:_SlDrvMsgRead)
                  200081e4    000004a2     Adafruit_OLED.obj (.text)
                  20008686    00000002     rtsv7M4_T_le_eabi.lib : _lock.c.obj (.text:_nop)
                  20008688    00000398     gpio_if.obj (.text)
                  20008a20    00000280     uart_if.obj (.text)
                  20008ca0    0000027c     simplelink.a : wlan.obj (.text:sl_WlanConnect)
                  20008f1c    00000268     rtsv7M4_T_le_eabi.lib : _printfi.c.obj (.text:_pconv_a)
                  20009184    0000024c     simplelink.a : driver.obj (.text:_SlDrvRxHdrRead)
                  200093d0    000001e4                  : driver.obj (.text:_SlDrvDataReadOp)
                  200095b4    000001d0                  : driver.obj (.text:_SlDrvReleasePoolObj)
                  20009784    000001cc     rtsv7M4_T_le_eabi.lib : _printfi.c.obj (.text:_pconv_g)
                  20009950    000001b6                           : fd_add_t2.asm.obj (.text)
                  20009b06    00000002                           : div0.asm.obj (.text)
                  20009b08    000001b4     simplelink.a : driver.obj (.text:_SlDrvDriverCBInit)
                  20009cbc    0000019c                  : driver.obj (.text:_SlDrvMsgWrite)
                  20009e58    00000198     timer_if.obj (.text)
                  20009ff0    00000190     simplelink.a : driver.obj (.text:_SlDrvWaitForPoolObj)
                  2000a180    0000018c                  : socket.obj (.text:sl_Connect)
                  2000a30c    00000178     driverlib.a : prcm.obj (.text:PRCMCC3200MCUInit)
                  2000a484    00000170     simplelink.a : driver.obj (.text:_SlFindAndSetActiveObj)
                  2000a5f4    0000015c     rtsv7M4_T_le_eabi.lib : e_sqrt.c.obj (.text:sqrt)
                  2000a750    00000150     simplelink.a : driver.obj (.text:_SlDrvDataWriteOp)
                  2000a8a0    00000148     pinmux.obj (.text)
                  2000a9e8    00000148     simplelink.a : cc_pal.obj (.text:spi_Open)
                  2000ab30    00000144                  : driver.obj (.text:_SlDrvMsgReadCmdCtx)
                  2000ac74    00000144                  : netapp.obj (.text:sl_NetAppDnsGetHostByName)
                  2000adb8    0000013c     rtsv7M4_T_le_eabi.lib : _printfi.c.obj (.text:_pconv_e)
                  2000aef4    00000136                           : fd_div_t2.asm.obj (.text)
                  2000b02a    00000002     --HOLE-- [fill = 0]
                  2000b02c    00000134     simplelink.a : socket.obj (.text:sl_Send)
                  2000b160    00000130                  : driver.obj (.text:_SlDrvDriverCBDeinit)
                  2000b290    00000120     rtsv7M4_T_le_eabi.lib : _printfi.c.obj (.text:fcvt)
                  2000b3b0    00000114                           : memory.c.obj (.text:realloc)
                  2000b4c4    00000104     simplelink.a : netapp.obj (.text:_SlDrvNetAppEventHandler)
                  2000b5c8    000000fc     rtsv7M4_T_le_eabi.lib : fd_mul_t2.asm.obj (.text)
                  2000b6c4    000000f0     simplelink.a : device.obj (.text:sl_Stop)
                  2000b7b4    000000f0                  : cc_pal.obj (.text:spi_Read)
                  2000b8a4    000000f0     driverlib.a : udma.obj (.text:uDMAChannelTransferSet)
                  2000b994    000000ec     simplelink.a : device.obj (.text:sl_Start)
                  2000ba80    000000e8                  : driver.obj (.text:_SlAsyncEventGenericHandler)
                  2000bb68    000000e8                  : driver.obj (.text:_SlDrvMsgReadSpawnCtx)
                  2000bc50    000000e4                  : netapp.obj (.text:sl_NetAppMDNSRegisterUnregisterService)
                  2000bd34    000000dc                  : driver.obj (.text:_SlDrvClassifyRxMsg)
                  2000be10    000000d8     rtsv7M4_T_le_eabi.lib : memory.c.obj (.text:free)
                  2000bee8    000000d0                           : s_scalbn.c.obj (.text:scalbn)
                  2000bfb8    000000cc     simplelink.a : netapp.obj (.text:_sl_HandleAsync_DnsGetHostByService)
                  2000c084    000000cc                  : device.obj (.text:sl_DevGet)
                  2000c150    000000c4                  : driver.obj (.text:_SlRemoveFromList)
                  2000c214    000000c0                  : driver.obj (.text:_SlDrvCmdOp)
                  2000c2d4    000000b1     rtsv7M4_T_le_eabi.lib : _printfi.c.obj (.text:_ltostr)
                  2000c385    00000003     --HOLE-- [fill = 0]
                  2000c388    000000b0     simplelink.a : nonos.obj (.text:_SlNonOsSemGet)
                  2000c438    000000a8     driverlib.a : interrupt.obj (.text:IntDisable)
                  2000c4e0    000000a8                 : interrupt.obj (.text:IntEnable)
                  2000c588    000000a4     simplelink.a : driver.obj (.text:_SlDriverHandleError)
                  2000c62c    000000a0     driverlib.a : spi.obj (.text:SPIConfigSetExpClk)
                  2000c6cc    000000a0     simplelink.a : socket.obj (.text:sl_Recv)
                  2000c76c    0000009c     rtsv7M4_T_le_eabi.lib : memcpy_t2.asm.obj (.text)
                  2000c808    0000009a     simplelink.a : device.obj (.text:_SlDrvDeviceEventHandler)
                  2000c8a2    00000002     --HOLE-- [fill = 0]
                  2000c8a4    00000098                  : device.obj (.text:sl_DevSet)
                  2000c93c    00000098                  : netcfg.obj (.text:sl_NetCfgSet)
                  2000c9d4    00000098                  : socket.obj (.text:sl_SetSockOpt)
                  2000ca6c    00000098                  : wlan.obj (.text:sl_WlanSet)
                  2000cb04    00000098                  : cc_pal.obj (.text:spi_Write)
                  2000cb9c    00000096     rtsv7M4_T_le_eabi.lib : ull_div_t2.asm.obj (.text)
                  2000cc32    00000002     --HOLE-- [fill = 0]
                  2000cc34    00000094     driverlib.a : prcm.obj (.text:PRCMPeripheralClockGet)
                  2000ccc8    00000090     simplelink.a : netapp.obj (.text:_sl_HandleAsync_DnsGetHostByName)
                  2000cd58    00000090                  : netapp.obj (.text:_sl_HandleAsync_PingResponse)
                  2000cde8    00000090                  : wlan.obj (.text:sl_WlanPolicySet)
                  2000ce78    0000008c                  : cc_pal.obj (.text:SetupDMAReceive)
                  2000cf04    0000008c                  : cc_pal.obj (.text:SetupDMASend)
                  2000cf90    0000008c                  : driver.obj (.text:_SlDrvIsTimeoutExpired)
                  2000d01c    0000008c                  : device.obj (.text:_sl_HandleAsync_InitComplete)
                  2000d0a8    0000008c                  : socket.obj (.text:sl_Socket)
                  2000d134    00000088     driverlib.a : pin.obj (.text:PinConfigSet)
                  2000d1bc    00000086     rtsv7M4_T_le_eabi.lib : fd_cmp_t2.asm.obj (.text:__aeabi_cdcmple)
                  2000d242    00000086                           : fd_cmp_t2.asm.obj (.text:__aeabi_cdrcmple)
                  2000d2c8    00000084     simplelink.a : wlan.obj (.text:sl_WlanRxFilterSet)
                  2000d34c    00000082     driverlib.a : gpio.obj (.text:GPIOIntTypeSet)
                  2000d3ce    00000002     --HOLE-- [fill = 0]
                  2000d3d0    00000080     simplelink.a : socket.obj (.text:_sl_HandleAsync_Connect)
                  2000d450    00000080                  : cc_pal.obj (.text:spi_Read_CPU)
                  2000d4d0    00000080                  : cc_pal.obj (.text:spi_Write_CPU)
                  2000d550    0000007a     rtsv7M4_T_le_eabi.lib : memset_t2.asm.obj (.text)
                  2000d5ca    00000002     --HOLE-- [fill = 0]
                  2000d5cc    00000078                           : memory.c.obj (.text:malloc)
                  2000d644    00000078     simplelink.a : cc_pal.obj (.text:spi_Close)
                  2000d6bc    00000076     driverlib.a : uart.obj (.text:UARTConfigSetExpClk)
                  2000d732    00000002     --HOLE-- [fill = 0]
                  2000d734    00000074     simplelink.a : nonos.obj (.text:_SlNonOsMainLoopTask)
                  2000d7a8    00000070     driverlib.a : timer.obj (.text:TimerIntRegister)
                  2000d818    0000006e     rtsv7M4_T_le_eabi.lib : _printfi.c.obj (.text:_mcpy)
                  2000d886    00000002     --HOLE-- [fill = 0]
                  2000d888    0000006c     simplelink.a : driver.obj (.text:_SlDrvCmdSend)
                  2000d8f4    0000006c                  : netapp.obj (.text:_sl_NetAppSendTokenValue)
                  2000d960    00000068     driverlib.a : timer.obj (.text:TimerIntUnregister)
                  2000d9c8    00000068     rtsv7M4_T_le_eabi.lib : copy_decompress_lzss.c.obj (.text:decompress:lzss:__TI_decompress_lzss)
                  2000da30    00000064     simplelink.a : nonos.obj (.text:_SlNonOsSpawn)
                  2000da94    00000064                  : socket.obj (.text:_sl_HandleAsync_Accept)
                  2000daf8    00000064                  : netapp.obj (.text:sl_NetAppMDNSUnRegisterService)
                  2000db5c    00000064     driverlib.a : udma.obj (.text:uDMAChannelAttributeDisable)
                  2000dbc0    00000064                 : udma.obj (.text:uDMAChannelAttributeEnable)
                  2000dc24    00000060     simplelink.a : socket.obj (.text:sl_Close)
                  2000dc84    00000060                  : wlan.obj (.text:sl_WlanProfileDel)
                  2000dce4    00000060                  : wlan.obj (.text:sl_WlanSetMode)
                  2000dd44    0000005c     rtsv7M4_T_le_eabi.lib : s_frexp.c.obj (.text:frexp)
                  2000dda0    00000058     driverlib.a : interrupt.obj (.text:IntPendClear)
                  2000ddf8    00000058                 : prcm.obj (.text:PRCMPeripheralReset)
                  2000de50    00000056     rtsv7M4_T_le_eabi.lib : _printfi.c.obj (.text:_pconv_f)
                  2000dea6    00000002     --HOLE-- [fill = 0]
                  2000dea8    00000054     driverlib.a : interrupt.obj (.text:IntPrioritySet)
                  2000defc    00000054     simplelink.a : driver.obj (.text:_SlDrvRxIrqHandler)
                  2000df50    00000054                  : socket.obj (.text:_sl_HandleAsync_Select)
                  2000dfa4    00000054     rtsv7M4_T_le_eabi.lib : ltoa.c.obj (.text:ltoa)
                  2000dff8    00000052                           : _printfi.c.obj (.text:_ecpy)
                  2000e04a    00000002     --HOLE-- [fill = 0]
                  2000e04c    00000050     simplelink.a : device.obj (.text:_sl_HandleAsync_Stop)
                  2000e09c    0000004c     driverlib.a : spi.obj (.text:SPIIntEnable)
                  2000e0e8    0000004c                 : spi.obj (.text:SPIIntNumberGet)
                  2000e134    0000004c     simplelink.a : driver.obj (.text:_SlDrvProtectAsyncRespSetting)
                  2000e180    0000004c                  : socket.obj (.text:_sl_BuildAddress)
                  2000e1cc    0000004c     rtsv7M4_T_le_eabi.lib : atoi.c.obj (.text:atoi)
                  2000e218    0000004c     driverlib.a : udma.obj (.text:uDMAChannelAssign)
                  2000e264    00000048                 : gpio.obj (.text:GPIOGetIntNumber)
                  2000e2ac    00000048                 : spi.obj (.text:SPIIntClear)
                  2000e2f4    00000048     simplelink.a : driver.obj (.text:_SlDrvBasicCmd)
                  2000e33c    00000048     rtsv7M4_T_le_eabi.lib : fd_toi_t2.asm.obj (.text)
                  2000e384    00000044     driverlib.a : spi.obj (.text:SPIDmaMaskGet)
                  2000e3c8    00000044                 : timer.obj (.text:TimerConfigure)
                  2000e40c    00000044     simplelink.a : driver.obj (.text:_SlDrvSyncObjWaitTimeout)
                  2000e450    00000044     rtsv7M4_T_le_eabi.lib : autoinit.c.obj (.text:__TI_auto_init_nobinit_nopinit:__TI_auto_init_nobinit_nopinit)
                  2000e494    00000044     simplelink.a : cc_pal.obj (.text:cc_SetupTransfer)
                  2000e4d8    00000042                  : socket.obj (.text:sl_Htonl)
                  2000e51a    00000002     --HOLE-- [fill = 0]
                  2000e51c    00000040     driverlib.a : pin.obj (.text:PinModeSet)
                  2000e55c    00000040     simplelink.a : socket.obj (.text:_sl_TruncatePayloadByProtocol)
                  2000e59c    00000040     rtsv7M4_T_le_eabi.lib : vsnprintf.c.obj (.text:vsnprintf)
                  2000e5dc    0000003e     simplelink.a : cc_pal.obj (.text:NwpRegisterInterruptHandler)
                  2000e61a    0000003e     rtsv7M4_T_le_eabi.lib : _printfi.c.obj (.text:_fcpy)
                  2000e658    0000003c     simplelink.a : netapp.obj (.text:CopyPingResultsToReport)
                  2000e694    0000003c     driverlib.a : prcm.obj (.text:PRCMPeripheralClkEnable)
                  2000e6d0    0000003c     rtsv7M4_T_le_eabi.lib : memory.c.obj (.text:minsert)
                  2000e70c    0000003c     simplelink.a : cc_pal.obj (.text:simplelink_timerA2_start)
                  2000e748    0000003c                  : socket.obj (.text:sl_Htons)
                  2000e784    0000003c     driverlib.a : udma.obj (.text:uDMAChannelControlSet)
                  2000e7c0    00000038     simplelink.a : cc_pal.obj (.text:NwpPowerOff)
                  2000e7f8    00000038     rtsv7M4_T_le_eabi.lib : memory.c.obj (.text:minit)
                  2000e830    00000038     simplelink.a : wlan.obj (.text:sl_WlanDisconnect)
                  2000e868    00000036     driverlib.a : gpio.obj (.text:GPIODirModeSet)
                  2000e89e    00000002     --HOLE-- [fill = 0]
                  2000e8a0    00000034                 : prcm.obj (.text:PRCMPeripheralStatusGet)
                  2000e8d4    00000034                 : spi.obj (.text:SPIFIFOLevelSet)
                  2000e908    00000030                 : pin.obj (.text:PinTypeGPIO)
                  2000e938    00000030                 : uart.obj (.text:UARTDisable)
                  2000e968    00000030     rtsv7M4_T_le_eabi.lib : vsnprintf.c.obj (.text:_outs)
                  2000e998    0000002e                           : i_tofd_t2.asm.obj (.text)
                  2000e9c6    00000002     --HOLE-- [fill = 0]
                  2000e9c8    0000002c     simplelink.a : cc_pal.obj (.text:NwpPowerOn)
                  2000e9f4    0000002c     driverlib.a : prcm.obj (.text:PRCMSysResetCauseGet)
                  2000ea20    0000002c     simplelink.a : driver.obj (.text:_SlDrvObjGlobalLockWaitForever)
                  2000ea4c    0000002c                  : driver.obj (.text:_SlDrvProtectionObjLockWaitForever)
                  2000ea78    0000002a     driverlib.a : timer.obj (.text:TimerLoadSet)
                  2000eaa2    0000002a                 : timer.obj (.text:TimerPrescaleSet)
                  2000eacc    00000028                 : prcm.obj (.text:PRCMPeripheralClkDisable)
                  2000eaf4    00000028     simplelink.a : driver.obj (.text:_SlDrvGlobalObjUnLock)
                  2000eb1c    00000028                  : driver.obj (.text:_SlDrvProtectionObjUnLock)
                  2000eb44    00000028                  : driver.obj (.text:_SlDrvSyncObjWaitForever)
                  2000eb6c    00000028     rtsv7M4_T_le_eabi.lib : boot_cortex_m.c.obj (.text:_c_int00_noargs:_c_int00_noargs)
                  2000eb94    00000028                           : memory.c.obj (.text:mremove)
                  2000ebbc    00000026     simplelink.a : driver.obj (.text:_SlDrvObjLockWaitForever)
                  2000ebe2    00000002     --HOLE-- [fill = 0]
                  2000ebe4    00000024                  : cc_pal.obj (.text:DmaSpiSwIntHandler)
                  2000ec08    00000024     driverlib.a : interrupt.obj (.text:IntUnregister)
                  2000ec2c    00000024                 : uart.obj (.text:UARTEnable)
                  2000ec50    00000024     rtsv7M4_T_le_eabi.lib : memmov.c.obj (.text:memmove)
                  2000ec74    00000022     driverlib.a : gpio.obj (.text:GPIOIntStatus)
                  2000ec96    00000022                 : spi.obj (.text:SPIReset)
                  2000ecb8    00000022                 : spi.obj (.text:SPIWordCountSet)
                  2000ecda    00000020                 : gpio.obj (.text:GPIOPinWrite)
                  2000ecfa    00000002     --HOLE-- [fill = 0]
                  2000ecfc    00000020                 : interrupt.obj (.text:IntRegister)
                  2000ed1c    00000020     simplelink.a : cc_pal.obj (.text:NwpPrePowerOffTimout0)
                  2000ed3c    00000020     driverlib.a : spi.obj (.text:SPIDataGet)
                  2000ed5c    00000020     simplelink.a : cc_pal.obj (.text:TimerGetCurrentTimestamp)
                  2000ed7c    00000020                  : driver.obj (.text:_SlDrvObjUnLock)
                  2000ed9c    00000020                  : driver.obj (.text:_SlDrvSyncObjSignal)
                  2000edbc    0000001e     driverlib.a : gpio.obj (.text:GPIOIntRegister)
                  2000edda    0000001e                 : spi.obj (.text:SPIDataPut)
                  2000edf8    0000001e                 : timer.obj (.text:TimerDisable)
                  2000ee16    0000001e                 : timer.obj (.text:TimerEnable)
                  2000ee34    0000001e                 : timer.obj (.text:TimerIntStatus)
                  2000ee52    0000001e                 : uart.obj (.text:UARTCharPut)
                  2000ee70    0000001e     simplelink.a : cc_pal.obj (.text:cc_UDMAChannelSelect)
                  2000ee8e    0000001c     driverlib.a : timer.obj (.text:TimerValueGet)
                  2000eeaa    0000001c                 : uart.obj (.text:UARTCharGetNonBlocking)
                  2000eec6    0000001c     simplelink.a : driver.obj (.text:_SlDrvStartMeasureTimeout)
                  2000eee2    0000001c     rtsv7M4_T_le_eabi.lib : memccpy.c.obj (.text:memccpy)
                  2000eefe    00000002     --HOLE-- [fill = 0]
                  2000ef00    0000001c     driverlib.a : udma.obj (.text:uDMAChannelEnable)
                  2000ef1c    0000001a                 : gpio.obj (.text:GPIOIntEnable)
                  2000ef36    0000001a                 : pin.obj (.text:PinTypeSPI)
                  2000ef50    0000001a                 : pin.obj (.text:PinTypeUART)
                  2000ef6a    0000001a                 : spi.obj (.text:SPIDmaDisable)
                  2000ef84    0000001a                 : spi.obj (.text:SPIDmaEnable)
                  2000ef9e    0000001a                 : spi.obj (.text:SPIFIFODisable)
                  2000efb8    0000001a                 : spi.obj (.text:SPIFIFOEnable)
                  2000efd2    0000001a                 : spi.obj (.text:SPIIntUnregister)
                  2000efec    00000018                 : gpio.obj (.text:GPIOPinRead)
                  2000f004    00000018                 : spi.obj (.text:SPICSDisable)
                  2000f01c    00000018                 : spi.obj (.text:SPICSEnable)
                  2000f034    00000018                 : spi.obj (.text:SPIDisable)
                  2000f04c    00000018                 : spi.obj (.text:SPIEnable)
                  2000f064    00000018                 : timer.obj (.text:TimerIntDisable)
                  2000f07c    00000018                 : timer.obj (.text:TimerIntEnable)
                  2000f094    00000018                 : uart.obj (.text:UARTCharsAvail)
                  2000f0ac    00000018     simplelink.a : nonos.obj (.text:_SlNonOsSemSet)
                  2000f0c4    00000018     rtsv7M4_T_le_eabi.lib : vsnprintf.c.obj (.text:_outc)
                  2000f0dc    00000018     simplelink.a : device.obj (.text:_sl_GetStartResponseConvert)
                  2000f0f4    00000016     driverlib.a : prcm.obj (.text:PRCMHIBRegRead)
                  2000f10a    00000016                 : prcm.obj (.text:PRCMHIBRegWrite)
                  2000f120    00000016     simplelink.a : driver.obj (.text:_SlDrvMemZero)
                  2000f136    00000016     rtsv7M4_T_le_eabi.lib : strchr.c.obj (.text:strchr)
                  2000f14c    00000014     driverlib.a : cpu.obj (.text:CPUcpsie)
                  2000f160    00000014                 : gpio.obj (.text:GPIOIntClear)
                  2000f174    00000014                 : interrupt.obj (.text:IntVTableBaseSet)
                  2000f188    00000014     rtsv7M4_T_le_eabi.lib : strcpy.c.obj (.text:strcpy)
                  2000f19c    00000014                           : strlen.c.obj (.text:strlen)
                  2000f1b0    00000012     driverlib.a : timer.obj (.text:TimerIntClear)
                  2000f1c2    00000012     rtsv7M4_T_le_eabi.lib : wcslen.c.obj (.text:wcslen)
                  2000f1d4    00000010     simplelink.a : driver.obj (.text:_SlDrvDispatchHttpServerEvents)
                  2000f1e4    0000000e                  : driver.obj (.text:_SlDrvResetCmdExt)
                  2000f1f2    0000000e     rtsv7M4_T_le_eabi.lib : copy_decompress_none.c.obj (.text:decompress:none:__TI_decompress_none)
                  2000f200    0000000e     startup_ccs.obj (.text)
                  2000f20e    00000002     --HOLE-- [fill = 0]
                  2000f210    0000000c     simplelink.a : cc_pal.obj (.text:NwpMaskInterrupt)
                  2000f21c    0000000c                  : cc_pal.obj (.text:NwpUnMaskInterrupt)
                  2000f228    0000000c     rtsv7M4_T_le_eabi.lib : copy_zero_init.c.obj (.text:decompress:ZI:__TI_zero_init)
                  2000f234    0000000a     driverlib.a : interrupt.obj (.text:IntMasterEnable)
                  2000f23e    00000002     --HOLE-- [fill = 0]
                  2000f240    00000008     rtsv7M4_T_le_eabi.lib : errno.c.obj (.text:__aeabi_errno_addr)
                  2000f248    00000008                           : s_copysign.c.obj (.text:copysign)
                  2000f250    00000006     driverlib.a : utils.obj (.text:UtilsDelay)
                  2000f256    00000004     rtsv7M4_T_le_eabi.lib : pre_init.c.obj (.text:_system_pre_init)
                  2000f25a    00000004                           : exit.c.obj (.text:abort:abort)

.const     0    2000f260    00000baa     
                  2000f260    000004fb     Adafruit_GFX.obj (.const:.string:font)
                  2000f75b    00000101     rtsv7M4_T_le_eabi.lib : ctype.c.obj (.const:.string:_ctypes_)
                  2000f85c    00000100     driverlib.a : pin.obj (.const:g_ulPinToPadMap)
                  2000f95c    000000d4                 : interrupt.obj (.const:g_pulRegs)
                  2000fa30    000000a8                 : prcm.obj (.const:PRCM_PeriphRegsList)
                  2000fad8    00000080                 : interrupt.obj (.const)
                  2000fb58    00000040     main.obj (.const:$P$T7$8)
                  2000fb98    0000003c     simplelink.a : driver.obj (.const:OpcodeTranslateTable)
                  2000fbd4    00000038                  : driver.obj (.const:_SlActionLookupTable)
                  2000fc0c    00000004                  : wlan.obj (.const:$P$T0$1)
                  2000fc10    00000030     rtsv7M4_T_le_eabi.lib : e_pow.c.obj (.const:$O1$$)
                  2000fc40    00000030     main.obj (.const:.string)
                  2000fc70    0000002c     main.obj (.const:$P$T1$2)
                  2000fc9c    00000024     driverlib.a : spi.obj (.const:g_ppulSPIIntMap)
                  2000fcc0    00000022     main.obj (.const:.string:$P$T0$1)
                  2000fce2    00000002     --HOLE-- [fill = 0]
                  2000fce4    00000020     simplelink.a : driver.obj (.const:RxMsgClassLUT)
                  2000fd04    00000018     driverlib.a : spi.obj (.const)
                  2000fd1c    00000015     main.obj (.const:.string:$P$T6$7)
                  2000fd31    00000003     --HOLE-- [fill = 0]
                  2000fd34    00000014     simplelink.a : driver.obj (.const:$P$T0$1)
                  2000fd48    00000014                  : nonos.obj (.const:$P$T0$1)
                  2000fd5c    00000014     main.obj (.const:$P$T2$3)
                  2000fd70    00000010     simplelink.a : socket.obj (.const:.string:_SlPayloadByProtocolLUT)
                  2000fd80    0000000c     main.obj (.const:$P$T4$5)
                  2000fd8c    0000000c     main.obj (.const:.string:$P$T3$4)
                  2000fd98    00000009     main.obj (.const:.string:$P$T5$6)
                  2000fda1    00000008     simplelink.a : device.obj (.const:StartResponseLUT)
                  2000fda9    00000003     --HOLE-- [fill = 0]
                  2000fdac    00000008                  : driver.obj (.const:g_H2NCnysPattern)
                  2000fdb4    00000008                  : driver.obj (.const:g_H2NSyncPattern)
                  2000fdbc    00000005     main.obj (.const:.string:$P$T8$9)
                  2000fdc1    00000001     --HOLE-- [fill = 0]
                  2000fdc2    00000004     simplelink.a : socket.obj (.const:$P$T2$3)
                  2000fdc6    00000004                  : device.obj (.const:_SlDeviceGetCmdCtrl)
                  2000fdca    00000004                  : device.obj (.const:_SlDeviceSetCmdCtrl)
                  2000fdce    00000004                  : netapp.obj (.const:_SlGetHostByNameCtrl)
                  2000fdd2    00000004                  : netapp.obj (.const:_SlNetAppSendTokenValueCmdCtrl)
                  2000fdd6    00000004                  : netcfg.obj (.const:_SlNetCfgSetCmdCtrl)
                  2000fdda    00000004                  : wlan.obj (.const:_SlPolicySetCmdCtrl)
                  2000fdde    00000004                  : wlan.obj (.const:_SlProfileDelCmdCtrl)
                  2000fde2    00000004                  : socket.obj (.const:_SlRecvCmdCtrl)
                  2000fde6    00000004                  : netapp.obj (.const:_SlRegisterServiceCtrl)
                  2000fdea    00000004                  : wlan.obj (.const:_SlRxFilterSetCmdCtrl)
                  2000fdee    00000004                  : socket.obj (.const:_SlSendCmdCtrl)
                  2000fdf2    00000004                  : socket.obj (.const:_SlSetSockOptCmdCtrl)
                  2000fdf6    00000004                  : socket.obj (.const:_SlSockCloseCmdCtrl)
                  2000fdfa    00000004                  : socket.obj (.const:_SlSockSocketCmdCtrl)
                  2000fdfe    00000004                  : device.obj (.const:_SlStopCmdCtrl)
                  2000fe02    00000004                  : wlan.obj (.const:_SlWlanCfgSetCmdCtrl)
                  2000fe06    00000004                  : wlan.obj (.const:_SlWlanSetModeCmdCtrl)

.cinit     0    2000fe10    000000c0     
                  2000fe10    00000095     (.cinit..data.load) [load image, compression = lzss]
                  2000fea5    00000003     --HOLE-- [fill = 0]
                  2000fea8    0000000c     (__TI_handler_table)
                  2000feb4    00000004     --HOLE-- [fill = 0]
                  2000feb8    00000008     (.cinit..bss.load) [load image, compression = zero_init]
                  2000fec0    00000010     (__TI_cinit_table)

.sysmem    0    20017000    00008000     UNINITIALIZED
                  20017000    00000008     rtsv7M4_T_le_eabi.lib : memory.c.obj (.sysmem)
                  20017008    00007ff8     --HOLE--

.bss       0    2001f000    000005de     UNINITIALIZED
                  2001f000    00000190     main.obj (.bss:buffer)
                  2001f190    00000190     main.obj (.bss:number)
                  2001f320    00000168     simplelink.a : driver.obj (.bss:g_StatMem)
                  2001f488    000000a4     main.obj (.bss:message)
                  2001f52c    00000050     (.common:g_ucDinDout)
                  2001f57c    0000002c     (.common:g_time)
                  2001f5a8    00000024     (.common:g_ucConnectionSSID)
                  2001f5cc    00000008     (.common:g_ucConnectionBSSID)
                  2001f5d4    00000004     uart_if.obj (.bss)
                  2001f5d8    00000001     (.common:RxIrqCnt)
                  2001f5d9    00000001     (.common:g_bDeviceRestartIsRequired)
                  2001f5da    00000001     (.common:g_cDummy)
                  2001f5db    00000001     (.common:g_ucLED1Pin)
                  2001f5dc    00000001     (.common:g_ucLED2Pin)
                  2001f5dd    00000001     (.common:g_ucLED3Pin)

.data      0    2001f5e0    00000160     UNINITIALIZED
                  2001f5e0    00000050     main.obj (.data:keySet)
                  2001f630    0000003c     simplelink.a : nonos.obj (.data:g__SlNonOsCB)
                  2001f66c    00000028     main.obj (.data:keyBuffer)
                  2001f694    00000028     main.obj (.data)
                  2001f6bc    00000015     Adafruit_GFX.obj (.data)
                  2001f6d1    00000003     --HOLE--
                  2001f6d4    00000014     gpio_if.obj (.data:ulReg)
                  2001f6e8    0000000d     simplelink.a : driver.obj (.data)
                  2001f6f5    00000003     --HOLE--
                  2001f6f8    0000000c     rtsv7M4_T_le_eabi.lib : memory.c.obj (.data:$O1$$)
                  2001f704    0000000c     gpio_if.obj (.data)
                  2001f710    00000009     simplelink.a : cc_pal.obj (.data)
                  2001f719    00000003     --HOLE--
                  2001f71c    00000008     rtsv7M4_T_le_eabi.lib : _lock.c.obj (.data:$O1$$)
                  2001f724    00000008     main.obj (.data:OC)
                  2001f72c    00000008     main.obj (.data:Receiver)
                  2001f734    00000008     main.obj (.data:top)
                  2001f73c    00000004     rtsv7M4_T_le_eabi.lib : errno.c.obj (.data)

.stack     0    2002f000    00001000     UNINITIALIZED
                  2002f000    00000004     rtsv7M4_T_le_eabi.lib : boot_cortex_m.c.obj (.stack)
                  2002f004    00000ffc     --HOLE--

MODULE SUMMARY

       Module                       code    ro data   rw data
       ------                       ----    -------   -------
    .\
       main.obj                     6604    269       1236   
       Adafruit_GFX.obj             2688    1275      21     
       Adafruit_OLED.obj            1186    0         0      
       startup_ccs.obj              14      1024      0      
       gpio_if.obj                  920     0         35     
       uart_if.obj                  640     0         4      
       timer_if.obj                 408     0         0      
       pinmux.obj                   328     0         0      
    +--+----------------------------+-------+---------+---------+
       Total:                       12788   2568      1296   
                                                             
    C:/ti/CC3200SDK_1.3.0/cc3200-sdk/driverlib/ccs/Release/driverlib.a
       prcm.obj                     852     168       0      
       interrupt.obj                608     340       0      
       spi.obj                      860     60        0      
       udma.obj                     604     0         0      
       pin.obj                      300     256       0      
       timer.obj                    552     0         0      
       gpio.obj                     422     0         0      
       uart.obj                     284     0         0      
       cpu.obj                      20      0         0      
       utils.obj                    6       0         0      
    +--+----------------------------+-------+---------+---------+
       Total:                       4508    824       0      
                                                             
    C:/ti/CC3200SDK_1.3.0/cc3200-sdk/simplelink/ccs/NON_OS/simplelink.a
       driver.obj                   7714    184       375    
       cc_pal.obj                   1820    0         90     
       socket.obj                   1830    40        0      
       netapp.obj                   1572    12        0      
       wlan.obj                     1312    24        0      
       device.obj                   1230    20        0      
       nonos.obj                    416     20        60     
       netcfg.obj                   152     4         0      
    +--+----------------------------+-------+---------+---------+
       Total:                       16046   304       525    
                                                             
    C:\TI\ccsv8\tools\compiler\ti-cgt-arm_18.1.4.LTS\lib\rtsv7M4_T_le_eabi.lib
       _printfi.c.obj               4831    0         0      
       e_pow.c.obj                  2492    48        0      
       memory.c.obj                 768     0         12     
       fd_add_t2.asm.obj            438     0         0      
       e_sqrt.c.obj                 348     0         0      
       fd_div_t2.asm.obj            310     0         0      
       fd_cmp_t2.asm.obj            268     0         0      
       ctype.c.obj                  0       257       0      
       fd_mul_t2.asm.obj            252     0         0      
       s_scalbn.c.obj               208     0         0      
       memcpy_t2.asm.obj            156     0         0      
       ull_div_t2.asm.obj           150     0         0      
       vsnprintf.c.obj              136     0         0      
       memset_t2.asm.obj            122     0         0      
       copy_decompress_lzss.c.obj   104     0         0      
       s_frexp.c.obj                92      0         0      
       ltoa.c.obj                   84      0         0      
       atoi.c.obj                   76      0         0      
       fd_toi_t2.asm.obj            72      0         0      
       autoinit.c.obj               68      0         0      
       i_tofd_t2.asm.obj            46      0         0      
       boot_cortex_m.c.obj          40      0         0      
       memmov.c.obj                 36      0         0      
       memccpy.c.obj                28      0         0      
       strchr.c.obj                 22      0         0      
       strcpy.c.obj                 20      0         0      
       strlen.c.obj                 20      0         0      
       wcslen.c.obj                 18      0         0      
       copy_decompress_none.c.obj   14      0         0      
       copy_zero_init.c.obj         12      0         0      
       errno.c.obj                  8       0         4      
       _lock.c.obj                  2       0         8      
       s_copysign.c.obj             8       0         0      
       exit.c.obj                   4       0         0      
       pre_init.c.obj               4       0         0      
       div0.asm.obj                 2       0         0      
    +--+----------------------------+-------+---------+---------+
       Total:                       11259   305       24     
                                                             
       Heap:                        0       0         32768  
       Stack:                       0       0         4096   
       Linker Generated:            0       185       0      
    +--+----------------------------+-------+---------+---------+
       Grand Total:                 44601   4186      38709  


LINKER GENERATED COPY TABLES

__TI_cinit_table @ 2000fec0 records: 2, size/record: 8, table size: 16
	.data: load addr=2000fe10, load size=00000095 bytes, run addr=2001f5e0, run size=00000160 bytes, compression=lzss
	.bss: load addr=2000feb8, load size=00000008 bytes, run addr=2001f000, run size=000005de bytes, compression=zero_init


LINKER GENERATED HANDLER TABLE

__TI_handler_table @ 2000fea8 records: 3, size/record: 4, table size: 12
	index: 0, handler: __TI_decompress_lzss
	index: 1, handler: __TI_decompress_none
	index: 2, handler: __TI_zero_init


GLOBAL SYMBOLS: SORTED ALPHABETICALLY BY Name 

address   name                                  
-------   ----                                  
20008271  Adafruit_Init                         
2000f25b  C$$EXIT                               
2000f14d  CPUcpsie                              
20008a61  ClearTerm                             
200083e7  Color565                              
2000ebe5  DmaSpiSwIntHandler                    
20008a6b  Error                                 
2000e869  GPIODirModeSet                        
2000f161  GPIOIntClear                          
2000ef1d  GPIOIntEnable                         
2000edbd  GPIOIntRegister                       
2000ec75  GPIOIntStatus                         
2000d34d  GPIOIntTypeSet                        
2000efed  GPIOPinRead                           
2000ecdb  GPIOPinWrite                          
20008949  GPIO_IF_ConfigureNIntEnable           
200089d5  GPIO_IF_Get                           
20008903  GPIO_IF_GetPortNPin                   
200086c5  GPIO_IF_LedConfigure                  
200087b7  GPIO_IF_LedOff                        
20008703  GPIO_IF_LedOn                         
2000886b  GPIO_IF_LedStatus                     
200088d5  GPIO_IF_LedToggle                     
20008991  GPIO_IF_Set                           
20008aa3  GetCmd                                
20008a21  InitTerm                              
2000c439  IntDisable                            
2000c4e1  IntEnable                             
2000f235  IntMasterEnable                       
2000dda1  IntPendClear                          
2000dea9  IntPrioritySet                        
2000ecfd  IntRegister                           
2000ec09  IntUnregister                         
2000f175  IntVTableBaseSet                      
20008a3f  Message                               
2000f211  NwpMaskInterrupt                      
2000e7c1  NwpPowerOff                           
2000e9c9  NwpPowerOn                            
2000ed1d  NwpPrePowerOffTimout0                 
2000e5dd  NwpRegisterInterruptHandler           
2000f21d  NwpUnMaskInterrupt                    
2000fb98  OpcodeTranslateTable                  
20006777  Outstr                                
2000a30d  PRCMCC3200MCUInit                     
2000f0f5  PRCMHIBRegRead                        
2000f10b  PRCMHIBRegWrite                       
2000eacd  PRCMPeripheralClkDisable              
2000e695  PRCMPeripheralClkEnable               
2000cc35  PRCMPeripheralClockGet                
2000ddf9  PRCMPeripheralReset                   
2000e8a1  PRCMPeripheralStatusGet               
2000e9f5  PRCMSysResetCauseGet                  
2000d135  PinConfigSet                          
2000e51d  PinModeSet                            
2000a8a1  PinMuxConfig                          
2000e909  PinTypeGPIO                           
2000ef37  PinTypeSPI                            
2000ef51  PinTypeUART                           
20005465  Process                               
20008be1  Report                                
2000f201  ResetISR                              
2001f5d8  RxIrqCnt                              
2000f005  SPICSDisable                          
2000f01d  SPICSEnable                           
2000c62d  SPIConfigSetExpClk                    
2000ed3d  SPIDataGet                            
2000eddb  SPIDataPut                            
2000f035  SPIDisable                            
2000ef6b  SPIDmaDisable                         
2000ef85  SPIDmaEnable                          
2000f04d  SPIEnable                             
2000ef9f  SPIFIFODisable                        
2000efb9  SPIFIFOEnable                         
2000e8d5  SPIFIFOLevelSet                       
2000e2ad  SPIIntClear                           
2000e09d  SPIIntEnable                          
2000efd3  SPIIntUnregister                      
2000ec97  SPIReset                              
2000ecb9  SPIWordCountSet                       
200045d5  SimpleLinkGeneralEventHandler         
200045b1  SimpleLinkHttpServerCallback          
2000450f  SimpleLinkNetAppEventHandler          
200045f5  SimpleLinkSockEventHandler            
20004401  SimpleLinkWlanEventHandler            
2000e3c9  TimerConfigure                        
2000edf9  TimerDisable                          
2000ee17  TimerEnable                           
2000ed5d  TimerGetCurrentTimestamp              
2000f1b1  TimerIntClear                         
2000f065  TimerIntDisable                       
2000f07d  TimerIntEnable                        
2000d7a9  TimerIntRegister                      
2000ee35  TimerIntStatus                        
2000d961  TimerIntUnregister                    
2000ea79  TimerLoadSet                          
2000eaa3  TimerPrescaleSet                      
2000ee8f  TimerValueGet                         
20009f9f  Timer_IF_DeInit                       
20009fd1  Timer_IF_GetCount                     
20009ed9  Timer_IF_Init                         
20009f0b  Timer_IF_IntSetup                     
20009f57  Timer_IF_InterruptClear               
20009fb9  Timer_IF_ReLoad                       
20009f6f  Timer_IF_Start                        
20009f8f  Timer_IF_Stop                         
20008b49  TrimSpace                             
2000eeab  UARTCharGetNonBlocking                
2000ee53  UARTCharPut                           
2000f095  UARTCharsAvail                        
2000d6bd  UARTConfigSetExpClk                   
2000e939  UARTDisable                           
2000ec2d  UARTEnable                            
2000f251  UtilsDelay                            
2000fbd4  _SlActionLookupTable                  
2000c589  _SlDriverHandleError                  
2000e2f5  _SlDrvBasicCmd                        
2000c215  _SlDrvCmdOp                           
2000d889  _SlDrvCmdSend                         
200093d1  _SlDrvDataReadOp                      
2000a751  _SlDrvDataWriteOp                     
2000c809  _SlDrvDeviceEventHandler              
2000f1d5  _SlDrvDispatchHttpServerEvents        
2000b161  _SlDrvDriverCBDeinit                  
20009b09  _SlDrvDriverCBInit                    
2000eaf5  _SlDrvGlobalObjUnLock                 
2000cf91  _SlDrvIsTimeoutExpired                
2000f121  _SlDrvMemZero                         
2000bb69  _SlDrvMsgReadSpawnCtx                 
2000b4c5  _SlDrvNetAppEventHandler              
2000ebbd  _SlDrvObjLockWaitForever              
2000ed7d  _SlDrvObjUnLock                       
2000e135  _SlDrvProtectAsyncRespSetting         
2000ea4d  _SlDrvProtectionObjLockWaitForever    
2000eb1d  _SlDrvProtectionObjUnLock             
200095b5  _SlDrvReleasePoolObj                  
2000f1e5  _SlDrvResetCmdExt                     
2000defd  _SlDrvRxIrqHandler                    
2000eec7  _SlDrvStartMeasureTimeout             
2000ed9d  _SlDrvSyncObjSignal                   
2000eb45  _SlDrvSyncObjWaitForever              
2000e40d  _SlDrvSyncObjWaitTimeout              
20009ff1  _SlDrvWaitForPoolObj                  
2000fdd2  _SlNetAppSendTokenValueCmdCtrl        
2000d735  _SlNonOsMainLoopTask                  
2000c389  _SlNonOsSemGet                        
2000f0ad  _SlNonOsSemSet                        
2000da31  _SlNonOsSpawn                         
20030000  __STACK_END                           
00001000  __STACK_SIZE                          
00008000  __SYSMEM_SIZE                         
2000fec0  __TI_CINIT_Base                       
2000fed0  __TI_CINIT_Limit                      
2000fea8  __TI_Handler_Table_Base               
2000feb4  __TI_Handler_Table_Limit              
2000e451  __TI_auto_init_nobinit_nopinit        
2000d9c9  __TI_decompress_lzss                  
2000f1f3  __TI_decompress_none                  
ffffffff  __TI_pprof_out_hndl                   
2000684d  __TI_printfi                          
ffffffff  __TI_prof_data_size                   
ffffffff  __TI_prof_data_start                  
2000fe10  __TI_static_base__                    
2000f229  __TI_zero_init                        
2000d1bd  __aeabi_cdcmpeq                       
2000d1bd  __aeabi_cdcmple                       
2000d243  __aeabi_cdrcmple                      
2000e33d  __aeabi_d2iz                          
2000995b  __aeabi_dadd                          
2000aef5  __aeabi_ddiv                          
2000b5c9  __aeabi_dmul                          
20009951  __aeabi_dsub                          
2000f241  __aeabi_errno_addr                    
2000e999  __aeabi_i2d                           
20009b07  __aeabi_idiv0                         
20009b07  __aeabi_ldiv0                         
2000d551  __aeabi_memclr                        
2000d551  __aeabi_memclr4                       
2000d551  __aeabi_memclr8                       
2000c76d  __aeabi_memcpy                        
2000c76d  __aeabi_memcpy4                       
2000c76d  __aeabi_memcpy8                       
2000d553  __aeabi_memset                        
2000d553  __aeabi_memset4                       
2000d553  __aeabi_memset8                       
2000cb9d  __aeabi_uldivmod                      
ffffffff  __binit__                             
ffffffff  __c_args__                            
UNDEFED   __mpu_init                            
2002f000  __stack                               
2000eb6d  _c_int00_noargs                       
2000f75b  _ctypes_                              
2001f71c  _lock                                 
20008687  _nop                                  
2000da95  _sl_HandleAsync_Accept                
2000d3d1  _sl_HandleAsync_Connect               
2000ccc9  _sl_HandleAsync_DnsGetHostByName      
2000bfb9  _sl_HandleAsync_DnsGetHostByService   
2000d01d  _sl_HandleAsync_InitComplete          
2000cd59  _sl_HandleAsync_PingResponse          
2000df51  _sl_HandleAsync_Select                
2000e04d  _sl_HandleAsync_Stop                  
2000d8f5  _sl_NetAppSendTokenValue              
20017000  _sys_memory                           
UNDEFED   _system_post_cinit                    
2000f257  _system_pre_init                      
2001f720  _unlock                               
2000f25b  abort                                 
2000e1cd  atoi                                  
ffffffff  binit                                 
2000f249  copysign                              
2000f249  copysignl                             
2001f6bc  cursor_x                              
2001f6c0  cursor_y                              
200050c5  deleteChar                            
2000662b  drawChar                              
20005dcd  drawCircle                            
20005f01  drawCircleHelper                      
20008591  drawFastHLine                         
200084f5  drawFastVLine                         
20006147  drawLine                              
2000862d  drawPixel                             
20006233  drawRect                              
20006281  drawRoundRect                         
200063e9  drawTriangle                          
2001f73c  errno                                 
2000601f  fillCircle                            
20006059  fillCircleHelper                      
2000843f  fillRect                              
2000636f  fillRoundRect                         
20008429  fillScreen                            
2000642b  fillTriangle                          
20005289  findPattern                           
2000be11  free                                  
2000dd45  frexp                                 
2000dd45  frexpl                                
2001f6b8  g_Host                                
2001f6e8  g_SlDeviceStatus                      
2001f710  g_SpiFd                               
2001f630  g__SlNonOsCB                          
2001f5d9  g_bDeviceRestartIsRequired            
2001f5da  g_cDummy                              
2001f6ec  g_pCB                                 
2001f714  g_pHostIntHdl                         
20004000  g_pfnVectors                          
2001f57c  g_time                                
2001f5cc  g_ucConnectionBSSID                   
2001f5a8  g_ucConnectionSSID                    
2001f718  g_ucDMAEnabled                        
2001f52c  g_ucDinDout                           
2001f5db  g_ucLED1Pin                           
2001f5dc  g_ucLED2Pin                           
2001f5dd  g_ucLED3Pin                           
2001f704  g_uiLED1Port                          
2001f708  g_uiLED2Port                          
2001f70c  g_uiLED3Port                          
2001f6b4  g_ulGatewayIP                         
2001f6b0  g_ulPingPacketsRecv                   
2001f6ac  g_ulStatus                            
200083a3  goTo                                  
2000682b  height                                
2000866b  invert                                
2000bee9  ldexp                                 
2000bee9  ldexpl                                
2000dfa5  ltoa                                  
2000571d  main                                  
2000d5cd  malloc                                
2000eee3  memccpy                               
2000c76d  memcpy                                
2000ec51  memmove                               
2000d559  memset                                
2000e7f9  minit                                 
2001f6f0  pPingCallBackFunc                     
20007299  pow                                   
20007299  powl                                  
20004d49  printErrConvenience                   
2000b3b1  realloc                               
200050e9  sameArray                             
2000bee9  scalbn                                
2000bee9  scalbnl                               
200050dd  sendMessage                           
200067c3  setCursor                             
200067fb  setTextColor                          
200067db  setTextSize                           
20006813  setTextWrap                           
2000e70d  simplelink_timerA2_start              
2000dc25  sl_Close                              
2000a181  sl_Connect                            
2000c085  sl_DevGet                             
2000c8a5  sl_DevSet                             
2000e4d9  sl_Htonl                              
2000e749  sl_Htons                              
2000ac75  sl_NetAppDnsGetHostByName             
2000bc51  sl_NetAppMDNSRegisterUnregisterService
2000daf9  sl_NetAppMDNSUnRegisterService        
2000c93d  sl_NetCfgSet                          
2000c6cd  sl_Recv                               
2000b02d  sl_Send                               
2000c9d5  sl_SetSockOpt                         
2000d0a9  sl_Socket                             
2000b995  sl_Start                              
2000b6c5  sl_Stop                               
20008ca1  sl_WlanConnect                        
2000e831  sl_WlanDisconnect                     
2000cde9  sl_WlanPolicySet                      
2000dc85  sl_WlanProfileDel                     
2000d2c9  sl_WlanRxFilterSet                    
2000ca6d  sl_WlanSet                            
2000dce5  sl_WlanSetMode                        
2000d645  spi_Close                             
2000a9e9  spi_Open                              
2000b7b5  spi_Read                              
2000cb05  spi_Write                             
2000a5f5  sqrt                                  
2000a5f5  sqrtl                                 
2000f137  strchr                                
2000f189  strcpy                                
2000f19d  strlen                                
2001f6cc  textbgcolor                           
2001f6c8  textcolor                             
2001f6c4  textsize                              
2000e219  uDMAChannelAssign                     
2000db5d  uDMAChannelAttributeDisable           
2000dbc1  uDMAChannelAttributeEnable            
2000e785  uDMAChannelControlSet                 
2000ef01  uDMAChannelEnable                     
2000b8a5  uDMAChannelTransferSet                
2000e59d  vsnprintf                             
2000f1c3  wcslen                                
20006827  width                                 
2001f6d0  wrap                                  
200081e5  writeCommand                          
2000822b  writeData                             


GLOBAL SYMBOLS: SORTED BY Symbol Address 

address   name                                  
-------   ----                                  
00001000  __STACK_SIZE                          
00008000  __SYSMEM_SIZE                         
20004000  g_pfnVectors                          
20004401  SimpleLinkWlanEventHandler            
2000450f  SimpleLinkNetAppEventHandler          
200045b1  SimpleLinkHttpServerCallback          
200045d5  SimpleLinkGeneralEventHandler         
200045f5  SimpleLinkSockEventHandler            
20004d49  printErrConvenience                   
200050c5  deleteChar                            
200050dd  sendMessage                           
200050e9  sameArray                             
20005289  findPattern                           
20005465  Process                               
2000571d  main                                  
20005dcd  drawCircle                            
20005f01  drawCircleHelper                      
2000601f  fillCircle                            
20006059  fillCircleHelper                      
20006147  drawLine                              
20006233  drawRect                              
20006281  drawRoundRect                         
2000636f  fillRoundRect                         
200063e9  drawTriangle                          
2000642b  fillTriangle                          
2000662b  drawChar                              
20006777  Outstr                                
200067c3  setCursor                             
200067db  setTextSize                           
200067fb  setTextColor                          
20006813  setTextWrap                           
20006827  width                                 
2000682b  height                                
2000684d  __TI_printfi                          
20007299  pow                                   
20007299  powl                                  
200081e5  writeCommand                          
2000822b  writeData                             
20008271  Adafruit_Init                         
200083a3  goTo                                  
200083e7  Color565                              
20008429  fillScreen                            
2000843f  fillRect                              
200084f5  drawFastVLine                         
20008591  drawFastHLine                         
2000862d  drawPixel                             
2000866b  invert                                
20008687  _nop                                  
200086c5  GPIO_IF_LedConfigure                  
20008703  GPIO_IF_LedOn                         
200087b7  GPIO_IF_LedOff                        
2000886b  GPIO_IF_LedStatus                     
200088d5  GPIO_IF_LedToggle                     
20008903  GPIO_IF_GetPortNPin                   
20008949  GPIO_IF_ConfigureNIntEnable           
20008991  GPIO_IF_Set                           
200089d5  GPIO_IF_Get                           
20008a21  InitTerm                              
20008a3f  Message                               
20008a61  ClearTerm                             
20008a6b  Error                                 
20008aa3  GetCmd                                
20008b49  TrimSpace                             
20008be1  Report                                
20008ca1  sl_WlanConnect                        
200093d1  _SlDrvDataReadOp                      
200095b5  _SlDrvReleasePoolObj                  
20009951  __aeabi_dsub                          
2000995b  __aeabi_dadd                          
20009b07  __aeabi_idiv0                         
20009b07  __aeabi_ldiv0                         
20009b09  _SlDrvDriverCBInit                    
20009ed9  Timer_IF_Init                         
20009f0b  Timer_IF_IntSetup                     
20009f57  Timer_IF_InterruptClear               
20009f6f  Timer_IF_Start                        
20009f8f  Timer_IF_Stop                         
20009f9f  Timer_IF_DeInit                       
20009fb9  Timer_IF_ReLoad                       
20009fd1  Timer_IF_GetCount                     
20009ff1  _SlDrvWaitForPoolObj                  
2000a181  sl_Connect                            
2000a30d  PRCMCC3200MCUInit                     
2000a5f5  sqrt                                  
2000a5f5  sqrtl                                 
2000a751  _SlDrvDataWriteOp                     
2000a8a1  PinMuxConfig                          
2000a9e9  spi_Open                              
2000ac75  sl_NetAppDnsGetHostByName             
2000aef5  __aeabi_ddiv                          
2000b02d  sl_Send                               
2000b161  _SlDrvDriverCBDeinit                  
2000b3b1  realloc                               
2000b4c5  _SlDrvNetAppEventHandler              
2000b5c9  __aeabi_dmul                          
2000b6c5  sl_Stop                               
2000b7b5  spi_Read                              
2000b8a5  uDMAChannelTransferSet                
2000b995  sl_Start                              
2000bb69  _SlDrvMsgReadSpawnCtx                 
2000bc51  sl_NetAppMDNSRegisterUnregisterService
2000be11  free                                  
2000bee9  ldexp                                 
2000bee9  ldexpl                                
2000bee9  scalbn                                
2000bee9  scalbnl                               
2000bfb9  _sl_HandleAsync_DnsGetHostByService   
2000c085  sl_DevGet                             
2000c215  _SlDrvCmdOp                           
2000c389  _SlNonOsSemGet                        
2000c439  IntDisable                            
2000c4e1  IntEnable                             
2000c589  _SlDriverHandleError                  
2000c62d  SPIConfigSetExpClk                    
2000c6cd  sl_Recv                               
2000c76d  __aeabi_memcpy                        
2000c76d  __aeabi_memcpy4                       
2000c76d  __aeabi_memcpy8                       
2000c76d  memcpy                                
2000c809  _SlDrvDeviceEventHandler              
2000c8a5  sl_DevSet                             
2000c93d  sl_NetCfgSet                          
2000c9d5  sl_SetSockOpt                         
2000ca6d  sl_WlanSet                            
2000cb05  spi_Write                             
2000cb9d  __aeabi_uldivmod                      
2000cc35  PRCMPeripheralClockGet                
2000ccc9  _sl_HandleAsync_DnsGetHostByName      
2000cd59  _sl_HandleAsync_PingResponse          
2000cde9  sl_WlanPolicySet                      
2000cf91  _SlDrvIsTimeoutExpired                
2000d01d  _sl_HandleAsync_InitComplete          
2000d0a9  sl_Socket                             
2000d135  PinConfigSet                          
2000d1bd  __aeabi_cdcmpeq                       
2000d1bd  __aeabi_cdcmple                       
2000d243  __aeabi_cdrcmple                      
2000d2c9  sl_WlanRxFilterSet                    
2000d34d  GPIOIntTypeSet                        
2000d3d1  _sl_HandleAsync_Connect               
2000d551  __aeabi_memclr                        
2000d551  __aeabi_memclr4                       
2000d551  __aeabi_memclr8                       
2000d553  __aeabi_memset                        
2000d553  __aeabi_memset4                       
2000d553  __aeabi_memset8                       
2000d559  memset                                
2000d5cd  malloc                                
2000d645  spi_Close                             
2000d6bd  UARTConfigSetExpClk                   
2000d735  _SlNonOsMainLoopTask                  
2000d7a9  TimerIntRegister                      
2000d889  _SlDrvCmdSend                         
2000d8f5  _sl_NetAppSendTokenValue              
2000d961  TimerIntUnregister                    
2000d9c9  __TI_decompress_lzss                  
2000da31  _SlNonOsSpawn                         
2000da95  _sl_HandleAsync_Accept                
2000daf9  sl_NetAppMDNSUnRegisterService        
2000db5d  uDMAChannelAttributeDisable           
2000dbc1  uDMAChannelAttributeEnable            
2000dc25  sl_Close                              
2000dc85  sl_WlanProfileDel                     
2000dce5  sl_WlanSetMode                        
2000dd45  frexp                                 
2000dd45  frexpl                                
2000dda1  IntPendClear                          
2000ddf9  PRCMPeripheralReset                   
2000dea9  IntPrioritySet                        
2000defd  _SlDrvRxIrqHandler                    
2000df51  _sl_HandleAsync_Select                
2000dfa5  ltoa                                  
2000e04d  _sl_HandleAsync_Stop                  
2000e09d  SPIIntEnable                          
2000e135  _SlDrvProtectAsyncRespSetting         
2000e1cd  atoi                                  
2000e219  uDMAChannelAssign                     
2000e2ad  SPIIntClear                           
2000e2f5  _SlDrvBasicCmd                        
2000e33d  __aeabi_d2iz                          
2000e3c9  TimerConfigure                        
2000e40d  _SlDrvSyncObjWaitTimeout              
2000e451  __TI_auto_init_nobinit_nopinit        
2000e4d9  sl_Htonl                              
2000e51d  PinModeSet                            
2000e59d  vsnprintf                             
2000e5dd  NwpRegisterInterruptHandler           
2000e695  PRCMPeripheralClkEnable               
2000e70d  simplelink_timerA2_start              
2000e749  sl_Htons                              
2000e785  uDMAChannelControlSet                 
2000e7c1  NwpPowerOff                           
2000e7f9  minit                                 
2000e831  sl_WlanDisconnect                     
2000e869  GPIODirModeSet                        
2000e8a1  PRCMPeripheralStatusGet               
2000e8d5  SPIFIFOLevelSet                       
2000e909  PinTypeGPIO                           
2000e939  UARTDisable                           
2000e999  __aeabi_i2d                           
2000e9c9  NwpPowerOn                            
2000e9f5  PRCMSysResetCauseGet                  
2000ea4d  _SlDrvProtectionObjLockWaitForever    
2000ea79  TimerLoadSet                          
2000eaa3  TimerPrescaleSet                      
2000eacd  PRCMPeripheralClkDisable              
2000eaf5  _SlDrvGlobalObjUnLock                 
2000eb1d  _SlDrvProtectionObjUnLock             
2000eb45  _SlDrvSyncObjWaitForever              
2000eb6d  _c_int00_noargs                       
2000ebbd  _SlDrvObjLockWaitForever              
2000ebe5  DmaSpiSwIntHandler                    
2000ec09  IntUnregister                         
2000ec2d  UARTEnable                            
2000ec51  memmove                               
2000ec75  GPIOIntStatus                         
2000ec97  SPIReset                              
2000ecb9  SPIWordCountSet                       
2000ecdb  GPIOPinWrite                          
2000ecfd  IntRegister                           
2000ed1d  NwpPrePowerOffTimout0                 
2000ed3d  SPIDataGet                            
2000ed5d  TimerGetCurrentTimestamp              
2000ed7d  _SlDrvObjUnLock                       
2000ed9d  _SlDrvSyncObjSignal                   
2000edbd  GPIOIntRegister                       
2000eddb  SPIDataPut                            
2000edf9  TimerDisable                          
2000ee17  TimerEnable                           
2000ee35  TimerIntStatus                        
2000ee53  UARTCharPut                           
2000ee8f  TimerValueGet                         
2000eeab  UARTCharGetNonBlocking                
2000eec7  _SlDrvStartMeasureTimeout             
2000eee3  memccpy                               
2000ef01  uDMAChannelEnable                     
2000ef1d  GPIOIntEnable                         
2000ef37  PinTypeSPI                            
2000ef51  PinTypeUART                           
2000ef6b  SPIDmaDisable                         
2000ef85  SPIDmaEnable                          
2000ef9f  SPIFIFODisable                        
2000efb9  SPIFIFOEnable                         
2000efd3  SPIIntUnregister                      
2000efed  GPIOPinRead                           
2000f005  SPICSDisable                          
2000f01d  SPICSEnable                           
2000f035  SPIDisable                            
2000f04d  SPIEnable                             
2000f065  TimerIntDisable                       
2000f07d  TimerIntEnable                        
2000f095  UARTCharsAvail                        
2000f0ad  _SlNonOsSemSet                        
2000f0f5  PRCMHIBRegRead                        
2000f10b  PRCMHIBRegWrite                       
2000f121  _SlDrvMemZero                         
2000f137  strchr                                
2000f14d  CPUcpsie                              
2000f161  GPIOIntClear                          
2000f175  IntVTableBaseSet                      
2000f189  strcpy                                
2000f19d  strlen                                
2000f1b1  TimerIntClear                         
2000f1c3  wcslen                                
2000f1d5  _SlDrvDispatchHttpServerEvents        
2000f1e5  _SlDrvResetCmdExt                     
2000f1f3  __TI_decompress_none                  
2000f201  ResetISR                              
2000f211  NwpMaskInterrupt                      
2000f21d  NwpUnMaskInterrupt                    
2000f229  __TI_zero_init                        
2000f235  IntMasterEnable                       
2000f241  __aeabi_errno_addr                    
2000f249  copysign                              
2000f249  copysignl                             
2000f251  UtilsDelay                            
2000f257  _system_pre_init                      
2000f25b  C$$EXIT                               
2000f25b  abort                                 
2000f75b  _ctypes_                              
2000fb98  OpcodeTranslateTable                  
2000fbd4  _SlActionLookupTable                  
2000fdd2  _SlNetAppSendTokenValueCmdCtrl        
2000fe10  __TI_static_base__                    
2000fea8  __TI_Handler_Table_Base               
2000feb4  __TI_Handler_Table_Limit              
2000fec0  __TI_CINIT_Base                       
2000fed0  __TI_CINIT_Limit                      
20017000  _sys_memory                           
2001f52c  g_ucDinDout                           
2001f57c  g_time                                
2001f5a8  g_ucConnectionSSID                    
2001f5cc  g_ucConnectionBSSID                   
2001f5d8  RxIrqCnt                              
2001f5d9  g_bDeviceRestartIsRequired            
2001f5da  g_cDummy                              
2001f5db  g_ucLED1Pin                           
2001f5dc  g_ucLED2Pin                           
2001f5dd  g_ucLED3Pin                           
2001f630  g__SlNonOsCB                          
2001f6ac  g_ulStatus                            
2001f6b0  g_ulPingPacketsRecv                   
2001f6b4  g_ulGatewayIP                         
2001f6b8  g_Host                                
2001f6bc  cursor_x                              
2001f6c0  cursor_y                              
2001f6c4  textsize                              
2001f6c8  textcolor                             
2001f6cc  textbgcolor                           
2001f6d0  wrap                                  
2001f6e8  g_SlDeviceStatus                      
2001f6ec  g_pCB                                 
2001f6f0  pPingCallBackFunc                     
2001f704  g_uiLED1Port                          
2001f708  g_uiLED2Port                          
2001f70c  g_uiLED3Port                          
2001f710  g_SpiFd                               
2001f714  g_pHostIntHdl                         
2001f718  g_ucDMAEnabled                        
2001f71c  _lock                                 
2001f720  _unlock                               
2001f73c  errno                                 
2002f000  __stack                               
20030000  __STACK_END                           
ffffffff  __TI_pprof_out_hndl                   
ffffffff  __TI_prof_data_size                   
ffffffff  __TI_prof_data_start                  
ffffffff  __binit__                             
ffffffff  __c_args__                            
ffffffff  binit                                 
UNDEFED   __mpu_init                            
UNDEFED   _system_post_cinit                    

[332 symbols]
