******************************************************************************
                  TI ARM Linker PC v18.1.4                     
******************************************************************************
>> Linked Thu Feb  7 01:13:52 2019

OUTPUT FILE NAME:   <lab3 part3.out>
ENTRY POINT SYMBOL: "_c_int00_noargs"  address: 20009669


MEMORY CONFIGURATION

         name            origin    length      used     unused   attr    fill
----------------------  --------  ---------  --------  --------  ----  --------
  SRAM_CODE             20004000   00013000  00006552  0000caae  RW X
  SRAM_DATA             20017000   00019000  00001ca8  00017358  RW X


SEGMENT ALLOCATION MAP

run origin  load origin   length   init length attrs members
----------  ----------- ---------- ----------- ----- -------
20004000    20004000    00006558   00006558    r-x
  20004000    20004000    00000400   00000400    r-- .intvecs
  20004400    20004400    00005732   00005732    r-x .text
  20009b38    20009b38    00000978   00000978    r-- .const
  2000a4b0    2000a4b0    000000a8   000000a8    r-- .cinit
20017000    20017000    00000ca8   00000000    rw-
  20017000    20017000    00000800   00000000    rw- .sysmem
  20017800    20017800    000003c8   00000000    rw- .bss
  20017bc8    20017bc8    000000e0   00000000    rw- .data
2002f000    2002f000    00001000   00000000    rw-
  2002f000    2002f000    00001000   00000000    rw- .stack


SECTION ALLOCATION MAP

 output                                  attributes/
section   page    origin      length       input sections
--------  ----  ----------  ----------   ----------------
.intvecs   0    20004000    00000400     
                  20004000    00000400     startup_ccs.obj (.intvecs)

.init_array 
*          0    20004000    00000000     UNINITIALIZED

.text      0    20004400    00005732     
                  20004400    00000a80     Adafruit_GFX.obj (.text)
                  20004e80    00000a4a     rtsv7M4_T_le_eabi.lib : _printfi.c.obj (.text:__TI_printfi)
                  200058ca    00000002     driverlib.a : interrupt.obj (.text:IntDefaultHandler)
                  200058cc    000009bc     rtsv7M4_T_le_eabi.lib : e_pow.c.obj (.text:pow)
                  20006288    0000098c     main.obj (.text)
                  20006c14    000004a2     Adafruit_OLED.obj (.text)
                  200070b6    00000002     rtsv7M4_T_le_eabi.lib : _lock.c.obj (.text:_nop)
                  200070b8    00000280     uart_if.obj (.text)
                  20007338    00000268     rtsv7M4_T_le_eabi.lib : _printfi.c.obj (.text:_pconv_a)
                  200075a0    000001cc                           : _printfi.c.obj (.text:_pconv_g)
                  2000776c    000001b6                           : fd_add_t2.asm.obj (.text)
                  20007922    00000002                           : div0.asm.obj (.text)
                  20007924    00000198     timer_if.obj (.text)
                  20007abc    00000178     driverlib.a : prcm.obj (.text:PRCMCC3200MCUInit)
                  20007c34    0000015c     rtsv7M4_T_le_eabi.lib : e_sqrt.c.obj (.text:sqrt)
                  20007d90    0000013c                           : _printfi.c.obj (.text:_pconv_e)
                  20007ecc    00000136                           : fd_div_t2.asm.obj (.text)
                  20008002    00000002     --HOLE-- [fill = 0]
                  20008004    00000130     pin_mux_config.obj (.text)
                  20008134    00000120     rtsv7M4_T_le_eabi.lib : _printfi.c.obj (.text:fcvt)
                  20008254    00000114                           : memory.c.obj (.text:realloc)
                  20008368    000000fc                           : fd_mul_t2.asm.obj (.text)
                  20008464    000000d8                           : memory.c.obj (.text:free)
                  2000853c    000000d0                           : s_scalbn.c.obj (.text:scalbn)
                  2000860c    000000b1                           : _printfi.c.obj (.text:_ltostr)
                  200086bd    00000003     --HOLE-- [fill = 0]
                  200086c0    000000a8     driverlib.a : interrupt.obj (.text:IntDisable)
                  20008768    000000a8                 : interrupt.obj (.text:IntEnable)
                  20008810    000000a0                 : spi.obj (.text:SPIConfigSetExpClk)
                  200088b0    0000009c     rtsv7M4_T_le_eabi.lib : memcpy_t2.asm.obj (.text)
                  2000894c    00000096                           : ull_div_t2.asm.obj (.text)
                  200089e2    00000002     --HOLE-- [fill = 0]
                  200089e4    00000094     driverlib.a : prcm.obj (.text:PRCMPeripheralClockGet)
                  20008a78    00000088                 : pin.obj (.text:PinConfigSet)
                  20008b00    00000086     rtsv7M4_T_le_eabi.lib : fd_cmp_t2.asm.obj (.text:__aeabi_cdcmple)
                  20008b86    00000086                           : fd_cmp_t2.asm.obj (.text:__aeabi_cdrcmple)
                  20008c0c    00000082     driverlib.a : gpio.obj (.text:GPIOIntTypeSet)
                  20008c8e    0000007a     rtsv7M4_T_le_eabi.lib : memset_t2.asm.obj (.text)
                  20008d08    00000078                           : memory.c.obj (.text:malloc)
                  20008d80    00000076     driverlib.a : uart.obj (.text:UARTConfigSetExpClk)
                  20008df6    00000002     --HOLE-- [fill = 0]
                  20008df8    00000070                 : timer.obj (.text:TimerIntRegister)
                  20008e68    0000006e     rtsv7M4_T_le_eabi.lib : _printfi.c.obj (.text:_mcpy)
                  20008ed6    00000002     --HOLE-- [fill = 0]
                  20008ed8    00000068     driverlib.a : timer.obj (.text:TimerIntUnregister)
                  20008f40    00000068     rtsv7M4_T_le_eabi.lib : copy_decompress_lzss.c.obj (.text:decompress:lzss:__TI_decompress_lzss)
                  20008fa8    0000005c                           : s_frexp.c.obj (.text:frexp)
                  20009004    00000058     driverlib.a : prcm.obj (.text:PRCMPeripheralReset)
                  2000905c    00000056     rtsv7M4_T_le_eabi.lib : _printfi.c.obj (.text:_pconv_f)
                  200090b2    00000002     --HOLE-- [fill = 0]
                  200090b4    00000054     driverlib.a : interrupt.obj (.text:IntPrioritySet)
                  20009108    00000054     rtsv7M4_T_le_eabi.lib : ltoa.c.obj (.text:ltoa)
                  2000915c    00000052                           : _printfi.c.obj (.text:_ecpy)
                  200091ae    00000002     --HOLE-- [fill = 0]
                  200091b0    0000004c                           : atoi.c.obj (.text:atoi)
                  200091fc    00000048     driverlib.a : gpio.obj (.text:GPIOGetIntNumber)
                  20009244    00000048     rtsv7M4_T_le_eabi.lib : fd_toi_t2.asm.obj (.text)
                  2000928c    00000044     driverlib.a : timer.obj (.text:TimerConfigure)
                  200092d0    00000044                 : uart.obj (.text:UARTIntNumberGet)
                  20009314    00000044     rtsv7M4_T_le_eabi.lib : autoinit.c.obj (.text:__TI_auto_init_nobinit_nopinit:__TI_auto_init_nobinit_nopinit)
                  20009358    00000040     driverlib.a : pin.obj (.text:PinModeSet)
                  20009398    00000040     rtsv7M4_T_le_eabi.lib : vsnprintf.c.obj (.text:vsnprintf)
                  200093d8    0000003e                           : _printfi.c.obj (.text:_fcpy)
                  20009416    00000002     --HOLE-- [fill = 0]
                  20009418    0000003c     driverlib.a : prcm.obj (.text:PRCMPeripheralClkEnable)
                  20009454    0000003c     rtsv7M4_T_le_eabi.lib : memory.c.obj (.text:minsert)
                  20009490    00000038                           : memory.c.obj (.text:minit)
                  200094c8    00000036     driverlib.a : gpio.obj (.text:GPIODirModeSet)
                  200094fe    00000030                 : pin.obj (.text:PinTypeGPIO)
                  2000952e    00000002     --HOLE-- [fill = 0]
                  20009530    00000030                 : uart.obj (.text:UARTDisable)
                  20009560    00000030     rtsv7M4_T_le_eabi.lib : vsnprintf.c.obj (.text:_outs)
                  20009590    0000002e                           : i_tofd_t2.asm.obj (.text)
                  200095be    00000002     --HOLE-- [fill = 0]
                  200095c0    0000002c     driverlib.a : prcm.obj (.text:PRCMSysResetCauseGet)
                  200095ec    0000002a                 : timer.obj (.text:TimerLoadSet)
                  20009616    0000002a                 : timer.obj (.text:TimerPrescaleSet)
                  20009640    00000028                 : prcm.obj (.text:PRCMPeripheralClkDisable)
                  20009668    00000028     rtsv7M4_T_le_eabi.lib : boot_cortex_m.c.obj (.text:_c_int00_noargs:_c_int00_noargs)
                  20009690    00000028                           : memory.c.obj (.text:mremove)
                  200096b8    00000024     driverlib.a : interrupt.obj (.text:IntUnregister)
                  200096dc    00000024                 : uart.obj (.text:UARTEnable)
                  20009700    00000024     rtsv7M4_T_le_eabi.lib : memmov.c.obj (.text:memmove)
                  20009724    00000022     driverlib.a : gpio.obj (.text:GPIOIntStatus)
                  20009746    00000022                 : spi.obj (.text:SPIReset)
                  20009768    00000020                 : gpio.obj (.text:GPIOPinWrite)
                  20009788    00000020                 : interrupt.obj (.text:IntRegister)
                  200097a8    00000020                 : spi.obj (.text:SPIDataGet)
                  200097c8    0000001e                 : gpio.obj (.text:GPIOIntRegister)
                  200097e6    0000001e                 : spi.obj (.text:SPIDataPut)
                  20009804    0000001e                 : timer.obj (.text:TimerDisable)
                  20009822    0000001e                 : timer.obj (.text:TimerEnable)
                  20009840    0000001e                 : timer.obj (.text:TimerIntStatus)
                  2000985e    0000001e                 : uart.obj (.text:UARTCharPut)
                  2000987c    0000001e                 : uart.obj (.text:UARTIntRegister)
                  2000989a    0000001c                 : timer.obj (.text:TimerValueGet)
                  200098b6    0000001c                 : uart.obj (.text:UARTCharGetNonBlocking)
                  200098d2    0000001c     rtsv7M4_T_le_eabi.lib : memccpy.c.obj (.text:memccpy)
                  200098ee    0000001a     driverlib.a : gpio.obj (.text:GPIOIntEnable)
                  20009908    0000001a                 : pin.obj (.text:PinTypeSPI)
                  20009922    0000001a                 : pin.obj (.text:PinTypeUART)
                  2000993c    00000018                 : spi.obj (.text:SPICSDisable)
                  20009954    00000018                 : spi.obj (.text:SPICSEnable)
                  2000996c    00000018                 : spi.obj (.text:SPIEnable)
                  20009984    00000018                 : timer.obj (.text:TimerIntDisable)
                  2000999c    00000018                 : timer.obj (.text:TimerIntEnable)
                  200099b4    00000018                 : uart.obj (.text:UARTCharsAvail)
                  200099cc    00000018                 : uart.obj (.text:UARTIntEnable)
                  200099e4    00000018     rtsv7M4_T_le_eabi.lib : vsnprintf.c.obj (.text:_outc)
                  200099fc    00000016     driverlib.a : prcm.obj (.text:PRCMHIBRegRead)
                  20009a12    00000016                 : prcm.obj (.text:PRCMHIBRegWrite)
                  20009a28    00000016                 : uart.obj (.text:UARTCharGet)
                  20009a3e    00000016     rtsv7M4_T_le_eabi.lib : strchr.c.obj (.text:strchr)
                  20009a54    00000014     driverlib.a : cpu.obj (.text:CPUcpsie)
                  20009a68    00000014                 : gpio.obj (.text:GPIOIntClear)
                  20009a7c    00000014                 : interrupt.obj (.text:IntVTableBaseSet)
                  20009a90    00000014     rtsv7M4_T_le_eabi.lib : strlen.c.obj (.text:strlen)
                  20009aa4    00000012     driverlib.a : timer.obj (.text:TimerIntClear)
                  20009ab6    00000012                 : uart.obj (.text:UARTIntClear)
                  20009ac8    00000012     rtsv7M4_T_le_eabi.lib : copy_zero_init.c.obj (.text:decompress:ZI:__TI_zero_init_nomemset:__TI_zero_init_nomemset)
                  20009ada    00000012                           : wcslen.c.obj (.text:wcslen)
                  20009aec    0000000e                           : copy_decompress_none.c.obj (.text:decompress:none:__TI_decompress_none)
                  20009afa    0000000e     startup_ccs.obj (.text)
                  20009b08    0000000a     driverlib.a : interrupt.obj (.text:IntMasterEnable)
                  20009b12    00000002     --HOLE-- [fill = 0]
                  20009b14    00000008     rtsv7M4_T_le_eabi.lib : errno.c.obj (.text:__aeabi_errno_addr)
                  20009b1c    00000008                           : s_copysign.c.obj (.text:copysign)
                  20009b24    00000006     driverlib.a : utils.obj (.text:UtilsDelay)
                  20009b2a    00000004     rtsv7M4_T_le_eabi.lib : pre_init.c.obj (.text:_system_pre_init)
                  20009b2e    00000004                           : exit.c.obj (.text:abort:abort)

.const     0    20009b38    00000978     
                  20009b38    000004fb     Adafruit_GFX.obj (.const:.string:font)
                  2000a033    00000101     rtsv7M4_T_le_eabi.lib : ctype.c.obj (.const:.string:_ctypes_)
                  2000a134    00000100     driverlib.a : pin.obj (.const:g_ulPinToPadMap)
                  2000a234    000000d4                 : interrupt.obj (.const:g_pulRegs)
                  2000a308    000000a8                 : prcm.obj (.const:PRCM_PeriphRegsList)
                  2000a3b0    00000080                 : interrupt.obj (.const)
                  2000a430    00000040     main.obj (.const:$P$T0$1)
                  2000a470    00000030     rtsv7M4_T_le_eabi.lib : e_pow.c.obj (.const:$O1$$)
                  2000a4a0    00000010     driverlib.a : uart.obj (.const)

.cinit     0    2000a4b0    000000a8     
                  2000a4b0    00000081     (.cinit..data.load) [load image, compression = lzss]
                  2000a531    00000003     --HOLE-- [fill = 0]
                  2000a534    0000000c     (__TI_handler_table)
                  2000a540    00000008     (.cinit..bss.load) [load image, compression = zero_init]
                  2000a548    00000010     (__TI_cinit_table)

.sysmem    0    20017000    00000800     UNINITIALIZED
                  20017000    00000008     rtsv7M4_T_le_eabi.lib : memory.c.obj (.sysmem)
                  20017008    000007f8     --HOLE--

.bss       0    20017800    000003c8     UNINITIALIZED
                  20017800    00000190     main.obj (.bss:buffer)
                  20017990    00000190     main.obj (.bss:number)
                  20017b20    000000a4     main.obj (.bss:message)
                  20017bc4    00000004     uart_if.obj (.bss)

.data      0    20017bc8    000000e0     UNINITIALIZED
                  20017bc8    00000050     main.obj (.data:keySet)
                  20017c18    00000028     main.obj (.data:keyBuffer)
                  20017c40    00000018     main.obj (.data)
                  20017c58    00000015     Adafruit_GFX.obj (.data)
                  20017c6d    00000003     --HOLE--
                  20017c70    0000000c     rtsv7M4_T_le_eabi.lib : memory.c.obj (.data:$O1$$)
                  20017c7c    00000008                           : _lock.c.obj (.data:$O1$$)
                  20017c84    00000008     main.obj (.data:OC)
                  20017c8c    00000008     main.obj (.data:Receiver)
                  20017c94    00000008     main.obj (.data:bot)
                  20017c9c    00000008     main.obj (.data:top)
                  20017ca4    00000004     rtsv7M4_T_le_eabi.lib : errno.c.obj (.data)

.stack     0    2002f000    00001000     UNINITIALIZED
                  2002f000    00000004     rtsv7M4_T_le_eabi.lib : boot_cortex_m.c.obj (.stack)
                  2002f004    00000ffc     --HOLE--

MODULE SUMMARY

       Module                       code    ro data   rw data
       ------                       ----    -------   -------
    .\
       Adafruit_GFX.obj             2688    1275      21     
       main.obj                     2444    64        1140   
       Adafruit_OLED.obj            1186    0         0      
       startup_ccs.obj              14      1024      0      
       uart_if.obj                  640     0         4      
       timer_if.obj                 408     0         0      
       pin_mux_config.obj           304     0         0      
    +--+----------------------------+-------+---------+---------+
       Total:                       7684    2363      1165   
                                                             
    C:/TI/CC3200SDK_1.3.0/cc3200-sdk/driverlib/ccs/Release/driverlib.a
       prcm.obj                     800     168       0      
       interrupt.obj                520     340       0      
       pin.obj                      300     256       0      
       timer.obj                    552     0         0      
       uart.obj                     446     16        0      
       gpio.obj                     398     0         0      
       spi.obj                      328     0         0      
       cpu.obj                      20      0         0      
       utils.obj                    6       0         0      
    +--+----------------------------+-------+---------+---------+
       Total:                       3370    780       0      
                                                             
    C:\TI\ccsv8\tools\compiler\ti-cgt-arm_18.1.4.LTS\lib\rtsv7M4_T_le_eabi.lib
       _printfi.c.obj               4831    0         0      
       e_pow.c.obj                  2492    48        0      
       memory.c.obj                 768     0         12     
       fd_add_t2.asm.obj            438     0         0      
       e_sqrt.c.obj                 348     0         0      
       fd_div_t2.asm.obj            310     0         0      
       fd_cmp_t2.asm.obj            268     0         0      
       ctype.c.obj                  0       257       0      
       fd_mul_t2.asm.obj            252     0         0      
       s_scalbn.c.obj               208     0         0      
       memcpy_t2.asm.obj            156     0         0      
       ull_div_t2.asm.obj           150     0         0      
       vsnprintf.c.obj              136     0         0      
       memset_t2.asm.obj            122     0         0      
       copy_decompress_lzss.c.obj   104     0         0      
       s_frexp.c.obj                92      0         0      
       ltoa.c.obj                   84      0         0      
       atoi.c.obj                   76      0         0      
       fd_toi_t2.asm.obj            72      0         0      
       autoinit.c.obj               68      0         0      
       i_tofd_t2.asm.obj            46      0         0      
       boot_cortex_m.c.obj          40      0         0      
       memmov.c.obj                 36      0         0      
       memccpy.c.obj                28      0         0      
       strchr.c.obj                 22      0         0      
       strlen.c.obj                 20      0         0      
       copy_zero_init.c.obj         18      0         0      
       wcslen.c.obj                 18      0         0      
       copy_decompress_none.c.obj   14      0         0      
       errno.c.obj                  8       0         4      
       _lock.c.obj                  2       0         8      
       s_copysign.c.obj             8       0         0      
       exit.c.obj                   4       0         0      
       pre_init.c.obj               4       0         0      
       div0.asm.obj                 2       0         0      
    +--+----------------------------+-------+---------+---------+
       Total:                       11245   305       24     
                                                             
       Heap:                        0       0         2048   
       Stack:                       0       0         4096   
       Linker Generated:            0       165       0      
    +--+----------------------------+-------+---------+---------+
       Grand Total:                 22299   3613      7333   


LINKER GENERATED COPY TABLES

__TI_cinit_table @ 2000a548 records: 2, size/record: 8, table size: 16
	.data: load addr=2000a4b0, load size=00000081 bytes, run addr=20017bc8, run size=000000e0 bytes, compression=lzss
	.bss: load addr=2000a540, load size=00000008 bytes, run addr=20017800, run size=000003c8 bytes, compression=zero_init


LINKER GENERATED HANDLER TABLE

__TI_handler_table @ 2000a534 records: 3, size/record: 4, table size: 12
	index: 0, handler: __TI_decompress_lzss
	index: 1, handler: __TI_decompress_none
	index: 2, handler: __TI_zero_init


GLOBAL SYMBOLS: SORTED ALPHABETICALLY BY Name 

address   name                          
-------   ----                          
20006ca1  Adafruit_Init                 
200062c7  BoardInit                     
20009b2f  C$$EXIT                       
20009a55  CPUcpsie                      
200070f9  ClearTerm                     
20006e17  Color565                      
20006289  DisplayBanner                 
20007103  Error                         
200094c9  GPIODirModeSet                
20009a69  GPIOIntClear                  
200098ef  GPIOIntEnable                 
200097c9  GPIOIntRegister               
20009725  GPIOIntStatus                 
20008c0d  GPIOIntTypeSet                
20009769  GPIOPinWrite                  
2000713b  GetCmd                        
200070b9  InitTerm                      
200086c1  IntDisable                    
20008769  IntEnable                     
20009b09  IntMasterEnable               
200090b5  IntPrioritySet                
20009789  IntRegister                   
200096b9  IntUnregister                 
20009a7d  IntVTableBaseSet              
200070d7  Message                       
20004dab  Outstr                        
20007abd  PRCMCC3200MCUInit             
200099fd  PRCMHIBRegRead                
20009a13  PRCMHIBRegWrite               
20009641  PRCMPeripheralClkDisable      
20009419  PRCMPeripheralClkEnable       
200089e5  PRCMPeripheralClockGet        
20009005  PRCMPeripheralReset           
200095c1  PRCMSysResetCauseGet          
20008a79  PinConfigSet                  
20009359  PinModeSet                    
20008005  PinMuxConfig                  
200094ff  PinTypeGPIO                   
20009909  PinTypeSPI                    
20009923  PinTypeUART                   
20006431  Process                       
20007279  Report                        
20009afb  ResetISR                      
2000993d  SPICSDisable                  
20009955  SPICSEnable                   
20008811  SPIConfigSetExpClk            
200097a9  SPIDataGet                    
200097e7  SPIDataPut                    
2000996d  SPIEnable                     
20009747  SPIReset                      
2000928d  TimerConfigure                
20006729  TimerCountHandler             
20009805  TimerDisable                  
20009823  TimerEnable                   
20009aa5  TimerIntClear                 
20009985  TimerIntDisable               
2000999d  TimerIntEnable                
20008df9  TimerIntRegister              
20009841  TimerIntStatus                
20008ed9  TimerIntUnregister            
200095ed  TimerLoadSet                  
20009617  TimerPrescaleSet              
2000989b  TimerValueGet                 
20007a6b  Timer_IF_DeInit               
20007a9d  Timer_IF_GetCount             
200079a5  Timer_IF_Init                 
200079d7  Timer_IF_IntSetup             
20007a23  Timer_IF_InterruptClear       
20007a85  Timer_IF_ReLoad               
20007a3b  Timer_IF_Start                
20007a5b  Timer_IF_Stop                 
200071e1  TrimSpace                     
20009a29  UARTCharGet                   
200098b7  UARTCharGetNonBlocking        
2000985f  UARTCharPut                   
200099b5  UARTCharsAvail                
20008d81  UARTConfigSetExpClk           
20009531  UARTDisable                   
200096dd  UARTEnable                    
20009ab7  UARTIntClear                  
200099cd  UARTIntEnable                 
2000987d  UARTIntRegister               
20009b25  UtilsDelay                    
20030000  __STACK_END                   
00001000  __STACK_SIZE                  
00000800  __SYSMEM_SIZE                 
2000a548  __TI_CINIT_Base               
2000a558  __TI_CINIT_Limit              
2000a534  __TI_Handler_Table_Base       
2000a540  __TI_Handler_Table_Limit      
20009315  __TI_auto_init_nobinit_nopinit
20008f41  __TI_decompress_lzss          
20009aed  __TI_decompress_none          
ffffffff  __TI_pprof_out_hndl           
20004e81  __TI_printfi                  
ffffffff  __TI_prof_data_size           
ffffffff  __TI_prof_data_start          
2000a4b0  __TI_static_base__            
20009ac9  __TI_zero_init_nomemset       
20008b01  __aeabi_cdcmpeq               
20008b01  __aeabi_cdcmple               
20008b87  __aeabi_cdrcmple              
20009245  __aeabi_d2iz                  
20007777  __aeabi_dadd                  
20007ecd  __aeabi_ddiv                  
20008369  __aeabi_dmul                  
2000776d  __aeabi_dsub                  
20009b15  __aeabi_errno_addr            
20009591  __aeabi_i2d                   
20007923  __aeabi_idiv0                 
20007923  __aeabi_ldiv0                 
20008c8f  __aeabi_memclr                
20008c8f  __aeabi_memclr4               
20008c8f  __aeabi_memclr8               
200088b1  __aeabi_memcpy                
200088b1  __aeabi_memcpy4               
200088b1  __aeabi_memcpy8               
20008c91  __aeabi_memset                
20008c91  __aeabi_memset4               
20008c91  __aeabi_memset8               
2000894d  __aeabi_uldivmod              
ffffffff  __binit__                     
ffffffff  __c_args__                    
UNDEFED   __mpu_init                    
2002f000  __stack                       
20009669  _c_int00_noargs               
2000a033  _ctypes_                      
20017c7c  _lock                         
200070b7  _nop                          
20017000  _sys_memory                   
UNDEFED   _system_post_cinit            
20009b2b  _system_pre_init              
20017c80  _unlock                       
20009b2f  abort                         
200091b1  atoi                          
ffffffff  binit                         
20009b1d  copysign                      
20009b1d  copysignl                     
20017c58  cursor_x                      
20017c5c  cursor_y                      
200062af  deleteChar                    
20004c5f  drawChar                      
20004401  drawCircle                    
20004535  drawCircleHelper              
20006fc1  drawFastHLine                 
20006f25  drawFastVLine                 
2000477b  drawLine                      
2000705d  drawPixel                     
20004867  drawRect                      
200048b5  drawRoundRect                 
20004a1d  drawTriangle                  
20017ca4  errno                         
20004653  fillCircle                    
2000468d  fillCircleHelper              
20006e6f  fillRect                      
200049a3  fillRoundRect                 
20006e59  fillScreen                    
20004a5f  fillTriangle                  
2000631b  findPattern                   
20008465  free                          
20008fa9  frexp                         
20008fa9  frexpl                        
20004000  g_pfnVectors                  
20006dd3  goTo                          
20004e5f  height                        
2000709b  invert                        
2000853d  ldexp                         
2000853d  ldexpl                        
20009109  ltoa                          
20006765  main                          
20008d09  malloc                        
200098d3  memccpy                       
200088b1  memcpy                        
20009701  memmove                       
20008c97  memset                        
20009491  minit                         
200058cd  pow                           
200058cd  powl                          
20008255  realloc                       
200062df  sameArray                     
2000853d  scalbn                        
2000853d  scalbnl                       
20004df7  setCursor                     
20004e2f  setTextColor                  
20004e0f  setTextSize                   
20004e47  setTextWrap                   
20007c35  sqrt                          
20007c35  sqrtl                         
20009a3f  strchr                        
20009a91  strlen                        
20017c68  textbgcolor                   
20017c64  textcolor                     
20017c60  textsize                      
20009399  vsnprintf                     
20009adb  wcslen                        
20004e5b  width                         
20017c6c  wrap                          
20006c15  writeCommand                  
20006c5b  writeData                     


GLOBAL SYMBOLS: SORTED BY Symbol Address 

address   name                          
-------   ----                          
00000800  __SYSMEM_SIZE                 
00001000  __STACK_SIZE                  
20004000  g_pfnVectors                  
20004401  drawCircle                    
20004535  drawCircleHelper              
20004653  fillCircle                    
2000468d  fillCircleHelper              
2000477b  drawLine                      
20004867  drawRect                      
200048b5  drawRoundRect                 
200049a3  fillRoundRect                 
20004a1d  drawTriangle                  
20004a5f  fillTriangle                  
20004c5f  drawChar                      
20004dab  Outstr                        
20004df7  setCursor                     
20004e0f  setTextSize                   
20004e2f  setTextColor                  
20004e47  setTextWrap                   
20004e5b  width                         
20004e5f  height                        
20004e81  __TI_printfi                  
200058cd  pow                           
200058cd  powl                          
20006289  DisplayBanner                 
200062af  deleteChar                    
200062c7  BoardInit                     
200062df  sameArray                     
2000631b  findPattern                   
20006431  Process                       
20006729  TimerCountHandler             
20006765  main                          
20006c15  writeCommand                  
20006c5b  writeData                     
20006ca1  Adafruit_Init                 
20006dd3  goTo                          
20006e17  Color565                      
20006e59  fillScreen                    
20006e6f  fillRect                      
20006f25  drawFastVLine                 
20006fc1  drawFastHLine                 
2000705d  drawPixel                     
2000709b  invert                        
200070b7  _nop                          
200070b9  InitTerm                      
200070d7  Message                       
200070f9  ClearTerm                     
20007103  Error                         
2000713b  GetCmd                        
200071e1  TrimSpace                     
20007279  Report                        
2000776d  __aeabi_dsub                  
20007777  __aeabi_dadd                  
20007923  __aeabi_idiv0                 
20007923  __aeabi_ldiv0                 
200079a5  Timer_IF_Init                 
200079d7  Timer_IF_IntSetup             
20007a23  Timer_IF_InterruptClear       
20007a3b  Timer_IF_Start                
20007a5b  Timer_IF_Stop                 
20007a6b  Timer_IF_DeInit               
20007a85  Timer_IF_ReLoad               
20007a9d  Timer_IF_GetCount             
20007abd  PRCMCC3200MCUInit             
20007c35  sqrt                          
20007c35  sqrtl                         
20007ecd  __aeabi_ddiv                  
20008005  PinMuxConfig                  
20008255  realloc                       
20008369  __aeabi_dmul                  
20008465  free                          
2000853d  ldexp                         
2000853d  ldexpl                        
2000853d  scalbn                        
2000853d  scalbnl                       
200086c1  IntDisable                    
20008769  IntEnable                     
20008811  SPIConfigSetExpClk            
200088b1  __aeabi_memcpy                
200088b1  __aeabi_memcpy4               
200088b1  __aeabi_memcpy8               
200088b1  memcpy                        
2000894d  __aeabi_uldivmod              
200089e5  PRCMPeripheralClockGet        
20008a79  PinConfigSet                  
20008b01  __aeabi_cdcmpeq               
20008b01  __aeabi_cdcmple               
20008b87  __aeabi_cdrcmple              
20008c0d  GPIOIntTypeSet                
20008c8f  __aeabi_memclr                
20008c8f  __aeabi_memclr4               
20008c8f  __aeabi_memclr8               
20008c91  __aeabi_memset                
20008c91  __aeabi_memset4               
20008c91  __aeabi_memset8               
20008c97  memset                        
20008d09  malloc                        
20008d81  UARTConfigSetExpClk           
20008df9  TimerIntRegister              
20008ed9  TimerIntUnregister            
20008f41  __TI_decompress_lzss          
20008fa9  frexp                         
20008fa9  frexpl                        
20009005  PRCMPeripheralReset           
200090b5  IntPrioritySet                
20009109  ltoa                          
200091b1  atoi                          
20009245  __aeabi_d2iz                  
2000928d  TimerConfigure                
20009315  __TI_auto_init_nobinit_nopinit
20009359  PinModeSet                    
20009399  vsnprintf                     
20009419  PRCMPeripheralClkEnable       
20009491  minit                         
200094c9  GPIODirModeSet                
200094ff  PinTypeGPIO                   
20009531  UARTDisable                   
20009591  __aeabi_i2d                   
200095c1  PRCMSysResetCauseGet          
200095ed  TimerLoadSet                  
20009617  TimerPrescaleSet              
20009641  PRCMPeripheralClkDisable      
20009669  _c_int00_noargs               
200096b9  IntUnregister                 
200096dd  UARTEnable                    
20009701  memmove                       
20009725  GPIOIntStatus                 
20009747  SPIReset                      
20009769  GPIOPinWrite                  
20009789  IntRegister                   
200097a9  SPIDataGet                    
200097c9  GPIOIntRegister               
200097e7  SPIDataPut                    
20009805  TimerDisable                  
20009823  TimerEnable                   
20009841  TimerIntStatus                
2000985f  UARTCharPut                   
2000987d  UARTIntRegister               
2000989b  TimerValueGet                 
200098b7  UARTCharGetNonBlocking        
200098d3  memccpy                       
200098ef  GPIOIntEnable                 
20009909  PinTypeSPI                    
20009923  PinTypeUART                   
2000993d  SPICSDisable                  
20009955  SPICSEnable                   
2000996d  SPIEnable                     
20009985  TimerIntDisable               
2000999d  TimerIntEnable                
200099b5  UARTCharsAvail                
200099cd  UARTIntEnable                 
200099fd  PRCMHIBRegRead                
20009a13  PRCMHIBRegWrite               
20009a29  UARTCharGet                   
20009a3f  strchr                        
20009a55  CPUcpsie                      
20009a69  GPIOIntClear                  
20009a7d  IntVTableBaseSet              
20009a91  strlen                        
20009aa5  TimerIntClear                 
20009ab7  UARTIntClear                  
20009ac9  __TI_zero_init_nomemset       
20009adb  wcslen                        
20009aed  __TI_decompress_none          
20009afb  ResetISR                      
20009b09  IntMasterEnable               
20009b15  __aeabi_errno_addr            
20009b1d  copysign                      
20009b1d  copysignl                     
20009b25  UtilsDelay                    
20009b2b  _system_pre_init              
20009b2f  C$$EXIT                       
20009b2f  abort                         
2000a033  _ctypes_                      
2000a4b0  __TI_static_base__            
2000a534  __TI_Handler_Table_Base       
2000a540  __TI_Handler_Table_Limit      
2000a548  __TI_CINIT_Base               
2000a558  __TI_CINIT_Limit              
20017000  _sys_memory                   
20017c58  cursor_x                      
20017c5c  cursor_y                      
20017c60  textsize                      
20017c64  textcolor                     
20017c68  textbgcolor                   
20017c6c  wrap                          
20017c7c  _lock                         
20017c80  _unlock                       
20017ca4  errno                         
2002f000  __stack                       
20030000  __STACK_END                   
ffffffff  __TI_pprof_out_hndl           
ffffffff  __TI_prof_data_size           
ffffffff  __TI_prof_data_start          
ffffffff  __binit__                     
ffffffff  __c_args__                    
ffffffff  binit                         
UNDEFED   __mpu_init                    
UNDEFED   _system_post_cinit            

[199 symbols]
