******************************************************************************
                  TI ARM Linker PC v18.1.4                     
******************************************************************************
>> Linked Thu Jan 31 16:49:16 2019

OUTPUT FILE NAME:   <lab3 part3.out>
ENTRY POINT SYMBOL: "_c_int00_noargs"  address: 200094b5


MEMORY CONFIGURATION

         name            origin    length      used     unused   attr    fill
----------------------  --------  ---------  --------  --------  ----  --------
  SRAM_CODE             20004000   00013000  000062ea  0000cd16  RW X
  SRAM_DATA             20017000   00019000  00001ca0  00017360  RW X


SEGMENT ALLOCATION MAP

run origin  load origin   length   init length attrs members
----------  ----------- ---------- ----------- ----- -------
20004000    20004000    000062f0   000062f0    r-x
  20004000    20004000    00000400   00000400    r-- .intvecs
  20004400    20004400    000054e2   000054e2    r-x .text
  200098e8    200098e8    00000968   00000968    r-- .const
  2000a250    2000a250    000000a0   000000a0    r-- .cinit
20017000    20017000    00000ca0   00000000    rw-
  20017000    20017000    00000800   00000000    rw- .sysmem
  20017800    20017800    000003d0   00000000    rw- .bss
  20017bd0    20017bd0    000000d0   00000000    rw- .data
2002f000    2002f000    00001000   00000000    rw-
  2002f000    2002f000    00001000   00000000    rw- .stack


SECTION ALLOCATION MAP

 output                                  attributes/
section   page    origin      length       input sections
--------  ----  ----------  ----------   ----------------
.intvecs   0    20004000    00000400     
                  20004000    00000400     startup_ccs.obj (.intvecs)

.init_array 
*          0    20004000    00000000     UNINITIALIZED

.text      0    20004400    000054e2     
                  20004400    00000a80     Adafruit_GFX.obj (.text)
                  20004e80    00000a4a     rtsv7M4_T_le_eabi.lib : _printfi.c.obj (.text:__TI_printfi)
                  200058ca    00000002     driverlib.a : interrupt.obj (.text:IntDefaultHandler)
                  200058cc    000009bc     rtsv7M4_T_le_eabi.lib : e_pow.c.obj (.text:pow)
                  20006288    000008bc     main.obj (.text)
                  20006b44    000004a2     Adafruit_OLED.obj (.text)
                  20006fe6    00000002     rtsv7M4_T_le_eabi.lib : _lock.c.obj (.text:_nop)
                  20006fe8    00000280     uart_if.obj (.text)
                  20007268    00000268     rtsv7M4_T_le_eabi.lib : _printfi.c.obj (.text:_pconv_a)
                  200074d0    000001cc                           : _printfi.c.obj (.text:_pconv_g)
                  2000769c    000001b6                           : fd_add_t2.asm.obj (.text)
                  20007852    00000002                           : div0.asm.obj (.text)
                  20007854    00000198     timer_if.obj (.text)
                  200079ec    00000178     driverlib.a : prcm.obj (.text:PRCMCC3200MCUInit)
                  20007b64    0000015c     rtsv7M4_T_le_eabi.lib : e_sqrt.c.obj (.text:sqrt)
                  20007cc0    0000013c                           : _printfi.c.obj (.text:_pconv_e)
                  20007dfc    00000136                           : fd_div_t2.asm.obj (.text)
                  20007f32    00000002     --HOLE-- [fill = 0]
                  20007f34    00000128     pin_mux_config.obj (.text)
                  2000805c    00000120     rtsv7M4_T_le_eabi.lib : _printfi.c.obj (.text:fcvt)
                  2000817c    00000114                           : memory.c.obj (.text:realloc)
                  20008290    000000fc                           : fd_mul_t2.asm.obj (.text)
                  2000838c    000000d8                           : memory.c.obj (.text:free)
                  20008464    000000d0                           : s_scalbn.c.obj (.text:scalbn)
                  20008534    000000b1                           : _printfi.c.obj (.text:_ltostr)
                  200085e5    00000003     --HOLE-- [fill = 0]
                  200085e8    000000a8     driverlib.a : interrupt.obj (.text:IntDisable)
                  20008690    000000a8                 : interrupt.obj (.text:IntEnable)
                  20008738    000000a0                 : spi.obj (.text:SPIConfigSetExpClk)
                  200087d8    0000009c     rtsv7M4_T_le_eabi.lib : memcpy_t2.asm.obj (.text)
                  20008874    00000096                           : ull_div_t2.asm.obj (.text)
                  2000890a    00000002     --HOLE-- [fill = 0]
                  2000890c    00000094     driverlib.a : prcm.obj (.text:PRCMPeripheralClockGet)
                  200089a0    00000088                 : pin.obj (.text:PinConfigSet)
                  20008a28    00000086     rtsv7M4_T_le_eabi.lib : fd_cmp_t2.asm.obj (.text:__aeabi_cdcmple)
                  20008aae    00000086                           : fd_cmp_t2.asm.obj (.text:__aeabi_cdrcmple)
                  20008b34    0000007a                           : memset_t2.asm.obj (.text)
                  20008bae    00000002     --HOLE-- [fill = 0]
                  20008bb0    00000078                           : memory.c.obj (.text:malloc)
                  20008c28    00000076     driverlib.a : uart.obj (.text:UARTConfigSetExpClk)
                  20008c9e    00000002     --HOLE-- [fill = 0]
                  20008ca0    00000070                 : timer.obj (.text:TimerIntRegister)
                  20008d10    0000006e     rtsv7M4_T_le_eabi.lib : _printfi.c.obj (.text:_mcpy)
                  20008d7e    00000002     --HOLE-- [fill = 0]
                  20008d80    00000068     driverlib.a : timer.obj (.text:TimerIntUnregister)
                  20008de8    00000068     rtsv7M4_T_le_eabi.lib : copy_decompress_lzss.c.obj (.text:decompress:lzss:__TI_decompress_lzss)
                  20008e50    0000005c                           : s_frexp.c.obj (.text:frexp)
                  20008eac    00000058     driverlib.a : prcm.obj (.text:PRCMPeripheralReset)
                  20008f04    00000056     rtsv7M4_T_le_eabi.lib : _printfi.c.obj (.text:_pconv_f)
                  20008f5a    00000002     --HOLE-- [fill = 0]
                  20008f5c    00000054     driverlib.a : interrupt.obj (.text:IntPrioritySet)
                  20008fb0    00000054     rtsv7M4_T_le_eabi.lib : ltoa.c.obj (.text:ltoa)
                  20009004    00000052                           : _printfi.c.obj (.text:_ecpy)
                  20009056    00000002     --HOLE-- [fill = 0]
                  20009058    0000004c                           : atoi.c.obj (.text:atoi)
                  200090a4    00000048                           : fd_toi_t2.asm.obj (.text)
                  200090ec    00000044     driverlib.a : timer.obj (.text:TimerConfigure)
                  20009130    00000044     rtsv7M4_T_le_eabi.lib : autoinit.c.obj (.text:__TI_auto_init_nobinit_nopinit:__TI_auto_init_nobinit_nopinit)
                  20009174    00000040     driverlib.a : pin.obj (.text:PinModeSet)
                  200091b4    00000040     rtsv7M4_T_le_eabi.lib : vsnprintf.c.obj (.text:vsnprintf)
                  200091f4    0000003e                           : _printfi.c.obj (.text:_fcpy)
                  20009232    00000002     --HOLE-- [fill = 0]
                  20009234    0000003c     driverlib.a : prcm.obj (.text:PRCMPeripheralClkEnable)
                  20009270    0000003c     rtsv7M4_T_le_eabi.lib : memory.c.obj (.text:minsert)
                  200092ac    00000038                           : memory.c.obj (.text:minit)
                  200092e4    00000036     driverlib.a : gpio.obj (.text:GPIODirModeSet)
                  2000931a    00000030                 : pin.obj (.text:PinTypeGPIO)
                  2000934a    00000002     --HOLE-- [fill = 0]
                  2000934c    00000030                 : timer.obj (.text:TimerControlEvent)
                  2000937c    00000030                 : uart.obj (.text:UARTDisable)
                  200093ac    00000030     rtsv7M4_T_le_eabi.lib : vsnprintf.c.obj (.text:_outs)
                  200093dc    0000002e                           : i_tofd_t2.asm.obj (.text)
                  2000940a    00000002     --HOLE-- [fill = 0]
                  2000940c    0000002c     driverlib.a : prcm.obj (.text:PRCMSysResetCauseGet)
                  20009438    0000002a                 : timer.obj (.text:TimerLoadSet)
                  20009462    0000002a                 : timer.obj (.text:TimerPrescaleSet)
                  2000948c    00000028                 : prcm.obj (.text:PRCMPeripheralClkDisable)
                  200094b4    00000028     rtsv7M4_T_le_eabi.lib : boot_cortex_m.c.obj (.text:_c_int00_noargs:_c_int00_noargs)
                  200094dc    00000028                           : memory.c.obj (.text:mremove)
                  20009504    00000024     driverlib.a : interrupt.obj (.text:IntUnregister)
                  20009528    00000024                 : uart.obj (.text:UARTEnable)
                  2000954c    00000024     rtsv7M4_T_le_eabi.lib : memmov.c.obj (.text:memmove)
                  20009570    00000022     driverlib.a : spi.obj (.text:SPIReset)
                  20009592    00000020                 : gpio.obj (.text:GPIOPinWrite)
                  200095b2    00000002     --HOLE-- [fill = 0]
                  200095b4    00000020                 : interrupt.obj (.text:IntRegister)
                  200095d4    00000020                 : spi.obj (.text:SPIDataGet)
                  200095f4    0000001e                 : spi.obj (.text:SPIDataPut)
                  20009612    0000001e                 : timer.obj (.text:TimerDisable)
                  20009630    0000001e                 : timer.obj (.text:TimerEnable)
                  2000964e    0000001e                 : timer.obj (.text:TimerIntStatus)
                  2000966c    0000001e                 : uart.obj (.text:UARTCharPut)
                  2000968a    0000001c                 : timer.obj (.text:TimerValueGet)
                  200096a6    0000001c                 : uart.obj (.text:UARTCharGetNonBlocking)
                  200096c2    0000001c     rtsv7M4_T_le_eabi.lib : memccpy.c.obj (.text:memccpy)
                  200096de    0000001a     driverlib.a : pin.obj (.text:PinTypeSPI)
                  200096f8    0000001a                 : pin.obj (.text:PinTypeTimer)
                  20009712    0000001a                 : pin.obj (.text:PinTypeUART)
                  2000972c    00000018                 : spi.obj (.text:SPICSDisable)
                  20009744    00000018                 : spi.obj (.text:SPICSEnable)
                  2000975c    00000018                 : spi.obj (.text:SPIEnable)
                  20009774    00000018                 : timer.obj (.text:TimerIntDisable)
                  2000978c    00000018                 : timer.obj (.text:TimerIntEnable)
                  200097a4    00000018                 : uart.obj (.text:UARTCharsAvail)
                  200097bc    00000018     rtsv7M4_T_le_eabi.lib : vsnprintf.c.obj (.text:_outc)
                  200097d4    00000016     driverlib.a : prcm.obj (.text:PRCMHIBRegRead)
                  200097ea    00000016                 : prcm.obj (.text:PRCMHIBRegWrite)
                  20009800    00000016                 : uart.obj (.text:UARTFIFOEnable)
                  20009816    00000016     rtsv7M4_T_le_eabi.lib : strchr.c.obj (.text:strchr)
                  2000982c    00000014     driverlib.a : cpu.obj (.text:CPUcpsie)
                  20009840    00000014                 : interrupt.obj (.text:IntVTableBaseSet)
                  20009854    00000014     rtsv7M4_T_le_eabi.lib : strlen.c.obj (.text:strlen)
                  20009868    00000012     driverlib.a : timer.obj (.text:TimerIntClear)
                  2000987a    00000012     rtsv7M4_T_le_eabi.lib : copy_zero_init.c.obj (.text:decompress:ZI:__TI_zero_init_nomemset:__TI_zero_init_nomemset)
                  2000988c    00000012                           : wcslen.c.obj (.text:wcslen)
                  2000989e    0000000e                           : copy_decompress_none.c.obj (.text:decompress:none:__TI_decompress_none)
                  200098ac    0000000e     startup_ccs.obj (.text)
                  200098ba    0000000a     driverlib.a : interrupt.obj (.text:IntMasterEnable)
                  200098c4    00000008     rtsv7M4_T_le_eabi.lib : errno.c.obj (.text:__aeabi_errno_addr)
                  200098cc    00000008                           : s_copysign.c.obj (.text:copysign)
                  200098d4    00000006     driverlib.a : utils.obj (.text:UtilsDelay)
                  200098da    00000004     rtsv7M4_T_le_eabi.lib : pre_init.c.obj (.text:_system_pre_init)
                  200098de    00000004                           : exit.c.obj (.text:abort:abort)

.const     0    200098e8    00000968     
                  200098e8    000004fb     Adafruit_GFX.obj (.const:.string:font)
                  20009de3    00000101     rtsv7M4_T_le_eabi.lib : ctype.c.obj (.const:.string:_ctypes_)
                  20009ee4    00000100     driverlib.a : pin.obj (.const:g_ulPinToPadMap)
                  20009fe4    000000d4                 : interrupt.obj (.const:g_pulRegs)
                  2000a0b8    000000a8                 : prcm.obj (.const:PRCM_PeriphRegsList)
                  2000a160    00000080                 : interrupt.obj (.const)
                  2000a1e0    00000040     main.obj (.const:$P$T0$1)
                  2000a220    00000030     rtsv7M4_T_le_eabi.lib : e_pow.c.obj (.const:$O1$$)

.cinit     0    2000a250    000000a0     
                  2000a250    00000077     (.cinit..data.load) [load image, compression = lzss]
                  2000a2c7    00000001     --HOLE-- [fill = 0]
                  2000a2c8    0000000c     (__TI_handler_table)
                  2000a2d4    00000004     --HOLE-- [fill = 0]
                  2000a2d8    00000008     (.cinit..bss.load) [load image, compression = zero_init]
                  2000a2e0    00000010     (__TI_cinit_table)

.sysmem    0    20017000    00000800     UNINITIALIZED
                  20017000    00000008     rtsv7M4_T_le_eabi.lib : memory.c.obj (.sysmem)
                  20017008    000007f8     --HOLE--

.bss       0    20017800    000003d0     UNINITIALIZED
                  20017800    00000190     main.obj (.bss:buffer)
                  20017990    00000190     main.obj (.bss:number)
                  20017b20    000000a4     main.obj (.bss:message)
                  20017bc4    00000008     main.obj (.bss:g_ulSamples)
                  20017bcc    00000004     uart_if.obj (.bss)

.data      0    20017bd0    000000d0     UNINITIALIZED
                  20017bd0    00000050     main.obj (.data:keySet)
                  20017c20    00000028     main.obj (.data:keyBuffer)
                  20017c48    00000020     main.obj (.data)
                  20017c68    00000015     Adafruit_GFX.obj (.data)
                  20017c7d    00000003     --HOLE--
                  20017c80    0000000c     rtsv7M4_T_le_eabi.lib : memory.c.obj (.data:$O1$$)
                  20017c8c    00000008                           : _lock.c.obj (.data:$O1$$)
                  20017c94    00000008     main.obj (.data:OC)
                  20017c9c    00000004     rtsv7M4_T_le_eabi.lib : errno.c.obj (.data)

.stack     0    2002f000    00001000     UNINITIALIZED
                  2002f000    00000004     rtsv7M4_T_le_eabi.lib : boot_cortex_m.c.obj (.stack)
                  2002f004    00000ffc     --HOLE--

MODULE SUMMARY

       Module                       code    ro data   rw data
       ------                       ----    -------   -------
    .\
       Adafruit_GFX.obj             2688    1275      21     
       main.obj                     2236    64        1132   
       Adafruit_OLED.obj            1186    0         0      
       startup_ccs.obj              14      1024      0      
       uart_if.obj                  640     0         4      
       timer_if.obj                 408     0         0      
       pin_mux_config.obj           296     0         0      
    +--+----------------------------+-------+---------+---------+
       Total:                       7468    2363      1157   
                                                             
    C:/TI/CC3200SDK_1.3.0/cc3200-sdk/driverlib/ccs/Release/driverlib.a
       prcm.obj                     800     168       0      
       interrupt.obj                520     340       0      
       timer.obj                    600     0         0      
       pin.obj                      326     256       0      
       spi.obj                      328     0         0      
       uart.obj                     306     0         0      
       gpio.obj                     86      0         0      
       cpu.obj                      20      0         0      
       utils.obj                    6       0         0      
    +--+----------------------------+-------+---------+---------+
       Total:                       2992    764       0      
                                                             
    C:\TI\ccsv8\tools\compiler\ti-cgt-arm_18.1.4.LTS\lib\rtsv7M4_T_le_eabi.lib
       _printfi.c.obj               4831    0         0      
       e_pow.c.obj                  2492    48        0      
       memory.c.obj                 768     0         12     
       fd_add_t2.asm.obj            438     0         0      
       e_sqrt.c.obj                 348     0         0      
       fd_div_t2.asm.obj            310     0         0      
       fd_cmp_t2.asm.obj            268     0         0      
       ctype.c.obj                  0       257       0      
       fd_mul_t2.asm.obj            252     0         0      
       s_scalbn.c.obj               208     0         0      
       memcpy_t2.asm.obj            156     0         0      
       ull_div_t2.asm.obj           150     0         0      
       vsnprintf.c.obj              136     0         0      
       memset_t2.asm.obj            122     0         0      
       copy_decompress_lzss.c.obj   104     0         0      
       s_frexp.c.obj                92      0         0      
       ltoa.c.obj                   84      0         0      
       atoi.c.obj                   76      0         0      
       fd_toi_t2.asm.obj            72      0         0      
       autoinit.c.obj               68      0         0      
       i_tofd_t2.asm.obj            46      0         0      
       boot_cortex_m.c.obj          40      0         0      
       memmov.c.obj                 36      0         0      
       memccpy.c.obj                28      0         0      
       strchr.c.obj                 22      0         0      
       strlen.c.obj                 20      0         0      
       copy_zero_init.c.obj         18      0         0      
       wcslen.c.obj                 18      0         0      
       copy_decompress_none.c.obj   14      0         0      
       errno.c.obj                  8       0         4      
       _lock.c.obj                  2       0         8      
       s_copysign.c.obj             8       0         0      
       exit.c.obj                   4       0         0      
       pre_init.c.obj               4       0         0      
       div0.asm.obj                 2       0         0      
    +--+----------------------------+-------+---------+---------+
       Total:                       11245   305       24     
                                                             
       Heap:                        0       0         2048   
       Stack:                       0       0         4096   
       Linker Generated:            0       155       0      
    +--+----------------------------+-------+---------+---------+
       Grand Total:                 21705   3587      7325   


LINKER GENERATED COPY TABLES

__TI_cinit_table @ 2000a2e0 records: 2, size/record: 8, table size: 16
	.data: load addr=2000a250, load size=00000077 bytes, run addr=20017bd0, run size=000000d0 bytes, compression=lzss
	.bss: load addr=2000a2d8, load size=00000008 bytes, run addr=20017800, run size=000003d0 bytes, compression=zero_init


LINKER GENERATED HANDLER TABLE

__TI_handler_table @ 2000a2c8 records: 3, size/record: 4, table size: 12
	index: 0, handler: __TI_decompress_lzss
	index: 1, handler: __TI_decompress_none
	index: 2, handler: __TI_zero_init


GLOBAL SYMBOLS: SORTED ALPHABETICALLY BY Name 

address   name                          
-------   ----                          
20006bd1  Adafruit_Init                 
200062c7  BoardInit                     
200098df  C$$EXIT                       
2000982d  CPUcpsie                      
20007029  ClearTerm                     
20006d47  Color565                      
20006289  DisplayBanner                 
20007033  Error                         
200092e5  GPIODirModeSet                
20009593  GPIOPinWrite                  
2000706b  GetCmd                        
20006fe9  InitTerm                      
200085e9  IntDisable                    
20008691  IntEnable                     
200098bb  IntMasterEnable               
20008f5d  IntPrioritySet                
200095b5  IntRegister                   
20009505  IntUnregister                 
20009841  IntVTableBaseSet              
20007007  Message                       
20004dab  Outstr                        
200079ed  PRCMCC3200MCUInit             
200097d5  PRCMHIBRegRead                
200097eb  PRCMHIBRegWrite               
2000948d  PRCMPeripheralClkDisable      
20009235  PRCMPeripheralClkEnable       
2000890d  PRCMPeripheralClockGet        
20008ead  PRCMPeripheralReset           
2000940d  PRCMSysResetCauseGet          
200089a1  PinConfigSet                  
20009175  PinModeSet                    
20007f35  PinMuxConfig                  
2000931b  PinTypeGPIO                   
200096df  PinTypeSPI                    
200096f9  PinTypeTimer                  
20009713  PinTypeUART                   
200064d5  Process                       
200071a9  Report                        
200098ad  ResetISR                      
2000972d  SPICSDisable                  
20009745  SPICSEnable                   
20008739  SPIConfigSetExpClk            
200095d5  SPIDataGet                    
200095f5  SPIDataPut                    
2000975d  SPIEnable                     
20009571  SPIReset                      
200090ed  TimerConfigure                
2000934d  TimerControlEvent             
20009613  TimerDisable                  
20009631  TimerEnable                   
20009869  TimerIntClear                 
20009775  TimerIntDisable               
2000978d  TimerIntEnable                
20008ca1  TimerIntRegister              
2000964f  TimerIntStatus                
20008d81  TimerIntUnregister            
20009439  TimerLoadSet                  
20009463  TimerPrescaleSet              
2000968b  TimerValueGet                 
2000799b  Timer_IF_DeInit               
200079cd  Timer_IF_GetCount             
200078d5  Timer_IF_Init                 
20007907  Timer_IF_IntSetup             
20007953  Timer_IF_InterruptClear       
200079b5  Timer_IF_ReLoad               
2000796b  Timer_IF_Start                
2000798b  Timer_IF_Stop                 
20007111  TrimSpace                     
200096a7  UARTCharGetNonBlocking        
2000966d  UARTCharPut                   
200097a5  UARTCharsAvail                
20008c29  UARTConfigSetExpClk           
2000937d  UARTDisable                   
20009529  UARTEnable                    
20009801  UARTFIFOEnable                
200098d5  UtilsDelay                    
20030000  __STACK_END                   
00001000  __STACK_SIZE                  
00000800  __SYSMEM_SIZE                 
2000a2e0  __TI_CINIT_Base               
2000a2f0  __TI_CINIT_Limit              
2000a2c8  __TI_Handler_Table_Base       
2000a2d4  __TI_Handler_Table_Limit      
20009131  __TI_auto_init_nobinit_nopinit
20008de9  __TI_decompress_lzss          
2000989f  __TI_decompress_none          
ffffffff  __TI_pprof_out_hndl           
20004e81  __TI_printfi                  
ffffffff  __TI_prof_data_size           
ffffffff  __TI_prof_data_start          
2000a250  __TI_static_base__            
2000987b  __TI_zero_init_nomemset       
20008a29  __aeabi_cdcmpeq               
20008a29  __aeabi_cdcmple               
20008aaf  __aeabi_cdrcmple              
200090a5  __aeabi_d2iz                  
200076a7  __aeabi_dadd                  
20007dfd  __aeabi_ddiv                  
20008291  __aeabi_dmul                  
2000769d  __aeabi_dsub                  
200098c5  __aeabi_errno_addr            
200093dd  __aeabi_i2d                   
20007853  __aeabi_idiv0                 
20007853  __aeabi_ldiv0                 
20008b35  __aeabi_memclr                
20008b35  __aeabi_memclr4               
20008b35  __aeabi_memclr8               
200087d9  __aeabi_memcpy                
200087d9  __aeabi_memcpy4               
200087d9  __aeabi_memcpy8               
20008b37  __aeabi_memset                
20008b37  __aeabi_memset4               
20008b37  __aeabi_memset8               
20008875  __aeabi_uldivmod              
ffffffff  __binit__                     
ffffffff  __c_args__                    
UNDEFED   __mpu_init                    
2002f000  __stack                       
200094b5  _c_int00_noargs               
20009de3  _ctypes_                      
20017c8c  _lock                         
20006fe7  _nop                          
20017000  _sys_memory                   
UNDEFED   _system_post_cinit            
200098db  _system_pre_init              
20017c90  _unlock                       
200098df  abort                         
20009059  atoi                          
ffffffff  binit                         
200098cd  copysign                      
200098cd  copysignl                     
20017c68  cursor_x                      
20017c6c  cursor_y                      
200062af  deleteChar                    
20004c5f  drawChar                      
20004401  drawCircle                    
20004535  drawCircleHelper              
20006ef1  drawFastHLine                 
20006e55  drawFastVLine                 
2000477b  drawLine                      
20006f8d  drawPixel                     
20004867  drawRect                      
200048b5  drawRoundRect                 
20004a1d  drawTriangle                  
20017c9c  errno                         
20004653  fillCircle                    
2000468d  fillCircleHelper              
20006d9f  fillRect                      
200049a3  fillRoundRect                 
20006d89  fillScreen                    
20004a5f  fillTriangle                  
2000631b  findPattern                   
2000838d  free                          
20008e51  frexp                         
20008e51  frexpl                        
20004000  g_pfnVectors                  
20006d03  goTo                          
20004e5f  height                        
20006fcb  invert                        
20008465  ldexp                         
20008465  ldexpl                        
20008fb1  ltoa                          
200066dd  main                          
20008bb1  malloc                        
200096c3  memccpy                       
200087d9  memcpy                        
2000954d  memmove                       
20008b3d  memset                        
200092ad  minit                         
200058cd  pow                           
200058cd  powl                          
2000817d  realloc                       
200062df  sameArray                     
20008465  scalbn                        
20008465  scalbnl                       
20004df7  setCursor                     
20004e2f  setTextColor                  
20004e0f  setTextSize                   
20004e47  setTextWrap                   
20007b65  sqrt                          
20007b65  sqrtl                         
20009817  strchr                        
20009855  strlen                        
20017c78  textbgcolor                   
20017c74  textcolor                     
20017c70  textsize                      
200091b5  vsnprintf                     
2000988d  wcslen                        
20004e5b  width                         
20017c7c  wrap                          
20006b45  writeCommand                  
20006b8b  writeData                     


GLOBAL SYMBOLS: SORTED BY Symbol Address 

address   name                          
-------   ----                          
00000800  __SYSMEM_SIZE                 
00001000  __STACK_SIZE                  
20004000  g_pfnVectors                  
20004401  drawCircle                    
20004535  drawCircleHelper              
20004653  fillCircle                    
2000468d  fillCircleHelper              
2000477b  drawLine                      
20004867  drawRect                      
200048b5  drawRoundRect                 
200049a3  fillRoundRect                 
20004a1d  drawTriangle                  
20004a5f  fillTriangle                  
20004c5f  drawChar                      
20004dab  Outstr                        
20004df7  setCursor                     
20004e0f  setTextSize                   
20004e2f  setTextColor                  
20004e47  setTextWrap                   
20004e5b  width                         
20004e5f  height                        
20004e81  __TI_printfi                  
200058cd  pow                           
200058cd  powl                          
20006289  DisplayBanner                 
200062af  deleteChar                    
200062c7  BoardInit                     
200062df  sameArray                     
2000631b  findPattern                   
200064d5  Process                       
200066dd  main                          
20006b45  writeCommand                  
20006b8b  writeData                     
20006bd1  Adafruit_Init                 
20006d03  goTo                          
20006d47  Color565                      
20006d89  fillScreen                    
20006d9f  fillRect                      
20006e55  drawFastVLine                 
20006ef1  drawFastHLine                 
20006f8d  drawPixel                     
20006fcb  invert                        
20006fe7  _nop                          
20006fe9  InitTerm                      
20007007  Message                       
20007029  ClearTerm                     
20007033  Error                         
2000706b  GetCmd                        
20007111  TrimSpace                     
200071a9  Report                        
2000769d  __aeabi_dsub                  
200076a7  __aeabi_dadd                  
20007853  __aeabi_idiv0                 
20007853  __aeabi_ldiv0                 
200078d5  Timer_IF_Init                 
20007907  Timer_IF_IntSetup             
20007953  Timer_IF_InterruptClear       
2000796b  Timer_IF_Start                
2000798b  Timer_IF_Stop                 
2000799b  Timer_IF_DeInit               
200079b5  Timer_IF_ReLoad               
200079cd  Timer_IF_GetCount             
200079ed  PRCMCC3200MCUInit             
20007b65  sqrt                          
20007b65  sqrtl                         
20007dfd  __aeabi_ddiv                  
20007f35  PinMuxConfig                  
2000817d  realloc                       
20008291  __aeabi_dmul                  
2000838d  free                          
20008465  ldexp                         
20008465  ldexpl                        
20008465  scalbn                        
20008465  scalbnl                       
200085e9  IntDisable                    
20008691  IntEnable                     
20008739  SPIConfigSetExpClk            
200087d9  __aeabi_memcpy                
200087d9  __aeabi_memcpy4               
200087d9  __aeabi_memcpy8               
200087d9  memcpy                        
20008875  __aeabi_uldivmod              
2000890d  PRCMPeripheralClockGet        
200089a1  PinConfigSet                  
20008a29  __aeabi_cdcmpeq               
20008a29  __aeabi_cdcmple               
20008aaf  __aeabi_cdrcmple              
20008b35  __aeabi_memclr                
20008b35  __aeabi_memclr4               
20008b35  __aeabi_memclr8               
20008b37  __aeabi_memset                
20008b37  __aeabi_memset4               
20008b37  __aeabi_memset8               
20008b3d  memset                        
20008bb1  malloc                        
20008c29  UARTConfigSetExpClk           
20008ca1  TimerIntRegister              
20008d81  TimerIntUnregister            
20008de9  __TI_decompress_lzss          
20008e51  frexp                         
20008e51  frexpl                        
20008ead  PRCMPeripheralReset           
20008f5d  IntPrioritySet                
20008fb1  ltoa                          
20009059  atoi                          
200090a5  __aeabi_d2iz                  
200090ed  TimerConfigure                
20009131  __TI_auto_init_nobinit_nopinit
20009175  PinModeSet                    
200091b5  vsnprintf                     
20009235  PRCMPeripheralClkEnable       
200092ad  minit                         
200092e5  GPIODirModeSet                
2000931b  PinTypeGPIO                   
2000934d  TimerControlEvent             
2000937d  UARTDisable                   
200093dd  __aeabi_i2d                   
2000940d  PRCMSysResetCauseGet          
20009439  TimerLoadSet                  
20009463  TimerPrescaleSet              
2000948d  PRCMPeripheralClkDisable      
200094b5  _c_int00_noargs               
20009505  IntUnregister                 
20009529  UARTEnable                    
2000954d  memmove                       
20009571  SPIReset                      
20009593  GPIOPinWrite                  
200095b5  IntRegister                   
200095d5  SPIDataGet                    
200095f5  SPIDataPut                    
20009613  TimerDisable                  
20009631  TimerEnable                   
2000964f  TimerIntStatus                
2000966d  UARTCharPut                   
2000968b  TimerValueGet                 
200096a7  UARTCharGetNonBlocking        
200096c3  memccpy                       
200096df  PinTypeSPI                    
200096f9  PinTypeTimer                  
20009713  PinTypeUART                   
2000972d  SPICSDisable                  
20009745  SPICSEnable                   
2000975d  SPIEnable                     
20009775  TimerIntDisable               
2000978d  TimerIntEnable                
200097a5  UARTCharsAvail                
200097d5  PRCMHIBRegRead                
200097eb  PRCMHIBRegWrite               
20009801  UARTFIFOEnable                
20009817  strchr                        
2000982d  CPUcpsie                      
20009841  IntVTableBaseSet              
20009855  strlen                        
20009869  TimerIntClear                 
2000987b  __TI_zero_init_nomemset       
2000988d  wcslen                        
2000989f  __TI_decompress_none          
200098ad  ResetISR                      
200098bb  IntMasterEnable               
200098c5  __aeabi_errno_addr            
200098cd  copysign                      
200098cd  copysignl                     
200098d5  UtilsDelay                    
200098db  _system_pre_init              
200098df  C$$EXIT                       
200098df  abort                         
20009de3  _ctypes_                      
2000a250  __TI_static_base__            
2000a2c8  __TI_Handler_Table_Base       
2000a2d4  __TI_Handler_Table_Limit      
2000a2e0  __TI_CINIT_Base               
2000a2f0  __TI_CINIT_Limit              
20017000  _sys_memory                   
20017c68  cursor_x                      
20017c6c  cursor_y                      
20017c70  textsize                      
20017c74  textcolor                     
20017c78  textbgcolor                   
20017c7c  wrap                          
20017c8c  _lock                         
20017c90  _unlock                       
20017c9c  errno                         
2002f000  __stack                       
20030000  __STACK_END                   
ffffffff  __TI_pprof_out_hndl           
ffffffff  __TI_prof_data_size           
ffffffff  __TI_prof_data_start          
ffffffff  __binit__                     
ffffffff  __c_args__                    
ffffffff  binit                         
UNDEFED   __mpu_init                    
UNDEFED   _system_post_cinit            

[192 symbols]
