<?xml version="1.0" encoding="ISO-8859-1" ?>
<link_info>
   <banner>TI ARM Linker PC v18.1.4.LTS</banner>
   <copyright>Copyright (c) 1996-2018 Texas Instruments Incorporated</copyright>
   <link_time>0x5c53978c</link_time>
   <link_errors>0x0</link_errors>
   <output_file>lab3 part3.out</output_file>
   <entry_point>
      <name>_c_int00_noargs</name>
      <address>0x200094b5</address>
   </entry_point>
   <input_file_list>
      <input_file id="fl-2">
         <path>.\</path>
         <kind>object</kind>
         <file>Adafruit_GFX.obj</file>
         <name>Adafruit_GFX.obj</name>
      </input_file>
      <input_file id="fl-3">
         <path>.\</path>
         <kind>object</kind>
         <file>Adafruit_OLED.obj</file>
         <name>Adafruit_OLED.obj</name>
      </input_file>
      <input_file id="fl-4">
         <path>.\</path>
         <kind>object</kind>
         <file>main.obj</file>
         <name>main.obj</name>
      </input_file>
      <input_file id="fl-5">
         <path>.\</path>
         <kind>object</kind>
         <file>pin_mux_config.obj</file>
         <name>pin_mux_config.obj</name>
      </input_file>
      <input_file id="fl-6">
         <path>.\</path>
         <kind>object</kind>
         <file>startup_ccs.obj</file>
         <name>startup_ccs.obj</name>
      </input_file>
      <input_file id="fl-7">
         <path>.\</path>
         <kind>object</kind>
         <file>timer_if.obj</file>
         <name>timer_if.obj</name>
      </input_file>
      <input_file id="fl-8">
         <path>.\</path>
         <kind>object</kind>
         <file>uart_if.obj</file>
         <name>uart_if.obj</name>
      </input_file>
      <input_file id="fl-d">
         <kind>object</kind>
         <file>&lt;internal&gt;</file>
         <name>&lt;internal&gt;</name>
      </input_file>
      <input_file id="fl-c3">
         <path>C:\TI\ccsv8\tools\compiler\ti-cgt-arm_18.1.4.LTS\lib\</path>
         <kind>archive</kind>
         <file>rtsv7M4_T_le_eabi.lib</file>
         <name>e_pow.c.obj</name>
      </input_file>
      <input_file id="fl-c4">
         <path>C:\TI\ccsv8\tools\compiler\ti-cgt-arm_18.1.4.LTS\lib\</path>
         <kind>archive</kind>
         <file>rtsv7M4_T_le_eabi.lib</file>
         <name>e_sqrt.c.obj</name>
      </input_file>
      <input_file id="fl-c5">
         <path>C:\TI\ccsv8\tools\compiler\ti-cgt-arm_18.1.4.LTS\lib\</path>
         <kind>archive</kind>
         <file>rtsv7M4_T_le_eabi.lib</file>
         <name>s_scalbn.c.obj</name>
      </input_file>
      <input_file id="fl-c6">
         <path>C:\TI\ccsv8\tools\compiler\ti-cgt-arm_18.1.4.LTS\lib\</path>
         <kind>archive</kind>
         <file>rtsv7M4_T_le_eabi.lib</file>
         <name>fd_add_t2.asm.obj</name>
      </input_file>
      <input_file id="fl-c7">
         <path>C:\TI\ccsv8\tools\compiler\ti-cgt-arm_18.1.4.LTS\lib\</path>
         <kind>archive</kind>
         <file>rtsv7M4_T_le_eabi.lib</file>
         <name>fd_cmp_t2.asm.obj</name>
      </input_file>
      <input_file id="fl-c8">
         <path>C:\TI\ccsv8\tools\compiler\ti-cgt-arm_18.1.4.LTS\lib\</path>
         <kind>archive</kind>
         <file>rtsv7M4_T_le_eabi.lib</file>
         <name>fd_div_t2.asm.obj</name>
      </input_file>
      <input_file id="fl-c9">
         <path>C:\TI\ccsv8\tools\compiler\ti-cgt-arm_18.1.4.LTS\lib\</path>
         <kind>archive</kind>
         <file>rtsv7M4_T_le_eabi.lib</file>
         <name>fd_mul_t2.asm.obj</name>
      </input_file>
      <input_file id="fl-ca">
         <path>C:\TI\ccsv8\tools\compiler\ti-cgt-arm_18.1.4.LTS\lib\</path>
         <kind>archive</kind>
         <file>rtsv7M4_T_le_eabi.lib</file>
         <name>fd_toi_t2.asm.obj</name>
      </input_file>
      <input_file id="fl-cb">
         <path>C:\TI\ccsv8\tools\compiler\ti-cgt-arm_18.1.4.LTS\lib\</path>
         <kind>archive</kind>
         <file>rtsv7M4_T_le_eabi.lib</file>
         <name>i_tofd_t2.asm.obj</name>
      </input_file>
      <input_file id="fl-cc">
         <path>C:\TI\ccsv8\tools\compiler\ti-cgt-arm_18.1.4.LTS\lib\</path>
         <kind>archive</kind>
         <file>rtsv7M4_T_le_eabi.lib</file>
         <name>memcpy_t2.asm.obj</name>
      </input_file>
      <input_file id="fl-cd">
         <path>C:\TI\ccsv8\tools\compiler\ti-cgt-arm_18.1.4.LTS\lib\</path>
         <kind>archive</kind>
         <file>rtsv7M4_T_le_eabi.lib</file>
         <name>copy_zero_init.c.obj</name>
      </input_file>
      <input_file id="fl-ce">
         <path>C:\TI\ccsv8\tools\compiler\ti-cgt-arm_18.1.4.LTS\lib\</path>
         <kind>archive</kind>
         <file>rtsv7M4_T_le_eabi.lib</file>
         <name>copy_decompress_none.c.obj</name>
      </input_file>
      <input_file id="fl-cf">
         <path>C:\TI\ccsv8\tools\compiler\ti-cgt-arm_18.1.4.LTS\lib\</path>
         <kind>archive</kind>
         <file>rtsv7M4_T_le_eabi.lib</file>
         <name>copy_decompress_lzss.c.obj</name>
      </input_file>
      <input_file id="fl-d0">
         <path>C:\TI\ccsv8\tools\compiler\ti-cgt-arm_18.1.4.LTS\lib\</path>
         <kind>archive</kind>
         <file>rtsv7M4_T_le_eabi.lib</file>
         <name>errno.c.obj</name>
      </input_file>
      <input_file id="fl-d1">
         <path>C:\TI\ccsv8\tools\compiler\ti-cgt-arm_18.1.4.LTS\lib\</path>
         <kind>archive</kind>
         <file>rtsv7M4_T_le_eabi.lib</file>
         <name>boot_cortex_m.c.obj</name>
      </input_file>
      <input_file id="fl-d2">
         <path>C:\TI\ccsv8\tools\compiler\ti-cgt-arm_18.1.4.LTS\lib\</path>
         <kind>archive</kind>
         <file>rtsv7M4_T_le_eabi.lib</file>
         <name>exit.c.obj</name>
      </input_file>
      <input_file id="fl-d3">
         <path>C:\TI\ccsv8\tools\compiler\ti-cgt-arm_18.1.4.LTS\lib\</path>
         <kind>archive</kind>
         <file>rtsv7M4_T_le_eabi.lib</file>
         <name>memory.c.obj</name>
      </input_file>
      <input_file id="fl-d4">
         <path>C:\TI\ccsv8\tools\compiler\ti-cgt-arm_18.1.4.LTS\lib\</path>
         <kind>archive</kind>
         <file>rtsv7M4_T_le_eabi.lib</file>
         <name>_lock.c.obj</name>
      </input_file>
      <input_file id="fl-d5">
         <path>C:\TI\ccsv8\tools\compiler\ti-cgt-arm_18.1.4.LTS\lib\</path>
         <kind>archive</kind>
         <file>rtsv7M4_T_le_eabi.lib</file>
         <name>args_main.c.obj</name>
      </input_file>
      <input_file id="fl-d6">
         <path>C:\TI\ccsv8\tools\compiler\ti-cgt-arm_18.1.4.LTS\lib\</path>
         <kind>archive</kind>
         <file>rtsv7M4_T_le_eabi.lib</file>
         <name>memmov.c.obj</name>
      </input_file>
      <input_file id="fl-d7">
         <path>C:\TI\ccsv8\tools\compiler\ti-cgt-arm_18.1.4.LTS\lib\</path>
         <kind>archive</kind>
         <file>rtsv7M4_T_le_eabi.lib</file>
         <name>strlen.c.obj</name>
      </input_file>
      <input_file id="fl-d8">
         <path>C:\TI\ccsv8\tools\compiler\ti-cgt-arm_18.1.4.LTS\lib\</path>
         <kind>archive</kind>
         <file>rtsv7M4_T_le_eabi.lib</file>
         <name>vsnprintf.c.obj</name>
      </input_file>
      <input_file id="fl-d9">
         <path>C:\TI\ccsv8\tools\compiler\ti-cgt-arm_18.1.4.LTS\lib\</path>
         <kind>archive</kind>
         <file>rtsv7M4_T_le_eabi.lib</file>
         <name>s_copysign.c.obj</name>
      </input_file>
      <input_file id="fl-da">
         <path>C:\TI\ccsv8\tools\compiler\ti-cgt-arm_18.1.4.LTS\lib\</path>
         <kind>archive</kind>
         <file>rtsv7M4_T_le_eabi.lib</file>
         <name>memset_t2.asm.obj</name>
      </input_file>
      <input_file id="fl-db">
         <path>C:\TI\ccsv8\tools\compiler\ti-cgt-arm_18.1.4.LTS\lib\</path>
         <kind>archive</kind>
         <file>rtsv7M4_T_le_eabi.lib</file>
         <name>autoinit.c.obj</name>
      </input_file>
      <input_file id="fl-dc">
         <path>C:\TI\ccsv8\tools\compiler\ti-cgt-arm_18.1.4.LTS\lib\</path>
         <kind>archive</kind>
         <file>rtsv7M4_T_le_eabi.lib</file>
         <name>pre_init.c.obj</name>
      </input_file>
      <input_file id="fl-dd">
         <path>C:\TI\ccsv8\tools\compiler\ti-cgt-arm_18.1.4.LTS\lib\</path>
         <kind>archive</kind>
         <file>rtsv7M4_T_le_eabi.lib</file>
         <name>cpy_tbl.c.obj</name>
      </input_file>
      <input_file id="fl-de">
         <path>C:\TI\ccsv8\tools\compiler\ti-cgt-arm_18.1.4.LTS\lib\</path>
         <kind>archive</kind>
         <file>rtsv7M4_T_le_eabi.lib</file>
         <name>_printfi.c.obj</name>
      </input_file>
      <input_file id="fl-df">
         <path>C:\TI\ccsv8\tools\compiler\ti-cgt-arm_18.1.4.LTS\lib\</path>
         <kind>archive</kind>
         <file>rtsv7M4_T_le_eabi.lib</file>
         <name>atoi.c.obj</name>
      </input_file>
      <input_file id="fl-e0">
         <path>C:\TI\ccsv8\tools\compiler\ti-cgt-arm_18.1.4.LTS\lib\</path>
         <kind>archive</kind>
         <file>rtsv7M4_T_le_eabi.lib</file>
         <name>ctype.c.obj</name>
      </input_file>
      <input_file id="fl-e1">
         <path>C:\TI\ccsv8\tools\compiler\ti-cgt-arm_18.1.4.LTS\lib\</path>
         <kind>archive</kind>
         <file>rtsv7M4_T_le_eabi.lib</file>
         <name>ltoa.c.obj</name>
      </input_file>
      <input_file id="fl-e2">
         <path>C:\TI\ccsv8\tools\compiler\ti-cgt-arm_18.1.4.LTS\lib\</path>
         <kind>archive</kind>
         <file>rtsv7M4_T_le_eabi.lib</file>
         <name>memccpy.c.obj</name>
      </input_file>
      <input_file id="fl-e3">
         <path>C:\TI\ccsv8\tools\compiler\ti-cgt-arm_18.1.4.LTS\lib\</path>
         <kind>archive</kind>
         <file>rtsv7M4_T_le_eabi.lib</file>
         <name>strchr.c.obj</name>
      </input_file>
      <input_file id="fl-e4">
         <path>C:\TI\ccsv8\tools\compiler\ti-cgt-arm_18.1.4.LTS\lib\</path>
         <kind>archive</kind>
         <file>rtsv7M4_T_le_eabi.lib</file>
         <name>wcslen.c.obj</name>
      </input_file>
      <input_file id="fl-e5">
         <path>C:\TI\ccsv8\tools\compiler\ti-cgt-arm_18.1.4.LTS\lib\</path>
         <kind>archive</kind>
         <file>rtsv7M4_T_le_eabi.lib</file>
         <name>s_frexp.c.obj</name>
      </input_file>
      <input_file id="fl-e6">
         <path>C:\TI\ccsv8\tools\compiler\ti-cgt-arm_18.1.4.LTS\lib\</path>
         <kind>archive</kind>
         <file>rtsv7M4_T_le_eabi.lib</file>
         <name>ull_div_t2.asm.obj</name>
      </input_file>
      <input_file id="fl-e7">
         <path>C:\TI\ccsv8\tools\compiler\ti-cgt-arm_18.1.4.LTS\lib\</path>
         <kind>archive</kind>
         <file>rtsv7M4_T_le_eabi.lib</file>
         <name>div0.asm.obj</name>
      </input_file>
      <input_file id="fl-e8">
         <path>C:\TI\CC3200SDK_1.3.0\cc3200-sdk\driverlib\ccs\Release\</path>
         <kind>archive</kind>
         <file>driverlib.a</file>
         <name>gpio.obj</name>
      </input_file>
      <input_file id="fl-e9">
         <path>C:\TI\CC3200SDK_1.3.0\cc3200-sdk\driverlib\ccs\Release\</path>
         <kind>archive</kind>
         <file>driverlib.a</file>
         <name>interrupt.obj</name>
      </input_file>
      <input_file id="fl-ea">
         <path>C:\TI\CC3200SDK_1.3.0\cc3200-sdk\driverlib\ccs\Release\</path>
         <kind>archive</kind>
         <file>driverlib.a</file>
         <name>pin.obj</name>
      </input_file>
      <input_file id="fl-eb">
         <path>C:\TI\CC3200SDK_1.3.0\cc3200-sdk\driverlib\ccs\Release\</path>
         <kind>archive</kind>
         <file>driverlib.a</file>
         <name>prcm.obj</name>
      </input_file>
      <input_file id="fl-ec">
         <path>C:\TI\CC3200SDK_1.3.0\cc3200-sdk\driverlib\ccs\Release\</path>
         <kind>archive</kind>
         <file>driverlib.a</file>
         <name>spi.obj</name>
      </input_file>
      <input_file id="fl-ed">
         <path>C:\TI\CC3200SDK_1.3.0\cc3200-sdk\driverlib\ccs\Release\</path>
         <kind>archive</kind>
         <file>driverlib.a</file>
         <name>timer.obj</name>
      </input_file>
      <input_file id="fl-ee">
         <path>C:\TI\CC3200SDK_1.3.0\cc3200-sdk\driverlib\ccs\Release\</path>
         <kind>archive</kind>
         <file>driverlib.a</file>
         <name>uart.obj</name>
      </input_file>
      <input_file id="fl-ef">
         <path>C:\TI\CC3200SDK_1.3.0\cc3200-sdk\driverlib\ccs\Release\</path>
         <kind>archive</kind>
         <file>driverlib.a</file>
         <name>utils.obj</name>
      </input_file>
      <input_file id="fl-f0">
         <path>C:\TI\CC3200SDK_1.3.0\cc3200-sdk\driverlib\ccs\Release\</path>
         <kind>archive</kind>
         <file>driverlib.a</file>
         <name>cpu.obj</name>
      </input_file>
      <input_file id="fl-f1">
         <path>C:\TI\CC3200SDK_1.3.0\cc3200-sdk\driverlib\ccs\Release\</path>
         <kind>archive</kind>
         <file>driverlib.a</file>
         <name>flash.obj</name>
      </input_file>
   </input_file_list>
   <object_component_list>
      <object_component id="oc-f">
         <name>.intvecs</name>
         <load_address>0x20004000</load_address>
         <run_address>0x20004000</run_address>
         <size>0x400</size>
         <input_file_ref idref="fl-6"/>
      </object_component>
      <object_component id="oc-10d">
         <name>.text</name>
         <load_address>0x20004400</load_address>
         <run_address>0x20004400</run_address>
         <size>0xa80</size>
         <input_file_ref idref="fl-2"/>
      </object_component>
      <object_component id="oc-356">
         <name>.text:__TI_printfi</name>
         <load_address>0x20004e80</load_address>
         <run_address>0x20004e80</run_address>
         <size>0xa4a</size>
         <input_file_ref idref="fl-de"/>
      </object_component>
      <object_component id="oc-46a">
         <name>.text:IntDefaultHandler</name>
         <load_address>0x200058ca</load_address>
         <run_address>0x200058ca</run_address>
         <size>0x2</size>
         <input_file_ref idref="fl-e9"/>
      </object_component>
      <object_component id="oc-193">
         <name>.text:pow</name>
         <load_address>0x200058cc</load_address>
         <run_address>0x200058cc</run_address>
         <size>0x9bc</size>
         <input_file_ref idref="fl-c3"/>
      </object_component>
      <object_component id="oc-94">
         <name>.text</name>
         <load_address>0x20006288</load_address>
         <run_address>0x20006288</run_address>
         <size>0x8bc</size>
         <input_file_ref idref="fl-4"/>
      </object_component>
      <object_component id="oc-c8">
         <name>.text</name>
         <load_address>0x20006b44</load_address>
         <run_address>0x20006b44</run_address>
         <size>0x4a2</size>
         <input_file_ref idref="fl-3"/>
      </object_component>
      <object_component id="oc-3fd">
         <name>.text:_nop</name>
         <load_address>0x20006fe6</load_address>
         <run_address>0x20006fe6</run_address>
         <size>0x2</size>
         <input_file_ref idref="fl-d4"/>
      </object_component>
      <object_component id="oc-c2">
         <name>.text</name>
         <load_address>0x20006fe8</load_address>
         <run_address>0x20006fe8</run_address>
         <size>0x280</size>
         <input_file_ref idref="fl-8"/>
      </object_component>
      <object_component id="oc-43a">
         <name>.text:_pconv_a</name>
         <load_address>0x20007268</load_address>
         <run_address>0x20007268</run_address>
         <size>0x268</size>
         <input_file_ref idref="fl-de"/>
      </object_component>
      <object_component id="oc-428">
         <name>.text:_pconv_g</name>
         <load_address>0x200074d0</load_address>
         <run_address>0x200074d0</run_address>
         <size>0x1cc</size>
         <input_file_ref idref="fl-de"/>
      </object_component>
      <object_component id="oc-19e">
         <name>.text</name>
         <load_address>0x2000769c</load_address>
         <run_address>0x2000769c</run_address>
         <size>0x1b6</size>
         <input_file_ref idref="fl-c6"/>
      </object_component>
      <object_component id="oc-4e4">
         <name>.text</name>
         <load_address>0x20007852</load_address>
         <run_address>0x20007852</run_address>
         <size>0x2</size>
         <input_file_ref idref="fl-e7"/>
      </object_component>
      <object_component id="oc-f8">
         <name>.text</name>
         <load_address>0x20007854</load_address>
         <run_address>0x20007854</run_address>
         <size>0x198</size>
         <input_file_ref idref="fl-7"/>
      </object_component>
      <object_component id="oc-e0">
         <name>.text:PRCMCC3200MCUInit</name>
         <load_address>0x200079ec</load_address>
         <run_address>0x200079ec</run_address>
         <size>0x178</size>
         <input_file_ref idref="fl-eb"/>
      </object_component>
      <object_component id="oc-302">
         <name>.text:sqrt</name>
         <load_address>0x20007b64</load_address>
         <run_address>0x20007b64</run_address>
         <size>0x15c</size>
         <input_file_ref idref="fl-c4"/>
      </object_component>
      <object_component id="oc-434">
         <name>.text:_pconv_e</name>
         <load_address>0x20007cc0</load_address>
         <run_address>0x20007cc0</run_address>
         <size>0x13c</size>
         <input_file_ref idref="fl-de"/>
      </object_component>
      <object_component id="oc-2fd">
         <name>.text</name>
         <load_address>0x20007dfc</load_address>
         <run_address>0x20007dfc</run_address>
         <size>0x136</size>
         <input_file_ref idref="fl-c8"/>
      </object_component>
      <object_component id="oc-119">
         <name>.text</name>
         <load_address>0x20007f34</load_address>
         <run_address>0x20007f34</run_address>
         <size>0x128</size>
         <input_file_ref idref="fl-5"/>
      </object_component>
      <object_component id="oc-4ae">
         <name>.text:fcvt</name>
         <load_address>0x2000805c</load_address>
         <run_address>0x2000805c</run_address>
         <size>0x120</size>
         <input_file_ref idref="fl-de"/>
      </object_component>
      <object_component id="oc-215">
         <name>.text:realloc</name>
         <load_address>0x2000817c</load_address>
         <run_address>0x2000817c</run_address>
         <size>0x114</size>
         <input_file_ref idref="fl-d3"/>
      </object_component>
      <object_component id="oc-199">
         <name>.text</name>
         <load_address>0x20008290</load_address>
         <run_address>0x20008290</run_address>
         <size>0xfc</size>
         <input_file_ref idref="fl-c9"/>
      </object_component>
      <object_component id="oc-21b">
         <name>.text:free</name>
         <load_address>0x2000838c</load_address>
         <run_address>0x2000838c</run_address>
         <size>0xd8</size>
         <input_file_ref idref="fl-d3"/>
      </object_component>
      <object_component id="oc-31b">
         <name>.text:scalbn</name>
         <load_address>0x20008464</load_address>
         <run_address>0x20008464</run_address>
         <size>0xd0</size>
         <input_file_ref idref="fl-c5"/>
      </object_component>
      <object_component id="oc-422">
         <name>.text:_ltostr</name>
         <load_address>0x20008534</load_address>
         <run_address>0x20008534</run_address>
         <size>0xb1</size>
         <input_file_ref idref="fl-de"/>
      </object_component>
      <object_component id="oc-3ae">
         <name>.text:IntDisable</name>
         <load_address>0x200085e8</load_address>
         <run_address>0x200085e8</run_address>
         <size>0xa8</size>
         <input_file_ref idref="fl-e9"/>
      </object_component>
      <object_component id="oc-da">
         <name>.text:IntEnable</name>
         <load_address>0x20008690</load_address>
         <run_address>0x20008690</run_address>
         <size>0xa8</size>
         <input_file_ref idref="fl-e9"/>
      </object_component>
      <object_component id="oc-173">
         <name>.text:SPIConfigSetExpClk</name>
         <load_address>0x20008738</load_address>
         <run_address>0x20008738</run_address>
         <size>0xa0</size>
         <input_file_ref idref="fl-ec"/>
      </object_component>
      <object_component id="oc-3a">
         <name>.text</name>
         <load_address>0x200087d8</load_address>
         <run_address>0x200087d8</run_address>
         <size>0x9c</size>
         <input_file_ref idref="fl-cc"/>
      </object_component>
      <object_component id="oc-495">
         <name>.text</name>
         <load_address>0x20008874</load_address>
         <run_address>0x20008874</run_address>
         <size>0x96</size>
         <input_file_ref idref="fl-e6"/>
      </object_component>
      <object_component id="oc-155">
         <name>.text:PRCMPeripheralClockGet</name>
         <load_address>0x2000890c</load_address>
         <run_address>0x2000890c</run_address>
         <size>0x94</size>
         <input_file_ref idref="fl-eb"/>
      </object_component>
      <object_component id="oc-11f">
         <name>.text:PinConfigSet</name>
         <load_address>0x200089a0</load_address>
         <run_address>0x200089a0</run_address>
         <size>0x88</size>
         <input_file_ref idref="fl-ea"/>
      </object_component>
      <object_component id="oc-311">
         <name>.text:__aeabi_cdcmple</name>
         <load_address>0x20008a28</load_address>
         <run_address>0x20008a28</run_address>
         <size>0x86</size>
         <input_file_ref idref="fl-c7"/>
      </object_component>
      <object_component id="oc-316">
         <name>.text:__aeabi_cdrcmple</name>
         <load_address>0x20008aae</load_address>
         <run_address>0x20008aae</run_address>
         <size>0x86</size>
         <input_file_ref idref="fl-c7"/>
      </object_component>
      <object_component id="oc-88">
         <name>.text</name>
         <load_address>0x20008b34</load_address>
         <run_address>0x20008b34</run_address>
         <size>0x7a</size>
         <input_file_ref idref="fl-da"/>
      </object_component>
      <object_component id="oc-20f">
         <name>.text:malloc</name>
         <load_address>0x20008bb0</load_address>
         <run_address>0x20008bb0</run_address>
         <size>0x78</size>
         <input_file_ref idref="fl-d3"/>
      </object_component>
      <object_component id="oc-15b">
         <name>.text:UARTConfigSetExpClk</name>
         <load_address>0x20008c28</load_address>
         <run_address>0x20008c28</run_address>
         <size>0x76</size>
         <input_file_ref idref="fl-ee"/>
      </object_component>
      <object_component id="oc-12b">
         <name>.text:TimerIntRegister</name>
         <load_address>0x20008ca0</load_address>
         <run_address>0x20008ca0</run_address>
         <size>0x70</size>
         <input_file_ref idref="fl-ed"/>
      </object_component>
      <object_component id="oc-4a7">
         <name>.text:_mcpy</name>
         <load_address>0x20008d10</load_address>
         <run_address>0x20008d10</run_address>
         <size>0x6e</size>
         <input_file_ref idref="fl-de"/>
      </object_component>
      <object_component id="oc-289">
         <name>.text:TimerIntUnregister</name>
         <load_address>0x20008d80</load_address>
         <run_address>0x20008d80</run_address>
         <size>0x68</size>
         <input_file_ref idref="fl-ed"/>
      </object_component>
      <object_component id="oc-12">
         <name>.text:decompress:lzss:__TI_decompress_lzss</name>
         <load_address>0x20008de8</load_address>
         <run_address>0x20008de8</run_address>
         <size>0x68</size>
         <input_file_ref idref="fl-cf"/>
      </object_component>
      <object_component id="oc-4bc">
         <name>.text:frexp</name>
         <load_address>0x20008e50</load_address>
         <run_address>0x20008e50</run_address>
         <size>0x5c</size>
         <input_file_ref idref="fl-e5"/>
      </object_component>
      <object_component id="oc-167">
         <name>.text:PRCMPeripheralReset</name>
         <load_address>0x20008eac</load_address>
         <run_address>0x20008eac</run_address>
         <size>0x58</size>
         <input_file_ref idref="fl-eb"/>
      </object_component>
      <object_component id="oc-42e">
         <name>.text:_pconv_f</name>
         <load_address>0x20008f04</load_address>
         <run_address>0x20008f04</run_address>
         <size>0x56</size>
         <input_file_ref idref="fl-de"/>
      </object_component>
      <object_component id="oc-125">
         <name>.text:IntPrioritySet</name>
         <load_address>0x20008f5c</load_address>
         <run_address>0x20008f5c</run_address>
         <size>0x54</size>
         <input_file_ref idref="fl-e9"/>
      </object_component>
      <object_component id="oc-49b">
         <name>.text:ltoa</name>
         <load_address>0x20008fb0</load_address>
         <run_address>0x20008fb0</run_address>
         <size>0x54</size>
         <input_file_ref idref="fl-e1"/>
      </object_component>
      <object_component id="oc-4a1">
         <name>.text:_ecpy</name>
         <load_address>0x20009004</load_address>
         <run_address>0x20009004</run_address>
         <size>0x52</size>
         <input_file_ref idref="fl-de"/>
      </object_component>
      <object_component id="oc-41c">
         <name>.text:atoi</name>
         <load_address>0x20009058</load_address>
         <run_address>0x20009058</run_address>
         <size>0x4c</size>
         <input_file_ref idref="fl-df"/>
      </object_component>
      <object_component id="oc-1a3">
         <name>.text</name>
         <load_address>0x200090a4</load_address>
         <run_address>0x200090a4</run_address>
         <size>0x48</size>
         <input_file_ref idref="fl-ca"/>
      </object_component>
      <object_component id="oc-131">
         <name>.text:TimerConfigure</name>
         <load_address>0x200090ec</load_address>
         <run_address>0x200090ec</run_address>
         <size>0x44</size>
         <input_file_ref idref="fl-ed"/>
      </object_component>
      <object_component id="oc-1b9">
         <name>.text:__TI_auto_init_nobinit_nopinit:__TI_auto_init_nobinit_nopinit</name>
         <load_address>0x20009130</load_address>
         <run_address>0x20009130</run_address>
         <size>0x44</size>
         <input_file_ref idref="fl-db"/>
      </object_component>
      <object_component id="oc-2a7">
         <name>.text:PinModeSet</name>
         <load_address>0x20009174</load_address>
         <run_address>0x20009174</run_address>
         <size>0x40</size>
         <input_file_ref idref="fl-ea"/>
      </object_component>
      <object_component id="oc-1f1">
         <name>.text:vsnprintf</name>
         <load_address>0x200091b4</load_address>
         <run_address>0x200091b4</run_address>
         <size>0x40</size>
         <input_file_ref idref="fl-d8"/>
      </object_component>
      <object_component id="oc-4b4">
         <name>.text:_fcpy</name>
         <load_address>0x200091f4</load_address>
         <run_address>0x200091f4</run_address>
         <size>0x3e</size>
         <input_file_ref idref="fl-de"/>
      </object_component>
      <object_component id="oc-161">
         <name>.text:PRCMPeripheralClkEnable</name>
         <load_address>0x20009234</load_address>
         <run_address>0x20009234</run_address>
         <size>0x3c</size>
         <input_file_ref idref="fl-eb"/>
      </object_component>
      <object_component id="oc-386">
         <name>.text:minsert</name>
         <load_address>0x20009270</load_address>
         <run_address>0x20009270</run_address>
         <size>0x3c</size>
         <input_file_ref idref="fl-d3"/>
      </object_component>
      <object_component id="oc-37a">
         <name>.text:minit</name>
         <load_address>0x200092ac</load_address>
         <run_address>0x200092ac</run_address>
         <size>0x38</size>
         <input_file_ref idref="fl-d3"/>
      </object_component>
      <object_component id="oc-2b3">
         <name>.text:GPIODirModeSet</name>
         <load_address>0x200092e4</load_address>
         <run_address>0x200092e4</run_address>
         <size>0x36</size>
         <input_file_ref idref="fl-e8"/>
      </object_component>
      <object_component id="oc-2ad">
         <name>.text:PinTypeGPIO</name>
         <load_address>0x2000931a</load_address>
         <run_address>0x2000931a</run_address>
         <size>0x30</size>
         <input_file_ref idref="fl-ea"/>
      </object_component>
      <object_component id="oc-137">
         <name>.text:TimerControlEvent</name>
         <load_address>0x2000934c</load_address>
         <run_address>0x2000934c</run_address>
         <size>0x30</size>
         <input_file_ref idref="fl-ed"/>
      </object_component>
      <object_component id="oc-2e3">
         <name>.text:UARTDisable</name>
         <load_address>0x2000937c</load_address>
         <run_address>0x2000937c</run_address>
         <size>0x30</size>
         <input_file_ref idref="fl-ee"/>
      </object_component>
      <object_component id="oc-35c">
         <name>.text:_outs</name>
         <load_address>0x200093ac</load_address>
         <run_address>0x200093ac</run_address>
         <size>0x30</size>
         <input_file_ref idref="fl-d8"/>
      </object_component>
      <object_component id="oc-18e">
         <name>.text</name>
         <load_address>0x200093dc</load_address>
         <run_address>0x200093dc</run_address>
         <size>0x2e</size>
         <input_file_ref idref="fl-cb"/>
      </object_component>
      <object_component id="oc-255">
         <name>.text:PRCMSysResetCauseGet</name>
         <load_address>0x2000940c</load_address>
         <run_address>0x2000940c</run_address>
         <size>0x2c</size>
         <input_file_ref idref="fl-eb"/>
      </object_component>
      <object_component id="oc-ec">
         <name>.text:TimerLoadSet</name>
         <load_address>0x20009438</load_address>
         <run_address>0x20009438</run_address>
         <size>0x2a</size>
         <input_file_ref idref="fl-ed"/>
      </object_component>
      <object_component id="oc-271">
         <name>.text:TimerPrescaleSet</name>
         <load_address>0x20009462</load_address>
         <run_address>0x20009462</run_address>
         <size>0x2a</size>
         <input_file_ref idref="fl-ed"/>
      </object_component>
      <object_component id="oc-267">
         <name>.text:PRCMPeripheralClkDisable</name>
         <load_address>0x2000948c</load_address>
         <run_address>0x2000948c</run_address>
         <size>0x28</size>
         <input_file_ref idref="fl-eb"/>
      </object_component>
      <object_component id="oc-58">
         <name>.text:_c_int00_noargs:_c_int00_noargs</name>
         <load_address>0x200094b4</load_address>
         <run_address>0x200094b4</run_address>
         <size>0x28</size>
         <input_file_ref idref="fl-d1"/>
      </object_component>
      <object_component id="oc-380">
         <name>.text:mremove</name>
         <load_address>0x200094dc</load_address>
         <run_address>0x200094dc</run_address>
         <size>0x28</size>
         <input_file_ref idref="fl-d3"/>
      </object_component>
      <object_component id="oc-3b4">
         <name>.text:IntUnregister</name>
         <load_address>0x20009504</load_address>
         <run_address>0x20009504</run_address>
         <size>0x24</size>
         <input_file_ref idref="fl-e9"/>
      </object_component>
      <object_component id="oc-149">
         <name>.text:UARTEnable</name>
         <load_address>0x20009528</load_address>
         <run_address>0x20009528</run_address>
         <size>0x24</size>
         <input_file_ref idref="fl-ee"/>
      </object_component>
      <object_component id="oc-209">
         <name>.text:memmove</name>
         <load_address>0x2000954c</load_address>
         <run_address>0x2000954c</run_address>
         <size>0x24</size>
         <input_file_ref idref="fl-d6"/>
      </object_component>
      <object_component id="oc-16d">
         <name>.text:SPIReset</name>
         <load_address>0x20009570</load_address>
         <run_address>0x20009570</run_address>
         <size>0x22</size>
         <input_file_ref idref="fl-ec"/>
      </object_component>
      <object_component id="oc-185">
         <name>.text:GPIOPinWrite</name>
         <load_address>0x20009592</load_address>
         <run_address>0x20009592</run_address>
         <size>0x20</size>
         <input_file_ref idref="fl-e8"/>
      </object_component>
      <object_component id="oc-2d4">
         <name>.text:IntRegister</name>
         <load_address>0x200095b4</load_address>
         <run_address>0x200095b4</run_address>
         <size>0x20</size>
         <input_file_ref idref="fl-e9"/>
      </object_component>
      <object_component id="oc-236">
         <name>.text:SPIDataGet</name>
         <load_address>0x200095d4</load_address>
         <run_address>0x200095d4</run_address>
         <size>0x20</size>
         <input_file_ref idref="fl-ec"/>
      </object_component>
      <object_component id="oc-230">
         <name>.text:SPIDataPut</name>
         <load_address>0x200095f4</load_address>
         <run_address>0x200095f4</run_address>
         <size>0x1e</size>
         <input_file_ref idref="fl-ec"/>
      </object_component>
      <object_component id="oc-27d">
         <name>.text:TimerDisable</name>
         <load_address>0x20009612</load_address>
         <run_address>0x20009612</run_address>
         <size>0x1e</size>
         <input_file_ref idref="fl-ed"/>
      </object_component>
      <object_component id="oc-143">
         <name>.text:TimerEnable</name>
         <load_address>0x20009630</load_address>
         <run_address>0x20009630</run_address>
         <size>0x1e</size>
         <input_file_ref idref="fl-ed"/>
      </object_component>
      <object_component id="oc-277">
         <name>.text:TimerIntStatus</name>
         <load_address>0x2000964e</load_address>
         <run_address>0x2000964e</run_address>
         <size>0x1e</size>
         <input_file_ref idref="fl-ed"/>
      </object_component>
      <object_component id="oc-1eb">
         <name>.text:UARTCharPut</name>
         <load_address>0x2000966c</load_address>
         <run_address>0x2000966c</run_address>
         <size>0x1e</size>
         <input_file_ref idref="fl-ee"/>
      </object_component>
      <object_component id="oc-e6">
         <name>.text:TimerValueGet</name>
         <load_address>0x2000968a</load_address>
         <run_address>0x2000968a</run_address>
         <size>0x1c</size>
         <input_file_ref idref="fl-ed"/>
      </object_component>
      <object_component id="oc-1fd">
         <name>.text:UARTCharGetNonBlocking</name>
         <load_address>0x200096a6</load_address>
         <run_address>0x200096a6</run_address>
         <size>0x1c</size>
         <input_file_ref idref="fl-ee"/>
      </object_component>
      <object_component id="oc-440">
         <name>.text:memccpy</name>
         <load_address>0x200096c2</load_address>
         <run_address>0x200096c2</run_address>
         <size>0x1c</size>
         <input_file_ref idref="fl-e2"/>
      </object_component>
      <object_component id="oc-2b9">
         <name>.text:PinTypeSPI</name>
         <load_address>0x200096de</load_address>
         <run_address>0x200096de</run_address>
         <size>0x1a</size>
         <input_file_ref idref="fl-ea"/>
      </object_component>
      <object_component id="oc-2bf">
         <name>.text:PinTypeTimer</name>
         <load_address>0x200096f8</load_address>
         <run_address>0x200096f8</run_address>
         <size>0x1a</size>
         <input_file_ref idref="fl-ea"/>
      </object_component>
      <object_component id="oc-2c5">
         <name>.text:PinTypeUART</name>
         <load_address>0x20009712</load_address>
         <run_address>0x20009712</run_address>
         <size>0x1a</size>
         <input_file_ref idref="fl-ea"/>
      </object_component>
      <object_component id="oc-23c">
         <name>.text:SPICSDisable</name>
         <load_address>0x2000972c</load_address>
         <run_address>0x2000972c</run_address>
         <size>0x18</size>
         <input_file_ref idref="fl-ec"/>
      </object_component>
      <object_component id="oc-17f">
         <name>.text:SPICSEnable</name>
         <load_address>0x20009744</load_address>
         <run_address>0x20009744</run_address>
         <size>0x18</size>
         <input_file_ref idref="fl-ec"/>
      </object_component>
      <object_component id="oc-179">
         <name>.text:SPIEnable</name>
         <load_address>0x2000975c</load_address>
         <run_address>0x2000975c</run_address>
         <size>0x18</size>
         <input_file_ref idref="fl-ec"/>
      </object_component>
      <object_component id="oc-283">
         <name>.text:TimerIntDisable</name>
         <load_address>0x20009774</load_address>
         <run_address>0x20009774</run_address>
         <size>0x18</size>
         <input_file_ref idref="fl-ed"/>
      </object_component>
      <object_component id="oc-13d">
         <name>.text:TimerIntEnable</name>
         <load_address>0x2000978c</load_address>
         <run_address>0x2000978c</run_address>
         <size>0x18</size>
         <input_file_ref idref="fl-ed"/>
      </object_component>
      <object_component id="oc-1f7">
         <name>.text:UARTCharsAvail</name>
         <load_address>0x200097a4</load_address>
         <run_address>0x200097a4</run_address>
         <size>0x18</size>
         <input_file_ref idref="fl-ee"/>
      </object_component>
      <object_component id="oc-362">
         <name>.text:_outc</name>
         <load_address>0x200097bc</load_address>
         <run_address>0x200097bc</run_address>
         <size>0x18</size>
         <input_file_ref idref="fl-d8"/>
      </object_component>
      <object_component id="oc-25b">
         <name>.text:PRCMHIBRegRead</name>
         <load_address>0x200097d4</load_address>
         <run_address>0x200097d4</run_address>
         <size>0x16</size>
         <input_file_ref idref="fl-eb"/>
      </object_component>
      <object_component id="oc-261">
         <name>.text:PRCMHIBRegWrite</name>
         <load_address>0x200097ea</load_address>
         <run_address>0x200097ea</run_address>
         <size>0x16</size>
         <input_file_ref idref="fl-eb"/>
      </object_component>
      <object_component id="oc-14f">
         <name>.text:UARTFIFOEnable</name>
         <load_address>0x20009800</load_address>
         <run_address>0x20009800</run_address>
         <size>0x16</size>
         <input_file_ref idref="fl-ee"/>
      </object_component>
      <object_component id="oc-4c2">
         <name>.text:strchr</name>
         <load_address>0x20009816</load_address>
         <run_address>0x20009816</run_address>
         <size>0x16</size>
         <input_file_ref idref="fl-e3"/>
      </object_component>
      <object_component id="oc-245">
         <name>.text:CPUcpsie</name>
         <load_address>0x2000982c</load_address>
         <run_address>0x2000982c</run_address>
         <size>0x14</size>
         <input_file_ref idref="fl-f0"/>
      </object_component>
      <object_component id="oc-ce">
         <name>.text:IntVTableBaseSet</name>
         <load_address>0x20009840</load_address>
         <run_address>0x20009840</run_address>
         <size>0x14</size>
         <input_file_ref idref="fl-e9"/>
      </object_component>
      <object_component id="oc-203">
         <name>.text:strlen</name>
         <load_address>0x20009854</load_address>
         <run_address>0x20009854</run_address>
         <size>0x14</size>
         <input_file_ref idref="fl-d7"/>
      </object_component>
      <object_component id="oc-f2">
         <name>.text:TimerIntClear</name>
         <load_address>0x20009868</load_address>
         <run_address>0x20009868</run_address>
         <size>0x12</size>
         <input_file_ref idref="fl-ed"/>
      </object_component>
      <object_component id="oc-46">
         <name>.text:decompress:ZI:__TI_zero_init_nomemset:__TI_zero_init_nomemset</name>
         <load_address>0x2000987a</load_address>
         <run_address>0x2000987a</run_address>
         <size>0x12</size>
         <input_file_ref idref="fl-cd"/>
      </object_component>
      <object_component id="oc-446">
         <name>.text:wcslen</name>
         <load_address>0x2000988c</load_address>
         <run_address>0x2000988c</run_address>
         <size>0x12</size>
         <input_file_ref idref="fl-e4"/>
      </object_component>
      <object_component id="oc-18">
         <name>.text:decompress:none:__TI_decompress_none</name>
         <load_address>0x2000989e</load_address>
         <run_address>0x2000989e</run_address>
         <size>0xe</size>
         <input_file_ref idref="fl-ce"/>
      </object_component>
      <object_component id="oc-26">
         <name>.text</name>
         <load_address>0x200098ac</load_address>
         <run_address>0x200098ac</run_address>
         <size>0xe</size>
         <input_file_ref idref="fl-6"/>
      </object_component>
      <object_component id="oc-d4">
         <name>.text:IntMasterEnable</name>
         <load_address>0x200098ba</load_address>
         <run_address>0x200098ba</run_address>
         <size>0xa</size>
         <input_file_ref idref="fl-e9"/>
      </object_component>
      <object_component id="oc-308">
         <name>.text:__aeabi_errno_addr</name>
         <load_address>0x200098c4</load_address>
         <run_address>0x200098c4</run_address>
         <size>0x8</size>
         <input_file_ref idref="fl-d0"/>
      </object_component>
      <object_component id="oc-3e7">
         <name>.text:copysign</name>
         <load_address>0x200098cc</load_address>
         <run_address>0x200098cc</run_address>
         <size>0x8</size>
         <input_file_ref idref="fl-d9"/>
      </object_component>
      <object_component id="oc-3a6">
         <name>.text:UtilsDelay</name>
         <load_address>0x200098d4</load_address>
         <run_address>0x200098d4</run_address>
         <size>0x6</size>
         <input_file_ref idref="fl-ef"/>
      </object_component>
      <object_component id="oc-8e">
         <name>.text:_system_pre_init</name>
         <load_address>0x200098da</load_address>
         <run_address>0x200098da</run_address>
         <size>0x4</size>
         <input_file_ref idref="fl-dc"/>
      </object_component>
      <object_component id="oc-1ad">
         <name>.text:abort:abort</name>
         <load_address>0x200098de</load_address>
         <run_address>0x200098de</run_address>
         <size>0x4</size>
         <input_file_ref idref="fl-d2"/>
      </object_component>
      <object_component id="oc-29b">
         <name>.const:.string:font</name>
         <load_address>0x200098e8</load_address>
         <run_address>0x200098e8</run_address>
         <size>0x4fb</size>
         <input_file_ref idref="fl-2"/>
      </object_component>
      <object_component id="oc-490">
         <name>.const:.string:_ctypes_</name>
         <load_address>0x20009de3</load_address>
         <run_address>0x20009de3</run_address>
         <size>0x101</size>
         <input_file_ref idref="fl-e0"/>
      </object_component>
      <object_component id="oc-2cc">
         <name>.const:g_ulPinToPadMap</name>
         <load_address>0x20009ee4</load_address>
         <run_address>0x20009ee4</run_address>
         <size>0x100</size>
         <input_file_ref idref="fl-ea"/>
      </object_component>
      <object_component id="oc-2d0">
         <name>.const:g_pulRegs</name>
         <load_address>0x20009fe4</load_address>
         <run_address>0x20009fe4</run_address>
         <size>0xd4</size>
         <input_file_ref idref="fl-e9"/>
      </object_component>
      <object_component id="oc-2ea">
         <name>.const:PRCM_PeriphRegsList</name>
         <load_address>0x2000a0b8</load_address>
         <run_address>0x2000a0b8</run_address>
         <size>0xa8</size>
         <input_file_ref idref="fl-eb"/>
      </object_component>
      <object_component id="oc-251">
         <name>.const</name>
         <load_address>0x2000a160</load_address>
         <run_address>0x2000a160</run_address>
         <size>0x80</size>
         <input_file_ref idref="fl-e9"/>
      </object_component>
      <object_component id="oc-fe">
         <name>.const:$P$T0$1</name>
         <load_address>0x2000a1e0</load_address>
         <run_address>0x2000a1e0</run_address>
         <size>0x40</size>
         <input_file_ref idref="fl-4"/>
      </object_component>
      <object_component id="oc-30e">
         <name>.const:$O1$$</name>
         <load_address>0x2000a220</load_address>
         <run_address>0x2000a220</run_address>
         <size>0x30</size>
         <input_file_ref idref="fl-c3"/>
      </object_component>
      <object_component id="oc-534">
         <name>.cinit..data.load</name>
         <load_address>0x2000a250</load_address>
         <run_address>0x2000a250</run_address>
         <size>0x77</size>
      </object_component>
      <object_component id="oc-532">
         <name>__TI_handler_table</name>
         <load_address>0x2000a2c8</load_address>
         <run_address>0x2000a2c8</run_address>
         <size>0xc</size>
      </object_component>
      <object_component id="oc-535">
         <name>.cinit..bss.load</name>
         <load_address>0x2000a2d8</load_address>
         <run_address>0x2000a2d8</run_address>
         <size>0x8</size>
      </object_component>
      <object_component id="oc-533">
         <name>__TI_cinit_table</name>
         <load_address>0x2000a2e0</load_address>
         <run_address>0x2000a2e0</run_address>
         <size>0x10</size>
      </object_component>
      <object_component id="oc-29e">
         <name>.data</name>
         <load_address>0x20017c68</load_address>
         <run_address>0x20017c68</run_address>
         <size>0x15</size>
         <input_file_ref idref="fl-2"/>
      </object_component>
      <object_component id="oc-104">
         <name>.data</name>
         <load_address>0x20017c48</load_address>
         <run_address>0x20017c48</run_address>
         <size>0x20</size>
         <input_file_ref idref="fl-4"/>
      </object_component>
      <object_component id="oc-116">
         <name>.data:keySet</name>
         <load_address>0x20017bd0</load_address>
         <run_address>0x20017bd0</run_address>
         <size>0x50</size>
         <input_file_ref idref="fl-4"/>
      </object_component>
      <object_component id="oc-113">
         <name>.data:keyBuffer</name>
         <load_address>0x20017c20</load_address>
         <run_address>0x20017c20</run_address>
         <size>0x28</size>
         <input_file_ref idref="fl-4"/>
      </object_component>
      <object_component id="oc-1a8">
         <name>.data:OC</name>
         <load_address>0x20017c94</load_address>
         <run_address>0x20017c94</run_address>
         <size>0x8</size>
         <input_file_ref idref="fl-4"/>
      </object_component>
      <object_component id="oc-3de">
         <name>.data</name>
         <load_address>0x20017c9c</load_address>
         <run_address>0x20017c9c</run_address>
         <size>0x4</size>
         <input_file_ref idref="fl-d0"/>
      </object_component>
      <object_component id="oc-38c">
         <name>.data:$O1$$</name>
         <load_address>0x20017c80</load_address>
         <run_address>0x20017c80</run_address>
         <size>0xc</size>
         <input_file_ref idref="fl-d3"/>
      </object_component>
      <object_component id="oc-339">
         <name>.data:$O1$$</name>
         <load_address>0x20017c8c</load_address>
         <run_address>0x20017c8c</run_address>
         <size>0x8</size>
         <input_file_ref idref="fl-d4"/>
      </object_component>
      <object_component id="oc-10a">
         <name>.bss:g_ulSamples</name>
         <uninitialized>true</uninitialized>
         <run_address>0x20017bc4</run_address>
         <size>0x8</size>
         <input_file_ref idref="fl-4"/>
      </object_component>
      <object_component id="oc-101">
         <name>.bss:buffer</name>
         <uninitialized>true</uninitialized>
         <run_address>0x20017800</run_address>
         <size>0x190</size>
         <input_file_ref idref="fl-4"/>
      </object_component>
      <object_component id="oc-107">
         <name>.bss:number</name>
         <uninitialized>true</uninitialized>
         <run_address>0x20017990</run_address>
         <size>0x190</size>
         <input_file_ref idref="fl-4"/>
      </object_component>
      <object_component id="oc-18b">
         <name>.bss:message</name>
         <uninitialized>true</uninitialized>
         <run_address>0x20017b20</run_address>
         <size>0xa4</size>
         <input_file_ref idref="fl-4"/>
      </object_component>
      <object_component id="oc-221">
         <name>.bss</name>
         <uninitialized>true</uninitialized>
         <run_address>0x20017bcc</run_address>
         <size>0x4</size>
         <input_file_ref idref="fl-8"/>
      </object_component>
      <object_component id="oc-23">
         <name>.sysmem</name>
         <uninitialized>true</uninitialized>
         <run_address>0x20017000</run_address>
         <size>0x8</size>
         <input_file_ref idref="fl-d3"/>
      </object_component>
      <object_component id="oc-537">
         <name>.sysmem</name>
         <uninitialized>true</uninitialized>
         <run_address>0x20017000</run_address>
         <size>0x0</size>
      </object_component>
      <object_component id="oc-20">
         <name>.stack</name>
         <uninitialized>true</uninitialized>
         <run_address>0x2002f000</run_address>
         <size>0x4</size>
         <input_file_ref idref="fl-d1"/>
      </object_component>
      <object_component id="oc-536">
         <name>.stack</name>
         <uninitialized>true</uninitialized>
         <run_address>0x2002f000</run_address>
         <size>0x0</size>
      </object_component>
      <object_component id="oc-2a2">
         <name>.debug_info</name>
         <load_address>0x0</load_address>
         <run_address>0x0</run_address>
         <size>0x211</size>
         <input_file_ref idref="fl-2"/>
      </object_component>
      <object_component id="oc-29c">
         <name>.debug_info</name>
         <load_address>0x211</load_address>
         <run_address>0x211</run_address>
         <size>0xc3</size>
         <input_file_ref idref="fl-2"/>
      </object_component>
      <object_component id="oc-29f">
         <name>.debug_info</name>
         <load_address>0x2d4</load_address>
         <run_address>0x2d4</run_address>
         <size>0x171</size>
         <input_file_ref idref="fl-2"/>
      </object_component>
      <object_component id="oc-10e">
         <name>.debug_info</name>
         <load_address>0x445</load_address>
         <run_address>0x445</run_address>
         <size>0x152f</size>
         <input_file_ref idref="fl-2"/>
      </object_component>
      <object_component id="oc-35">
         <name>.debug_info</name>
         <load_address>0x1974</load_address>
         <run_address>0x1974</run_address>
         <size>0x84</size>
         <input_file_ref idref="fl-2"/>
      </object_component>
      <object_component id="oc-243">
         <name>.debug_info</name>
         <load_address>0x19f8</load_address>
         <run_address>0x19f8</run_address>
         <size>0x20c</size>
         <input_file_ref idref="fl-3"/>
      </object_component>
      <object_component id="oc-cb">
         <name>.debug_info</name>
         <load_address>0x1c04</load_address>
         <run_address>0x1c04</run_address>
         <size>0xe4e</size>
         <input_file_ref idref="fl-3"/>
      </object_component>
      <object_component id="oc-3d6">
         <name>.debug_info</name>
         <load_address>0x2a52</load_address>
         <run_address>0x2a52</run_address>
         <size>0x62</size>
         <input_file_ref idref="fl-3"/>
      </object_component>
      <object_component id="oc-24c">
         <name>.debug_info</name>
         <load_address>0x2ab4</load_address>
         <run_address>0x2ab4</run_address>
         <size>0x2c</size>
         <input_file_ref idref="fl-3"/>
      </object_component>
      <object_component id="oc-b9">
         <name>.debug_info</name>
         <load_address>0x2ae0</load_address>
         <run_address>0x2ae0</run_address>
         <size>0x2c</size>
         <input_file_ref idref="fl-3"/>
      </object_component>
      <object_component id="oc-1ac">
         <name>.debug_info</name>
         <load_address>0x2b0c</load_address>
         <run_address>0x2b0c</run_address>
         <size>0x990</size>
         <input_file_ref idref="fl-4"/>
      </object_component>
      <object_component id="oc-10b">
         <name>.debug_info</name>
         <load_address>0x349c</load_address>
         <run_address>0x349c</run_address>
         <size>0xc9</size>
         <input_file_ref idref="fl-4"/>
      </object_component>
      <object_component id="oc-102">
         <name>.debug_info</name>
         <load_address>0x3565</load_address>
         <run_address>0x3565</run_address>
         <size>0xbf</size>
         <input_file_ref idref="fl-4"/>
      </object_component>
      <object_component id="oc-108">
         <name>.debug_info</name>
         <load_address>0x3624</load_address>
         <run_address>0x3624</run_address>
         <size>0xbf</size>
         <input_file_ref idref="fl-4"/>
      </object_component>
      <object_component id="oc-105">
         <name>.debug_info</name>
         <load_address>0x36e3</load_address>
         <run_address>0x36e3</run_address>
         <size>0x180</size>
         <input_file_ref idref="fl-4"/>
      </object_component>
      <object_component id="oc-117">
         <name>.debug_info</name>
         <load_address>0x3863</load_address>
         <run_address>0x3863</run_address>
         <size>0xbf</size>
         <input_file_ref idref="fl-4"/>
      </object_component>
      <object_component id="oc-114">
         <name>.debug_info</name>
         <load_address>0x3922</load_address>
         <run_address>0x3922</run_address>
         <size>0xc5</size>
         <input_file_ref idref="fl-4"/>
      </object_component>
      <object_component id="oc-1a9">
         <name>.debug_info</name>
         <load_address>0x39e7</load_address>
         <run_address>0x39e7</run_address>
         <size>0xb7</size>
         <input_file_ref idref="fl-4"/>
      </object_component>
      <object_component id="oc-18c">
         <name>.debug_info</name>
         <load_address>0x3a9e</load_address>
         <run_address>0x3a9e</run_address>
         <size>0xc1</size>
         <input_file_ref idref="fl-4"/>
      </object_component>
      <object_component id="oc-ff">
         <name>.debug_info</name>
         <load_address>0x3b5f</load_address>
         <run_address>0x3b5f</run_address>
         <size>0xc1</size>
         <input_file_ref idref="fl-4"/>
      </object_component>
      <object_component id="oc-95">
         <name>.debug_info</name>
         <load_address>0x3c20</load_address>
         <run_address>0x3c20</run_address>
         <size>0xae1</size>
         <input_file_ref idref="fl-4"/>
      </object_component>
      <object_component id="oc-2f7">
         <name>.debug_info</name>
         <load_address>0x4701</load_address>
         <run_address>0x4701</run_address>
         <size>0xa2</size>
         <input_file_ref idref="fl-4"/>
      </object_component>
      <object_component id="oc-330">
         <name>.debug_info</name>
         <load_address>0x47a3</load_address>
         <run_address>0x47a3</run_address>
         <size>0x26b</size>
         <input_file_ref idref="fl-4"/>
      </object_component>
      <object_component id="oc-396">
         <name>.debug_info</name>
         <load_address>0x4a0e</load_address>
         <run_address>0x4a0e</run_address>
         <size>0x297</size>
         <input_file_ref idref="fl-4"/>
      </object_component>
      <object_component id="oc-11a">
         <name>.debug_info</name>
         <load_address>0x4ca5</load_address>
         <run_address>0x4ca5</run_address>
         <size>0x3c6</size>
         <input_file_ref idref="fl-5"/>
      </object_component>
      <object_component id="oc-2e">
         <name>.debug_info</name>
         <load_address>0x506b</load_address>
         <run_address>0x506b</run_address>
         <size>0x181</size>
         <input_file_ref idref="fl-6"/>
      </object_component>
      <object_component id="oc-10">
         <name>.debug_info</name>
         <load_address>0x51ec</load_address>
         <run_address>0x51ec</run_address>
         <size>0x100</size>
         <input_file_ref idref="fl-6"/>
      </object_component>
      <object_component id="oc-27">
         <name>.debug_info</name>
         <load_address>0x52ec</load_address>
         <run_address>0x52ec</run_address>
         <size>0x421</size>
         <input_file_ref idref="fl-6"/>
      </object_component>
      <object_component id="oc-290">
         <name>.debug_info</name>
         <load_address>0x570d</load_address>
         <run_address>0x570d</run_address>
         <size>0x473</size>
         <input_file_ref idref="fl-7"/>
      </object_component>
      <object_component id="oc-f9">
         <name>.debug_info</name>
         <load_address>0x5b80</load_address>
         <run_address>0x5b80</run_address>
         <size>0xd4d</size>
         <input_file_ref idref="fl-7"/>
      </object_component>
      <object_component id="oc-225">
         <name>.debug_info</name>
         <load_address>0x68cd</load_address>
         <run_address>0x68cd</run_address>
         <size>0x3c6</size>
         <input_file_ref idref="fl-8"/>
      </object_component>
      <object_component id="oc-222">
         <name>.debug_info</name>
         <load_address>0x6c93</load_address>
         <run_address>0x6c93</run_address>
         <size>0xf7</size>
         <input_file_ref idref="fl-8"/>
      </object_component>
      <object_component id="oc-c3">
         <name>.debug_info</name>
         <load_address>0x6d8a</load_address>
         <run_address>0x6d8a</run_address>
         <size>0x8d3</size>
         <input_file_ref idref="fl-8"/>
      </object_component>
      <object_component id="oc-22b">
         <name>.debug_info</name>
         <load_address>0x765d</load_address>
         <run_address>0x765d</run_address>
         <size>0x110</size>
         <input_file_ref idref="fl-8"/>
      </object_component>
      <object_component id="oc-226">
         <name>.debug_info</name>
         <load_address>0x776d</load_address>
         <run_address>0x776d</run_address>
         <size>0x2c</size>
         <input_file_ref idref="fl-8"/>
      </object_component>
      <object_component id="oc-327">
         <name>.debug_info</name>
         <load_address>0x7799</load_address>
         <run_address>0x7799</run_address>
         <size>0x230</size>
         <input_file_ref idref="fl-c3"/>
      </object_component>
      <object_component id="oc-30f">
         <name>.debug_info</name>
         <load_address>0x79c9</load_address>
         <run_address>0x79c9</run_address>
         <size>0x128</size>
         <input_file_ref idref="fl-c3"/>
      </object_component>
      <object_component id="oc-195">
         <name>.debug_info</name>
         <load_address>0x7af1</load_address>
         <run_address>0x7af1</run_address>
         <size>0xbeb</size>
         <input_file_ref idref="fl-c3"/>
      </object_component>
      <object_component id="oc-3f4">
         <name>.debug_info</name>
         <load_address>0x86dc</load_address>
         <run_address>0x86dc</run_address>
         <size>0x46</size>
         <input_file_ref idref="fl-c3"/>
      </object_component>
      <object_component id="oc-322">
         <name>.debug_info</name>
         <load_address>0x8722</load_address>
         <run_address>0x8722</run_address>
         <size>0x39</size>
         <input_file_ref idref="fl-c3"/>
      </object_component>
      <object_component id="oc-3dd">
         <name>.debug_info</name>
         <load_address>0x875b</load_address>
         <run_address>0x875b</run_address>
         <size>0x197</size>
         <input_file_ref idref="fl-c4"/>
      </object_component>
      <object_component id="oc-303">
         <name>.debug_info</name>
         <load_address>0x88f2</load_address>
         <run_address>0x88f2</run_address>
         <size>0x258</size>
         <input_file_ref idref="fl-c4"/>
      </object_component>
      <object_component id="oc-3ee">
         <name>.debug_info</name>
         <load_address>0x8b4a</load_address>
         <run_address>0x8b4a</run_address>
         <size>0x1ca</size>
         <input_file_ref idref="fl-c5"/>
      </object_component>
      <object_component id="oc-31c">
         <name>.debug_info</name>
         <load_address>0x8d14</load_address>
         <run_address>0x8d14</run_address>
         <size>0x1fb</size>
         <input_file_ref idref="fl-c5"/>
      </object_component>
      <object_component id="oc-47c">
         <name>.debug_info</name>
         <load_address>0x8f0f</load_address>
         <run_address>0x8f0f</run_address>
         <size>0x39</size>
         <input_file_ref idref="fl-c5"/>
      </object_component>
      <object_component id="oc-3ef">
         <name>.debug_info</name>
         <load_address>0x8f48</load_address>
         <run_address>0x8f48</run_address>
         <size>0x2c</size>
         <input_file_ref idref="fl-c5"/>
      </object_component>
      <object_component id="oc-19f">
         <name>.debug_info</name>
         <load_address>0x8f74</load_address>
         <run_address>0x8f74</run_address>
         <size>0x14f</size>
         <input_file_ref idref="fl-c6"/>
      </object_component>
      <object_component id="oc-312">
         <name>.debug_info</name>
         <load_address>0x90c3</load_address>
         <run_address>0x90c3</run_address>
         <size>0x12b</size>
         <input_file_ref idref="fl-c7"/>
      </object_component>
      <object_component id="oc-317">
         <name>.debug_info</name>
         <load_address>0x91ee</load_address>
         <run_address>0x91ee</run_address>
         <size>0x12d</size>
         <input_file_ref idref="fl-c7"/>
      </object_component>
      <object_component id="oc-300">
         <name>.debug_info</name>
         <load_address>0x931b</load_address>
         <run_address>0x931b</run_address>
         <size>0x13d</size>
         <input_file_ref idref="fl-c8"/>
      </object_component>
      <object_component id="oc-19a">
         <name>.debug_info</name>
         <load_address>0x9458</load_address>
         <run_address>0x9458</run_address>
         <size>0x13d</size>
         <input_file_ref idref="fl-c9"/>
      </object_component>
      <object_component id="oc-1a4">
         <name>.debug_info</name>
         <load_address>0x9595</load_address>
         <run_address>0x9595</run_address>
         <size>0x131</size>
         <input_file_ref idref="fl-ca"/>
      </object_component>
      <object_component id="oc-18f">
         <name>.debug_info</name>
         <load_address>0x96c6</load_address>
         <run_address>0x96c6</run_address>
         <size>0x12f</size>
         <input_file_ref idref="fl-cb"/>
      </object_component>
      <object_component id="oc-3d">
         <name>.debug_info</name>
         <load_address>0x97f5</load_address>
         <run_address>0x97f5</run_address>
         <size>0x11c</size>
         <input_file_ref idref="fl-cc"/>
      </object_component>
      <object_component id="oc-87">
         <name>.debug_info</name>
         <load_address>0x9911</load_address>
         <run_address>0x9911</run_address>
         <size>0x1f0</size>
         <input_file_ref idref="fl-cd"/>
      </object_component>
      <object_component id="oc-47">
         <name>.debug_info</name>
         <load_address>0x9b01</load_address>
         <run_address>0x9b01</run_address>
         <size>0x1bf</size>
         <input_file_ref idref="fl-cd"/>
      </object_component>
      <object_component id="oc-82">
         <name>.debug_info</name>
         <load_address>0x9cc0</load_address>
         <run_address>0x9cc0</run_address>
         <size>0x46</size>
         <input_file_ref idref="fl-cd"/>
      </object_component>
      <object_component id="oc-45">
         <name>.debug_info</name>
         <load_address>0x9d06</load_address>
         <run_address>0x9d06</run_address>
         <size>0x17a</size>
         <input_file_ref idref="fl-ce"/>
      </object_component>
      <object_component id="oc-1c">
         <name>.debug_info</name>
         <load_address>0x9e80</load_address>
         <run_address>0x9e80</run_address>
         <size>0x1ea</size>
         <input_file_ref idref="fl-ce"/>
      </object_component>
      <object_component id="oc-40">
         <name>.debug_info</name>
         <load_address>0xa06a</load_address>
         <run_address>0xa06a</run_address>
         <size>0x46</size>
         <input_file_ref idref="fl-ce"/>
      </object_component>
      <object_component id="oc-7a">
         <name>.debug_info</name>
         <load_address>0xa0b0</load_address>
         <run_address>0xa0b0</run_address>
         <size>0x2c</size>
         <input_file_ref idref="fl-ce"/>
      </object_component>
      <object_component id="oc-78">
         <name>.debug_info</name>
         <load_address>0xa0dc</load_address>
         <run_address>0xa0dc</run_address>
         <size>0x170</size>
         <input_file_ref idref="fl-cf"/>
      </object_component>
      <object_component id="oc-13">
         <name>.debug_info</name>
         <load_address>0xa24c</load_address>
         <run_address>0xa24c</run_address>
         <size>0x250</size>
         <input_file_ref idref="fl-cf"/>
      </object_component>
      <object_component id="oc-30">
         <name>.debug_info</name>
         <load_address>0xa49c</load_address>
         <run_address>0xa49c</run_address>
         <size>0x60</size>
         <input_file_ref idref="fl-cf"/>
      </object_component>
      <object_component id="oc-b2">
         <name>.debug_info</name>
         <load_address>0xa4fc</load_address>
         <run_address>0xa4fc</run_address>
         <size>0x46</size>
         <input_file_ref idref="fl-cf"/>
      </object_component>
      <object_component id="oc-73">
         <name>.debug_info</name>
         <load_address>0xa542</load_address>
         <run_address>0xa542</run_address>
         <size>0x39</size>
         <input_file_ref idref="fl-cf"/>
      </object_component>
      <object_component id="oc-3e2">
         <name>.debug_info</name>
         <load_address>0xa57b</load_address>
         <run_address>0xa57b</run_address>
         <size>0x15b</size>
         <input_file_ref idref="fl-d0"/>
      </object_component>
      <object_component id="oc-3df">
         <name>.debug_info</name>
         <load_address>0xa6d6</load_address>
         <run_address>0xa6d6</run_address>
         <size>0x10e</size>
         <input_file_ref idref="fl-d0"/>
      </object_component>
      <object_component id="oc-30a">
         <name>.debug_info</name>
         <load_address>0xa7e4</load_address>
         <run_address>0xa7e4</run_address>
         <size>0x14e</size>
         <input_file_ref idref="fl-d0"/>
      </object_component>
      <object_component id="oc-21">
         <name>.debug_info</name>
         <load_address>0xa932</load_address>
         <run_address>0xa932</run_address>
         <size>0x10b</size>
         <input_file_ref idref="fl-d1"/>
      </object_component>
      <object_component id="oc-59">
         <name>.debug_info</name>
         <load_address>0xaa3d</load_address>
         <run_address>0xaa3d</run_address>
         <size>0x1af</size>
         <input_file_ref idref="fl-d1"/>
      </object_component>
      <object_component id="oc-1ae">
         <name>.debug_info</name>
         <load_address>0xabec</load_address>
         <run_address>0xabec</run_address>
         <size>0x122</size>
         <input_file_ref idref="fl-d2"/>
      </object_component>
      <object_component id="oc-6e">
         <name>.debug_info</name>
         <load_address>0xad0e</load_address>
         <run_address>0xad0e</run_address>
         <size>0x298</size>
         <input_file_ref idref="fl-d3"/>
      </object_component>
      <object_component id="oc-24">
         <name>.debug_info</name>
         <load_address>0xafa6</load_address>
         <run_address>0xafa6</run_address>
         <size>0x10c</size>
         <input_file_ref idref="fl-d3"/>
      </object_component>
      <object_component id="oc-38d">
         <name>.debug_info</name>
         <load_address>0xb0b2</load_address>
         <run_address>0xb0b2</run_address>
         <size>0x157</size>
         <input_file_ref idref="fl-d3"/>
      </object_component>
      <object_component id="oc-37c">
         <name>.debug_info</name>
         <load_address>0xb209</load_address>
         <run_address>0xb209</run_address>
         <size>0x144</size>
         <input_file_ref idref="fl-d3"/>
      </object_component>
      <object_component id="oc-382">
         <name>.debug_info</name>
         <load_address>0xb34d</load_address>
         <run_address>0xb34d</run_address>
         <size>0x17f</size>
         <input_file_ref idref="fl-d3"/>
      </object_component>
      <object_component id="oc-387">
         <name>.debug_info</name>
         <load_address>0xb4cc</load_address>
         <run_address>0xb4cc</run_address>
         <size>0x17d</size>
         <input_file_ref idref="fl-d3"/>
      </object_component>
      <object_component id="oc-210">
         <name>.debug_info</name>
         <load_address>0xb649</load_address>
         <run_address>0xb649</run_address>
         <size>0x1e6</size>
         <input_file_ref idref="fl-d3"/>
      </object_component>
      <object_component id="oc-21c">
         <name>.debug_info</name>
         <load_address>0xb82f</load_address>
         <run_address>0xb82f</run_address>
         <size>0x1f1</size>
         <input_file_ref idref="fl-d3"/>
      </object_component>
      <object_component id="oc-216">
         <name>.debug_info</name>
         <load_address>0xba20</load_address>
         <run_address>0xba20</run_address>
         <size>0x289</size>
         <input_file_ref idref="fl-d3"/>
      </object_component>
      <object_component id="oc-a8">
         <name>.debug_info</name>
         <load_address>0xbca9</load_address>
         <run_address>0xbca9</run_address>
         <size>0x2c</size>
         <input_file_ref idref="fl-d3"/>
      </object_component>
      <object_component id="oc-ad">
         <name>.debug_info</name>
         <load_address>0xbcd5</load_address>
         <run_address>0xbcd5</run_address>
         <size>0x62</size>
         <input_file_ref idref="fl-d3"/>
      </object_component>
      <object_component id="oc-405">
         <name>.debug_info</name>
         <load_address>0xbd37</load_address>
         <run_address>0xbd37</run_address>
         <size>0x19b</size>
         <input_file_ref idref="fl-d4"/>
      </object_component>
      <object_component id="oc-33a">
         <name>.debug_info</name>
         <load_address>0xbed2</load_address>
         <run_address>0xbed2</run_address>
         <size>0x11e</size>
         <input_file_ref idref="fl-d4"/>
      </object_component>
      <object_component id="oc-3fe">
         <name>.debug_info</name>
         <load_address>0xbff0</load_address>
         <run_address>0xbff0</run_address>
         <size>0x12e</size>
         <input_file_ref idref="fl-d4"/>
      </object_component>
      <object_component id="oc-379">
         <name>.debug_info</name>
         <load_address>0xc11e</load_address>
         <run_address>0xc11e</run_address>
         <size>0x177</size>
         <input_file_ref idref="fl-d6"/>
      </object_component>
      <object_component id="oc-20b">
         <name>.debug_info</name>
         <load_address>0xc295</load_address>
         <run_address>0xc295</run_address>
         <size>0x1b6</size>
         <input_file_ref idref="fl-d6"/>
      </object_component>
      <object_component id="oc-377">
         <name>.debug_info</name>
         <load_address>0xc44b</load_address>
         <run_address>0xc44b</run_address>
         <size>0x161</size>
         <input_file_ref idref="fl-d7"/>
      </object_component>
      <object_component id="oc-204">
         <name>.debug_info</name>
         <load_address>0xc5ac</load_address>
         <run_address>0xc5ac</run_address>
         <size>0x24b</size>
         <input_file_ref idref="fl-d7"/>
      </object_component>
      <object_component id="oc-369">
         <name>.debug_info</name>
         <load_address>0xc7f7</load_address>
         <run_address>0xc7f7</run_address>
         <size>0x212</size>
         <input_file_ref idref="fl-d8"/>
      </object_component>
      <object_component id="oc-1f3">
         <name>.debug_info</name>
         <load_address>0xca09</load_address>
         <run_address>0xca09</run_address>
         <size>0x208</size>
         <input_file_ref idref="fl-d8"/>
      </object_component>
      <object_component id="oc-35e">
         <name>.debug_info</name>
         <load_address>0xcc11</load_address>
         <run_address>0xcc11</run_address>
         <size>0x1c6</size>
         <input_file_ref idref="fl-d8"/>
      </object_component>
      <object_component id="oc-364">
         <name>.debug_info</name>
         <load_address>0xcdd7</load_address>
         <run_address>0xcdd7</run_address>
         <size>0x179</size>
         <input_file_ref idref="fl-d8"/>
      </object_component>
      <object_component id="oc-36a">
         <name>.debug_info</name>
         <load_address>0xcf50</load_address>
         <run_address>0xcf50</run_address>
         <size>0x2c</size>
         <input_file_ref idref="fl-d8"/>
      </object_component>
      <object_component id="oc-36f">
         <name>.debug_info</name>
         <load_address>0xcf7c</load_address>
         <run_address>0xcf7c</run_address>
         <size>0x69</size>
         <input_file_ref idref="fl-d8"/>
      </object_component>
      <object_component id="oc-3e8">
         <name>.debug_info</name>
         <load_address>0xcfe5</load_address>
         <run_address>0xcfe5</run_address>
         <size>0x15f</size>
         <input_file_ref idref="fl-d9"/>
      </object_component>
      <object_component id="oc-8b">
         <name>.debug_info</name>
         <load_address>0xd144</load_address>
         <run_address>0xd144</run_address>
         <size>0x14a</size>
         <input_file_ref idref="fl-da"/>
      </object_component>
      <object_component id="oc-340">
         <name>.debug_info</name>
         <load_address>0xd28e</load_address>
         <run_address>0xd28e</run_address>
         <size>0x424</size>
         <input_file_ref idref="fl-db"/>
      </object_component>
      <object_component id="oc-1ba">
         <name>.debug_info</name>
         <load_address>0xd6b2</load_address>
         <run_address>0xd6b2</run_address>
         <size>0x1a6</size>
         <input_file_ref idref="fl-db"/>
      </object_component>
      <object_component id="oc-40b">
         <name>.debug_info</name>
         <load_address>0xd858</load_address>
         <run_address>0xd858</run_address>
         <size>0x39</size>
         <input_file_ref idref="fl-db"/>
      </object_component>
      <object_component id="oc-484">
         <name>.debug_info</name>
         <load_address>0xd891</load_address>
         <run_address>0xd891</run_address>
         <size>0x39</size>
         <input_file_ref idref="fl-db"/>
      </object_component>
      <object_component id="oc-410">
         <name>.debug_info</name>
         <load_address>0xd8ca</load_address>
         <run_address>0xd8ca</run_address>
         <size>0x39</size>
         <input_file_ref idref="fl-db"/>
      </object_component>
      <object_component id="oc-415">
         <name>.debug_info</name>
         <load_address>0xd903</load_address>
         <run_address>0xd903</run_address>
         <size>0xcd</size>
         <input_file_ref idref="fl-db"/>
      </object_component>
      <object_component id="oc-8f">
         <name>.debug_info</name>
         <load_address>0xd9d0</load_address>
         <run_address>0xd9d0</run_address>
         <size>0x153</size>
         <input_file_ref idref="fl-dc"/>
      </object_component>
      <object_component id="oc-44d">
         <name>.debug_info</name>
         <load_address>0xdb23</load_address>
         <run_address>0xdb23</run_address>
         <size>0x783</size>
         <input_file_ref idref="fl-de"/>
      </object_component>
      <object_component id="oc-424">
         <name>.debug_info</name>
         <load_address>0xe2a6</load_address>
         <run_address>0xe2a6</run_address>
         <size>0x21e</size>
         <input_file_ref idref="fl-de"/>
      </object_component>
      <object_component id="oc-4a2">
         <name>.debug_info</name>
         <load_address>0xe4c4</load_address>
         <run_address>0xe4c4</run_address>
         <size>0x1b3</size>
         <input_file_ref idref="fl-de"/>
      </object_component>
      <object_component id="oc-4a8">
         <name>.debug_info</name>
         <load_address>0xe677</load_address>
         <run_address>0xe677</run_address>
         <size>0x21b</size>
         <input_file_ref idref="fl-de"/>
      </object_component>
      <object_component id="oc-429">
         <name>.debug_info</name>
         <load_address>0xe892</load_address>
         <run_address>0xe892</run_address>
         <size>0x3ba</size>
         <input_file_ref idref="fl-de"/>
      </object_component>
[...]
      </symbol>
      <symbol id="sm-290">
         <name>ClearTerm</name>
         <value>0x20007029</value>
         <object_component_ref idref="oc-c2"/>
      </symbol>
      <symbol id="sm-291">
         <name>TrimSpace</name>
         <value>0x20007111</value>
         <object_component_ref idref="oc-c2"/>
      </symbol>
      <symbol id="sm-329">
         <name>pow</name>
         <value>0x200058cd</value>
         <object_component_ref idref="oc-193"/>
      </symbol>
      <symbol id="sm-32a">
         <name>powl</name>
         <value>0x200058cd</value>
         <object_component_ref idref="oc-193"/>
      </symbol>
      <symbol id="sm-34c">
         <name>sqrtl</name>
         <value>0x20007b65</value>
         <object_component_ref idref="oc-302"/>
      </symbol>
      <symbol id="sm-34d">
         <name>sqrt</name>
         <value>0x20007b65</value>
         <object_component_ref idref="oc-302"/>
      </symbol>
      <symbol id="sm-375">
         <name>scalbn</name>
         <value>0x20008465</value>
         <object_component_ref idref="oc-31b"/>
      </symbol>
      <symbol id="sm-376">
         <name>scalbnl</name>
         <value>0x20008465</value>
         <object_component_ref idref="oc-31b"/>
      </symbol>
      <symbol id="sm-377">
         <name>ldexpl</name>
         <value>0x20008465</value>
         <object_component_ref idref="oc-31b"/>
      </symbol>
      <symbol id="sm-378">
         <name>ldexp</name>
         <value>0x20008465</value>
         <object_component_ref idref="oc-31b"/>
      </symbol>
      <symbol id="sm-38f">
         <name>__aeabi_dsub</name>
         <value>0x2000769d</value>
         <object_component_ref idref="oc-19e"/>
      </symbol>
      <symbol id="sm-390">
         <name>__aeabi_dadd</name>
         <value>0x200076a7</value>
         <object_component_ref idref="oc-19e"/>
      </symbol>
      <symbol id="sm-3b2">
         <name>__aeabi_cdcmpeq</name>
         <value>0x20008a29</value>
         <object_component_ref idref="oc-311"/>
      </symbol>
      <symbol id="sm-3b3">
         <name>__aeabi_cdcmple</name>
         <value>0x20008a29</value>
         <object_component_ref idref="oc-311"/>
      </symbol>
      <symbol id="sm-3b4">
         <name>__aeabi_cdrcmple</name>
         <value>0x20008aaf</value>
         <object_component_ref idref="oc-316"/>
      </symbol>
      <symbol id="sm-3c8">
         <name>__aeabi_ddiv</name>
         <value>0x20007dfd</value>
         <object_component_ref idref="oc-2fd"/>
      </symbol>
      <symbol id="sm-3d3">
         <name>__aeabi_dmul</name>
         <value>0x20008291</value>
         <object_component_ref idref="oc-199"/>
      </symbol>
      <symbol id="sm-3dd">
         <name>__aeabi_d2iz</name>
         <value>0x200090a5</value>
         <object_component_ref idref="oc-1a3"/>
      </symbol>
      <symbol id="sm-3e7">
         <name>__aeabi_i2d</name>
         <value>0x200093dd</value>
         <object_component_ref idref="oc-18e"/>
      </symbol>
      <symbol id="sm-402">
         <name>memcpy</name>
         <value>0x200087d9</value>
         <object_component_ref idref="oc-3a"/>
      </symbol>
      <symbol id="sm-403">
         <name>__aeabi_memcpy</name>
         <value>0x200087d9</value>
         <object_component_ref idref="oc-3a"/>
      </symbol>
      <symbol id="sm-404">
         <name>__aeabi_memcpy8</name>
         <value>0x200087d9</value>
         <object_component_ref idref="oc-3a"/>
      </symbol>
      <symbol id="sm-405">
         <name>__aeabi_memcpy4</name>
         <value>0x200087d9</value>
         <object_component_ref idref="oc-3a"/>
      </symbol>
      <symbol id="sm-419">
         <name>__TI_zero_init_nomemset</name>
         <value>0x2000987b</value>
         <object_component_ref idref="oc-46"/>
      </symbol>
      <symbol id="sm-430">
         <name>__TI_decompress_none</name>
         <value>0x2000989f</value>
         <object_component_ref idref="oc-18"/>
      </symbol>
      <symbol id="sm-453">
         <name>__TI_decompress_lzss</name>
         <value>0x20008de9</value>
         <object_component_ref idref="oc-12"/>
      </symbol>
      <symbol id="sm-469">
         <name>__aeabi_errno_addr</name>
         <value>0x200098c5</value>
         <object_component_ref idref="oc-308"/>
      </symbol>
      <symbol id="sm-46a">
         <name>errno</name>
         <value>0x20017c9c</value>
         <object_component_ref idref="oc-3de"/>
      </symbol>
      <symbol id="sm-47c">
         <name>__stack</name>
         <value>0x2002f000</value>
         <object_component_ref idref="oc-20"/>
      </symbol>
      <symbol id="sm-47d">
         <name>_c_int00_noargs</name>
         <value>0x200094b5</value>
         <object_component_ref idref="oc-58"/>
      </symbol>
      <symbol id="sm-488">
         <name>C$$EXIT</name>
         <value>0x200098df</value>
         <object_component_ref idref="oc-1ad"/>
      </symbol>
      <symbol id="sm-489">
         <name>abort</name>
         <value>0x200098df</value>
         <object_component_ref idref="oc-1ad"/>
      </symbol>
      <symbol id="sm-51f">
         <name>_sys_memory</name>
         <value>0x20017000</value>
         <object_component_ref idref="oc-23"/>
      </symbol>
      <symbol id="sm-520">
         <name>free</name>
         <value>0x2000838d</value>
         <object_component_ref idref="oc-21b"/>
      </symbol>
      <symbol id="sm-521">
         <name>realloc</name>
         <value>0x2000817d</value>
         <object_component_ref idref="oc-215"/>
      </symbol>
      <symbol id="sm-522">
         <name>malloc</name>
         <value>0x20008bb1</value>
         <object_component_ref idref="oc-20f"/>
      </symbol>
      <symbol id="sm-523">
         <name>minit</name>
         <value>0x200092ad</value>
         <object_component_ref idref="oc-37a"/>
      </symbol>
      <symbol id="sm-538">
         <name>_nop</name>
         <value>0x20006fe7</value>
         <object_component_ref idref="oc-3fd"/>
      </symbol>
      <symbol id="sm-539">
         <name>_lock</name>
         <value>0x20017c8c</value>
         <object_component_ref idref="oc-339"/>
      </symbol>
      <symbol id="sm-53a">
         <name>_unlock</name>
         <value>0x20017c90</value>
         <object_component_ref idref="oc-339"/>
      </symbol>
      <symbol id="sm-54b">
         <name>memmove</name>
         <value>0x2000954d</value>
         <object_component_ref idref="oc-209"/>
      </symbol>
      <symbol id="sm-559">
         <name>strlen</name>
         <value>0x20009855</value>
         <object_component_ref idref="oc-203"/>
      </symbol>
      <symbol id="sm-588">
         <name>vsnprintf</name>
         <value>0x200091b5</value>
         <object_component_ref idref="oc-1f1"/>
      </symbol>
      <symbol id="sm-592">
         <name>copysign</name>
         <value>0x200098cd</value>
         <object_component_ref idref="oc-3e7"/>
      </symbol>
      <symbol id="sm-593">
         <name>copysignl</name>
         <value>0x200098cd</value>
         <object_component_ref idref="oc-3e7"/>
      </symbol>
      <symbol id="sm-5a2">
         <name>__aeabi_memset</name>
         <value>0x20008b37</value>
         <object_component_ref idref="oc-88"/>
      </symbol>
      <symbol id="sm-5a3">
         <name>memset</name>
         <value>0x20008b3d</value>
         <object_component_ref idref="oc-88"/>
      </symbol>
      <symbol id="sm-5a4">
         <name>__aeabi_memset8</name>
         <value>0x20008b37</value>
         <object_component_ref idref="oc-88"/>
      </symbol>
      <symbol id="sm-5a5">
         <name>__aeabi_memset4</name>
         <value>0x20008b37</value>
         <object_component_ref idref="oc-88"/>
      </symbol>
      <symbol id="sm-5a6">
         <name>__aeabi_memclr8</name>
         <value>0x20008b35</value>
         <object_component_ref idref="oc-88"/>
      </symbol>
      <symbol id="sm-5a7">
         <name>__aeabi_memclr4</name>
         <value>0x20008b35</value>
         <object_component_ref idref="oc-88"/>
      </symbol>
      <symbol id="sm-5a8">
         <name>__aeabi_memclr</name>
         <value>0x20008b35</value>
         <object_component_ref idref="oc-88"/>
      </symbol>
      <symbol id="sm-5d0">
         <name>__TI_auto_init_nobinit_nopinit</name>
         <value>0x20009131</value>
         <object_component_ref idref="oc-1b9"/>
      </symbol>
      <symbol id="sm-5da">
         <name>_system_pre_init</name>
         <value>0x200098db</value>
         <object_component_ref idref="oc-8e"/>
      </symbol>
      <symbol id="sm-740">
         <name>__TI_printfi</name>
         <value>0x20004e81</value>
         <object_component_ref idref="oc-356"/>
      </symbol>
      <symbol id="sm-756">
         <name>atoi</name>
         <value>0x20009059</value>
         <object_component_ref idref="oc-41c"/>
      </symbol>
      <symbol id="sm-761">
         <name>_ctypes_</name>
         <value>0x20009de3</value>
         <object_component_ref idref="oc-490"/>
      </symbol>
      <symbol id="sm-770">
         <name>ltoa</name>
         <value>0x20008fb1</value>
         <object_component_ref idref="oc-49b"/>
      </symbol>
      <symbol id="sm-780">
         <name>memccpy</name>
         <value>0x200096c3</value>
         <object_component_ref idref="oc-440"/>
      </symbol>
      <symbol id="sm-790">
         <name>strchr</name>
         <value>0x20009817</value>
         <object_component_ref idref="oc-4c2"/>
      </symbol>
      <symbol id="sm-7a9">
         <name>wcslen</name>
         <value>0x2000988d</value>
         <object_component_ref idref="oc-446"/>
      </symbol>
      <symbol id="sm-7bf">
         <name>frexpl</name>
         <value>0x20008e51</value>
         <object_component_ref idref="oc-4bc"/>
      </symbol>
      <symbol id="sm-7c0">
         <name>frexp</name>
         <value>0x20008e51</value>
         <object_component_ref idref="oc-4bc"/>
      </symbol>
      <symbol id="sm-7cd">
         <name>__aeabi_uldivmod</name>
         <value>0x20008875</value>
         <object_component_ref idref="oc-495"/>
      </symbol>
      <symbol id="sm-7d7">
         <name>__aeabi_idiv0</name>
         <value>0x20007853</value>
         <object_component_ref idref="oc-4e4"/>
      </symbol>
      <symbol id="sm-7d8">
         <name>__aeabi_ldiv0</name>
         <value>0x20007853</value>
         <object_component_ref idref="oc-4e4"/>
      </symbol>
      <symbol id="sm-7ec">
         <name>GPIODirModeSet</name>
         <value>0x200092e5</value>
         <object_component_ref idref="oc-2b3"/>
      </symbol>
      <symbol id="sm-7ed">
         <name>GPIOPinWrite</name>
         <value>0x20009593</value>
         <object_component_ref idref="oc-185"/>
      </symbol>
      <symbol id="sm-865">
         <name>IntPrioritySet</name>
         <value>0x20008f5d</value>
         <object_component_ref idref="oc-125"/>
      </symbol>
      <symbol id="sm-866">
         <name>IntVTableBaseSet</name>
         <value>0x20009841</value>
         <object_component_ref idref="oc-ce"/>
      </symbol>
      <symbol id="sm-867">
         <name>IntEnable</name>
         <value>0x20008691</value>
         <object_component_ref idref="oc-da"/>
      </symbol>
      <symbol id="sm-868">
         <name>IntDisable</name>
         <value>0x200085e9</value>
         <object_component_ref idref="oc-3ae"/>
      </symbol>
      <symbol id="sm-869">
         <name>IntRegister</name>
         <value>0x200095b5</value>
         <object_component_ref idref="oc-2d4"/>
      </symbol>
      <symbol id="sm-86a">
         <name>IntUnregister</name>
         <value>0x20009505</value>
         <object_component_ref idref="oc-3b4"/>
      </symbol>
      <symbol id="sm-86b">
         <name>IntMasterEnable</name>
         <value>0x200098bb</value>
         <object_component_ref idref="oc-d4"/>
      </symbol>
      <symbol id="sm-8b2">
         <name>PinTypeUART</name>
         <value>0x20009713</value>
         <object_component_ref idref="oc-2c5"/>
      </symbol>
      <symbol id="sm-8b3">
         <name>PinTypeTimer</name>
         <value>0x200096f9</value>
         <object_component_ref idref="oc-2bf"/>
      </symbol>
      <symbol id="sm-8b4">
         <name>PinTypeGPIO</name>
         <value>0x2000931b</value>
         <object_component_ref idref="oc-2ad"/>
      </symbol>
      <symbol id="sm-8b5">
         <name>PinConfigSet</name>
         <value>0x200089a1</value>
         <object_component_ref idref="oc-11f"/>
      </symbol>
      <symbol id="sm-8b6">
         <name>PinTypeSPI</name>
         <value>0x200096df</value>
         <object_component_ref idref="oc-2b9"/>
      </symbol>
      <symbol id="sm-8b7">
         <name>PinModeSet</name>
         <value>0x20009175</value>
         <object_component_ref idref="oc-2a7"/>
      </symbol>
      <symbol id="sm-93d">
         <name>PRCMPeripheralReset</name>
         <value>0x20008ead</value>
         <object_component_ref idref="oc-167"/>
      </symbol>
      <symbol id="sm-93e">
         <name>PRCMPeripheralClkEnable</name>
         <value>0x20009235</value>
         <object_component_ref idref="oc-161"/>
      </symbol>
      <symbol id="sm-93f">
         <name>PRCMPeripheralClockGet</name>
         <value>0x2000890d</value>
         <object_component_ref idref="oc-155"/>
      </symbol>
      <symbol id="sm-940">
         <name>PRCMCC3200MCUInit</name>
         <value>0x200079ed</value>
         <object_component_ref idref="oc-e0"/>
      </symbol>
      <symbol id="sm-941">
         <name>PRCMHIBRegWrite</name>
         <value>0x200097eb</value>
         <object_component_ref idref="oc-261"/>
      </symbol>
      <symbol id="sm-942">
         <name>PRCMSysResetCauseGet</name>
         <value>0x2000940d</value>
         <object_component_ref idref="oc-255"/>
      </symbol>
      <symbol id="sm-943">
         <name>PRCMPeripheralClkDisable</name>
         <value>0x2000948d</value>
         <object_component_ref idref="oc-267"/>
      </symbol>
      <symbol id="sm-944">
         <name>PRCMHIBRegRead</name>
         <value>0x200097d5</value>
         <object_component_ref idref="oc-25b"/>
      </symbol>
      <symbol id="sm-989">
         <name>SPICSEnable</name>
         <value>0x20009745</value>
         <object_component_ref idref="oc-17f"/>
      </symbol>
      <symbol id="sm-98a">
         <name>SPIDataPut</name>
         <value>0x200095f5</value>
         <object_component_ref idref="oc-230"/>
      </symbol>
      <symbol id="sm-98b">
         <name>SPIEnable</name>
         <value>0x2000975d</value>
         <object_component_ref idref="oc-179"/>
      </symbol>
      <symbol id="sm-98c">
         <name>SPIDataGet</name>
         <value>0x200095d5</value>
         <object_component_ref idref="oc-236"/>
      </symbol>
      <symbol id="sm-98d">
         <name>SPIConfigSetExpClk</name>
         <value>0x20008739</value>
         <object_component_ref idref="oc-173"/>
      </symbol>
      <symbol id="sm-98e">
         <name>SPIReset</name>
         <value>0x20009571</value>
         <object_component_ref idref="oc-16d"/>
      </symbol>
      <symbol id="sm-98f">
         <name>SPICSDisable</name>
         <value>0x2000972d</value>
         <object_component_ref idref="oc-23c"/>
      </symbol>
      <symbol id="sm-a1d">
         <name>TimerLoadSet</name>
         <value>0x20009439</value>
         <object_component_ref idref="oc-ec"/>
      </symbol>
      <symbol id="sm-a1e">
         <name>TimerDisable</name>
         <value>0x20009613</value>
         <object_component_ref idref="oc-27d"/>
      </symbol>
      <symbol id="sm-a1f">
         <name>TimerIntRegister</name>
         <value>0x20008ca1</value>
         <object_component_ref idref="oc-12b"/>
      </symbol>
      <symbol id="sm-a20">
         <name>TimerEnable</name>
         <value>0x20009631</value>
         <object_component_ref idref="oc-143"/>
      </symbol>
      <symbol id="sm-a21">
         <name>TimerIntUnregister</name>
         <value>0x20008d81</value>
         <object_component_ref idref="oc-289"/>
      </symbol>
      <symbol id="sm-a22">
         <name>TimerIntStatus</name>
         <value>0x2000964f</value>
         <object_component_ref idref="oc-277"/>
      </symbol>
      <symbol id="sm-a23">
         <name>TimerIntDisable</name>
         <value>0x20009775</value>
         <object_component_ref idref="oc-283"/>
      </symbol>
      <symbol id="sm-a24">
         <name>TimerValueGet</name>
         <value>0x2000968b</value>
         <object_component_ref idref="oc-e6"/>
      </symbol>
      <symbol id="sm-a25">
         <name>TimerPrescaleSet</name>
         <value>0x20009463</value>
         <object_component_ref idref="oc-271"/>
      </symbol>
      <symbol id="sm-a26">
         <name>TimerIntEnable</name>
         <value>0x2000978d</value>
         <object_component_ref idref="oc-13d"/>
      </symbol>
      <symbol id="sm-a27">
         <name>TimerConfigure</name>
         <value>0x200090ed</value>
         <object_component_ref idref="oc-131"/>
      </symbol>
      <symbol id="sm-a28">
         <name>TimerControlEvent</name>
         <value>0x2000934d</value>
         <object_component_ref idref="oc-137"/>
      </symbol>
      <symbol id="sm-a29">
         <name>TimerIntClear</name>
         <value>0x20009869</value>
         <object_component_ref idref="oc-f2"/>
      </symbol>
      <symbol id="sm-a6d">
         <name>UARTConfigSetExpClk</name>
         <value>0x20008c29</value>
         <object_component_ref idref="oc-15b"/>
      </symbol>
      <symbol id="sm-a6e">
         <name>UARTDisable</name>
         <value>0x2000937d</value>
         <object_component_ref idref="oc-2e3"/>
      </symbol>
      <symbol id="sm-a6f">
         <name>UARTCharsAvail</name>
         <value>0x200097a5</value>
         <object_component_ref idref="oc-1f7"/>
      </symbol>
      <symbol id="sm-a70">
         <name>UARTCharGetNonBlocking</name>
         <value>0x200096a7</value>
         <object_component_ref idref="oc-1fd"/>
      </symbol>
      <symbol id="sm-a71">
         <name>UARTCharPut</name>
         <value>0x2000966d</value>
         <object_component_ref idref="oc-1eb"/>
      </symbol>
      <symbol id="sm-a72">
         <name>UARTEnable</name>
         <value>0x20009529</value>
         <object_component_ref idref="oc-149"/>
      </symbol>
      <symbol id="sm-a73">
         <name>UARTFIFOEnable</name>
         <value>0x20009801</value>
         <object_component_ref idref="oc-14f"/>
      </symbol>
      <symbol id="sm-a77">
         <name>UtilsDelay</name>
         <value>0x200098d5</value>
         <object_component_ref idref="oc-3a6"/>
      </symbol>
      <symbol id="sm-a81">
         <name>CPUcpsie</name>
         <value>0x2000982d</value>
         <object_component_ref idref="oc-245"/>
      </symbol>
      <symbol id="sm-a83">
         <name>__TI_static_base__</name>
         <value>0x2000a250</value>
      </symbol>
      <symbol id="sm-a86">
         <name>__mpu_init</name>
         <value>0x0</value>
      </symbol>
      <symbol id="sm-a87">
         <name>_system_post_cinit</name>
         <value>0x0</value>
      </symbol>
   </symbol_table>
   <title>Link successful</title>
</link_info>
